setup: assigned thread_id=1
init: final thread_id=1, base_seed=nil
script_want_response
Running 2m test @ http://10.10.1.1:26683
  1 threads and 10 connections

  Thread calibration: mean lat.: 61.132ms, rate sampling interval: 107ms

-----------------------------------------------------------------------
Test Results @ http://10.10.1.1:26683 
  Thread Stats   Avg      Stdev     99%   +/- Stdev
    Latency     7.50ms    0.96ms   9.98ms   78.12%
    Req/Sec   100.13     17.83   169.00     87.98%
  Latency Distribution (HdrHistogram - Recorded Latency)
 50.000%    7.39ms
 75.000%    7.93ms
 90.000%    8.63ms
 99.000%    9.98ms
 99.900%   17.07ms
 99.990%   20.74ms
 99.999%   23.14ms
100.000%   23.14ms

  Detailed Percentile spectrum:
       Value   Percentile   TotalCount 1/(1-Percentile)

       4.443     0.000000            1         1.00
       6.555     0.100000          905         1.11
       6.831     0.200000         1800         1.25
       7.043     0.300000         2723         1.43
       7.219     0.400000         3602         1.67
       7.395     0.500000         4512         2.00
       7.487     0.550000         4975         2.22
       7.579     0.600000         5405         2.50
       7.683     0.650000         5861         2.86
       7.803     0.700000         6306         3.33
       7.935     0.750000         6762         4.00
       8.011     0.775000         6987         4.44
       8.099     0.800000         7201         5.00
       8.199     0.825000         7434         5.71
       8.327     0.850000         7660         6.67
       8.455     0.875000         7884         8.00
       8.543     0.887500         7993         8.89
       8.631     0.900000         8107        10.00
       8.727     0.912500         8214        11.43
       8.855     0.925000         8326        13.33
       8.991     0.937500         8437        16.00
       9.063     0.943750         8492        17.78
       9.159     0.950000         8551        20.00
       9.247     0.956250         8607        22.86
       9.343     0.962500         8664        26.67
       9.447     0.968750         8718        32.00
       9.527     0.971875         8747        35.56
       9.599     0.975000         8776        40.00
       9.663     0.978125         8802        45.71
       9.743     0.981250         8831        53.33
       9.831     0.984375         8859        64.00
       9.855     0.985938         8874        71.11
       9.903     0.987500         8887        80.00
       9.967     0.989062         8903        91.43
       9.999     0.990625         8914       106.67
      10.103     0.992188         8928       128.00
      10.143     0.992969         8935       142.22
      10.183     0.993750         8942       160.00
      10.207     0.994531         8949       182.86
      10.279     0.995313         8956       213.33
      10.335     0.996094         8963       256.00
      10.391     0.996484         8967       284.44
      10.431     0.996875         8970       320.00
      10.639     0.997266         8974       365.71
      10.775     0.997656         8977       426.67
      10.863     0.998047         8981       512.00
      11.031     0.998242         8983       568.89
      11.055     0.998437         8985       640.00
      11.247     0.998633         8986       731.43
      16.879     0.998828         8988       853.33
      17.215     0.999023         8990      1024.00
      17.503     0.999121         8991      1137.78
      17.503     0.999219         8991      1280.00
      17.919     0.999316         8992      1462.86
      18.911     0.999414         8993      1706.67
      19.295     0.999512         8994      2048.00
      19.807     0.999561         8995      2275.56
      19.807     0.999609         8995      2560.00
      19.807     0.999658         8995      2925.71
      20.079     0.999707         8996      3413.33
      20.079     0.999756         8996      4096.00
      20.735     0.999780         8997      4551.11
      20.735     0.999805         8997      5120.00
      20.735     0.999829         8997      5851.43
      20.735     0.999854         8997      6826.67
      20.735     0.999878         8997      8192.00
      23.135     0.999890         8998      9102.22
      23.135     1.000000         8998          inf
#[Mean    =        7.499, StdDeviation   =        0.960]
#[Max     =       23.120, Total count    =         8998]
#[Buckets =           27, SubBuckets     =         2048]
-----------------------------------------------------------------------
  9991 requests in 1.67m, 1.55MB read
Requests/sec:     99.90  
Transfer/sec:     15.87KB
