setup: assigned thread_id=1
init: final thread_id=1, base_seed=nil
setup: assigned thread_id=2
init: final thread_id=2, base_seed=nil
setup: assigned thread_id=3
init: final thread_id=3, base_seed=nil
setup: assigned thread_id=4
init: final thread_id=4, base_seed=nil
setup: assigned thread_id=5
init: final thread_id=5, base_seed=nil
setup: assigned thread_id=6
init: final thread_id=6, base_seed=nil
setup: assigned thread_id=7
init: final thread_id=7, base_seed=nil
setup: assigned thread_id=8
init: final thread_id=8, base_seed=nil
setup: assigned thread_id=9
init: final thread_id=9, base_seed=nil
setup: assigned thread_id=10
init: final thread_id=10, base_seed=nil
setup: assigned thread_id=11
init: final thread_id=11, base_seed=nil
setup: assigned thread_id=12
init: final thread_id=12, base_seed=nil
setup: assigned thread_id=13
init: final thread_id=13, base_seed=nil
setup: assigned thread_id=14
init: final thread_id=14, base_seed=nil
setup: assigned thread_id=15
init: final thread_id=15, base_seed=nil
setup: assigned thread_id=16
init: final thread_id=16, base_seed=nil
setup: assigned thread_id=17
init: final thread_id=17, base_seed=nil
setup: assigned thread_id=18
init: final thread_id=18, base_seed=nil
setup: assigned thread_id=19
init: final thread_id=19, base_seed=nil
setup: assigned thread_id=20
init: final thread_id=20, base_seed=nil
script_want_response
Running 1m test @ http://10.10.1.1:4721
  20 threads and 200 connections

  Thread calibration: mean lat.: 10.701ms, rate sampling interval: 33ms
  Thread calibration: mean lat.: 11.379ms, rate sampling interval: 35ms
  Thread calibration: mean lat.: 12.360ms, rate sampling interval: 36ms
  Thread calibration: mean lat.: 13.849ms, rate sampling interval: 41ms
  Thread calibration: mean lat.: 15.018ms, rate sampling interval: 47ms
  Thread calibration: mean lat.: 17.102ms, rate sampling interval: 56ms
  Thread calibration: mean lat.: 18.624ms, rate sampling interval: 59ms
  Thread calibration: mean lat.: 19.926ms, rate sampling interval: 62ms
  Thread calibration: mean lat.: 21.467ms, rate sampling interval: 63ms
  Thread calibration: mean lat.: 22.550ms, rate sampling interval: 64ms
  Thread calibration: mean lat.: 23.584ms, rate sampling interval: 64ms
  Thread calibration: mean lat.: 24.621ms, rate sampling interval: 65ms
  Thread calibration: mean lat.: 25.211ms, rate sampling interval: 66ms
  Thread calibration: mean lat.: 25.682ms, rate sampling interval: 65ms
  Thread calibration: mean lat.: 25.410ms, rate sampling interval: 64ms
  Thread calibration: mean lat.: 25.499ms, rate sampling interval: 64ms
  Thread calibration: mean lat.: 25.295ms, rate sampling interval: 63ms
  Thread calibration: mean lat.: 24.780ms, rate sampling interval: 61ms
  Thread calibration: mean lat.: 24.242ms, rate sampling interval: 61ms
  Thread calibration: mean lat.: 22.809ms, rate sampling interval: 58ms

-----------------------------------------------------------------------
Test Results @ http://10.10.1.1:4721 
  Thread Stats   Avg      Stdev     99%   +/- Stdev
    Latency    24.37ms   12.27ms  70.01ms   72.99%
    Req/Sec   100.67     82.65   303.00     60.92%
  Latency Distribution (HdrHistogram - Recorded Latency)
 50.000%   22.88ms
 75.000%   30.56ms
 90.000%   38.59ms
 99.000%   70.01ms
 99.900%   92.48ms
 99.990%  104.13ms
 99.999%  113.09ms
100.000%  129.54ms

  Detailed Percentile spectrum:
       Value   Percentile   TotalCount 1/(1-Percentile)

       5.767     0.000000            1         1.00
      10.415     0.100000        10017         1.11
      14.127     0.200000        20002         1.25
      17.135     0.300000        30010         1.43
      20.079     0.400000        40010         1.67
      22.879     0.500000        50006         2.00
      24.239     0.550000        55011         2.22
      25.679     0.600000        60003         2.50
      27.215     0.650000        65004         2.86
      28.783     0.700000        70028         3.33
      30.559     0.750000        75004         4.00
      31.551     0.775000        77528         4.44
      32.591     0.800000        80011         5.00
      33.727     0.825000        82498         5.71
      35.103     0.850000        84999         6.67
      36.703     0.875000        87520         8.00
      37.567     0.887500        88763         8.89
      38.591     0.900000        90004        10.00
      39.775     0.912500        91252        11.43
      41.151     0.925000        92498        13.33
      42.847     0.937500        93752        16.00
      43.871     0.943750        94378        17.78
      45.119     0.950000        94995        20.00
      46.751     0.956250        95622        22.86
      48.607     0.962500        96250        26.67
      50.911     0.968750        96878        32.00
      52.319     0.971875        97181        35.56
      53.919     0.975000        97494        40.00
      55.807     0.978125        97809        45.71
      58.303     0.981250        98118        53.33
      62.015     0.984375        98433        64.00
      64.287     0.985938        98586        71.11
      66.239     0.987500        98744        80.00
      68.607     0.989062        98899        91.43
      70.911     0.990625        99057       106.67
      72.895     0.992188        99212       128.00
      73.983     0.992969        99289       142.22
      75.391     0.993750        99369       160.00
      76.479     0.994531        99452       182.86
      77.823     0.995313        99525       213.33
      79.551     0.996094        99602       256.00
      80.447     0.996484        99641       284.44
      81.599     0.996875        99681       320.00
      82.879     0.997266        99720       365.71
      83.967     0.997656        99758       426.67
      84.863     0.998047        99797       512.00
      85.567     0.998242        99818       568.89
      86.655     0.998437        99837       640.00
      87.871     0.998633        99856       731.43
      89.919     0.998828        99875       853.33
      92.671     0.999023        99896      1024.00
      93.503     0.999121        99905      1137.78
      94.719     0.999219        99915      1280.00
      96.255     0.999316        99924      1462.86
      97.663     0.999414        99934      1706.67
      98.815     0.999512        99944      2048.00
      99.519     0.999561        99949      2275.56
      99.967     0.999609        99953      2560.00
     100.351     0.999658        99958      2925.71
     100.799     0.999707        99964      3413.33
     101.631     0.999756        99968      4096.00
     101.887     0.999780        99971      4551.11
     102.015     0.999805        99973      5120.00
     102.783     0.999829        99977      5851.43
     102.911     0.999854        99978      6826.67
     103.615     0.999878        99981      8192.00
     104.127     0.999890        99982      9102.22
     104.767     0.999902        99983     10240.00
     105.023     0.999915        99984     11702.86
     105.983     0.999927        99985     13653.33
     107.839     0.999939        99986     16384.00
     108.415     0.999945        99987     18204.44
     109.951     0.999951        99988     20480.00
     109.951     0.999957        99988     23405.71
     110.719     0.999963        99989     27306.67
     110.719     0.999969        99989     32768.00
     111.551     0.999973        99990     36408.89
     111.551     0.999976        99990     40960.00
     111.551     0.999979        99990     46811.43
     113.087     0.999982        99991     54613.33
     113.087     0.999985        99991     65536.00
     113.087     0.999986        99991     72817.78
     113.087     0.999988        99991     81920.00
     113.087     0.999989        99991     93622.86
     129.535     0.999991        99992    109226.67
     129.535     1.000000        99992          inf
#[Mean    =       24.366, StdDeviation   =       12.270]
#[Max     =      129.472, Total count    =        99992]
#[Buckets =           27, SubBuckets     =         2048]
-----------------------------------------------------------------------
  119804 requests in 1.00m, 18.58MB read
Requests/sec:   1996.24  
Transfer/sec:    316.97KB
