setup: assigned thread_id=1
init: final thread_id=1, base_seed=nil
setup: assigned thread_id=2
init: final thread_id=2, base_seed=nil
setup: assigned thread_id=3
init: final thread_id=3, base_seed=nil
setup: assigned thread_id=4
init: final thread_id=4, base_seed=nil
setup: assigned thread_id=5
init: final thread_id=5, base_seed=nil
setup: assigned thread_id=6
init: final thread_id=6, base_seed=nil
setup: assigned thread_id=7
init: final thread_id=7, base_seed=nil
setup: assigned thread_id=8
init: final thread_id=8, base_seed=nil
setup: assigned thread_id=9
init: final thread_id=9, base_seed=nil
setup: assigned thread_id=10
init: final thread_id=10, base_seed=nil
setup: assigned thread_id=11
init: final thread_id=11, base_seed=nil
setup: assigned thread_id=12
init: final thread_id=12, base_seed=nil
setup: assigned thread_id=13
init: final thread_id=13, base_seed=nil
setup: assigned thread_id=14
init: final thread_id=14, base_seed=nil
setup: assigned thread_id=15
init: final thread_id=15, base_seed=nil
setup: assigned thread_id=16
init: final thread_id=16, base_seed=nil
setup: assigned thread_id=17
init: final thread_id=17, base_seed=nil
setup: assigned thread_id=18
init: final thread_id=18, base_seed=nil
setup: assigned thread_id=19
init: final thread_id=19, base_seed=nil
setup: assigned thread_id=20
init: final thread_id=20, base_seed=nil
script_want_response
Running 5m test @ http://10.10.1.1:4721
  20 threads and 200 connections

  Thread calibration: mean lat.: 12.022ms, rate sampling interval: 38ms
  Thread calibration: mean lat.: 13.271ms, rate sampling interval: 44ms
  Thread calibration: mean lat.: 14.991ms, rate sampling interval: 52ms
  Thread calibration: mean lat.: 15.955ms, rate sampling interval: 55ms
  Thread calibration: mean lat.: 18.318ms, rate sampling interval: 61ms
  Thread calibration: mean lat.: 20.419ms, rate sampling interval: 68ms
  Thread calibration: mean lat.: 21.995ms, rate sampling interval: 74ms
  Thread calibration: mean lat.: 23.638ms, rate sampling interval: 77ms
  Thread calibration: mean lat.: 25.192ms, rate sampling interval: 80ms
  Thread calibration: mean lat.: 27.109ms, rate sampling interval: 83ms
  Thread calibration: mean lat.: 28.618ms, rate sampling interval: 86ms
  Thread calibration: mean lat.: 29.595ms, rate sampling interval: 86ms
  Thread calibration: mean lat.: 29.986ms, rate sampling interval: 86ms
  Thread calibration: mean lat.: 30.300ms, rate sampling interval: 84ms
  Thread calibration: mean lat.: 30.348ms, rate sampling interval: 83ms
  Thread calibration: mean lat.: 30.115ms, rate sampling interval: 82ms
  Thread calibration: mean lat.: 29.793ms, rate sampling interval: 81ms
  Thread calibration: mean lat.: 29.356ms, rate sampling interval: 78ms
  Thread calibration: mean lat.: 28.811ms, rate sampling interval: 78ms
  Thread calibration: mean lat.: 28.156ms, rate sampling interval: 76ms

-----------------------------------------------------------------------
Test Results @ http://10.10.1.1:4721 
  Thread Stats   Avg      Stdev     99%   +/- Stdev
    Latency    31.32ms   14.98ms  61.89ms   70.92%
    Req/Sec   100.38     58.19   263.00     69.27%
  Latency Distribution (HdrHistogram - Recorded Latency)
 50.000%   31.49ms
 75.000%   40.61ms
 90.000%   47.90ms
 99.000%   61.89ms
 99.900%   82.88ms
 99.990%  465.41ms
 99.999%  690.69ms
100.000%  701.95ms

  Detailed Percentile spectrum:
       Value   Percentile   TotalCount 1/(1-Percentile)

       6.611     0.000000            2         1.00
      12.175     0.100000        58087         1.11
      18.575     0.200000       116069         1.25
      23.823     0.300000       174183         1.43
      27.871     0.400000       232089         1.67
      31.487     0.500000       290188         2.00
      33.247     0.550000       319212         2.22
      35.007     0.600000       348325         2.50
      36.831     0.650000       377408         2.86
      38.655     0.700000       406076         3.33
      40.607     0.750000       435142         4.00
      41.631     0.775000       449629         4.44
      42.687     0.800000       464092         5.00
      43.839     0.825000       478822         5.71
      45.023     0.850000       493061         6.67
      46.367     0.875000       507711         8.00
      47.103     0.887500       514963         8.89
      47.903     0.900000       522195        10.00
      48.735     0.912500       529295        11.43
      49.695     0.925000       536552        13.33
      50.815     0.937500       543804        16.00
      51.455     0.943750       547482        17.78
      52.159     0.950000       551015        20.00
      52.991     0.956250       554627        22.86
      53.919     0.962500       558313        26.67
      54.975     0.968750       561875        32.00
      55.615     0.971875       563777        35.56
      56.319     0.975000       565559        40.00
      57.119     0.978125       567337        45.71
      58.047     0.981250       569126        53.33
      59.167     0.984375       570966        64.00
      59.775     0.985938       571859        71.11
      60.511     0.987500       572760        80.00
      61.375     0.989062       573676        91.43
      62.239     0.990625       574561       106.67
      63.167     0.992188       575467       128.00
      63.775     0.992969       575922       142.22
      64.447     0.993750       576392       160.00
      65.247     0.994531       576842       182.86
      66.175     0.995313       577312       213.33
      67.199     0.996094       577739       256.00
      67.903     0.996484       577959       284.44
      68.799     0.996875       578192       320.00
      70.015     0.997266       578417       365.71
      71.487     0.997656       578639       426.67
      73.471     0.998047       578872       512.00
      74.751     0.998242       578987       568.89
      76.159     0.998437       579092       640.00
      77.759     0.998633       579207       731.43
      79.743     0.998828       579320       853.33
      83.391     0.999023       579433      1024.00
      86.079     0.999121       579489      1137.78
      91.583     0.999219       579546      1280.00
      98.495     0.999316       579602      1462.86
     113.663     0.999414       579659      1706.67
     125.503     0.999512       579715      2048.00
     142.207     0.999561       579744      2275.56
     155.007     0.999609       579772      2560.00
     165.119     0.999658       579800      2925.71
     205.055     0.999707       579829      3413.33
     277.503     0.999756       579857      4096.00
     284.159     0.999780       579871      4551.11
     299.775     0.999805       579886      5120.00
     365.311     0.999829       579899      5851.43
     375.039     0.999854       579914      6826.67
     458.495     0.999878       579928      8192.00
     463.103     0.999890       579935      9102.22
     466.431     0.999902       579942     10240.00
     524.799     0.999915       579949     11702.86
     535.551     0.999927       579956     13653.33
     552.959     0.999939       579963     16384.00
     596.479     0.999945       579967     18204.44
     598.527     0.999951       579970     20480.00
     603.647     0.999957       579974     23405.71
     607.231     0.999963       579977     27306.67
     614.399     0.999969       579981     32768.00
     616.959     0.999973       579983     36408.89
     617.983     0.999976       579984     40960.00
     620.031     0.999979       579986     46811.43
     629.247     0.999982       579988     54613.33
     687.103     0.999985       579990     65536.00
     689.663     0.999986       579991     72817.78
     689.663     0.999988       579991     81920.00
     690.687     0.999989       579992     93622.86
     691.199     0.999991       579993    109226.67
     692.223     0.999992       579994    131072.00
     692.735     0.999993       579995    145635.56
     692.735     0.999994       579995    163840.00
     692.735     0.999995       579995    187245.71
     694.271     0.999995       579996    218453.33
     694.271     0.999996       579996    262144.00
     695.295     0.999997       579997    291271.11
     695.295     0.999997       579997    327680.00
     695.295     0.999997       579997    374491.43
     695.295     0.999998       579997    436906.67
     695.295     0.999998       579997    524288.00
     701.951     0.999998       579998    582542.22
     701.951     1.000000       579998          inf
#[Mean    =       31.319, StdDeviation   =       14.976]
#[Max     =      701.440, Total count    =       579998]
#[Buckets =           27, SubBuckets     =         2048]
-----------------------------------------------------------------------
  599806 requests in 5.00m, 93.01MB read
Requests/sec:   1999.18  
Transfer/sec:    317.46KB
