setup: assigned thread_id=1
init: final thread_id=1, base_seed=nil
script_want_response
Running 2m test @ http://10.10.1.1:4721
  1 threads and 10 connections

  Thread calibration: mean lat.: 62.659ms, rate sampling interval: 104ms

-----------------------------------------------------------------------
Test Results @ http://10.10.1.1:4721 
  Thread Stats   Avg      Stdev     99%   +/- Stdev
    Latency     7.47ms  786.01us   9.53ms   73.46%
    Req/Sec   100.39     12.24   153.00     90.16%
  Latency Distribution (HdrHistogram - Recorded Latency)
 50.000%    7.40ms
 75.000%    7.89ms
 90.000%    8.50ms
 99.000%    9.53ms
 99.900%   10.88ms
 99.990%   13.16ms
 99.999%   13.52ms
100.000%   13.52ms

  Detailed Percentile spectrum:
       Value   Percentile   TotalCount 1/(1-Percentile)

       4.487     0.000000            1         1.00
       6.623     0.100000          901         1.11
       6.895     0.200000         1817         1.25
       7.083     0.300000         2707         1.43
       7.239     0.400000         3609         1.67
       7.399     0.500000         4519         2.00
       7.471     0.550000         4950         2.22
       7.555     0.600000         5400         2.50
       7.655     0.650000         5850         2.86
       7.771     0.700000         6317         3.33
       7.891     0.750000         6759         4.00
       7.963     0.775000         6978         4.44
       8.047     0.800000         7203         5.00
       8.139     0.825000         7429         5.71
       8.247     0.850000         7665         6.67
       8.367     0.875000         7878         8.00
       8.431     0.887500         7988         8.89
       8.503     0.900000         8106        10.00
       8.583     0.912500         8221        11.43
       8.671     0.925000         8328        13.33
       8.759     0.937500         8441        16.00
       8.815     0.943750         8498        17.78
       8.871     0.950000         8549        20.00
       8.935     0.956250         8605        22.86
       8.991     0.962500         8669        26.67
       9.071     0.968750         8719        32.00
       9.119     0.971875         8749        35.56
       9.175     0.975000         8780        40.00
       9.223     0.978125         8808        45.71
       9.279     0.981250         8831        53.33
       9.367     0.984375         8858        64.00
       9.415     0.985938         8872        71.11
       9.447     0.987500         8889        80.00
       9.487     0.989062         8900        91.43
       9.535     0.990625         8914       106.67
       9.615     0.992188         8929       128.00
       9.663     0.992969         8937       142.22
       9.695     0.993750         8943       160.00
       9.759     0.994531         8949       182.86
       9.783     0.995313         8956       213.33
       9.855     0.996094         8963       256.00
       9.903     0.996484         8967       284.44
       9.943     0.996875         8970       320.00
      10.023     0.997266         8974       365.71
      10.135     0.997656         8977       426.67
      10.279     0.998047         8981       512.00
      10.431     0.998242         8983       568.89
      10.455     0.998437         8984       640.00
      10.511     0.998633         8986       731.43
      10.735     0.998828         8988       853.33
      11.079     0.999023         8990      1024.00
      11.087     0.999121         8991      1137.78
      11.087     0.999219         8991      1280.00
      11.295     0.999316         8992      1462.86
      11.359     0.999414         8993      1706.67
      11.535     0.999512         8994      2048.00
      11.967     0.999561         8995      2275.56
      11.967     0.999609         8995      2560.00
      11.967     0.999658         8995      2925.71
      12.847     0.999707         8996      3413.33
      12.847     0.999756         8996      4096.00
      13.159     0.999780         8997      4551.11
      13.159     0.999805         8997      5120.00
      13.159     0.999829         8997      5851.43
      13.159     0.999854         8997      6826.67
      13.159     0.999878         8997      8192.00
      13.519     0.999890         8998      9102.22
      13.519     1.000000         8998          inf
#[Mean    =        7.467, StdDeviation   =        0.786]
#[Max     =       13.512, Total count    =         8998]
#[Buckets =           27, SubBuckets     =         2048]
-----------------------------------------------------------------------
  9991 requests in 1.67m, 1.55MB read
Requests/sec:     99.90  
Transfer/sec:     15.86KB
