setup: assigned thread_id=1
init: final thread_id=1, base_seed=nil
setup: assigned thread_id=2
init: final thread_id=2, base_seed=nil
setup: assigned thread_id=3
init: final thread_id=3, base_seed=nil
setup: assigned thread_id=4
init: final thread_id=4, base_seed=nil
setup: assigned thread_id=5
init: final thread_id=5, base_seed=nil
script_want_response
Running 5m test @ http://10.10.1.1:10918
  5 threads and 50 connections

  Thread calibration: mean lat.: 9.866ms, rate sampling interval: 26ms
  Thread calibration: mean lat.: 9.916ms, rate sampling interval: 27ms
  Thread calibration: mean lat.: 9.926ms, rate sampling interval: 27ms
  Thread calibration: mean lat.: 10.127ms, rate sampling interval: 27ms
  Thread calibration: mean lat.: 10.157ms, rate sampling interval: 28ms

-----------------------------------------------------------------------
Test Results @ http://10.10.1.1:10918 
  Thread Stats   Avg      Stdev     99%   +/- Stdev
    Latency    11.28ms    3.43ms  21.63ms   83.51%
    Req/Sec   203.42    150.06   400.00     42.14%
  Latency Distribution (HdrHistogram - Recorded Latency)
 50.000%   10.22ms
 75.000%   12.84ms
 90.000%   15.68ms
 99.000%   21.63ms
 99.900%   31.95ms
 99.990%   73.92ms
 99.999%  110.53ms
100.000%  120.38ms

  Detailed Percentile spectrum:
       Value   Percentile   TotalCount 1/(1-Percentile)

       6.623     0.000000            1         1.00
       8.303     0.100000        29011         1.11
       8.719     0.200000        58585         1.25
       9.119     0.300000        87375         1.43
       9.599     0.400000       116386         1.67
      10.215     0.500000       145163         2.00
      10.607     0.550000       159548         2.22
      11.063     0.600000       174104         2.50
      11.599     0.650000       188672         2.86
      12.183     0.700000       203060         3.33
      12.839     0.750000       217572         4.00
      13.207     0.775000       224788         4.44
      13.599     0.800000       232063         5.00
      14.023     0.825000       239291         5.71
      14.487     0.850000       246550         6.67
      15.031     0.875000       253826         8.00
      15.335     0.887500       257425         8.89
      15.679     0.900000       261009        10.00
      16.063     0.912500       264685        11.43
      16.479     0.925000       268255        13.33
      16.991     0.937500       271957        16.00
      17.279     0.943750       273745        17.78
      17.583     0.950000       275527        20.00
      17.935     0.956250       277338        22.86
      18.335     0.962500       279133        26.67
      18.815     0.968750       280982        32.00
      19.071     0.971875       281862        35.56
      19.375     0.975000       282764        40.00
      19.711     0.978125       283686        45.71
      20.111     0.981250       284594        53.33
      20.559     0.984375       285477        64.00
      20.815     0.985938       285931        71.11
      21.103     0.987500       286382        80.00
      21.423     0.989062       286846        91.43
      21.791     0.990625       287292       106.67
      22.223     0.992188       287737       128.00
      22.479     0.992969       287966       142.22
      22.783     0.993750       288191       160.00
      23.151     0.994531       288418       182.86
      23.647     0.995313       288646       213.33
      24.175     0.996094       288868       256.00
      24.495     0.996484       288982       284.44
      24.831     0.996875       289099       320.00
      25.279     0.997266       289209       365.71
      25.807     0.997656       289321       426.67
      26.559     0.998047       289435       512.00
      27.151     0.998242       289494       568.89
      27.679     0.998437       289547       640.00
      28.447     0.998633       289605       731.43
      29.727     0.998828       289661       853.33
      32.703     0.999023       289717      1024.00
      35.007     0.999121       289746      1137.78
      37.471     0.999219       289774      1280.00
      40.255     0.999316       289802      1462.86
      43.583     0.999414       289831      1706.67
      47.519     0.999512       289859      2048.00
      51.615     0.999561       289873      2275.56
      56.479     0.999609       289887      2560.00
      60.095     0.999658       289901      2925.71
      64.767     0.999707       289916      3413.33
      68.479     0.999756       289930      4096.00
      69.183     0.999780       289937      4551.11
      70.015     0.999805       289945      5120.00
      70.527     0.999829       289951      5851.43
      72.063     0.999854       289958      6826.67
      73.279     0.999878       289965      8192.00
      73.855     0.999890       289970      9102.22
      73.919     0.999902       289972     10240.00
      74.815     0.999915       289976     11702.86
      75.775     0.999927       289979     13653.33
      76.287     0.999939       289983     16384.00
      76.863     0.999945       289985     18204.44
      76.927     0.999951       289986     20480.00
      77.183     0.999957       289988     23405.71
      77.631     0.999963       289990     27306.67
      86.911     0.999969       289992     32768.00
      87.615     0.999973       289993     36408.89
      87.615     0.999976       289993     40960.00
      91.327     0.999979       289994     46811.43
     105.535     0.999982       289995     54613.33
     107.583     0.999985       289996     65536.00
     110.527     0.999986       289997     72817.78
     110.527     0.999988       289997     81920.00
     110.527     0.999989       289997     93622.86
     115.775     0.999991       289998    109226.67
     115.775     0.999992       289998    131072.00
     117.695     0.999993       289999    145635.56
     117.695     0.999994       289999    163840.00
     117.695     0.999995       289999    187245.71
     117.695     0.999995       289999    218453.33
     117.695     0.999996       289999    262144.00
     120.383     0.999997       290000    291271.11
     120.383     1.000000       290000          inf
#[Mean    =       11.283, StdDeviation   =        3.435]
#[Max     =      120.320, Total count    =       290000]
#[Buckets =           27, SubBuckets     =         2048]
-----------------------------------------------------------------------
  299955 requests in 5.00m, 46.51MB read
Requests/sec:    999.81  
Transfer/sec:    158.74KB
