setup: assigned thread_id=1
init: final thread_id=1, base_seed=nil
script_want_response
Running 1m test @ http://10.10.1.1:10918
  1 threads and 10 connections

  Thread calibration: mean lat.: 8.485ms, rate sampling interval: 19ms

-----------------------------------------------------------------------
Test Results @ http://10.10.1.1:10918 
  Thread Stats   Avg      Stdev     99%   +/- Stdev
    Latency     8.47ms  783.06us  10.36ms   68.26%
    Req/Sec   102.44    190.28   555.00     82.23%
  Latency Distribution (HdrHistogram - Recorded Latency)
 50.000%    8.38ms
 75.000%    8.96ms
 90.000%    9.53ms
 99.000%   10.36ms
 99.900%   11.87ms
 99.990%   15.74ms
 99.999%   18.80ms
100.000%   18.80ms

  Detailed Percentile spectrum:
       Value   Percentile   TotalCount 1/(1-Percentile)

       6.647     0.000000            1         1.00
       7.547     0.100000          500         1.11
       7.803     0.200000         1006         1.25
       7.995     0.300000         1504         1.43
       8.187     0.400000         2002         1.67
       8.375     0.500000         2516         2.00
       8.471     0.550000         2756         2.22
       8.575     0.600000         3005         2.50
       8.687     0.650000         3252         2.86
       8.823     0.700000         3509         3.33
       8.959     0.750000         3751         4.00
       9.039     0.775000         3879         4.44
       9.119     0.800000         4003         5.00
       9.215     0.825000         4129         5.71
       9.319     0.850000         4261         6.67
       9.423     0.875000         4379         8.00
       9.479     0.887500         4449         8.89
       9.535     0.900000         4501        10.00
       9.607     0.912500         4570        11.43
       9.687     0.925000         4627        13.33
       9.759     0.937500         4693        16.00
       9.783     0.943750         4719        17.78
       9.847     0.950000         4755        20.00
       9.887     0.956250         4783        22.86
       9.959     0.962500         4816        26.67
      10.015     0.968750         4846        32.00
      10.055     0.971875         4861        35.56
      10.095     0.975000         4876        40.00
      10.143     0.978125         4891        45.71
      10.199     0.981250         4909        53.33
      10.247     0.984375         4925        64.00
      10.263     0.985938         4930        71.11
      10.295     0.987500         4942        80.00
      10.319     0.989062         4946        91.43
      10.383     0.990625         4955       106.67
      10.479     0.992188         4963       128.00
      10.527     0.992969         4965       142.22
      10.543     0.993750         4970       160.00
      10.551     0.994531         4973       182.86
      10.599     0.995313         4977       213.33
      10.663     0.996094         4981       256.00
      10.687     0.996484         4983       284.44
      10.895     0.996875         4985       320.00
      10.951     0.997266         4988       365.71
      10.991     0.997656         4989       426.67
      11.375     0.998047         4991       512.00
      11.463     0.998242         4992       568.89
      11.767     0.998437         4993       640.00
      11.807     0.998633         4994       731.43
      11.871     0.998828         4995       853.33
      11.951     0.999023         4996      1024.00
      11.951     0.999121         4996      1137.78
      12.351     0.999219         4997      1280.00
      12.351     0.999316         4997      1462.86
      14.511     0.999414         4998      1706.67
      14.511     0.999512         4998      2048.00
      14.511     0.999561         4998      2275.56
      15.743     0.999609         4999      2560.00
      15.743     0.999658         4999      2925.71
      15.743     0.999707         4999      3413.33
      15.743     0.999756         4999      4096.00
      15.743     0.999780         4999      4551.11
      18.799     0.999805         5000      5120.00
      18.799     1.000000         5000          inf
#[Mean    =        8.470, StdDeviation   =        0.783]
#[Max     =       18.784, Total count    =         5000]
#[Buckets =           27, SubBuckets     =         2048]
-----------------------------------------------------------------------
  5991 requests in 1.00m, 0.93MB read
Requests/sec:     99.83  
Transfer/sec:     15.85KB
