setup: assigned thread_id=1
init: final thread_id=1, base_seed=nil
setup: assigned thread_id=2
init: final thread_id=2, base_seed=nil
setup: assigned thread_id=3
init: final thread_id=3, base_seed=nil
setup: assigned thread_id=4
init: final thread_id=4, base_seed=nil
setup: assigned thread_id=5
init: final thread_id=5, base_seed=nil
setup: assigned thread_id=6
init: final thread_id=6, base_seed=nil
setup: assigned thread_id=7
init: final thread_id=7, base_seed=nil
setup: assigned thread_id=8
init: final thread_id=8, base_seed=nil
setup: assigned thread_id=9
init: final thread_id=9, base_seed=nil
setup: assigned thread_id=10
init: final thread_id=10, base_seed=nil
setup: assigned thread_id=11
init: final thread_id=11, base_seed=nil
setup: assigned thread_id=12
init: final thread_id=12, base_seed=nil
setup: assigned thread_id=13
init: final thread_id=13, base_seed=nil
setup: assigned thread_id=14
init: final thread_id=14, base_seed=nil
setup: assigned thread_id=15
init: final thread_id=15, base_seed=nil
setup: assigned thread_id=16
init: final thread_id=16, base_seed=nil
setup: assigned thread_id=17
init: final thread_id=17, base_seed=nil
setup: assigned thread_id=18
init: final thread_id=18, base_seed=nil
setup: assigned thread_id=19
init: final thread_id=19, base_seed=nil
setup: assigned thread_id=20
init: final thread_id=20, base_seed=nil
script_want_response
Running 1m test @ http://10.10.1.1:29858
  20 threads and 200 connections

  Thread calibration: mean lat.: 9.463ms, rate sampling interval: 28ms
  Thread calibration: mean lat.: 10.353ms, rate sampling interval: 33ms
  Thread calibration: mean lat.: 11.846ms, rate sampling interval: 39ms
  Thread calibration: mean lat.: 12.554ms, rate sampling interval: 42ms
  Thread calibration: mean lat.: 14.324ms, rate sampling interval: 47ms
  Thread calibration: mean lat.: 15.817ms, rate sampling interval: 48ms
  Thread calibration: mean lat.: 16.980ms, rate sampling interval: 52ms
  Thread calibration: mean lat.: 18.417ms, rate sampling interval: 55ms
  Thread calibration: mean lat.: 19.737ms, rate sampling interval: 60ms
  Thread calibration: mean lat.: 21.143ms, rate sampling interval: 62ms
  Thread calibration: mean lat.: 22.127ms, rate sampling interval: 63ms
  Thread calibration: mean lat.: 23.413ms, rate sampling interval: 64ms
  Thread calibration: mean lat.: 24.032ms, rate sampling interval: 64ms
  Thread calibration: mean lat.: 24.149ms, rate sampling interval: 64ms
  Thread calibration: mean lat.: 24.468ms, rate sampling interval: 64ms
  Thread calibration: mean lat.: 24.751ms, rate sampling interval: 64ms
  Thread calibration: mean lat.: 24.829ms, rate sampling interval: 63ms
  Thread calibration: mean lat.: 24.340ms, rate sampling interval: 61ms
  Thread calibration: mean lat.: 23.544ms, rate sampling interval: 60ms
  Thread calibration: mean lat.: 22.892ms, rate sampling interval: 58ms

-----------------------------------------------------------------------
Test Results @ http://10.10.1.1:29858 
  Thread Stats   Avg      Stdev     99%   +/- Stdev
    Latency    22.39ms   11.23ms  61.85ms   70.05%
    Req/Sec   100.75     87.20   333.00     58.87%
  Latency Distribution (HdrHistogram - Recorded Latency)
 50.000%   21.41ms
 75.000%   28.25ms
 90.000%   35.29ms
 99.000%   61.85ms
 99.900%   76.35ms
 99.990%   93.69ms
 99.999%  114.05ms
100.000%  115.20ms

  Detailed Percentile spectrum:
       Value   Percentile   TotalCount 1/(1-Percentile)

       5.971     0.000000            1         1.00
       8.407     0.100000        10000         1.11
      12.415     0.200000        20016         1.25
      16.135     0.300000        30008         1.43
      18.863     0.400000        40040         1.67
      21.407     0.500000        50047         2.00
      22.655     0.550000        55024         2.22
      23.951     0.600000        60030         2.50
      25.279     0.650000        65018         2.86
      26.719     0.700000        70037         3.33
      28.255     0.750000        75042         4.00
      29.103     0.775000        77524         4.44
      30.047     0.800000        80023         5.00
      31.055     0.825000        82533         5.71
      32.175     0.850000        85004         6.67
      33.535     0.875000        87519         8.00
      34.399     0.887500        88746         8.89
      35.295     0.900000        90015        10.00
      36.415     0.912500        91259        11.43
      37.695     0.925000        92513        13.33
      39.263     0.937500        93782        16.00
      40.223     0.943750        94375        17.78
      41.375     0.950000        95003        20.00
      42.847     0.956250        95621        22.86
      44.735     0.962500        96255        26.67
      47.423     0.968750        96870        32.00
      49.087     0.971875        97182        35.56
      50.879     0.975000        97497        40.00
      52.671     0.978125        97811        45.71
      54.687     0.981250        98121        53.33
      56.767     0.984375        98437        64.00
      58.015     0.985938        98588        71.11
      59.423     0.987500        98746        80.00
      61.055     0.989062        98907        91.43
      62.527     0.990625        99060       106.67
      64.127     0.992188        99216       128.00
      65.119     0.992969        99293       142.22
      66.303     0.993750        99372       160.00
      67.455     0.994531        99452       182.86
      68.543     0.995313        99527       213.33
      69.951     0.996094        99604       256.00
      70.719     0.996484        99644       284.44
      71.487     0.996875        99682       320.00
      72.255     0.997266        99725       365.71
      73.215     0.997656        99762       426.67
      73.855     0.998047        99800       512.00
      74.367     0.998242        99820       568.89
      75.071     0.998437        99838       640.00
      75.519     0.998633        99858       731.43
      75.967     0.998828        99877       853.33
      76.479     0.999023        99897      1024.00
      76.927     0.999121        99908      1137.78
      77.375     0.999219        99916      1280.00
      78.143     0.999316        99927      1462.86
      79.487     0.999414        99936      1706.67
      80.767     0.999512        99946      2048.00
      81.599     0.999561        99951      2275.56
      82.879     0.999609        99956      2560.00
      83.263     0.999658        99961      2925.71
      83.647     0.999707        99965      3413.33
      84.287     0.999756        99970      4096.00
      84.607     0.999780        99973      4551.11
      84.927     0.999805        99975      5120.00
      86.655     0.999829        99977      5851.43
      89.855     0.999854        99980      6826.67
      90.495     0.999878        99982      8192.00
      93.695     0.999890        99984      9102.22
      95.039     0.999902        99985     10240.00
      96.319     0.999915        99986     11702.86
      96.639     0.999927        99987     13653.33
      99.327     0.999939        99988     16384.00
     107.839     0.999945        99989     18204.44
     109.439     0.999951        99990     20480.00
     109.439     0.999957        99990     23405.71
     112.127     0.999963        99991     27306.67
     112.127     0.999969        99991     32768.00
     113.023     0.999973        99992     36408.89
     113.023     0.999976        99992     40960.00
     113.023     0.999979        99992     46811.43
     114.047     0.999982        99993     54613.33
     114.047     0.999985        99993     65536.00
     114.047     0.999986        99993     72817.78
     114.047     0.999988        99993     81920.00
     114.047     0.999989        99993     93622.86
     115.199     0.999991        99994    109226.67
     115.199     1.000000        99994          inf
#[Mean    =       22.387, StdDeviation   =       11.230]
#[Max     =      115.136, Total count    =        99994]
#[Buckets =           27, SubBuckets     =         2048]
-----------------------------------------------------------------------
  119807 requests in 1.00m, 18.58MB read
Requests/sec:   1996.32  
Transfer/sec:    317.02KB
