Running 5m test @ http://10.10.1.1:23234/Spam?n=10
  9 threads and 18 connections

  Thread calibration: mean lat.: 0.560ms, rate sampling interval: 10ms
  Thread calibration: mean lat.: 0.560ms, rate sampling interval: 10ms
  Thread calibration: mean lat.: 0.535ms, rate sampling interval: 10ms
  Thread calibration: mean lat.: 0.696ms, rate sampling interval: 10ms
  Thread calibration: mean lat.: 0.535ms, rate sampling interval: 10ms
  Thread calibration: mean lat.: 0.627ms, rate sampling interval: 10ms
  Thread calibration: mean lat.: 0.497ms, rate sampling interval: 10ms
  Thread calibration: mean lat.: 0.523ms, rate sampling interval: 10ms
  Thread calibration: mean lat.: 0.663ms, rate sampling interval: 10ms

-----------------------------------------------------------------------
Test Results @ http://10.10.1.1:23234/Spam?n=10 
  Thread Stats   Avg      Stdev     99%   +/- Stdev
    Latency   828.45us    9.02ms   3.40ms   99.78%
    Req/Sec    10.61     44.75   222.00     94.39%
  Latency Distribution (HdrHistogram - Recorded Latency)
 50.000%  511.00us
 75.000%  650.00us
 90.000%  763.00us
 99.000%    3.40ms
 99.900%   22.86ms
 99.990%  513.28ms
 99.999%  743.93ms
100.000%  743.93ms

  Detailed Percentile spectrum:
       Value   Percentile   TotalCount 1/(1-Percentile)

       0.168     0.000000            1         1.00
       0.339     0.100000         2652         1.11
       0.383     0.200000         5285         1.25
       0.418     0.300000         7864         1.43
       0.461     0.400000        10462         1.67
       0.511     0.500000        13062         2.00
       0.538     0.550000        14357         2.22
       0.566     0.600000        15691         2.50
       0.595     0.650000        17012         2.86
       0.622     0.700000        18271         3.33
       0.650     0.750000        19572         4.00
       0.666     0.775000        20256         4.44
       0.681     0.800000        20899         5.00
       0.697     0.825000        21553         5.71
       0.714     0.850000        22221         6.67
       0.736     0.875000        22850         8.00
       0.749     0.887500        23166         8.89
       0.763     0.900000        23488        10.00
       0.782     0.912500        23818        11.43
       0.808     0.925000        24137        13.33
       0.860     0.937500        24466        16.00
       0.902     0.943750        24628        17.78
       0.960     0.950000        24790        20.00
       1.027     0.956250        24953        22.86
       1.103     0.962500        25116        26.67
       1.208     0.968750        25283        32.00
       1.288     0.971875        25361        35.56
       1.374     0.975000        25443        40.00
       1.537     0.978125        25524        45.71
       1.826     0.981250        25605        53.33
       2.219     0.984375        25687        64.00
       2.513     0.985938        25728        71.11
       2.795     0.987500        25768        80.00
       3.187     0.989062        25809        91.43
       3.699     0.990625        25850       106.67
       4.231     0.992188        25892       128.00
       4.599     0.992969        25911       142.22
       4.863     0.993750        25931       160.00
       5.247     0.994531        25952       182.86
       5.995     0.995313        25972       213.33
       6.675     0.996094        25993       256.00
       7.483     0.996484        26003       284.44
       8.191     0.996875        26013       320.00
       9.199     0.997266        26023       365.71
       9.527     0.997656        26033       426.67
      11.015     0.998047        26044       512.00
      12.023     0.998242        26049       568.89
      12.767     0.998437        26054       640.00
      14.247     0.998633        26059       731.43
      15.855     0.998828        26064       853.33
      23.231     0.999023        26069      1024.00
      29.375     0.999121        26072      1137.78
      93.887     0.999219        26074      1280.00
     113.279     0.999316        26077      1462.86
     146.303     0.999414        26079      1706.67
     152.703     0.999512        26082      2048.00
     157.567     0.999561        26083      2275.56
     158.463     0.999609        26084      2560.00
     226.175     0.999658        26086      2925.71
     313.343     0.999707        26087      3413.33
     314.879     0.999756        26088      4096.00
     344.319     0.999780        26089      4551.11
     344.319     0.999805        26089      5120.00
     346.111     0.999829        26090      5851.43
     513.279     0.999854        26091      6826.67
     513.279     0.999878        26091      8192.00
     514.559     0.999890        26092      9102.22
     514.559     0.999902        26092     10240.00
     514.559     0.999915        26092     11702.86
     545.279     0.999927        26093     13653.33
     545.279     0.999939        26093     16384.00
     545.279     0.999945        26093     18204.44
     545.279     0.999951        26093     20480.00
     545.279     0.999957        26093     23405.71
     743.935     0.999963        26094     27306.67
     743.935     1.000000        26094          inf
#[Mean    =        0.828, StdDeviation   =        9.015]
#[Max     =      743.424, Total count    =        26094]
#[Buckets =           27, SubBuckets     =         2048]
-----------------------------------------------------------------------
  26991 requests in 5.00m, 3.32MB read
Requests/sec:     89.97  
Transfer/sec:     11.33KB
