setup: assigned thread_id=1
init: final thread_id=1, base_seed=nil
setup: assigned thread_id=2
init: final thread_id=2, base_seed=nil
setup: assigned thread_id=3
init: final thread_id=3, base_seed=nil
setup: assigned thread_id=4
init: final thread_id=4, base_seed=nil
setup: assigned thread_id=5
init: final thread_id=5, base_seed=nil
setup: assigned thread_id=6
init: final thread_id=6, base_seed=nil
setup: assigned thread_id=7
init: final thread_id=7, base_seed=nil
setup: assigned thread_id=8
init: final thread_id=8, base_seed=nil
setup: assigned thread_id=9
init: final thread_id=9, base_seed=nil
setup: assigned thread_id=10
init: final thread_id=10, base_seed=nil
setup: assigned thread_id=11
init: final thread_id=11, base_seed=nil
setup: assigned thread_id=12
init: final thread_id=12, base_seed=nil
setup: assigned thread_id=13
init: final thread_id=13, base_seed=nil
setup: assigned thread_id=14
init: final thread_id=14, base_seed=nil
setup: assigned thread_id=15
init: final thread_id=15, base_seed=nil
setup: assigned thread_id=16
init: final thread_id=16, base_seed=nil
setup: assigned thread_id=17
init: final thread_id=17, base_seed=nil
setup: assigned thread_id=18
init: final thread_id=18, base_seed=nil
setup: assigned thread_id=19
init: final thread_id=19, base_seed=nil
setup: assigned thread_id=20
init: final thread_id=20, base_seed=nil
setup: assigned thread_id=21
init: final thread_id=21, base_seed=nil
setup: assigned thread_id=22
init: final thread_id=22, base_seed=nil
setup: assigned thread_id=23
init: final thread_id=23, base_seed=nil
setup: assigned thread_id=24
init: final thread_id=24, base_seed=nil
setup: assigned thread_id=25
init: final thread_id=25, base_seed=nil
setup: assigned thread_id=26
init: final thread_id=26, base_seed=nil
setup: assigned thread_id=27
init: final thread_id=27, base_seed=nil
setup: assigned thread_id=28
init: final thread_id=28, base_seed=nil
setup: assigned thread_id=29
init: final thread_id=29, base_seed=nil
setup: assigned thread_id=30
init: final thread_id=30, base_seed=nil
setup: assigned thread_id=31
init: final thread_id=31, base_seed=nil
setup: assigned thread_id=32
init: final thread_id=32, base_seed=nil
setup: assigned thread_id=33
init: final thread_id=33, base_seed=nil
setup: assigned thread_id=34
init: final thread_id=34, base_seed=nil
setup: assigned thread_id=35
init: final thread_id=35, base_seed=nil
setup: assigned thread_id=36
init: final thread_id=36, base_seed=nil
setup: assigned thread_id=37
init: final thread_id=37, base_seed=nil
setup: assigned thread_id=38
init: final thread_id=38, base_seed=nil
setup: assigned thread_id=39
init: final thread_id=39, base_seed=nil
setup: assigned thread_id=40
init: final thread_id=40, base_seed=nil
setup: assigned thread_id=41
init: final thread_id=41, base_seed=nil
setup: assigned thread_id=42
init: final thread_id=42, base_seed=nil
setup: assigned thread_id=43
init: final thread_id=43, base_seed=nil
setup: assigned thread_id=44
init: final thread_id=44, base_seed=nil
setup: assigned thread_id=45
init: final thread_id=45, base_seed=nil
script_want_response
Running 5m test @ http://10.10.1.1:29858
  45 threads and 450 connections

  Thread calibration: mean lat.: 14.852ms, rate sampling interval: 60ms
  Thread calibration: mean lat.: 15.844ms, rate sampling interval: 63ms
  Thread calibration: mean lat.: 17.031ms, rate sampling interval: 64ms
  Thread calibration: mean lat.: 18.378ms, rate sampling interval: 74ms
  Thread calibration: mean lat.: 33.656ms, rate sampling interval: 111ms
  Thread calibration: mean lat.: 22.943ms, rate sampling interval: 89ms
  Thread calibration: mean lat.: 34.574ms, rate sampling interval: 111ms
  Thread calibration: mean lat.: 25.350ms, rate sampling interval: 93ms
  Thread calibration: mean lat.: 27.360ms, rate sampling interval: 95ms
  Thread calibration: mean lat.: 30.343ms, rate sampling interval: 98ms
  Thread calibration: mean lat.: 31.502ms, rate sampling interval: 100ms
  Thread calibration: mean lat.: 33.538ms, rate sampling interval: 103ms
  Thread calibration: mean lat.: 35.690ms, rate sampling interval: 108ms
  Thread calibration: mean lat.: 36.673ms, rate sampling interval: 109ms
  Thread calibration: mean lat.: 36.866ms, rate sampling interval: 107ms
  Thread calibration: mean lat.: 37.744ms, rate sampling interval: 110ms
  Thread calibration: mean lat.: 38.192ms, rate sampling interval: 108ms
  Thread calibration: mean lat.: 37.466ms, rate sampling interval: 104ms
  Thread calibration: mean lat.: 37.334ms, rate sampling interval: 105ms
  Thread calibration: mean lat.: 36.919ms, rate sampling interval: 103ms
  Thread calibration: mean lat.: 36.164ms, rate sampling interval: 98ms
  Thread calibration: mean lat.: 33.904ms, rate sampling interval: 95ms
  Thread calibration: mean lat.: 31.228ms, rate sampling interval: 91ms
  Thread calibration: mean lat.: 30.061ms, rate sampling interval: 90ms
  Thread calibration: mean lat.: 28.552ms, rate sampling interval: 87ms
  Thread calibration: mean lat.: 27.303ms, rate sampling interval: 84ms
  Thread calibration: mean lat.: 25.966ms, rate sampling interval: 82ms
  Thread calibration: mean lat.: 24.777ms, rate sampling interval: 79ms
  Thread calibration: mean lat.: 23.474ms, rate sampling interval: 76ms
  Thread calibration: mean lat.: 29.362ms, rate sampling interval: 103ms
  Thread calibration: mean lat.: 32.085ms, rate sampling interval: 108ms
  Thread calibration: mean lat.: 34.094ms, rate sampling interval: 108ms
  Thread calibration: mean lat.: 35.368ms, rate sampling interval: 110ms
  Thread calibration: mean lat.: 36.424ms, rate sampling interval: 112ms
  Thread calibration: mean lat.: 36.988ms, rate sampling interval: 110ms
  Thread calibration: mean lat.: 38.277ms, rate sampling interval: 114ms
  Thread calibration: mean lat.: 38.347ms, rate sampling interval: 110ms
  Thread calibration: mean lat.: 38.906ms, rate sampling interval: 108ms
  Thread calibration: mean lat.: 38.362ms, rate sampling interval: 107ms
  Thread calibration: mean lat.: 38.510ms, rate sampling interval: 107ms
  Thread calibration: mean lat.: 38.209ms, rate sampling interval: 106ms
  Thread calibration: mean lat.: 37.584ms, rate sampling interval: 105ms
  Thread calibration: mean lat.: 37.081ms, rate sampling interval: 103ms
  Thread calibration: mean lat.: 36.328ms, rate sampling interval: 102ms
  Thread calibration: mean lat.: 36.242ms, rate sampling interval: 102ms

-----------------------------------------------------------------------
Test Results @ http://10.10.1.1:29858 
  Thread Stats   Avg      Stdev     99%   +/- Stdev
    Latency    55.92ms   66.69ms 264.70ms   94.83%
    Req/Sec    66.02     43.83   161.00     66.12%
  Latency Distribution (HdrHistogram - Recorded Latency)
 50.000%   44.67ms
 75.000%   59.62ms
 90.000%   88.51ms
 99.000%  264.70ms
 99.900%  955.39ms
 99.990%    1.89s 
 99.999%    2.19s 
100.000%    2.20s 

  Detailed Percentile spectrum:
       Value   Percentile   TotalCount 1/(1-Percentile)

       6.503     0.000000            2         1.00
      20.575     0.100000        86214         1.11
      29.151     0.200000       172285         1.25
      34.911     0.300000       258425         1.43
      39.839     0.400000       344923         1.67
      44.671     0.500000       430974         2.00
      47.167     0.550000       473933         2.22
      49.791     0.600000       516817         2.50
      52.671     0.650000       560085         2.86
      55.871     0.700000       603208         3.33
      59.615     0.750000       645906         4.00
      61.887     0.775000       667541         4.44
      64.511     0.800000       689023         5.00
      67.519     0.825000       710497         5.71
      71.487     0.850000       732126         6.67
      77.631     0.875000       753665         8.00
      82.367     0.887500       764302         8.89
      88.511     0.900000       775109        10.00
      95.999     0.912500       785899        11.43
     104.191     0.925000       796653        13.33
     112.767     0.937500       807359        16.00
     117.887     0.943750       812738        17.78
     124.735     0.950000       818156        20.00
     136.319     0.956250       823529        22.86
     160.383     0.962500       828894        26.67
     181.375     0.968750       834273        32.00
     190.847     0.971875       836981        35.56
     199.167     0.975000       839686        40.00
     206.591     0.978125       842387        45.71
     214.399     0.981250       845044        53.33
     225.279     0.984375       847746        64.00
     231.935     0.985938       849081        71.11
     240.895     0.987500       850426        80.00
     255.487     0.989062       851758        91.43
     269.567     0.990625       853115       106.67
     285.951     0.992188       854454       128.00
     296.447     0.992969       855126       142.22
     317.439     0.993750       855798       160.00
     334.079     0.994531       856476       182.86
     353.279     0.995313       857141       213.33
     374.527     0.996094       857813       256.00
     383.999     0.996484       858156       284.44
     393.215     0.996875       858485       320.00
     416.767     0.997266       858823       365.71
     577.023     0.997656       859158       426.67
     747.007     0.998047       859496       512.00
     817.151     0.998242       859663       568.89
     859.647     0.998437       859832       640.00
     890.367     0.998633       859999       731.43
     942.079     0.998828       860169       853.33
     957.951     0.999023       860339      1024.00
     975.871     0.999121       860420      1137.78
    1019.903     0.999219       860504      1280.00
    1087.487     0.999316       860589      1462.86
    1181.695     0.999414       860674      1706.67
    1312.767     0.999512       860756      2048.00
    1370.111     0.999561       860799      2275.56
    1438.719     0.999609       860840      2560.00
    1479.679     0.999658       860882      2925.71
    1542.143     0.999707       860924      3413.33
    1600.511     0.999756       860967      4096.00
    1649.663     0.999780       860987      4551.11
    1667.071     0.999805       861008      5120.00
    1713.151     0.999829       861029      5851.43
    1750.015     0.999854       861051      6826.67
    1810.431     0.999878       861072      8192.00
    1853.439     0.999890       861082      9102.22
    1888.255     0.999902       861092     10240.00
    1916.927     0.999915       861103     11702.86
    1963.007     0.999927       861113     13653.33
    1986.559     0.999939       861124     16384.00
    2037.759     0.999945       861129     18204.44
    2044.927     0.999951       861136     20480.00
    2046.975     0.999957       861141     23405.71
    2111.487     0.999963       861147     27306.67
    2115.583     0.999969       861151     32768.00
    2119.679     0.999973       861154     36408.89
    2121.727     0.999976       861156     40960.00
    2125.823     0.999979       861159     46811.43
    2181.119     0.999982       861161     54613.33
    2183.167     0.999985       861163     65536.00
    2185.215     0.999986       861165     72817.78
    2187.263     0.999988       861167     81920.00
    2187.263     0.999989       861167     93622.86
    2191.359     0.999991       861172    109226.67
    2191.359     0.999992       861172    131072.00
    2191.359     0.999993       861172    145635.56
    2191.359     0.999994       861172    163840.00
    2191.359     0.999995       861172    187245.71
    2193.407     0.999995       861174    218453.33
    2193.407     0.999996       861174    262144.00
    2193.407     0.999997       861174    291271.11
    2193.407     0.999997       861174    327680.00
    2193.407     0.999997       861174    374491.43
    2195.455     0.999998       861175    436906.67
    2195.455     0.999998       861175    524288.00
    2195.455     0.999998       861175    582542.22
    2195.455     0.999998       861175    655360.00
    2195.455     0.999999       861175    748982.86
    2199.551     0.999999       861176    873813.33
    2199.551     1.000000       861176          inf
#[Mean    =       55.917, StdDeviation   =       66.686]
#[Max     =     2197.504, Total count    =       861176]
#[Buckets =           27, SubBuckets     =         2048]
-----------------------------------------------------------------------
  890335 requests in 5.00m, 138.06MB read
Requests/sec:   2968.36  
Transfer/sec:    471.34KB
