setup: assigned thread_id=1
init: final thread_id=1, base_seed=nil
script_want_response
Running 2m test @ http://10.10.1.1:29858
  1 threads and 10 connections

  Thread calibration: mean lat.: 60.911ms, rate sampling interval: 112ms

-----------------------------------------------------------------------
Test Results @ http://10.10.1.1:29858 
  Thread Stats   Avg      Stdev     99%   +/- Stdev
    Latency     7.27ms  816.23us   9.69ms   76.00%
    Req/Sec   100.20     24.98   178.00     86.67%
  Latency Distribution (HdrHistogram - Recorded Latency)
 50.000%    7.17ms
 75.000%    7.64ms
 90.000%    8.32ms
 99.000%    9.69ms
 99.900%   10.57ms
 99.990%   13.10ms
 99.999%   15.02ms
100.000%   15.02ms

  Detailed Percentile spectrum:
       Value   Percentile   TotalCount 1/(1-Percentile)

       4.491     0.000000            1         1.00
       6.439     0.100000          907         1.11
       6.695     0.200000         1820         1.25
       6.867     0.300000         2707         1.43
       7.023     0.400000         3617         1.67
       7.167     0.500000         4510         2.00
       7.243     0.550000         4956         2.22
       7.327     0.600000         5403         2.50
       7.419     0.650000         5855         2.86
       7.523     0.700000         6310         3.33
       7.643     0.750000         6750         4.00
       7.715     0.775000         6977         4.44
       7.803     0.800000         7206         5.00
       7.887     0.825000         7423         5.71
       8.003     0.850000         7652         6.67
       8.147     0.875000         7874         8.00
       8.223     0.887500         7988         8.89
       8.319     0.900000         8104        10.00
       8.439     0.912500         8210        11.43
       8.567     0.925000         8329        13.33
       8.703     0.937500         8437        16.00
       8.799     0.943750         8491        17.78
       8.863     0.950000         8548        20.00
       8.927     0.956250         8605        22.86
       9.023     0.962500         8660        26.67
       9.143     0.968750         8718        32.00
       9.191     0.971875         8745        35.56
       9.247     0.975000         8774        40.00
       9.319     0.978125         8802        45.71
       9.383     0.981250         8830        53.33
       9.463     0.984375         8859        64.00
       9.503     0.985938         8872        71.11
       9.575     0.987500         8887        80.00
       9.647     0.989062         8900        91.43
       9.711     0.990625         8913       106.67
       9.759     0.992188         8929       128.00
       9.783     0.992969         8934       142.22
       9.831     0.993750         8941       160.00
       9.895     0.994531         8948       182.86
       9.967     0.995313         8955       213.33
      10.047     0.996094         8962       256.00
      10.071     0.996484         8967       284.44
      10.087     0.996875         8970       320.00
      10.135     0.997266         8974       365.71
      10.191     0.997656         8976       426.67
      10.263     0.998047         8980       512.00
      10.343     0.998242         8982       568.89
      10.359     0.998437         8984       640.00
      10.463     0.998633         8985       731.43
      10.567     0.998828         8987       853.33
      10.583     0.999023         8989      1024.00
      10.591     0.999121         8990      1137.78
      10.591     0.999219         8990      1280.00
      10.903     0.999316         8992      1462.86
      10.903     0.999414         8992      1706.67
      11.455     0.999512         8993      2048.00
      11.503     0.999561         8994      2275.56
      11.503     0.999609         8994      2560.00
      11.503     0.999658         8994      2925.71
      11.623     0.999707         8995      3413.33
      11.623     0.999756         8995      4096.00
      13.103     0.999780         8996      4551.11
      13.103     0.999805         8996      5120.00
      13.103     0.999829         8996      5851.43
      13.103     0.999854         8996      6826.67
      13.103     0.999878         8996      8192.00
      15.023     0.999890         8997      9102.22
      15.023     1.000000         8997          inf
#[Mean    =        7.270, StdDeviation   =        0.816]
#[Max     =       15.016, Total count    =         8997]
#[Buckets =           27, SubBuckets     =         2048]
-----------------------------------------------------------------------
  9991 requests in 1.67m, 1.55MB read
Requests/sec:     99.90  
Transfer/sec:     15.85KB
