setup: assigned thread_id=1
init: final thread_id=1, base_seed=nil
setup: assigned thread_id=2
init: final thread_id=2, base_seed=nil
setup: assigned thread_id=3
init: final thread_id=3, base_seed=nil
setup: assigned thread_id=4
init: final thread_id=4, base_seed=nil
setup: assigned thread_id=5
init: final thread_id=5, base_seed=nil
script_want_response
Running 5m test @ http://10.10.1.1:34208
  5 threads and 50 connections

  Thread calibration: mean lat.: 10.024ms, rate sampling interval: 27ms
  Thread calibration: mean lat.: 10.237ms, rate sampling interval: 27ms
  Thread calibration: mean lat.: 10.438ms, rate sampling interval: 28ms
  Thread calibration: mean lat.: 10.568ms, rate sampling interval: 28ms
  Thread calibration: mean lat.: 10.539ms, rate sampling interval: 28ms

-----------------------------------------------------------------------
Test Results @ http://10.10.1.1:34208 
  Thread Stats   Avg      Stdev     99%   +/- Stdev
    Latency    11.62ms    3.54ms  22.33ms   78.94%
    Req/Sec   203.31    143.65   384.00     44.96%
  Latency Distribution (HdrHistogram - Recorded Latency)
 50.000%   10.54ms
 75.000%   13.44ms
 90.000%   16.50ms
 99.000%   22.33ms
 99.900%   30.38ms
 99.990%   50.59ms
 99.999%   66.62ms
100.000%  100.93ms

  Detailed Percentile spectrum:
       Value   Percentile   TotalCount 1/(1-Percentile)

       6.787     0.000000            1         1.00
       8.303     0.100000        29364         1.11
       8.727     0.200000        58062         1.25
       9.191     0.300000        87331         1.43
       9.775     0.400000       116230         1.67
      10.543     0.500000       145062         2.00
      11.015     0.550000       159589         2.22
      11.543     0.600000       174154         2.50
      12.119     0.650000       188640         2.86
      12.727     0.700000       203006         3.33
      13.439     0.750000       217604         4.00
      13.815     0.775000       224785         4.44
      14.223     0.800000       232052         5.00
      14.679     0.825000       239291         5.71
      15.191     0.850000       246542         6.67
      15.783     0.875000       253829         8.00
      16.111     0.887500       257404         8.89
      16.495     0.900000       261123        10.00
      16.911     0.912500       264728        11.43
      17.375     0.925000       268315        13.33
      17.887     0.937500       271904        16.00
      18.175     0.943750       273687        17.78
      18.495     0.950000       275516        20.00
      18.847     0.956250       277345        22.86
      19.231     0.962500       279160        26.67
      19.679     0.968750       280965        32.00
      19.935     0.971875       281860        35.56
      20.223     0.975000       282773        40.00
      20.527     0.978125       283658        45.71
      20.879     0.981250       284582        53.33
      21.295     0.984375       285485        64.00
      21.535     0.985938       285932        71.11
      21.807     0.987500       286387        80.00
      22.127     0.989062       286847        91.43
      22.495     0.990625       287291       106.67
      22.943     0.992188       287735       128.00
      23.263     0.992969       287961       142.22
      23.583     0.993750       288197       160.00
      23.967     0.994531       288424       182.86
      24.367     0.995313       288641       213.33
      25.039     0.996094       288866       256.00
      25.407     0.996484       288979       284.44
      25.791     0.996875       289094       320.00
      26.271     0.997266       289207       365.71
      27.007     0.997656       289320       426.67
      27.775     0.998047       289434       512.00
      28.111     0.998242       289490       568.89
      28.511     0.998437       289545       640.00
      28.975     0.998633       289602       731.43
      29.759     0.998828       289660       853.33
      30.575     0.999023       289715      1024.00
      31.215     0.999121       289744      1137.78
      31.839     0.999219       289773      1280.00
      32.991     0.999316       289800      1462.86
      37.439     0.999414       289829      1706.67
      41.471     0.999512       289857      2048.00
      42.687     0.999561       289871      2275.56
      43.711     0.999609       289885      2560.00
      44.767     0.999658       289899      2925.71
      46.207     0.999707       289914      3413.33
      46.879     0.999756       289928      4096.00
      47.871     0.999780       289935      4551.11
      48.831     0.999805       289942      5120.00
      49.471     0.999829       289949      5851.43
      49.727     0.999854       289956      6826.67
      50.399     0.999878       289963      8192.00
      50.527     0.999890       289967      9102.22
      50.623     0.999902       289970     10240.00
      51.103     0.999915       289974     11702.86
      51.263     0.999927       289977     13653.33
      52.159     0.999939       289981     16384.00
      52.415     0.999945       289983     18204.44
      52.991     0.999951       289984     20480.00
      53.567     0.999957       289986     23405.71
      54.399     0.999963       289988     27306.67
      57.343     0.999969       289990     32768.00
      57.663     0.999973       289991     36408.89
      57.663     0.999976       289991     40960.00
      59.231     0.999979       289992     46811.43
      60.287     0.999982       289993     54613.33
      62.655     0.999985       289994     65536.00
      66.623     0.999986       289995     72817.78
      66.623     0.999988       289995     81920.00
      66.623     0.999989       289995     93622.86
      98.751     0.999991       289996    109226.67
      98.751     0.999992       289996    131072.00
      98.815     0.999993       289997    145635.56
      98.815     0.999994       289997    163840.00
      98.815     0.999995       289997    187245.71
      98.815     0.999995       289997    218453.33
      98.815     0.999996       289997    262144.00
     100.927     0.999997       289998    291271.11
     100.927     1.000000       289998          inf
#[Mean    =       11.618, StdDeviation   =        3.537]
#[Max     =      100.864, Total count    =       289998]
#[Buckets =           27, SubBuckets     =         2048]
-----------------------------------------------------------------------
  299956 requests in 5.00m, 46.52MB read
Requests/sec:    999.81  
Transfer/sec:    158.77KB
