setup: assigned thread_id=1
init: final thread_id=1, base_seed=nil
script_want_response
Running 1m test @ http://10.10.1.1:34208
  1 threads and 10 connections

  Thread calibration: mean lat.: 8.528ms, rate sampling interval: 19ms

-----------------------------------------------------------------------
Test Results @ http://10.10.1.1:34208 
  Thread Stats   Avg      Stdev     99%   +/- Stdev
    Latency     8.51ms  735.71us  10.54ms   70.42%
    Req/Sec   102.42    192.42   555.00     81.62%
  Latency Distribution (HdrHistogram - Recorded Latency)
 50.000%    8.41ms
 75.000%    8.94ms
 90.000%    9.51ms
 99.000%   10.54ms
 99.900%   12.37ms
 99.990%   13.24ms
 99.999%   13.49ms
100.000%   13.49ms

  Detailed Percentile spectrum:
       Value   Percentile   TotalCount 1/(1-Percentile)

       6.663     0.000000            1         1.00
       7.675     0.100000          504         1.11
       7.907     0.200000         1003         1.25
       8.079     0.300000         1502         1.43
       8.239     0.400000         2004         1.67
       8.415     0.500000         2525         2.00
       8.503     0.550000         2765         2.22
       8.591     0.600000         3018         2.50
       8.687     0.650000         3259         2.86
       8.791     0.700000         3502         3.33
       8.935     0.750000         3768         4.00
       9.007     0.775000         3876         4.44
       9.103     0.800000         4005         5.00
       9.199     0.825000         4131         5.71
       9.279     0.850000         4250         6.67
       9.383     0.875000         4382         8.00
       9.439     0.887500         4443         8.89
       9.511     0.900000         4505        10.00
       9.583     0.912500         4567        11.43
       9.671     0.925000         4634        13.33
       9.759     0.937500         4692        16.00
       9.815     0.943750         4723        17.78
       9.863     0.950000         4753        20.00
       9.927     0.956250         4782        22.86
       9.999     0.962500         4814        26.67
      10.071     0.968750         4847        32.00
      10.103     0.971875         4863        35.56
      10.151     0.975000         4876        40.00
      10.199     0.978125         4891        45.71
      10.287     0.981250         4909        53.33
      10.359     0.984375         4922        64.00
      10.415     0.985938         4930        71.11
      10.455     0.987500         4941        80.00
      10.527     0.989062         4947        91.43
      10.559     0.990625         4955       106.67
      10.599     0.992188         4961       128.00
      10.663     0.992969         4966       142.22
      10.711     0.993750         4969       160.00
      10.799     0.994531         4973       182.86
      10.871     0.995313         4977       213.33
      11.031     0.996094         4981       256.00
      11.039     0.996484         4983       284.44
      11.127     0.996875         4985       320.00
      11.167     0.997266         4988       365.71
      11.431     0.997656         4989       426.67
      11.527     0.998047         4991       512.00
      11.823     0.998242         4992       568.89
      12.007     0.998437         4993       640.00
      12.231     0.998633         4994       731.43
      12.367     0.998828         4995       853.33
      12.911     0.999023         4996      1024.00
      12.911     0.999121         4996      1137.78
      13.023     0.999219         4997      1280.00
      13.023     0.999316         4997      1462.86
      13.231     0.999414         4998      1706.67
      13.231     0.999512         4998      2048.00
      13.231     0.999561         4998      2275.56
      13.239     0.999609         4999      2560.00
      13.239     0.999658         4999      2925.71
      13.239     0.999707         4999      3413.33
      13.239     0.999756         4999      4096.00
      13.239     0.999780         4999      4551.11
      13.487     0.999805         5000      5120.00
      13.487     1.000000         5000          inf
#[Mean    =        8.513, StdDeviation   =        0.736]
#[Max     =       13.480, Total count    =         5000]
#[Buckets =           27, SubBuckets     =         2048]
-----------------------------------------------------------------------
  5991 requests in 1.00m, 0.93MB read
Requests/sec:     99.83  
Transfer/sec:     15.85KB
