setup: assigned thread_id=1
init: final thread_id=1, base_seed=nil
setup: assigned thread_id=2
init: final thread_id=2, base_seed=nil
setup: assigned thread_id=3
init: final thread_id=3, base_seed=nil
setup: assigned thread_id=4
init: final thread_id=4, base_seed=nil
setup: assigned thread_id=5
init: final thread_id=5, base_seed=nil
setup: assigned thread_id=6
init: final thread_id=6, base_seed=nil
setup: assigned thread_id=7
init: final thread_id=7, base_seed=nil
setup: assigned thread_id=8
init: final thread_id=8, base_seed=nil
setup: assigned thread_id=9
init: final thread_id=9, base_seed=nil
setup: assigned thread_id=10
init: final thread_id=10, base_seed=nil
setup: assigned thread_id=11
init: final thread_id=11, base_seed=nil
setup: assigned thread_id=12
init: final thread_id=12, base_seed=nil
setup: assigned thread_id=13
init: final thread_id=13, base_seed=nil
setup: assigned thread_id=14
init: final thread_id=14, base_seed=nil
setup: assigned thread_id=15
init: final thread_id=15, base_seed=nil
setup: assigned thread_id=16
init: final thread_id=16, base_seed=nil
setup: assigned thread_id=17
init: final thread_id=17, base_seed=nil
setup: assigned thread_id=18
init: final thread_id=18, base_seed=nil
setup: assigned thread_id=19
init: final thread_id=19, base_seed=nil
setup: assigned thread_id=20
init: final thread_id=20, base_seed=nil
script_want_response
Running 1m test @ http://10.10.1.1:23238
  20 threads and 200 connections

  Thread calibration: mean lat.: 10.659ms, rate sampling interval: 33ms
  Thread calibration: mean lat.: 12.111ms, rate sampling interval: 40ms
  Thread calibration: mean lat.: 13.549ms, rate sampling interval: 48ms
  Thread calibration: mean lat.: 14.990ms, rate sampling interval: 55ms
  Thread calibration: mean lat.: 16.378ms, rate sampling interval: 59ms
  Thread calibration: mean lat.: 18.048ms, rate sampling interval: 61ms
  Thread calibration: mean lat.: 19.953ms, rate sampling interval: 64ms
  Thread calibration: mean lat.: 21.386ms, rate sampling interval: 68ms
  Thread calibration: mean lat.: 22.833ms, rate sampling interval: 68ms
  Thread calibration: mean lat.: 24.157ms, rate sampling interval: 69ms
  Thread calibration: mean lat.: 25.230ms, rate sampling interval: 69ms
  Thread calibration: mean lat.: 25.596ms, rate sampling interval: 68ms
  Thread calibration: mean lat.: 26.307ms, rate sampling interval: 70ms
  Thread calibration: mean lat.: 26.491ms, rate sampling interval: 69ms
  Thread calibration: mean lat.: 26.626ms, rate sampling interval: 68ms
  Thread calibration: mean lat.: 26.579ms, rate sampling interval: 67ms
  Thread calibration: mean lat.: 26.308ms, rate sampling interval: 66ms
  Thread calibration: mean lat.: 25.963ms, rate sampling interval: 65ms
  Thread calibration: mean lat.: 25.341ms, rate sampling interval: 64ms
  Thread calibration: mean lat.: 24.757ms, rate sampling interval: 63ms

-----------------------------------------------------------------------
Test Results @ http://10.10.1.1:23238 
  Thread Stats   Avg      Stdev     99%   +/- Stdev
    Latency    24.18ms   11.88ms  65.98ms   69.84%
    Req/Sec   100.54     73.15   303.00     65.87%
  Latency Distribution (HdrHistogram - Recorded Latency)
 50.000%   23.42ms
 75.000%   30.48ms
 90.000%   37.60ms
 99.000%   65.98ms
 99.900%   83.01ms
 99.990%   88.89ms
 99.999%   90.43ms
100.000%   91.78ms

  Detailed Percentile spectrum:
       Value   Percentile   TotalCount 1/(1-Percentile)

       5.935     0.000000            1         1.00
       9.095     0.100000        10018         1.11
      13.439     0.200000        20004         1.25
      17.711     0.300000        30003         1.43
      20.783     0.400000        40030         1.67
      23.423     0.500000        50045         2.00
      24.719     0.550000        55028         2.22
      26.031     0.600000        59993         2.50
      27.407     0.650000        65008         2.86
      28.863     0.700000        70022         3.33
      30.479     0.750000        75016         4.00
      31.407     0.775000        77522         4.44
      32.399     0.800000        80029         5.00
      33.503     0.825000        82572         5.71
      34.687     0.850000        85040         6.67
      35.999     0.875000        87497         8.00
      36.735     0.887500        88792         8.89
      37.599     0.900000        89999        10.00
      38.623     0.912500        91263        11.43
      39.871     0.925000        92509        13.33
      41.471     0.937500        93751        16.00
      42.495     0.943750        94382        17.78
      43.647     0.950000        94993        20.00
      45.311     0.956250        95628        22.86
      47.391     0.962500        96246        26.67
      50.207     0.968750        96866        32.00
      51.711     0.971875        97179        35.56
      53.247     0.975000        97490        40.00
      55.103     0.978125        97801        45.71
      57.567     0.981250        98114        53.33
      60.223     0.984375        98430        64.00
      61.695     0.985938        98589        71.11
      63.231     0.987500        98740        80.00
      65.055     0.989062        98896        91.43
      66.559     0.990625        99054       106.67
      68.415     0.992188        99207       128.00
      69.631     0.992969        99285       142.22
      70.719     0.993750        99368       160.00
      72.127     0.994531        99445       182.86
      73.215     0.995313        99520       213.33
      75.007     0.996094        99603       256.00
      75.967     0.996484        99638       284.44
      76.927     0.996875        99677       320.00
      77.951     0.997266        99715       365.71
      78.719     0.997656        99756       426.67
      79.807     0.998047        99793       512.00
      80.255     0.998242        99813       568.89
      80.767     0.998437        99833       640.00
      81.791     0.998633        99856       731.43
      82.239     0.998828        99871       853.33
      83.199     0.999023        99892      1024.00
      83.775     0.999121        99902      1137.78
      84.223     0.999219        99910      1280.00
      84.543     0.999316        99920      1462.86
      85.119     0.999414        99931      1706.67
      85.695     0.999512        99940      2048.00
      85.951     0.999561        99945      2275.56
      86.271     0.999609        99949      2560.00
      86.527     0.999658        99955      2925.71
      86.975     0.999707        99959      3413.33
      87.359     0.999756        99965      4096.00
      87.615     0.999780        99967      4551.11
      87.999     0.999805        99969      5120.00
      88.255     0.999829        99971      5851.43
      88.319     0.999854        99974      6826.67
      88.639     0.999878        99976      8192.00
      88.895     0.999890        99978      9102.22
      89.023     0.999902        99979     10240.00
      89.087     0.999915        99980     11702.86
      89.279     0.999927        99981     13653.33
      89.407     0.999939        99982     16384.00
      89.471     0.999945        99983     18204.44
      89.791     0.999951        99985     20480.00
      89.791     0.999957        99985     23405.71
      89.791     0.999963        99985     27306.67
      89.791     0.999969        99985     32768.00
      90.239     0.999973        99986     36408.89
      90.239     0.999976        99986     40960.00
      90.239     0.999979        99986     46811.43
      90.431     0.999982        99987     54613.33
      90.431     0.999985        99987     65536.00
      90.431     0.999986        99987     72817.78
      90.431     0.999988        99987     81920.00
      90.431     0.999989        99987     93622.86
      91.775     0.999991        99988    109226.67
      91.775     1.000000        99988          inf
#[Mean    =       24.180, StdDeviation   =       11.881]
#[Max     =       91.712, Total count    =        99988]
#[Buckets =           27, SubBuckets     =         2048]
-----------------------------------------------------------------------
  119805 requests in 1.00m, 18.58MB read
Requests/sec:   1996.32  
Transfer/sec:    316.99KB
