setup: assigned thread_id=1
init: final thread_id=1, base_seed=nil
setup: assigned thread_id=2
init: final thread_id=2, base_seed=nil
script_want_response
Running 5m test @ http://10.10.1.1:23238
  2 threads and 13 connections

  Thread calibration: mean lat.: 7.440ms, rate sampling interval: 16ms
  Thread calibration: mean lat.: 7.159ms, rate sampling interval: 16ms

-----------------------------------------------------------------------
Test Results @ http://10.10.1.1:23238 
  Thread Stats   Avg      Stdev     99%   +/- Stdev
    Latency     7.42ms    0.94ms   9.75ms   83.48%
    Req/Sec   257.91    149.46   400.00     76.96%
  Latency Distribution (HdrHistogram - Recorded Latency)
 50.000%    7.26ms
 75.000%    7.80ms
 90.000%    8.41ms
 99.000%    9.75ms
 99.900%   15.38ms
 99.990%   35.90ms
 99.999%   40.83ms
100.000%   41.06ms

  Detailed Percentile spectrum:
       Value   Percentile   TotalCount 1/(1-Percentile)

       5.635     0.000000            1         1.00
       6.595     0.100000        14606         1.11
       6.791     0.200000        29162         1.25
       6.951     0.300000        43853         1.43
       7.103     0.400000        58326         1.67
       7.263     0.500000        72831         2.00
       7.347     0.550000        79897         2.22
       7.443     0.600000        87299         2.50
       7.543     0.650000        94325         2.86
       7.659     0.700000       101601         3.33
       7.795     0.750000       108795         4.00
       7.871     0.775000       112477         4.44
       7.955     0.800000       116054         5.00
       8.047     0.825000       119666         5.71
       8.155     0.850000       123384         6.67
       8.271     0.875000       126901         8.00
       8.343     0.887500       128845         8.89
       8.415     0.900000       130621        10.00
       8.495     0.912500       132385        11.43
       8.591     0.925000       134275        13.33
       8.695     0.937500       136062        16.00
       8.751     0.943750       136944        17.78
       8.815     0.950000       137828        20.00
       8.887     0.956250       138684        22.86
       8.975     0.962500       139643        26.67
       9.071     0.968750       140471        32.00
       9.127     0.971875       140971        35.56
       9.183     0.975000       141373        40.00
       9.263     0.978125       141844        45.71
       9.351     0.981250       142292        53.33
       9.455     0.984375       142736        64.00
       9.535     0.985938       142978        71.11
       9.607     0.987500       143189        80.00
       9.695     0.989062       143419        91.43
       9.807     0.990625       143654       106.67
       9.951     0.992188       143872       128.00
      10.039     0.992969       143981       142.22
      10.151     0.993750       144092       160.00
      10.311     0.994531       144205       182.86
      10.527     0.995313       144318       213.33
      10.807     0.996094       144432       256.00
      11.007     0.996484       144487       284.44
      11.247     0.996875       144545       320.00
      11.655     0.997266       144601       365.71
      12.063     0.997656       144657       426.67
      12.455     0.998047       144713       512.00
      12.847     0.998242       144742       568.89
      13.199     0.998437       144771       640.00
      13.791     0.998633       144798       731.43
      14.479     0.998828       144828       853.33
      15.607     0.999023       144856      1024.00
      16.103     0.999121       144869      1137.78
      16.927     0.999219       144884      1280.00
      18.191     0.999316       144897      1462.86
      19.471     0.999414       144912      1706.67
      21.359     0.999512       144926      2048.00
      22.479     0.999561       144933      2275.56
      23.519     0.999609       144940      2560.00
      24.591     0.999658       144947      2925.71
      25.263     0.999707       144954      3413.33
      26.719     0.999756       144961      4096.00
      28.623     0.999780       144965      4551.11
      29.695     0.999805       144968      5120.00
      30.655     0.999829       144972      5851.43
      31.535     0.999854       144975      6826.67
      33.567     0.999878       144979      8192.00
      35.487     0.999890       144981      9102.22
      35.903     0.999902       144982     10240.00
      37.599     0.999915       144984     11702.86
      38.239     0.999927       144986     13653.33
      38.623     0.999939       144988     16384.00
      39.487     0.999945       144989     18204.44
      39.487     0.999951       144989     20480.00
      39.743     0.999957       144990     23405.71
      39.903     0.999963       144991     27306.67
      40.159     0.999969       144992     32768.00
      40.479     0.999973       144993     36408.89
      40.479     0.999976       144993     40960.00
      40.479     0.999979       144993     46811.43
      40.543     0.999982       144994     54613.33
      40.543     0.999985       144994     65536.00
      40.831     0.999986       144995     72817.78
      40.831     0.999988       144995     81920.00
      40.831     0.999989       144995     93622.86
      40.831     0.999991       144995    109226.67
      40.831     0.999992       144995    131072.00
      41.055     0.999993       144996    145635.56
      41.055     1.000000       144996          inf
#[Mean    =        7.419, StdDeviation   =        0.944]
#[Max     =       41.024, Total count    =       144996]
#[Buckets =           27, SubBuckets     =         2048]
-----------------------------------------------------------------------
  149990 requests in 5.00m, 23.26MB read
Requests/sec:    499.95  
Transfer/sec:     79.38KB
