setup: assigned thread_id=1
init: final thread_id=1, base_seed=nil
script_want_response
Running 1m test @ http://10.10.1.1:23238
  1 threads and 10 connections

  Thread calibration: mean lat.: 61.119ms, rate sampling interval: 97ms

-----------------------------------------------------------------------
Test Results @ http://10.10.1.1:23238 
  Thread Stats   Avg      Stdev     99%   +/- Stdev
    Latency     7.24ms    0.92ms   9.65ms   74.20%
    Req/Sec   100.29     10.61   104.00     92.82%
  Latency Distribution (HdrHistogram - Recorded Latency)
 50.000%    7.17ms
 75.000%    7.74ms
 90.000%    8.36ms
 99.000%    9.65ms
 99.900%   12.02ms
 99.990%   17.12ms
 99.999%   17.12ms
100.000%   17.12ms

  Detailed Percentile spectrum:
       Value   Percentile   TotalCount 1/(1-Percentile)

       4.347     0.000000            1         1.00
       6.227     0.100000          503         1.11
       6.587     0.200000         1001         1.25
       6.795     0.300000         1504         1.43
       6.987     0.400000         2005         1.67
       7.171     0.500000         2503         2.00
       7.271     0.550000         2755         2.22
       7.367     0.600000         2999         2.50
       7.479     0.650000         3253         2.86
       7.595     0.700000         3500         3.33
       7.735     0.750000         3748         4.00
       7.811     0.775000         3875         4.44
       7.895     0.800000         3999         5.00
       8.003     0.825000         4126         5.71
       8.111     0.850000         4250         6.67
       8.231     0.875000         4374         8.00
       8.295     0.887500         4439         8.89
       8.359     0.900000         4500        10.00
       8.439     0.912500         4559        11.43
       8.559     0.925000         4622        13.33
       8.679     0.937500         4687        16.00
       8.743     0.943750         4719        17.78
       8.791     0.950000         4749        20.00
       8.863     0.956250         4779        22.86
       8.959     0.962500         4814        26.67
       9.071     0.968750         4840        32.00
       9.151     0.971875         4856        35.56
       9.199     0.975000         4874        40.00
       9.271     0.978125         4889        45.71
       9.335     0.981250         4903        53.33
       9.447     0.984375         4919        64.00
       9.471     0.985938         4928        71.11
       9.543     0.987500         4934        80.00
       9.623     0.989062         4943        91.43
       9.687     0.990625         4950       106.67
       9.727     0.992188         4957       128.00
       9.759     0.992969         4961       142.22
       9.815     0.993750         4965       160.00
       9.967     0.994531         4969       182.86
      10.047     0.995313         4973       213.33
      10.191     0.996094         4977       256.00
      10.215     0.996484         4979       284.44
      10.423     0.996875         4981       320.00
      10.591     0.997266         4983       365.71
      10.615     0.997656         4985       426.67
      11.031     0.998047         4987       512.00
      11.087     0.998242         4988       568.89
      11.791     0.998437         4989       640.00
      11.839     0.998633         4990       731.43
      12.015     0.998828         4991       853.33
      12.359     0.999023         4992      1024.00
      12.359     0.999121         4992      1137.78
      13.647     0.999219         4993      1280.00
      13.647     0.999316         4993      1462.86
      14.119     0.999414         4994      1706.67
      14.119     0.999512         4994      2048.00
      14.119     0.999561         4994      2275.56
      15.255     0.999609         4995      2560.00
      15.255     0.999658         4995      2925.71
      15.255     0.999707         4995      3413.33
      15.255     0.999756         4995      4096.00
      15.255     0.999780         4995      4551.11
      17.119     0.999805         4996      5120.00
      17.119     1.000000         4996          inf
#[Mean    =        7.236, StdDeviation   =        0.922]
#[Max     =       17.104, Total count    =         4996]
#[Buckets =           27, SubBuckets     =         2048]
-----------------------------------------------------------------------
  5991 requests in 1.00m, 0.93MB read
Requests/sec:     99.83  
Transfer/sec:     15.86KB
