setup: assigned thread_id=1
init: final thread_id=1, base_seed=nil
setup: assigned thread_id=2
init: final thread_id=2, base_seed=nil
setup: assigned thread_id=3
init: final thread_id=3, base_seed=nil
setup: assigned thread_id=4
init: final thread_id=4, base_seed=nil
setup: assigned thread_id=5
init: final thread_id=5, base_seed=nil
setup: assigned thread_id=6
init: final thread_id=6, base_seed=nil
setup: assigned thread_id=7
init: final thread_id=7, base_seed=nil
setup: assigned thread_id=8
init: final thread_id=8, base_seed=nil
setup: assigned thread_id=9
init: final thread_id=9, base_seed=nil
setup: assigned thread_id=10
init: final thread_id=10, base_seed=nil
setup: assigned thread_id=11
init: final thread_id=11, base_seed=nil
setup: assigned thread_id=12
init: final thread_id=12, base_seed=nil
setup: assigned thread_id=13
init: final thread_id=13, base_seed=nil
setup: assigned thread_id=14
init: final thread_id=14, base_seed=nil
setup: assigned thread_id=15
init: final thread_id=15, base_seed=nil
setup: assigned thread_id=16
init: final thread_id=16, base_seed=nil
setup: assigned thread_id=17
init: final thread_id=17, base_seed=nil
setup: assigned thread_id=18
init: final thread_id=18, base_seed=nil
setup: assigned thread_id=19
init: final thread_id=19, base_seed=nil
setup: assigned thread_id=20
init: final thread_id=20, base_seed=nil
script_want_response
Running 1m test @ http://10.10.1.1:23238
  20 threads and 200 connections

  Thread calibration: mean lat.: 15.721ms, rate sampling interval: 60ms
  Thread calibration: mean lat.: 18.121ms, rate sampling interval: 67ms
  Thread calibration: mean lat.: 20.382ms, rate sampling interval: 78ms
  Thread calibration: mean lat.: 23.210ms, rate sampling interval: 89ms
  Thread calibration: mean lat.: 26.334ms, rate sampling interval: 98ms
  Thread calibration: mean lat.: 29.532ms, rate sampling interval: 101ms
  Thread calibration: mean lat.: 29.853ms, rate sampling interval: 100ms
  Thread calibration: mean lat.: 32.119ms, rate sampling interval: 102ms
  Thread calibration: mean lat.: 34.310ms, rate sampling interval: 102ms
  Thread calibration: mean lat.: 36.412ms, rate sampling interval: 104ms
  Thread calibration: mean lat.: 38.176ms, rate sampling interval: 104ms
  Thread calibration: mean lat.: 39.349ms, rate sampling interval: 103ms
  Thread calibration: mean lat.: 39.839ms, rate sampling interval: 102ms
  Thread calibration: mean lat.: 40.293ms, rate sampling interval: 102ms
  Thread calibration: mean lat.: 40.325ms, rate sampling interval: 101ms
  Thread calibration: mean lat.: 40.273ms, rate sampling interval: 100ms
  Thread calibration: mean lat.: 39.726ms, rate sampling interval: 98ms
  Thread calibration: mean lat.: 39.339ms, rate sampling interval: 98ms
  Thread calibration: mean lat.: 38.901ms, rate sampling interval: 96ms
  Thread calibration: mean lat.: 38.039ms, rate sampling interval: 94ms

-----------------------------------------------------------------------
Test Results @ http://10.10.1.1:23238 
  Thread Stats   Avg      Stdev     99%   +/- Stdev
    Latency    34.38ms   13.96ms  62.97ms   65.92%
    Req/Sec   100.34     29.99   173.00     78.29%
  Latency Distribution (HdrHistogram - Recorded Latency)
 50.000%   36.00ms
 75.000%   44.38ms
 90.000%   51.10ms
 99.000%   62.97ms
 99.900%   80.45ms
 99.990%   90.50ms
 99.999%   93.44ms
100.000%   94.91ms

  Detailed Percentile spectrum:
       Value   Percentile   TotalCount 1/(1-Percentile)

       6.763     0.000000            1         1.00
      12.151     0.100000        10005         1.11
      21.487     0.200000        20001         1.25
      27.727     0.300000        30012         1.43
      32.319     0.400000        40039         1.67
      35.999     0.500000        50009         2.00
      37.663     0.550000        55021         2.22
      39.295     0.600000        60017         2.50
      40.959     0.650000        65031         2.86
      42.623     0.700000        70015         3.33
      44.383     0.750000        75075         4.00
      45.375     0.775000        77523         4.44
      46.399     0.800000        80031         5.00
      47.455     0.825000        82535         5.71
      48.543     0.850000        85002         6.67
      49.759     0.875000        87540         8.00
      50.399     0.887500        88760         8.89
      51.103     0.900000        90018        10.00
      51.871     0.912500        91250        11.43
      52.863     0.925000        92514        13.33
      54.015     0.937500        93775        16.00
      54.655     0.943750        94400        17.78
      55.327     0.950000        95008        20.00
      56.127     0.956250        95629        22.86
      57.055     0.962500        96265        26.67
      58.047     0.968750        96885        32.00
      58.559     0.971875        97204        35.56
      59.071     0.975000        97502        40.00
      59.679     0.978125        97814        45.71
      60.415     0.981250        98132        53.33
      61.151     0.984375        98441        64.00
      61.599     0.985938        98598        71.11
      62.111     0.987500        98753        80.00
      62.623     0.989062        98912        91.43
      63.295     0.990625        99062       106.67
      64.191     0.992188        99215       128.00
      64.671     0.992969        99294       142.22
      65.151     0.993750        99372       160.00
      65.791     0.994531        99450       182.86
      66.687     0.995313        99529       213.33
      67.647     0.996094        99611       256.00
      68.031     0.996484        99649       284.44
      68.607     0.996875        99685       320.00
      69.311     0.997266        99724       365.71
      70.463     0.997656        99765       426.67
      72.063     0.998047        99801       512.00
      73.215     0.998242        99821       568.89
      74.623     0.998437        99841       640.00
      76.543     0.998633        99860       731.43
      79.231     0.998828        99879       853.33
      80.639     0.999023        99899      1024.00
      82.751     0.999121        99909      1137.78
      83.391     0.999219        99918      1280.00
      84.415     0.999316        99928      1462.86
      85.503     0.999414        99941      1706.67
      86.719     0.999512        99948      2048.00
      86.975     0.999561        99954      2275.56
      87.231     0.999609        99958      2560.00
      87.423     0.999658        99964      2925.71
      87.615     0.999707        99967      3413.33
      88.063     0.999756        99972      4096.00
      88.255     0.999780        99975      4551.11
      88.511     0.999805        99977      5120.00
      89.023     0.999829        99979      5851.43
      89.663     0.999854        99982      6826.67
      90.431     0.999878        99984      8192.00
      90.495     0.999890        99986      9102.22
      90.687     0.999902        99987     10240.00
      90.815     0.999915        99988     11702.86
      91.007     0.999927        99989     13653.33
      91.071     0.999939        99990     16384.00
      91.327     0.999945        99991     18204.44
      91.903     0.999951        99992     20480.00
      91.903     0.999957        99992     23405.71
      92.415     0.999963        99993     27306.67
      92.415     0.999969        99993     32768.00
      92.671     0.999973        99994     36408.89
      92.671     0.999976        99994     40960.00
      92.671     0.999979        99994     46811.43
      93.439     0.999982        99995     54613.33
      93.439     0.999985        99995     65536.00
      93.439     0.999986        99995     72817.78
      93.439     0.999988        99995     81920.00
      93.439     0.999989        99995     93622.86
      94.911     0.999991        99996    109226.67
      94.911     1.000000        99996          inf
#[Mean    =       34.376, StdDeviation   =       13.957]
#[Max     =       94.848, Total count    =        99996]
#[Buckets =           27, SubBuckets     =         2048]
-----------------------------------------------------------------------
  119805 requests in 1.00m, 18.58MB read
Requests/sec:   1996.32  
Transfer/sec:    316.97KB
