setup: assigned thread_id=1
init: final thread_id=1, base_seed=nil
setup: assigned thread_id=2
init: final thread_id=2, base_seed=nil
setup: assigned thread_id=3
init: final thread_id=3, base_seed=nil
setup: assigned thread_id=4
init: final thread_id=4, base_seed=nil
setup: assigned thread_id=5
init: final thread_id=5, base_seed=nil
script_want_response
Running 5m test @ http://10.10.1.1:23238
  5 threads and 50 connections

  Thread calibration: mean lat.: 10.179ms, rate sampling interval: 27ms
  Thread calibration: mean lat.: 10.367ms, rate sampling interval: 28ms
  Thread calibration: mean lat.: 10.472ms, rate sampling interval: 28ms
  Thread calibration: mean lat.: 10.766ms, rate sampling interval: 29ms
  Thread calibration: mean lat.: 10.904ms, rate sampling interval: 30ms

-----------------------------------------------------------------------
Test Results @ http://10.10.1.1:23238 
  Thread Stats   Avg      Stdev     99%   +/- Stdev
    Latency    11.46ms    3.51ms  22.94ms   79.88%
    Req/Sec   203.17    140.89   384.00     53.99%
  Latency Distribution (HdrHistogram - Recorded Latency)
 50.000%   10.27ms
 75.000%   13.18ms
 90.000%   16.38ms
 99.000%   22.94ms
 99.900%   28.06ms
 99.990%   37.31ms
 99.999%   78.85ms
100.000%   82.82ms

  Detailed Percentile spectrum:
       Value   Percentile   TotalCount 1/(1-Percentile)

       6.623     0.000000            1         1.00
       8.231     0.100000        29115         1.11
       8.647     0.200000        58501         1.25
       9.063     0.300000        87459         1.43
       9.583     0.400000       116101         1.67
      10.271     0.500000       145069         2.00
      10.711     0.550000       159628         2.22
      11.223     0.600000       174082         2.50
      11.807     0.650000       188632         2.86
      12.463     0.700000       203079         3.33
      13.183     0.750000       217507         4.00
      13.583     0.775000       224862         4.44
      14.023     0.800000       232061         5.00
      14.519     0.825000       239334         5.71
      15.055     0.850000       246595         6.67
      15.655     0.875000       253768         8.00
      15.999     0.887500       257417         8.89
      16.375     0.900000       261049        10.00
      16.799     0.912500       264641        11.43
      17.295     0.925000       268258        13.33
      17.855     0.937500       271896        16.00
      18.191     0.943750       273757        17.78
      18.543     0.950000       275519        20.00
      18.959     0.956250       277327        22.86
      19.423     0.962500       279162        26.67
      19.935     0.968750       280946        32.00
      20.223     0.971875       281850        35.56
      20.575     0.975000       282758        40.00
      20.959     0.978125       283696        45.71
      21.359     0.981250       284562        53.33
      21.839     0.984375       285468        64.00
      22.127     0.985938       285928        71.11
      22.399     0.987500       286375        80.00
      22.735     0.989062       286834        91.43
      23.119     0.990625       287285       106.67
      23.567     0.992188       287741       128.00
      23.839     0.992969       287962       142.22
      24.095     0.993750       288187       160.00
      24.415     0.994531       288418       182.86
      24.783     0.995313       288640       213.33
      25.199     0.996094       288867       256.00
      25.439     0.996484       288981       284.44
      25.679     0.996875       289095       320.00
      25.967     0.997266       289212       365.71
      26.303     0.997656       289331       426.67
      26.655     0.998047       289433       512.00
      26.879     0.998242       289489       568.89
      27.135     0.998437       289548       640.00
      27.423     0.998633       289603       731.43
      27.743     0.998828       289661       853.33
      28.079     0.999023       289715      1024.00
      28.319     0.999121       289746      1137.78
      28.543     0.999219       289773      1280.00
      28.767     0.999316       289801      1462.86
      28.991     0.999414       289829      1706.67
      29.327     0.999512       289857      2048.00
      29.663     0.999561       289871      2275.56
      29.823     0.999609       289885      2560.00
      30.431     0.999658       289899      2925.71
      30.879     0.999707       289915      3413.33
      31.759     0.999756       289928      4096.00
      32.751     0.999780       289935      4551.11
      33.343     0.999805       289942      5120.00
      34.207     0.999829       289949      5851.43
      34.911     0.999854       289956      6826.67
      36.575     0.999878       289963      8192.00
      36.863     0.999890       289967      9102.22
      37.471     0.999902       289970     10240.00
      38.175     0.999915       289974     11702.86
      38.399     0.999927       289977     13653.33
      38.719     0.999939       289981     16384.00
      38.847     0.999945       289983     18204.44
      39.167     0.999951       289984     20480.00
      40.063     0.999957       289986     23405.71
      40.447     0.999963       289989     27306.67
      41.407     0.999969       289990     32768.00
      41.503     0.999973       289991     36408.89
      41.503     0.999976       289991     40960.00
      41.535     0.999979       289992     46811.43
      76.735     0.999982       289993     54613.33
      76.799     0.999985       289994     65536.00
      78.847     0.999986       289995     72817.78
      78.847     0.999988       289995     81920.00
      78.847     0.999989       289995     93622.86
      79.871     0.999991       289996    109226.67
      79.871     0.999992       289996    131072.00
      81.855     0.999993       289997    145635.56
      81.855     0.999994       289997    163840.00
      81.855     0.999995       289997    187245.71
      81.855     0.999995       289997    218453.33
      81.855     0.999996       289997    262144.00
      82.815     0.999997       289998    291271.11
      82.815     1.000000       289998          inf
#[Mean    =       11.456, StdDeviation   =        3.510]
#[Max     =       82.752, Total count    =       289998]
#[Buckets =           27, SubBuckets     =         2048]
-----------------------------------------------------------------------
  299955 requests in 5.00m, 46.52MB read
Requests/sec:    999.81  
Transfer/sec:    158.78KB
