setup: assigned thread_id=1
init: final thread_id=1, base_seed=nil
script_want_response
Running 1m test @ http://10.10.1.1:23238
  1 threads and 10 connections

  Thread calibration: mean lat.: 8.545ms, rate sampling interval: 19ms

-----------------------------------------------------------------------
Test Results @ http://10.10.1.1:23238 
  Thread Stats   Avg      Stdev     99%   +/- Stdev
    Latency     8.48ms  751.46us  10.50ms   69.60%
    Req/Sec   102.42    190.39   555.00     82.04%
  Latency Distribution (HdrHistogram - Recorded Latency)
 50.000%    8.39ms
 75.000%    8.92ms
 90.000%    9.51ms
 99.000%   10.50ms
 99.900%   11.90ms
 99.990%   13.73ms
 99.999%   16.07ms
100.000%   16.07ms

  Detailed Percentile spectrum:
       Value   Percentile   TotalCount 1/(1-Percentile)

       6.447     0.000000            1         1.00
       7.615     0.100000          503         1.11
       7.851     0.200000         1000         1.25
       8.043     0.300000         1500         1.43
       8.215     0.400000         2001         1.67
       8.391     0.500000         2509         2.00
       8.471     0.550000         2755         2.22
       8.575     0.600000         3007         2.50
       8.687     0.650000         3267         2.86
       8.799     0.700000         3515         3.33
       8.919     0.750000         3752         4.00
       8.991     0.775000         3876         4.44
       9.079     0.800000         4001         5.00
       9.175     0.825000         4128         5.71
       9.271     0.850000         4255         6.67
       9.391     0.875000         4378         8.00
       9.455     0.887500         4444         8.89
       9.511     0.900000         4502        10.00
       9.583     0.912500         4567        11.43
       9.647     0.925000         4633        13.33
       9.735     0.937500         4690        16.00
       9.791     0.943750         4722        17.78
       9.831     0.950000         4750        20.00
       9.887     0.956250         4785        22.86
       9.959     0.962500         4817        26.67
      10.015     0.968750         4845        32.00
      10.063     0.971875         4860        35.56
      10.119     0.975000         4877        40.00
      10.175     0.978125         4892        45.71
      10.223     0.981250         4909        53.33
      10.287     0.984375         4922        64.00
      10.319     0.985938         4931        71.11
      10.359     0.987500         4938        80.00
      10.431     0.989062         4946        91.43
      10.559     0.990625         4955       106.67
      10.607     0.992188         4961       128.00
      10.647     0.992969         4965       142.22
      10.719     0.993750         4969       160.00
      10.767     0.994531         4973       182.86
      10.799     0.995313         4978       213.33
      10.831     0.996094         4981       256.00
      10.935     0.996484         4983       284.44
      11.023     0.996875         4985       320.00
      11.231     0.997266         4987       365.71
      11.335     0.997656         4989       426.67
      11.463     0.998047         4991       512.00
      11.743     0.998242         4992       568.89
      11.783     0.998437         4994       640.00
      11.783     0.998633         4994       731.43
      11.895     0.998828         4995       853.33
      11.903     0.999023         4996      1024.00
      11.903     0.999121         4996      1137.78
      12.175     0.999219         4997      1280.00
      12.175     0.999316         4997      1462.86
      12.487     0.999414         4998      1706.67
      12.487     0.999512         4998      2048.00
      12.487     0.999561         4998      2275.56
      13.735     0.999609         4999      2560.00
      13.735     0.999658         4999      2925.71
      13.735     0.999707         4999      3413.33
      13.735     0.999756         4999      4096.00
      13.735     0.999780         4999      4551.11
      16.071     0.999805         5000      5120.00
      16.071     1.000000         5000          inf
#[Mean    =        8.483, StdDeviation   =        0.751]
#[Max     =       16.064, Total count    =         5000]
#[Buckets =           27, SubBuckets     =         2048]
-----------------------------------------------------------------------
  5990 requests in 1.00m, 0.93MB read
Requests/sec:     99.82  
Transfer/sec:     15.84KB
