setup: assigned thread_id=1
init: final thread_id=1, base_seed=nil
setup: assigned thread_id=2
init: final thread_id=2, base_seed=nil
setup: assigned thread_id=3
init: final thread_id=3, base_seed=nil
setup: assigned thread_id=4
init: final thread_id=4, base_seed=nil
setup: assigned thread_id=5
init: final thread_id=5, base_seed=nil
setup: assigned thread_id=6
init: final thread_id=6, base_seed=nil
setup: assigned thread_id=7
init: final thread_id=7, base_seed=nil
setup: assigned thread_id=8
init: final thread_id=8, base_seed=nil
setup: assigned thread_id=9
init: final thread_id=9, base_seed=nil
setup: assigned thread_id=10
init: final thread_id=10, base_seed=nil
setup: assigned thread_id=11
init: final thread_id=11, base_seed=nil
setup: assigned thread_id=12
init: final thread_id=12, base_seed=nil
setup: assigned thread_id=13
init: final thread_id=13, base_seed=nil
setup: assigned thread_id=14
init: final thread_id=14, base_seed=nil
setup: assigned thread_id=15
init: final thread_id=15, base_seed=nil
setup: assigned thread_id=16
init: final thread_id=16, base_seed=nil
setup: assigned thread_id=17
init: final thread_id=17, base_seed=nil
setup: assigned thread_id=18
init: final thread_id=18, base_seed=nil
setup: assigned thread_id=19
init: final thread_id=19, base_seed=nil
setup: assigned thread_id=20
init: final thread_id=20, base_seed=nil
script_want_response
Running 1m test @ http://10.10.1.1:34208
  20 threads and 200 connections

  Thread calibration: mean lat.: 31.383ms, rate sampling interval: 99ms
  Thread calibration: mean lat.: 35.422ms, rate sampling interval: 104ms
  Thread calibration: mean lat.: 37.550ms, rate sampling interval: 110ms
  Thread calibration: mean lat.: 26.392ms, rate sampling interval: 87ms
  Thread calibration: mean lat.: 39.539ms, rate sampling interval: 112ms
  Thread calibration: mean lat.: 41.611ms, rate sampling interval: 112ms
  Thread calibration: mean lat.: 44.225ms, rate sampling interval: 113ms
  Thread calibration: mean lat.: 45.360ms, rate sampling interval: 115ms
  Thread calibration: mean lat.: 47.262ms, rate sampling interval: 117ms
  Thread calibration: mean lat.: 47.553ms, rate sampling interval: 117ms
  Thread calibration: mean lat.: 47.472ms, rate sampling interval: 116ms
  Thread calibration: mean lat.: 47.504ms, rate sampling interval: 115ms
  Thread calibration: mean lat.: 47.813ms, rate sampling interval: 114ms
  Thread calibration: mean lat.: 47.161ms, rate sampling interval: 114ms
  Thread calibration: mean lat.: 46.901ms, rate sampling interval: 111ms
  Thread calibration: mean lat.: 46.451ms, rate sampling interval: 111ms
  Thread calibration: mean lat.: 45.861ms, rate sampling interval: 110ms
  Thread calibration: mean lat.: 45.473ms, rate sampling interval: 108ms
  Thread calibration: mean lat.: 44.337ms, rate sampling interval: 106ms
  Thread calibration: mean lat.: 43.636ms, rate sampling interval: 104ms

-----------------------------------------------------------------------
Test Results @ http://10.10.1.1:34208 
  Thread Stats   Avg      Stdev     99%   +/- Stdev
    Latency    51.91ms   17.91ms  89.54ms   67.16%
    Req/Sec   100.04     25.17   181.00     83.30%
  Latency Distribution (HdrHistogram - Recorded Latency)
 50.000%   49.63ms
 75.000%   66.05ms
 90.000%   75.90ms
 99.000%   89.54ms
 99.900%  103.29ms
 99.990%  111.87ms
 99.999%  136.96ms
100.000%  138.24ms

  Detailed Percentile spectrum:
       Value   Percentile   TotalCount 1/(1-Percentile)

      11.663     0.000000            1         1.00
      28.719     0.100000        10005         1.11
      38.047     0.200000        20032         1.25
      42.143     0.300000        30010         1.43
      45.567     0.400000        40043         1.67
      49.631     0.500000        50016         2.00
      52.575     0.550000        55036         2.22
      56.223     0.600000        60018         2.50
      59.679     0.650000        65030         2.86
      62.943     0.700000        70024         3.33
      66.047     0.750000        75058         4.00
      67.583     0.775000        77515         4.44
      69.119     0.800000        80050         5.00
      70.655     0.825000        82531         5.71
      72.319     0.850000        85068         6.67
      74.047     0.875000        87545         8.00
      74.943     0.887500        88770         8.89
      75.903     0.900000        90024        10.00
      76.927     0.912500        91300        11.43
      78.015     0.925000        92552        13.33
      79.231     0.937500        93813        16.00
      79.935     0.943750        94403        17.78
      80.703     0.950000        95022        20.00
      81.535     0.956250        95648        22.86
      82.495     0.962500        96290        26.67
      83.583     0.968750        96901        32.00
      84.159     0.971875        97189        35.56
      84.863     0.975000        97530        40.00
      85.567     0.978125        97833        45.71
      86.399     0.981250        98125        53.33
      87.359     0.984375        98449        64.00
      87.871     0.985938        98605        71.11
      88.447     0.987500        98763        80.00
      89.023     0.989062        98914        91.43
      89.855     0.990625        99068       106.67
      90.943     0.992188        99226       128.00
      91.647     0.992969        99301       142.22
      92.351     0.993750        99375       160.00
      93.247     0.994531        99454       182.86
      94.399     0.995313        99532       213.33
      96.063     0.996094        99611       256.00
      97.023     0.996484        99652       284.44
      97.855     0.996875        99690       320.00
      98.751     0.997266        99727       365.71
      99.711     0.997656        99766       426.67
     100.351     0.998047        99806       512.00
     101.055     0.998242        99825       568.89
     101.567     0.998437        99845       640.00
     102.207     0.998633        99864       731.43
     102.655     0.998828        99883       853.33
     103.359     0.999023        99903      1024.00
     103.935     0.999121        99914      1137.78
     104.127     0.999219        99922      1280.00
     104.575     0.999316        99934      1462.86
     105.215     0.999414        99943      1706.67
     105.727     0.999512        99953      2048.00
     105.855     0.999561        99957      2275.56
     106.175     0.999609        99962      2560.00
     106.687     0.999658        99967      2925.71
     107.327     0.999707        99971      3413.33
     108.991     0.999756        99978      4096.00
     109.247     0.999780        99980      4551.11
     109.311     0.999805        99982      5120.00
     109.375     0.999829        99983      5851.43
     110.911     0.999854        99986      6826.67
     111.551     0.999878        99988      8192.00
     111.871     0.999890        99990      9102.22
     111.999     0.999902        99991     10240.00
     112.767     0.999915        99992     11702.86
     113.215     0.999927        99993     13653.33
     113.663     0.999939        99994     16384.00
     114.239     0.999945        99995     18204.44
     117.887     0.999951        99996     20480.00
     117.887     0.999957        99996     23405.71
     117.951     0.999963        99997     27306.67
     117.951     0.999969        99997     32768.00
     123.199     0.999973        99998     36408.89
     123.199     0.999976        99998     40960.00
     123.199     0.999979        99998     46811.43
     136.959     0.999982        99999     54613.33
     136.959     0.999985        99999     65536.00
     136.959     0.999986        99999     72817.78
     136.959     0.999988        99999     81920.00
     136.959     0.999989        99999     93622.86
     138.239     0.999991       100000    109226.67
     138.239     1.000000       100000          inf
#[Mean    =       51.913, StdDeviation   =       17.912]
#[Max     =      138.112, Total count    =       100000]
#[Buckets =           27, SubBuckets     =         2048]
-----------------------------------------------------------------------
  119700 requests in 1.00m, 18.56MB read
Requests/sec:   1994.52  
Transfer/sec:    316.69KB
