setup: assigned thread_id=1
init: final thread_id=1, base_seed=nil
script_want_response
Running 1m test @ http://10.10.1.1:34208
  1 threads and 10 connections

  Thread calibration: mean lat.: 12.788ms, rate sampling interval: 27ms

-----------------------------------------------------------------------
Test Results @ http://10.10.1.1:34208 
  Thread Stats   Avg      Stdev     99%   +/- Stdev
    Latency    12.95ms    3.96ms  15.29ms   99.42%
    Req/Sec   101.87    154.88   384.00     76.02%
  Latency Distribution (HdrHistogram - Recorded Latency)
 50.000%   12.62ms
 75.000%   13.17ms
 90.000%   13.91ms
 99.000%   15.29ms
 99.900%   98.30ms
 99.990%  102.46ms
 99.999%  102.78ms
100.000%  102.78ms

  Detailed Percentile spectrum:
       Value   Percentile   TotalCount 1/(1-Percentile)

      11.031     0.000000            1         1.00
      11.879     0.100000          500         1.11
      12.119     0.200000         1012         1.25
      12.303     0.300000         1517         1.43
      12.471     0.400000         2026         1.67
      12.623     0.500000         2503         2.00
      12.727     0.550000         2762         2.22
      12.815     0.600000         3012         2.50
      12.927     0.650000         3266         2.86
      13.047     0.700000         3510         3.33
      13.167     0.750000         3755         4.00
      13.255     0.775000         3882         4.44
      13.335     0.800000         4001         5.00
      13.439     0.825000         4128         5.71
      13.559     0.850000         4256         6.67
      13.719     0.875000         4376         8.00
      13.815     0.887500         4445         8.89
      13.911     0.900000         4508        10.00
      13.999     0.912500         4564        11.43
      14.095     0.925000         4629        13.33
      14.215     0.937500         4689        16.00
      14.263     0.943750         4719        17.78
      14.335     0.950000         4751        20.00
      14.407     0.956250         4784        22.86
      14.479     0.962500         4813        26.67
      14.599     0.968750         4844        32.00
      14.647     0.971875         4861        35.56
      14.711     0.975000         4876        40.00
      14.791     0.978125         4892        45.71
      14.895     0.981250         4908        53.33
      14.999     0.984375         4923        64.00
      15.039     0.985938         4930        71.11
      15.127     0.987500         4938        80.00
      15.255     0.989062         4947        91.43
      15.551     0.990625         4954       106.67
      15.735     0.992188         4961       128.00
      16.327     0.992969         4965       142.22
      16.623     0.993750         4969       160.00
      17.343     0.994531         4973       182.86
      17.743     0.995313         4977       213.33
      18.687     0.996094         4981       256.00
      18.895     0.996484         4983       284.44
      19.391     0.996875         4985       320.00
      20.991     0.997266         4987       365.71
      21.007     0.997656         4989       426.67
      95.615     0.998047         4991       512.00
      95.807     0.998242         4992       568.89
      97.471     0.998437         4993       640.00
      97.855     0.998633         4994       731.43
      98.303     0.998828         4995       853.33
      99.775     0.999023         4996      1024.00
      99.775     0.999121         4996      1137.78
     100.031     0.999219         4997      1280.00
     100.031     0.999316         4997      1462.86
     102.079     0.999414         4998      1706.67
     102.079     0.999512         4998      2048.00
     102.079     0.999561         4998      2275.56
     102.463     0.999609         4999      2560.00
     102.463     0.999658         4999      2925.71
     102.463     0.999707         4999      3413.33
     102.463     0.999756         4999      4096.00
     102.463     0.999780         4999      4551.11
     102.783     0.999805         5000      5120.00
     102.783     1.000000         5000          inf
#[Mean    =       12.950, StdDeviation   =        3.959]
#[Max     =      102.720, Total count    =         5000]
#[Buckets =           27, SubBuckets     =         2048]
-----------------------------------------------------------------------
  5990 requests in 1.00m, 0.93MB read
Requests/sec:     99.81  
Transfer/sec:     15.84KB
