setup: assigned thread_id=1
init: final thread_id=1, base_seed=nil
setup: assigned thread_id=2
init: final thread_id=2, base_seed=nil
setup: assigned thread_id=3
init: final thread_id=3, base_seed=nil
setup: assigned thread_id=4
init: final thread_id=4, base_seed=nil
setup: assigned thread_id=5
init: final thread_id=5, base_seed=nil
script_want_response
Running 5m test @ http://10.10.1.1:30562
  5 threads and 50 connections

  Thread calibration: mean lat.: 10.437ms, rate sampling interval: 28ms
  Thread calibration: mean lat.: 10.840ms, rate sampling interval: 30ms
  Thread calibration: mean lat.: 11.024ms, rate sampling interval: 30ms
  Thread calibration: mean lat.: 11.229ms, rate sampling interval: 31ms
  Thread calibration: mean lat.: 11.345ms, rate sampling interval: 31ms

-----------------------------------------------------------------------
Test Results @ http://10.10.1.1:30562 
  Thread Stats   Avg      Stdev     99%   +/- Stdev
    Latency    11.94ms    3.62ms  22.94ms   78.58%
    Req/Sec   202.94    129.67   370.00     63.57%
  Latency Distribution (HdrHistogram - Recorded Latency)
 50.000%   10.86ms
 75.000%   13.77ms
 90.000%   16.88ms
 99.000%   22.94ms
 99.900%   30.11ms
 99.990%   57.25ms
 99.999%  101.31ms
100.000%  103.81ms

  Detailed Percentile spectrum:
       Value   Percentile   TotalCount 1/(1-Percentile)

       6.923     0.000000            1         1.00
       8.535     0.100000        29151         1.11
       9.015     0.200000        58324         1.25
       9.527     0.300000        87402         1.43
      10.111     0.400000       116068         1.67
      10.863     0.500000       145201         2.00
      11.319     0.550000       159522         2.22
      11.831     0.600000       174010         2.50
      12.423     0.650000       188699         2.86
      13.063     0.700000       203008         3.33
      13.775     0.750000       217561         4.00
      14.167     0.775000       224752         4.44
      14.599     0.800000       232051         5.00
      15.071     0.825000       239290         5.71
      15.607     0.850000       246531         6.67
      16.191     0.875000       253819         8.00
      16.527     0.887500       257527         8.89
      16.879     0.900000       261061        10.00
      17.295     0.912500       264684        11.43
      17.759     0.925000       268328        13.33
      18.271     0.937500       271900        16.00
      18.559     0.943750       273703        17.78
      18.895     0.950000       275546        20.00
      19.263     0.956250       277372        22.86
      19.647     0.962500       279187        26.67
      20.095     0.968750       280967        32.00
      20.351     0.971875       281876        35.56
      20.639     0.975000       282761        40.00
      20.975     0.978125       283680        45.71
      21.359     0.981250       284584        53.33
      21.823     0.984375       285469        64.00
      22.095     0.985938       285928        71.11
      22.383     0.987500       286387        80.00
      22.735     0.989062       286837        91.43
      23.135     0.990625       287302       106.67
      23.583     0.992188       287735       128.00
      23.871     0.992969       287968       142.22
      24.191     0.993750       288193       160.00
      24.543     0.994531       288416       182.86
      24.991     0.995313       288647       213.33
      25.487     0.996094       288868       256.00
      25.775     0.996484       288986       284.44
      26.079     0.996875       289095       320.00
      26.367     0.997266       289207       365.71
      26.783     0.997656       289320       426.67
      27.327     0.998047       289434       512.00
      27.743     0.998242       289490       568.89
      28.175     0.998437       289546       640.00
      28.703     0.998633       289604       731.43
      29.247     0.998828       289660       853.33
      30.287     0.999023       289716      1024.00
      30.799     0.999121       289745      1137.78
      31.631     0.999219       289773      1280.00
      33.055     0.999316       289801      1462.86
      41.023     0.999414       289830      1706.67
      45.503     0.999512       289858      2048.00
      46.559     0.999561       289872      2275.56
      48.767     0.999609       289886      2560.00
      50.655     0.999658       289900      2925.71
      51.903     0.999707       289915      3413.33
      53.375     0.999756       289929      4096.00
      54.271     0.999780       289937      4551.11
      54.431     0.999805       289943      5120.00
      55.231     0.999829       289950      5851.43
      56.287     0.999854       289957      6826.67
      56.831     0.999878       289964      8192.00
      57.119     0.999890       289968      9102.22
      57.631     0.999902       289971     10240.00
      58.207     0.999915       289975     11702.86
      58.623     0.999927       289978     13653.33
      59.359     0.999939       289982     16384.00
      59.743     0.999945       289984     18204.44
      61.247     0.999951       289985     20480.00
      62.559     0.999957       289987     23405.71
      62.943     0.999963       289989     27306.67
      65.023     0.999969       289991     32768.00
      66.367     0.999973       289992     36408.89
      66.367     0.999976       289992     40960.00
      67.583     0.999979       289993     46811.43
      95.743     0.999982       289994     54613.33
      98.303     0.999985       289995     65536.00
     101.311     0.999986       289996     72817.78
     101.311     0.999988       289996     81920.00
     101.311     0.999989       289996     93622.86
     102.079     0.999991       289997    109226.67
     102.079     0.999992       289997    131072.00
     102.847     0.999993       289998    145635.56
     102.847     0.999994       289998    163840.00
     102.847     0.999995       289998    187245.71
     102.847     0.999995       289998    218453.33
     102.847     0.999996       289998    262144.00
     103.807     0.999997       289999    291271.11
     103.807     1.000000       289999          inf
#[Mean    =       11.942, StdDeviation   =        3.621]
#[Max     =      103.744, Total count    =       289999]
#[Buckets =           27, SubBuckets     =         2048]
-----------------------------------------------------------------------
  299956 requests in 5.00m, 46.51MB read
Requests/sec:    999.81  
Transfer/sec:    158.75KB
