setup: assigned thread_id=1
init: final thread_id=1, base_seed=nil
script_want_response
Running 1m test @ http://10.10.1.1:30562
  1 threads and 10 connections

  Thread calibration: mean lat.: 8.855ms, rate sampling interval: 19ms

-----------------------------------------------------------------------
Test Results @ http://10.10.1.1:30562 
  Thread Stats   Avg      Stdev     99%   +/- Stdev
    Latency     8.75ms  792.77us  11.02ms   70.04%
    Req/Sec   102.43    190.49   555.00     81.66%
  Latency Distribution (HdrHistogram - Recorded Latency)
 50.000%    8.63ms
 75.000%    9.22ms
 90.000%    9.85ms
 99.000%   11.02ms
 99.900%   11.81ms
 99.990%   12.10ms
 99.999%   12.64ms
100.000%   12.64ms

  Detailed Percentile spectrum:
       Value   Percentile   TotalCount 1/(1-Percentile)

       6.699     0.000000            1         1.00
       7.855     0.100000          502         1.11
       8.083     0.200000         1009         1.25
       8.279     0.300000         1518         1.43
       8.455     0.400000         2003         1.67
       8.631     0.500000         2520         2.00
       8.727     0.550000         2760         2.22
       8.831     0.600000         3010         2.50
       8.951     0.650000         3262         2.86
       9.071     0.700000         3505         3.33
       9.215     0.750000         3764         4.00
       9.295     0.775000         3891         4.44
       9.375     0.800000         4008         5.00
       9.487     0.825000         4134         5.71
       9.591     0.850000         4252         6.67
       9.719     0.875000         4383         8.00
       9.775     0.887500         4438         8.89
       9.847     0.900000         4503        10.00
       9.927     0.912500         4564        11.43
      10.007     0.925000         4626        13.33
      10.095     0.937500         4688        16.00
      10.143     0.943750         4724        17.78
      10.199     0.950000         4756        20.00
      10.255     0.956250         4783        22.86
      10.367     0.962500         4815        26.67
      10.455     0.968750         4846        32.00
      10.503     0.971875         4861        35.56
      10.575     0.975000         4875        40.00
      10.647     0.978125         4893        45.71
      10.695     0.981250         4907        53.33
      10.831     0.984375         4923        64.00
      10.879     0.985938         4930        71.11
      10.959     0.987500         4938        80.00
      10.999     0.989062         4947        91.43
      11.063     0.990625         4955       106.67
      11.135     0.992188         4961       128.00
      11.167     0.992969         4965       142.22
      11.231     0.993750         4970       160.00
      11.327     0.994531         4973       182.86
      11.407     0.995313         4978       213.33
      11.447     0.996094         4981       256.00
      11.479     0.996484         4984       284.44
      11.551     0.996875         4986       320.00
      11.575     0.997266         4987       365.71
      11.607     0.997656         4989       426.67
      11.727     0.998047         4991       512.00
      11.751     0.998242         4992       568.89
      11.799     0.998437         4993       640.00
      11.815     0.998633         4995       731.43
      11.815     0.998828         4995       853.33
      11.871     0.999023         4996      1024.00
      11.871     0.999121         4996      1137.78
      11.895     0.999219         4997      1280.00
      11.895     0.999316         4997      1462.86
      11.919     0.999414         4998      1706.67
      11.919     0.999512         4998      2048.00
      11.919     0.999561         4998      2275.56
      12.103     0.999609         4999      2560.00
      12.103     0.999658         4999      2925.71
      12.103     0.999707         4999      3413.33
      12.103     0.999756         4999      4096.00
      12.103     0.999780         4999      4551.11
      12.639     0.999805         5000      5120.00
      12.639     1.000000         5000          inf
#[Mean    =        8.750, StdDeviation   =        0.793]
#[Max     =       12.632, Total count    =         5000]
#[Buckets =           27, SubBuckets     =         2048]
-----------------------------------------------------------------------
  5991 requests in 1.00m, 0.93MB read
Requests/sec:     99.83  
Transfer/sec:     15.86KB
