setup: assigned thread_id=1
init: final thread_id=1, base_seed=nil
setup: assigned thread_id=2
init: final thread_id=2, base_seed=nil
setup: assigned thread_id=3
init: final thread_id=3, base_seed=nil
setup: assigned thread_id=4
init: final thread_id=4, base_seed=nil
setup: assigned thread_id=5
init: final thread_id=5, base_seed=nil
setup: assigned thread_id=6
init: final thread_id=6, base_seed=nil
setup: assigned thread_id=7
init: final thread_id=7, base_seed=nil
setup: assigned thread_id=8
init: final thread_id=8, base_seed=nil
setup: assigned thread_id=9
init: final thread_id=9, base_seed=nil
setup: assigned thread_id=10
init: final thread_id=10, base_seed=nil
setup: assigned thread_id=11
init: final thread_id=11, base_seed=nil
setup: assigned thread_id=12
init: final thread_id=12, base_seed=nil
setup: assigned thread_id=13
init: final thread_id=13, base_seed=nil
setup: assigned thread_id=14
init: final thread_id=14, base_seed=nil
setup: assigned thread_id=15
init: final thread_id=15, base_seed=nil
setup: assigned thread_id=16
init: final thread_id=16, base_seed=nil
setup: assigned thread_id=17
init: final thread_id=17, base_seed=nil
setup: assigned thread_id=18
init: final thread_id=18, base_seed=nil
setup: assigned thread_id=19
init: final thread_id=19, base_seed=nil
setup: assigned thread_id=20
init: final thread_id=20, base_seed=nil
script_want_response
Running 1m test @ http://10.10.1.1:23821
  20 threads and 200 connections

  Thread calibration: mean lat.: 44.523ms, rate sampling interval: 130ms
  Thread calibration: mean lat.: 46.987ms, rate sampling interval: 131ms
  Thread calibration: mean lat.: 50.415ms, rate sampling interval: 133ms
  Thread calibration: mean lat.: 51.820ms, rate sampling interval: 136ms
  Thread calibration: mean lat.: 53.565ms, rate sampling interval: 136ms
  Thread calibration: mean lat.: 55.207ms, rate sampling interval: 137ms
  Thread calibration: mean lat.: 56.653ms, rate sampling interval: 138ms
  Thread calibration: mean lat.: 56.999ms, rate sampling interval: 139ms
  Thread calibration: mean lat.: 57.568ms, rate sampling interval: 140ms
  Thread calibration: mean lat.: 57.946ms, rate sampling interval: 140ms
  Thread calibration: mean lat.: 58.519ms, rate sampling interval: 141ms
  Thread calibration: mean lat.: 58.273ms, rate sampling interval: 140ms
  Thread calibration: mean lat.: 57.907ms, rate sampling interval: 139ms
  Thread calibration: mean lat.: 58.347ms, rate sampling interval: 138ms
  Thread calibration: mean lat.: 58.022ms, rate sampling interval: 139ms
  Thread calibration: mean lat.: 57.502ms, rate sampling interval: 137ms
  Thread calibration: mean lat.: 56.974ms, rate sampling interval: 135ms
  Thread calibration: mean lat.: 56.228ms, rate sampling interval: 132ms
  Thread calibration: mean lat.: 55.415ms, rate sampling interval: 130ms
  Thread calibration: mean lat.: 54.701ms, rate sampling interval: 130ms

-----------------------------------------------------------------------
Test Results @ http://10.10.1.1:23821 
  Thread Stats   Avg      Stdev     99%   +/- Stdev
    Latency    55.61ms   16.87ms 132.35ms   83.14%
    Req/Sec    99.79     29.25   155.00     76.00%
  Latency Distribution (HdrHistogram - Recorded Latency)
 50.000%   55.90ms
 75.000%   61.85ms
 90.000%   68.29ms
 99.000%  132.35ms
 99.900%  179.07ms
 99.990%  199.04ms
 99.999%  239.62ms
100.000%  247.42ms

  Detailed Percentile spectrum:
       Value   Percentile   TotalCount 1/(1-Percentile)

      13.975     0.000000            1         1.00
      37.599     0.100000        10011         1.11
      46.463     0.200000        20009         1.25
      50.687     0.300000        30079         1.43
      53.503     0.400000        40013         1.67
      55.903     0.500000        50052         2.00
      56.991     0.550000        55008         2.22
      58.143     0.600000        60133         2.50
      59.295     0.650000        65125         2.86
      60.511     0.700000        70039         3.33
      61.855     0.750000        75055         4.00
      62.591     0.775000        77562         4.44
      63.391     0.800000        80000         5.00
      64.319     0.825000        82534         5.71
      65.375     0.850000        85008         6.67
      66.687     0.875000        87587         8.00
      67.391     0.887500        88767         8.89
      68.287     0.900000        90066        10.00
      69.247     0.912500        91301        11.43
      70.463     0.925000        92543        13.33
      71.999     0.937500        93768        16.00
      73.023     0.943750        94393        17.78
      74.175     0.950000        95013        20.00
      75.967     0.956250        95635        22.86
      78.719     0.962500        96252        26.67
      82.431     0.968750        96883        32.00
      84.671     0.971875        97192        35.56
      87.679     0.975000        97501        40.00
      91.071     0.978125        97816        45.71
      95.679     0.981250        98130        53.33
     103.743     0.984375        98440        64.00
     110.143     0.985938        98595        71.11
     119.679     0.987500        98750        80.00
     128.191     0.989062        98908        91.43
     134.527     0.990625        99065       106.67
     140.799     0.992188        99222       128.00
     144.511     0.992969        99297       142.22
     148.863     0.993750        99375       160.00
     151.935     0.994531        99454       182.86
     154.495     0.995313        99532       213.33
     158.079     0.996094        99610       256.00
     159.487     0.996484        99653       284.44
     161.023     0.996875        99689       320.00
     163.327     0.997266        99729       365.71
     166.271     0.997656        99770       426.67
     169.471     0.998047        99806       512.00
     171.903     0.998242        99829       568.89
     173.311     0.998437        99844       640.00
     175.487     0.998633        99864       731.43
     177.407     0.998828        99884       853.33
     179.199     0.999023        99903      1024.00
     180.351     0.999121        99915      1137.78
     181.375     0.999219        99922      1280.00
     183.039     0.999316        99932      1462.86
     185.599     0.999414        99942      1706.67
     187.263     0.999512        99954      2048.00
     187.903     0.999561        99957      2275.56
     188.415     0.999609        99961      2560.00
     189.055     0.999658        99966      2925.71
     191.231     0.999707        99971      3413.33
     193.151     0.999756        99976      4096.00
     194.047     0.999780        99979      4551.11
     195.327     0.999805        99981      5120.00
     195.711     0.999829        99983      5851.43
     197.503     0.999854        99986      6826.67
     198.143     0.999878        99988      8192.00
     199.039     0.999890        99990      9102.22
     200.703     0.999902        99991     10240.00
     201.855     0.999915        99992     11702.86
     204.031     0.999927        99993     13653.33
     206.335     0.999939        99995     16384.00
     206.335     0.999945        99995     18204.44
     209.919     0.999951        99996     20480.00
     209.919     0.999957        99996     23405.71
     221.567     0.999963        99997     27306.67
     221.567     0.999969        99997     32768.00
     228.223     0.999973        99998     36408.89
     228.223     0.999976        99998     40960.00
     228.223     0.999979        99998     46811.43
     239.615     0.999982        99999     54613.33
     239.615     0.999985        99999     65536.00
     239.615     0.999986        99999     72817.78
     239.615     0.999988        99999     81920.00
     239.615     0.999989        99999     93622.86
     247.423     0.999991       100000    109226.67
     247.423     1.000000       100000          inf
#[Mean    =       55.615, StdDeviation   =       16.873]
#[Max     =      247.296, Total count    =       100000]
#[Buckets =           27, SubBuckets     =         2048]
-----------------------------------------------------------------------
  119800 requests in 1.00m, 18.57MB read
Requests/sec:   1996.21  
Transfer/sec:    316.94KB
