setup: assigned thread_id=1
init: final thread_id=1, base_seed=nil
setup: assigned thread_id=2
init: final thread_id=2, base_seed=nil
setup: assigned thread_id=3
init: final thread_id=3, base_seed=nil
setup: assigned thread_id=4
init: final thread_id=4, base_seed=nil
setup: assigned thread_id=5
init: final thread_id=5, base_seed=nil
setup: assigned thread_id=6
init: final thread_id=6, base_seed=nil
setup: assigned thread_id=7
init: final thread_id=7, base_seed=nil
setup: assigned thread_id=8
init: final thread_id=8, base_seed=nil
setup: assigned thread_id=9
init: final thread_id=9, base_seed=nil
setup: assigned thread_id=10
init: final thread_id=10, base_seed=nil
setup: assigned thread_id=11
init: final thread_id=11, base_seed=nil
setup: assigned thread_id=12
init: final thread_id=12, base_seed=nil
setup: assigned thread_id=13
init: final thread_id=13, base_seed=nil
setup: assigned thread_id=14
init: final thread_id=14, base_seed=nil
setup: assigned thread_id=15
init: final thread_id=15, base_seed=nil
setup: assigned thread_id=16
init: final thread_id=16, base_seed=nil
setup: assigned thread_id=17
init: final thread_id=17, base_seed=nil
setup: assigned thread_id=18
init: final thread_id=18, base_seed=nil
setup: assigned thread_id=19
init: final thread_id=19, base_seed=nil
setup: assigned thread_id=20
init: final thread_id=20, base_seed=nil
setup: assigned thread_id=21
init: final thread_id=21, base_seed=nil
setup: assigned thread_id=22
init: final thread_id=22, base_seed=nil
setup: assigned thread_id=23
init: final thread_id=23, base_seed=nil
setup: assigned thread_id=24
init: final thread_id=24, base_seed=nil
setup: assigned thread_id=25
init: final thread_id=25, base_seed=nil
setup: assigned thread_id=26
init: final thread_id=26, base_seed=nil
setup: assigned thread_id=27
init: final thread_id=27, base_seed=nil
setup: assigned thread_id=28
init: final thread_id=28, base_seed=nil
setup: assigned thread_id=29
init: final thread_id=29, base_seed=nil
setup: assigned thread_id=30
init: final thread_id=30, base_seed=nil
setup: assigned thread_id=31
init: final thread_id=31, base_seed=nil
setup: assigned thread_id=32
init: final thread_id=32, base_seed=nil
setup: assigned thread_id=33
init: final thread_id=33, base_seed=nil
setup: assigned thread_id=34
init: final thread_id=34, base_seed=nil
setup: assigned thread_id=35
init: final thread_id=35, base_seed=nil
setup: assigned thread_id=36
init: final thread_id=36, base_seed=nil
setup: assigned thread_id=37
init: final thread_id=37, base_seed=nil
setup: assigned thread_id=38
init: final thread_id=38, base_seed=nil
setup: assigned thread_id=39
init: final thread_id=39, base_seed=nil
setup: assigned thread_id=40
init: final thread_id=40, base_seed=nil
setup: assigned thread_id=41
init: final thread_id=41, base_seed=nil
setup: assigned thread_id=42
init: final thread_id=42, base_seed=nil
setup: assigned thread_id=43
init: final thread_id=43, base_seed=nil
setup: assigned thread_id=44
init: final thread_id=44, base_seed=nil
setup: assigned thread_id=45
init: final thread_id=45, base_seed=nil
script_want_response
Running 5m test @ http://10.10.1.1:23821
  45 threads and 450 connections

  Thread calibration: mean lat.: 581.908ms, rate sampling interval: 2201ms
  Thread calibration: mean lat.: 578.783ms, rate sampling interval: 2289ms
  Thread calibration: mean lat.: 601.484ms, rate sampling interval: 2199ms
  Thread calibration: mean lat.: 625.270ms, rate sampling interval: 2437ms
  Thread calibration: mean lat.: 614.854ms, rate sampling interval: 2191ms
  Thread calibration: mean lat.: 622.177ms, rate sampling interval: 2252ms
  Thread calibration: mean lat.: 542.178ms, rate sampling interval: 2094ms
  Thread calibration: mean lat.: 663.031ms, rate sampling interval: 2441ms
  Thread calibration: mean lat.: 600.303ms, rate sampling interval: 2164ms
  Thread calibration: mean lat.: 577.130ms, rate sampling interval: 2148ms
  Thread calibration: mean lat.: 609.113ms, rate sampling interval: 2240ms
  Thread calibration: mean lat.: 599.116ms, rate sampling interval: 2201ms
  Thread calibration: mean lat.: 619.776ms, rate sampling interval: 2246ms
  Thread calibration: mean lat.: 627.269ms, rate sampling interval: 2363ms
  Thread calibration: mean lat.: 563.294ms, rate sampling interval: 2028ms
  Thread calibration: mean lat.: 584.913ms, rate sampling interval: 2127ms
  Thread calibration: mean lat.: 543.085ms, rate sampling interval: 1978ms
  Thread calibration: mean lat.: 552.356ms, rate sampling interval: 2162ms
  Thread calibration: mean lat.: 605.464ms, rate sampling interval: 2115ms
  Thread calibration: mean lat.: 626.608ms, rate sampling interval: 2383ms
  Thread calibration: mean lat.: 590.704ms, rate sampling interval: 2154ms
  Thread calibration: mean lat.: 625.913ms, rate sampling interval: 2385ms
  Thread calibration: mean lat.: 626.892ms, rate sampling interval: 2404ms
  Thread calibration: mean lat.: 544.884ms, rate sampling interval: 1979ms
  Thread calibration: mean lat.: 638.985ms, rate sampling interval: 2334ms
  Thread calibration: mean lat.: 589.191ms, rate sampling interval: 2244ms
  Thread calibration: mean lat.: 680.569ms, rate sampling interval: 2410ms
  Thread calibration: mean lat.: 572.734ms, rate sampling interval: 2115ms
  Thread calibration: mean lat.: 567.968ms, rate sampling interval: 2197ms
  Thread calibration: mean lat.: 595.610ms, rate sampling interval: 2271ms
  Thread calibration: mean lat.: 635.885ms, rate sampling interval: 2408ms
  Thread calibration: mean lat.: 534.604ms, rate sampling interval: 1871ms
  Thread calibration: mean lat.: 597.137ms, rate sampling interval: 2308ms
  Thread calibration: mean lat.: 621.331ms, rate sampling interval: 2209ms
  Thread calibration: mean lat.: 671.246ms, rate sampling interval: 2482ms
  Thread calibration: mean lat.: 664.895ms, rate sampling interval: 2275ms
  Thread calibration: mean lat.: 677.491ms, rate sampling interval: 2418ms
  Thread calibration: mean lat.: 743.633ms, rate sampling interval: 2549ms
  Thread calibration: mean lat.: 761.065ms, rate sampling interval: 2678ms
  Thread calibration: mean lat.: 824.551ms, rate sampling interval: 2897ms
  Thread calibration: mean lat.: 712.754ms, rate sampling interval: 2574ms
  Thread calibration: mean lat.: 743.052ms, rate sampling interval: 2625ms
  Thread calibration: mean lat.: 752.412ms, rate sampling interval: 2709ms
  Thread calibration: mean lat.: 698.586ms, rate sampling interval: 2498ms
  Thread calibration: mean lat.: 778.709ms, rate sampling interval: 2820ms

-----------------------------------------------------------------------
Test Results @ http://10.10.1.1:23821 
  Thread Stats   Avg      Stdev     99%   +/- Stdev
    Latency    24.26s    15.70s    0.91m    58.23%
    Req/Sec    53.27      4.07    60.00     80.30%
  Latency Distribution (HdrHistogram - Recorded Latency)
 50.000%   22.35s 
 75.000%   37.78s 
 90.000%   47.38s 
 99.000%    0.91m 
 99.900%    0.99m 
 99.990%    1.03m 
 99.999%    1.05m 
100.000%    1.06m 

  Detailed Percentile spectrum:
       Value   Percentile   TotalCount 1/(1-Percentile)

     594.431     0.000000            1         1.00
    4349.951     0.100000        70193         1.11
    8454.143     0.200000       140333         1.25
   12115.967     0.300000       210436         1.43
   17186.815     0.400000       280526         1.67
   22347.775     0.500000       350597         2.00
   24772.607     0.550000       385649         2.22
   27803.647     0.600000       420706         2.50
   31178.751     0.650000       455915         2.86
   34308.095     0.700000       490914         3.33
   37781.503     0.750000       525999         4.00
   39321.599     0.775000       543481         4.44
   40927.231     0.800000       560961         5.00
   42663.935     0.825000       578538         5.71
   44269.567     0.850000       596013         6.67
   45875.199     0.875000       613584         8.00
   46628.863     0.887500       622328         8.89
   47382.527     0.900000       631155        10.00
   48168.959     0.912500       640094        11.43
   48922.623     0.925000       648796        13.33
   49709.055     0.937500       657507        16.00
   50102.271     0.943750       661837        17.78
   50528.255     0.950000       666245        20.00
   50987.007     0.956250       670652        22.86
   51478.527     0.962500       675112        26.67
   52002.815     0.968750       679488        32.00
   52264.959     0.971875       681460        35.56
   52592.639     0.975000       683818        40.00
   52920.319     0.978125       685976        45.71
   53280.767     0.981250       688142        53.33
   53673.983     0.984375       690253        64.00
   53903.359     0.985938       691357        71.11
   54165.503     0.987500       692415        80.00
   54525.951     0.989062       693578        91.43
   54886.399     0.990625       694627       106.67
   55377.919     0.992188       695731       128.00
   55672.831     0.992969       696289       142.22
   55967.743     0.993750       696792       160.00
   56295.423     0.994531       697352       182.86
   56655.871     0.995313       697886       213.33
   57081.855     0.996094       698466       256.00
   57278.463     0.996484       698711       284.44
   57540.607     0.996875       699022       320.00
   57769.983     0.997266       699283       365.71
   58032.127     0.997656       699557       426.67
   58359.807     0.998047       699826       512.00
   58523.647     0.998242       699940       568.89
   58785.791     0.998437       700089       640.00
   59015.167     0.998633       700224       731.43
   59244.543     0.998828       700371       853.33
   59506.687     0.999023       700504      1024.00
   59637.759     0.999121       700561      1137.78
   59801.599     0.999219       700636      1280.00
   59965.439     0.999316       700697      1462.86
   60162.047     0.999414       700762      1706.67
   60391.423     0.999512       700831      2048.00
   60522.495     0.999561       700865      2275.56
   60686.335     0.999609       700906      2560.00
   60784.639     0.999658       700938      2925.71
   60948.479     0.999707       700970      3413.33
   61112.319     0.999756       701002      4096.00
   61210.623     0.999780       701024      4551.11
   61341.695     0.999805       701040      5120.00
   61407.231     0.999829       701056      5851.43
   61538.303     0.999854       701072      6826.67
   61669.375     0.999878       701092      8192.00
   61734.911     0.999890       701100      9102.22
   61767.679     0.999902       701105     10240.00
   61931.519     0.999915       701118     11702.86
   61964.287     0.999927       701124     13653.33
   62095.359     0.999939       701130     16384.00
   62128.127     0.999945       701135     18204.44
   62226.431     0.999951       701139     20480.00
   62324.735     0.999957       701143     23405.71
   62357.503     0.999963       701147     27306.67
   62390.271     0.999969       701152     32768.00
   62423.039     0.999973       701154     36408.89
   62455.807     0.999976       701155     40960.00
   62521.343     0.999979       701158     46811.43
   62619.647     0.999982       701161     54613.33
   62750.719     0.999985       701163     65536.00
   62750.719     0.999986       701163     72817.78
   62783.487     0.999988       701164     81920.00
   62816.255     0.999989       701165     93622.86
   63012.863     0.999991       701166    109226.67
   63209.471     0.999992       701167    131072.00
   63242.239     0.999993       701168    145635.56
   63242.239     0.999994       701168    163840.00
   63406.079     0.999995       701169    187245.71
   63406.079     0.999995       701169    218453.33
   63602.687     0.999996       701170    262144.00
   63602.687     0.999997       701170    291271.11
   63602.687     0.999997       701170    327680.00
   63635.455     0.999997       701171    374491.43
   63635.455     0.999998       701171    436906.67
   63635.455     0.999998       701171    524288.00
   63635.455     0.999998       701171    582542.22
   63635.455     0.999998       701171    655360.00
   63766.527     0.999999       701172    748982.86
   63766.527     1.000000       701172          inf
#[Mean    =    24261.514, StdDeviation   =    15704.030]
#[Max     =    63733.760, Total count    =       701172]
#[Buckets =           27, SubBuckets     =         2048]
-----------------------------------------------------------------------
  727057 requests in 5.00m, 112.74MB read
  Socket errors: connect 0, read 0, write 0, timeout 6870
Requests/sec:   2423.65  
Transfer/sec:    384.83KB
