setup: assigned thread_id=1
init: final thread_id=1, base_seed=nil
script_want_response
Running 1m test @ http://10.10.1.1:23821
  1 threads and 10 connections

  Thread calibration: mean lat.: 16.130ms, rate sampling interval: 35ms

-----------------------------------------------------------------------
Test Results @ http://10.10.1.1:23821 
  Thread Stats   Avg      Stdev     99%   +/- Stdev
    Latency    16.24ms    3.11ms  19.92ms   98.56%
    Req/Sec   101.28    131.49   294.00     68.51%
  Latency Distribution (HdrHistogram - Recorded Latency)
 50.000%   15.84ms
 75.000%   17.06ms
 90.000%   18.01ms
 99.000%   19.92ms
 99.900%   76.29ms
 99.990%   80.06ms
 99.999%   80.51ms
100.000%   80.51ms

  Detailed Percentile spectrum:
       Value   Percentile   TotalCount 1/(1-Percentile)

      13.319     0.000000            1         1.00
      14.559     0.100000          502         1.11
      14.903     0.200000         1011         1.25
      15.191     0.300000         1501         1.43
      15.487     0.400000         2013         1.67
      15.839     0.500000         2501         2.00
      16.031     0.550000         2758         2.22
      16.239     0.600000         3001         2.50
      16.495     0.650000         3252         2.86
      16.767     0.700000         3506         3.33
      17.055     0.750000         3750         4.00
      17.199     0.775000         3880         4.44
      17.359     0.800000         4004         5.00
      17.535     0.825000         4129         5.71
      17.679     0.850000         4265         6.67
      17.839     0.875000         4382         8.00
      17.919     0.887500         4443         8.89
      18.015     0.900000         4510        10.00
      18.095     0.912500         4567        11.43
      18.207     0.925000         4629        13.33
      18.303     0.937500         4688        16.00
      18.383     0.943750         4720        17.78
      18.463     0.950000         4752        20.00
      18.575     0.956250         4782        22.86
      18.687     0.962500         4816        26.67
      18.815     0.968750         4845        32.00
      18.879     0.971875         4860        35.56
      18.959     0.975000         4877        40.00
      19.023     0.978125         4896        45.71
      19.087     0.981250         4909        53.33
      19.263     0.984375         4922        64.00
      19.375     0.985938         4930        71.11
      19.599     0.987500         4938        80.00
      19.775     0.989062         4946        91.43
      20.175     0.990625         4954       106.67
      20.847     0.992188         4961       128.00
      21.279     0.992969         4966       142.22
      21.615     0.993750         4969       160.00
      22.143     0.994531         4973       182.86
      23.087     0.995313         4977       213.33
      24.639     0.996094         4981       256.00
      27.839     0.996484         4983       284.44
      29.359     0.996875         4985       320.00
      30.015     0.997266         4987       365.71
      41.375     0.997656         4989       426.67
      71.615     0.998047         4991       512.00
      73.983     0.998242         4992       568.89
      74.175     0.998437         4993       640.00
      74.559     0.998633         4994       731.43
      76.287     0.998828         4995       853.33
      76.799     0.999023         4996      1024.00
      76.799     0.999121         4996      1137.78
      78.015     0.999219         4997      1280.00
      78.015     0.999316         4997      1462.86
      79.871     0.999414         4998      1706.67
      79.871     0.999512         4998      2048.00
      79.871     0.999561         4998      2275.56
      80.063     0.999609         4999      2560.00
      80.063     0.999658         4999      2925.71
      80.063     0.999707         4999      3413.33
      80.063     0.999756         4999      4096.00
      80.063     0.999780         4999      4551.11
      80.511     0.999805         5000      5120.00
      80.511     1.000000         5000          inf
#[Mean    =       16.241, StdDeviation   =        3.114]
#[Max     =       80.448, Total count    =         5000]
#[Buckets =           27, SubBuckets     =         2048]
-----------------------------------------------------------------------
  5990 requests in 1.00m, 0.93MB read
Requests/sec:     99.81  
Transfer/sec:     15.85KB
