setup: assigned thread_id=1
init: final thread_id=1, base_seed=nil
script_want_response
Running 1m test @ http://10.10.1.1:23238
  1 threads and 10 connections

  Thread calibration: mean lat.: 10.231ms, rate sampling interval: 22ms

-----------------------------------------------------------------------
Test Results @ http://10.10.1.1:23238 
  Thread Stats   Avg      Stdev     99%   +/- Stdev
    Latency    10.38ms    0.97ms  12.77ms   75.58%
    Req/Sec   101.97    173.86   476.00     79.78%
  Latency Distribution (HdrHistogram - Recorded Latency)
 50.000%   10.33ms
 75.000%   10.87ms
 90.000%   11.44ms
 99.000%   12.77ms
 99.900%   17.25ms
 99.990%   25.93ms
 99.999%   26.38ms
100.000%   26.38ms

  Detailed Percentile spectrum:
       Value   Percentile   TotalCount 1/(1-Percentile)

       7.995     0.000000            1         1.00
       9.303     0.100000          503         1.11
       9.639     0.200000         1000         1.25
       9.895     0.300000         1510         1.43
      10.111     0.400000         2006         1.67
      10.327     0.500000         2512         2.00
      10.439     0.550000         2776         2.22
      10.527     0.600000         3014         2.50
      10.631     0.650000         3255         2.86
      10.751     0.700000         3521         3.33
      10.871     0.750000         3751         4.00
      10.935     0.775000         3875         4.44
      11.007     0.800000         4004         5.00
      11.095     0.825000         4131         5.71
      11.191     0.850000         4255         6.67
      11.311     0.875000         4376         8.00
      11.375     0.887500         4439         8.89
      11.439     0.900000         4507        10.00
      11.519     0.912500         4569        11.43
      11.599     0.925000         4626        13.33
      11.703     0.937500         4692        16.00
      11.775     0.943750         4720        17.78
      11.839     0.950000         4751        20.00
      11.903     0.956250         4782        22.86
      11.991     0.962500         4813        26.67
      12.087     0.968750         4847        32.00
      12.127     0.971875         4860        35.56
      12.191     0.975000         4880        40.00
      12.295     0.978125         4891        45.71
      12.359     0.981250         4908        53.33
      12.463     0.984375         4922        64.00
      12.519     0.985938         4930        71.11
      12.599     0.987500         4939        80.00
      12.687     0.989062         4946        91.43
      12.863     0.990625         4954       106.67
      13.023     0.992188         4961       128.00
      13.159     0.992969         4965       142.22
      13.399     0.993750         4969       160.00
      13.535     0.994531         4973       182.86
      13.927     0.995313         4977       213.33
      14.151     0.996094         4981       256.00
      14.247     0.996484         4983       284.44
      14.671     0.996875         4985       320.00
      14.943     0.997266         4987       365.71
      15.463     0.997656         4989       426.67
      15.799     0.998047         4991       512.00
      16.303     0.998242         4992       568.89
      16.767     0.998437         4994       640.00
      16.767     0.998633         4994       731.43
      17.247     0.998828         4995       853.33
      18.511     0.999023         4996      1024.00
      18.511     0.999121         4996      1137.78
      19.999     0.999219         4997      1280.00
      19.999     0.999316         4997      1462.86
      25.567     0.999414         4998      1706.67
      25.567     0.999512         4998      2048.00
      25.567     0.999561         4998      2275.56
      25.935     0.999609         4999      2560.00
      25.935     0.999658         4999      2925.71
      25.935     0.999707         4999      3413.33
      25.935     0.999756         4999      4096.00
      25.935     0.999780         4999      4551.11
      26.383     0.999805         5000      5120.00
      26.383     1.000000         5000          inf
#[Mean    =       10.378, StdDeviation   =        0.969]
#[Max     =       26.368, Total count    =         5000]
#[Buckets =           27, SubBuckets     =         2048]
-----------------------------------------------------------------------
  5990 requests in 1.00m, 0.93MB read
Requests/sec:     99.81  
Transfer/sec:     15.85KB
