setup: assigned thread_id=1
init: final thread_id=1, base_seed=nil
setup: assigned thread_id=2
init: final thread_id=2, base_seed=nil
setup: assigned thread_id=3
init: final thread_id=3, base_seed=nil
setup: assigned thread_id=4
init: final thread_id=4, base_seed=nil
setup: assigned thread_id=5
init: final thread_id=5, base_seed=nil
setup: assigned thread_id=6
init: final thread_id=6, base_seed=nil
setup: assigned thread_id=7
init: final thread_id=7, base_seed=nil
setup: assigned thread_id=8
init: final thread_id=8, base_seed=nil
setup: assigned thread_id=9
init: final thread_id=9, base_seed=nil
setup: assigned thread_id=10
init: final thread_id=10, base_seed=nil
setup: assigned thread_id=11
init: final thread_id=11, base_seed=nil
setup: assigned thread_id=12
init: final thread_id=12, base_seed=nil
setup: assigned thread_id=13
init: final thread_id=13, base_seed=nil
setup: assigned thread_id=14
init: final thread_id=14, base_seed=nil
setup: assigned thread_id=15
init: final thread_id=15, base_seed=nil
setup: assigned thread_id=16
init: final thread_id=16, base_seed=nil
setup: assigned thread_id=17
init: final thread_id=17, base_seed=nil
setup: assigned thread_id=18
init: final thread_id=18, base_seed=nil
setup: assigned thread_id=19
init: final thread_id=19, base_seed=nil
setup: assigned thread_id=20
init: final thread_id=20, base_seed=nil
script_want_response
Running 5m test @ http://10.10.1.1:26850
  20 threads and 200 connections

  Thread calibration: mean lat.: 28.079ms, rate sampling interval: 94ms
  Thread calibration: mean lat.: 30.618ms, rate sampling interval: 96ms
  Thread calibration: mean lat.: 33.402ms, rate sampling interval: 99ms
  Thread calibration: mean lat.: 35.920ms, rate sampling interval: 102ms
  Thread calibration: mean lat.: 37.934ms, rate sampling interval: 106ms
  Thread calibration: mean lat.: 39.806ms, rate sampling interval: 107ms
  Thread calibration: mean lat.: 35.299ms, rate sampling interval: 98ms
  Thread calibration: mean lat.: 41.584ms, rate sampling interval: 109ms
  Thread calibration: mean lat.: 42.959ms, rate sampling interval: 111ms
  Thread calibration: mean lat.: 43.883ms, rate sampling interval: 113ms
  Thread calibration: mean lat.: 44.717ms, rate sampling interval: 115ms
  Thread calibration: mean lat.: 44.909ms, rate sampling interval: 116ms
  Thread calibration: mean lat.: 45.227ms, rate sampling interval: 115ms
  Thread calibration: mean lat.: 44.633ms, rate sampling interval: 115ms
  Thread calibration: mean lat.: 44.406ms, rate sampling interval: 113ms
  Thread calibration: mean lat.: 43.871ms, rate sampling interval: 112ms
  Thread calibration: mean lat.: 43.279ms, rate sampling interval: 111ms
  Thread calibration: mean lat.: 42.787ms, rate sampling interval: 109ms
  Thread calibration: mean lat.: 42.240ms, rate sampling interval: 108ms
  Thread calibration: mean lat.: 41.222ms, rate sampling interval: 105ms

-----------------------------------------------------------------------
Test Results @ http://10.10.1.1:26850 
  Thread Stats   Avg      Stdev     99%   +/- Stdev
    Latency    53.98ms   40.43ms 312.83ms   95.85%
    Req/Sec   100.03     23.59   180.00     83.31%
  Latency Distribution (HdrHistogram - Recorded Latency)
 50.000%   48.58ms
 75.000%   60.16ms
 90.000%   69.31ms
 99.000%  312.83ms
 99.900%  384.51ms
 99.990%  397.05ms
 99.999%  411.65ms
100.000%  427.01ms

  Detailed Percentile spectrum:
       Value   Percentile   TotalCount 1/(1-Percentile)

      10.007     0.000000            1         1.00
      28.831     0.100000        58050         1.11
      36.383     0.200000       116012         1.25
      41.119     0.300000       174371         1.43
      44.927     0.400000       232150         1.67
      48.575     0.500000       290142         2.00
      50.527     0.550000       319114         2.22
      52.671     0.600000       348232         2.50
      55.039     0.650000       377193         2.86
      57.567     0.700000       406311         3.33
      60.159     0.750000       435117         4.00
      61.503     0.775000       449679         4.44
      62.847     0.800000       464232         5.00
      64.223     0.825000       478812         5.71
      65.727     0.850000       493353         6.67
      67.391     0.875000       507987         8.00
      68.287     0.887500       514966         8.89
      69.311     0.900000       522200        10.00
      70.463     0.912500       529475        11.43
      71.807     0.925000       536753        13.33
      73.535     0.937500       543989        16.00
      74.559     0.943750       547379        17.78
      75.903     0.950000       551037        20.00
      77.631     0.956250       554642        22.86
      80.255     0.962500       558277        26.67
      88.127     0.968750       561887        32.00
     111.103     0.971875       563690        35.56
     130.175     0.975000       565503        40.00
     150.271     0.978125       567317        45.71
     198.271     0.981250       569125        53.33
     247.167     0.984375       570941        64.00
     265.471     0.985938       571848        71.11
     286.975     0.987500       572761        80.00
     302.591     0.989062       573661        91.43
     318.207     0.990625       574578       106.67
     334.079     0.992188       575485       128.00
     340.991     0.992969       575924       142.22
     347.391     0.993750       576380       160.00
     355.839     0.994531       576832       182.86
     364.287     0.995313       577306       213.33
     368.383     0.996094       577743       256.00
     370.175     0.996484       577981       284.44
     371.967     0.996875       578193       320.00
     373.759     0.997266       578436       365.71
     375.551     0.997656       578656       426.67
     377.599     0.998047       578885       512.00
     378.879     0.998242       578998       568.89
     379.903     0.998437       579105       640.00
     381.439     0.998633       579216       731.43
     382.975     0.998828       579322       853.33
     384.767     0.999023       579435      1024.00
     386.047     0.999121       579497      1137.78
     387.071     0.999219       579548      1280.00
     388.607     0.999316       579605      1462.86
     389.631     0.999414       579665      1706.67
     390.911     0.999512       579727      2048.00
     391.423     0.999561       579753      2275.56
     392.191     0.999609       579778      2560.00
     392.703     0.999658       579802      2925.71
     393.471     0.999707       579842      3413.33
     394.239     0.999756       579867      4096.00
     394.495     0.999780       579877      4551.11
     395.007     0.999805       579893      5120.00
     395.519     0.999829       579907      5851.43
     395.775     0.999854       579917      6826.67
     396.287     0.999878       579931      8192.00
     397.055     0.999890       579942      9102.22
     397.311     0.999902       579947     10240.00
     397.567     0.999915       579954     11702.86
     397.823     0.999927       579958     13653.33
     398.591     0.999939       579968     16384.00
     399.103     0.999945       579970     18204.44
     400.639     0.999951       579972     20480.00
     402.175     0.999957       579976     23405.71
     403.455     0.999963       579979     27306.67
     404.479     0.999969       579983     32768.00
     405.759     0.999973       579986     36408.89
     405.759     0.999976       579986     40960.00
     406.271     0.999979       579988     46811.43
     409.343     0.999982       579990     54613.33
     410.879     0.999985       579992     65536.00
     411.135     0.999986       579993     72817.78
     411.135     0.999988       579993     81920.00
     411.647     0.999989       579994     93622.86
     412.671     0.999991       579995    109226.67
     415.231     0.999992       579996    131072.00
     415.487     0.999993       579997    145635.56
     415.487     0.999994       579997    163840.00
     415.487     0.999995       579997    187245.71
     416.511     0.999995       579998    218453.33
     416.511     0.999996       579998    262144.00
     426.495     0.999997       579999    291271.11
     426.495     0.999997       579999    327680.00
     426.495     0.999997       579999    374491.43
     426.495     0.999998       579999    436906.67
     426.495     0.999998       579999    524288.00
     427.007     0.999998       580000    582542.22
     427.007     1.000000       580000          inf
#[Mean    =       53.981, StdDeviation   =       40.433]
#[Max     =      426.752, Total count    =       580000]
#[Buckets =           27, SubBuckets     =         2048]
-----------------------------------------------------------------------
  599701 requests in 5.00m, 92.99MB read
Requests/sec:   1998.86  
Transfer/sec:    317.39KB
