setup: assigned thread_id=1
init: final thread_id=1, base_seed=nil
script_want_response
Running 1m test @ http://10.10.1.1:26850
  1 threads and 10 connections

  Thread calibration: mean lat.: 11.471ms, rate sampling interval: 25ms

-----------------------------------------------------------------------
Test Results @ http://10.10.1.1:26850 
  Thread Stats   Avg      Stdev     99%   +/- Stdev
    Latency    11.41ms    1.96ms  13.87ms   97.86%
    Req/Sec   101.87    160.95   416.00     79.04%
  Latency Distribution (HdrHistogram - Recorded Latency)
 50.000%   11.27ms
 75.000%   11.96ms
 90.000%   12.57ms
 99.000%   13.87ms
 99.900%   28.51ms
 99.990%   88.51ms
 99.999%   90.18ms
100.000%   90.18ms

  Detailed Percentile spectrum:
       Value   Percentile   TotalCount 1/(1-Percentile)

       9.271     0.000000            1         1.00
      10.247     0.100000          504         1.11
      10.535     0.200000         1012         1.25
      10.783     0.300000         1504         1.43
      11.039     0.400000         2012         1.67
      11.271     0.500000         2502         2.00
      11.383     0.550000         2750         2.22
      11.527     0.600000         3008         2.50
      11.655     0.650000         3258         2.86
      11.799     0.700000         3508         3.33
      11.959     0.750000         3754         4.00
      12.047     0.775000         3886         4.44
      12.127     0.800000         4008         5.00
      12.223     0.825000         4132         5.71
      12.327     0.850000         4255         6.67
      12.439     0.875000         4378         8.00
      12.487     0.887500         4439         8.89
      12.567     0.900000         4502        10.00
      12.639     0.912500         4566        11.43
      12.727     0.925000         4628        13.33
      12.847     0.937500         4689        16.00
      12.887     0.943750         4722        17.78
      12.935     0.950000         4756        20.00
      12.975     0.956250         4782        22.86
      13.063     0.962500         4815        26.67
      13.135     0.968750         4844        32.00
      13.183     0.971875         4861        35.56
      13.247     0.975000         4877        40.00
      13.311     0.978125         4891        45.71
      13.415     0.981250         4908        53.33
      13.519     0.984375         4922        64.00
      13.607     0.985938         4930        71.11
      13.711     0.987500         4940        80.00
      13.791     0.989062         4946        91.43
      13.935     0.990625         4954       106.67
      14.095     0.992188         4961       128.00
      14.223     0.992969         4966       142.22
      14.367     0.993750         4969       160.00
      14.455     0.994531         4973       182.86
      15.415     0.995313         4977       213.33
      15.903     0.996094         4981       256.00
      15.975     0.996484         4983       284.44
      17.103     0.996875         4985       320.00
      21.391     0.997266         4987       365.71
      23.823     0.997656         4989       426.67
      24.447     0.998047         4991       512.00
      25.279     0.998242         4992       568.89
      26.895     0.998437         4993       640.00
      26.975     0.998633         4994       731.43
      28.511     0.998828         4995       853.33
      30.287     0.999023         4996      1024.00
      30.287     0.999121         4996      1137.78
      30.399     0.999219         4997      1280.00
      30.399     0.999316         4997      1462.86
      32.959     0.999414         4998      1706.67
      32.959     0.999512         4998      2048.00
      32.959     0.999561         4998      2275.56
      88.511     0.999609         4999      2560.00
      88.511     0.999658         4999      2925.71
      88.511     0.999707         4999      3413.33
      88.511     0.999756         4999      4096.00
      88.511     0.999780         4999      4551.11
      90.175     0.999805         5000      5120.00
      90.175     1.000000         5000          inf
#[Mean    =       11.414, StdDeviation   =        1.958]
#[Max     =       90.112, Total count    =         5000]
#[Buckets =           27, SubBuckets     =         2048]
-----------------------------------------------------------------------
  5990 requests in 1.00m, 0.93MB read
Requests/sec:     99.81  
Transfer/sec:     15.87KB
