setup: assigned thread_id=1
init: final thread_id=1, base_seed=nil
setup: assigned thread_id=2
init: final thread_id=2, base_seed=nil
setup: assigned thread_id=3
init: final thread_id=3, base_seed=nil
setup: assigned thread_id=4
init: final thread_id=4, base_seed=nil
setup: assigned thread_id=5
init: final thread_id=5, base_seed=nil
setup: assigned thread_id=6
init: final thread_id=6, base_seed=nil
setup: assigned thread_id=7
init: final thread_id=7, base_seed=nil
setup: assigned thread_id=8
init: final thread_id=8, base_seed=nil
setup: assigned thread_id=9
init: final thread_id=9, base_seed=nil
setup: assigned thread_id=10
init: final thread_id=10, base_seed=nil
setup: assigned thread_id=11
init: final thread_id=11, base_seed=nil
setup: assigned thread_id=12
init: final thread_id=12, base_seed=nil
setup: assigned thread_id=13
init: final thread_id=13, base_seed=nil
setup: assigned thread_id=14
init: final thread_id=14, base_seed=nil
setup: assigned thread_id=15
init: final thread_id=15, base_seed=nil
setup: assigned thread_id=16
init: final thread_id=16, base_seed=nil
setup: assigned thread_id=17
init: final thread_id=17, base_seed=nil
setup: assigned thread_id=18
init: final thread_id=18, base_seed=nil
setup: assigned thread_id=19
init: final thread_id=19, base_seed=nil
setup: assigned thread_id=20
init: final thread_id=20, base_seed=nil
script_want_response
Running 15m test @ http://10.10.1.1:24940
  20 threads and 200 connections

  Thread calibration: mean lat.: 16.652ms, rate sampling interval: 59ms
  Thread calibration: mean lat.: 18.055ms, rate sampling interval: 65ms
  Thread calibration: mean lat.: 19.711ms, rate sampling interval: 69ms
  Thread calibration: mean lat.: 22.553ms, rate sampling interval: 77ms
  Thread calibration: mean lat.: 24.547ms, rate sampling interval: 84ms
  Thread calibration: mean lat.: 26.600ms, rate sampling interval: 89ms
  Thread calibration: mean lat.: 28.589ms, rate sampling interval: 93ms
  Thread calibration: mean lat.: 30.720ms, rate sampling interval: 94ms
  Thread calibration: mean lat.: 32.028ms, rate sampling interval: 96ms
  Thread calibration: mean lat.: 33.193ms, rate sampling interval: 97ms
  Thread calibration: mean lat.: 33.859ms, rate sampling interval: 97ms
  Thread calibration: mean lat.: 34.638ms, rate sampling interval: 97ms
  Thread calibration: mean lat.: 34.889ms, rate sampling interval: 97ms
  Thread calibration: mean lat.: 35.050ms, rate sampling interval: 97ms
  Thread calibration: mean lat.: 34.776ms, rate sampling interval: 96ms
  Thread calibration: mean lat.: 34.684ms, rate sampling interval: 95ms
  Thread calibration: mean lat.: 34.218ms, rate sampling interval: 94ms
  Thread calibration: mean lat.: 33.550ms, rate sampling interval: 92ms
  Thread calibration: mean lat.: 32.739ms, rate sampling interval: 91ms
  Thread calibration: mean lat.: 32.033ms, rate sampling interval: 88ms

-----------------------------------------------------------------------
Test Results @ http://10.10.1.1:24940 
  Thread Stats   Avg      Stdev     99%   +/- Stdev
    Latency    48.57ms   16.93ms  81.34ms   67.28%
    Req/Sec   100.15     30.85   172.00     77.38%
  Latency Distribution (HdrHistogram - Recorded Latency)
 50.000%   49.89ms
 75.000%   60.67ms
 90.000%   68.93ms
 99.000%   81.34ms
 99.900%  120.57ms
 99.990%  188.80ms
 99.999%  374.02ms
100.000%  467.71ms

  Detailed Percentile spectrum:
       Value   Percentile   TotalCount 1/(1-Percentile)

       7.079     0.000000            1         1.00
      23.839     0.100000       178183         1.11
      34.079     0.200000       356453         1.25
      40.767     0.300000       534174         1.43
      45.599     0.400000       712275         1.67
      49.887     0.500000       890364         2.00
      51.999     0.550000       980094         2.22
      54.079     0.600000      1068144         2.50
      56.223     0.650000      1157383         2.86
      58.399     0.700000      1246466         3.33
      60.671     0.750000      1336157         4.00
      61.823     0.775000      1379731         4.44
      63.039     0.800000      1424069         5.00
      64.319     0.825000      1468548         5.71
      65.727     0.850000      1513651         6.67
      67.199     0.875000      1557549         8.00
      68.031     0.887500      1580522         8.89
      68.927     0.900000      1603342        10.00
      69.823     0.912500      1624453        11.43
      70.847     0.925000      1646681        13.33
      71.999     0.937500      1669052        16.00
      72.639     0.943750      1680197        17.78
      73.343     0.950000      1691612        20.00
      74.111     0.956250      1702856        22.86
      74.943     0.962500      1713694        26.67
      75.903     0.968750      1724941        32.00
      76.415     0.971875      1730247        35.56
      76.991     0.975000      1735610        40.00
      77.631     0.978125      1741071        45.71
      78.399     0.981250      1746901        53.33
      79.231     0.984375      1752361        64.00
      79.743     0.985938      1755240        71.11
      80.319     0.987500      1758031        80.00
      80.895     0.989062      1760535        91.43
      81.663     0.990625      1763380       106.67
      82.559     0.992188      1766098       128.00
      83.135     0.992969      1767588       142.22
      83.775     0.993750      1768984       160.00
      84.543     0.994531      1770343       182.86
      85.503     0.995313      1771731       213.33
      86.847     0.996094      1773085       256.00
      87.743     0.996484      1773781       284.44
      88.895     0.996875      1774459       320.00
      90.431     0.997266      1775141       365.71
      93.375     0.997656      1775839       426.67
      99.967     0.998047      1776524       512.00
     104.319     0.998242      1776877       568.89
     108.415     0.998437      1777222       640.00
     112.639     0.998633      1777569       731.43
     116.735     0.998828      1777920       853.33
     121.279     0.999023      1778262      1024.00
     123.775     0.999121      1778438      1137.78
     126.015     0.999219      1778613      1280.00
     128.959     0.999316      1778790      1462.86
     132.223     0.999414      1778965      1706.67
     135.935     0.999512      1779131      2048.00
     137.855     0.999561      1779218      2275.56
     140.031     0.999609      1779312      2560.00
     142.591     0.999658      1779392      2925.71
     145.663     0.999707      1779480      3413.33
     149.759     0.999756      1779566      4096.00
     152.063     0.999780      1779611      4551.11
     155.519     0.999805      1779653      5120.00
     158.079     0.999829      1779697      5851.43
     162.559     0.999854      1779741      6826.67
     173.183     0.999878      1779783      8192.00
     183.295     0.999890      1779805      9102.22
     190.463     0.999902      1779828     10240.00
     196.479     0.999915      1779849     11702.86
     205.055     0.999927      1779870     13653.33
     262.911     0.999939      1779892     16384.00
     267.775     0.999945      1779903     18204.44
     274.431     0.999951      1779915     20480.00
     278.527     0.999957      1779925     23405.71
     283.391     0.999963      1779935     27306.67
     290.559     0.999969      1779946     32768.00
     322.815     0.999973      1779952     36408.89
     332.799     0.999976      1779957     40960.00
     360.703     0.999979      1779962     46811.43
     368.127     0.999982      1779968     54613.33
     370.431     0.999985      1779973     65536.00
     372.223     0.999986      1779976     72817.78
     373.503     0.999988      1779980     81920.00
     373.759     0.999989      1779981     93622.86
     375.295     0.999991      1779984    109226.67
     376.575     0.999992      1779987    131072.00
     376.831     0.999993      1779988    145635.56
     380.159     0.999994      1779990    163840.00
     457.215     0.999995      1779991    187245.71
     460.543     0.999995      1779993    218453.33
     461.823     0.999996      1779994    262144.00
     461.823     0.999997      1779994    291271.11
     463.615     0.999997      1779995    327680.00
     464.127     0.999997      1779996    374491.43
     464.127     0.999998      1779996    436906.67
     464.639     0.999998      1779997    524288.00
     464.639     0.999998      1779997    582542.22
     465.151     0.999998      1779998    655360.00
     465.151     0.999999      1779998    748982.86
     465.151     0.999999      1779998    873813.33
     466.687     0.999999      1779999   1048576.00
     466.687     0.999999      1779999   1165084.44
     466.687     0.999999      1779999   1310720.00
     466.687     0.999999      1779999   1497965.71
     466.687     0.999999      1779999   1747626.67
     467.711     1.000000      1780000   2097152.00
     467.711     1.000000      1780000          inf
#[Mean    =       48.566, StdDeviation   =       16.926]
#[Max     =      467.456, Total count    =      1780000]
#[Buckets =           27, SubBuckets     =         2048]
-----------------------------------------------------------------------
  1799807 requests in 15.00m, 279.08MB read
Requests/sec:   1999.68  
Transfer/sec:    317.51KB
