setup: assigned thread_id=1
init: final thread_id=1, base_seed=nil
script_want_response
Running 2m test @ http://10.10.1.1:24940
  1 threads and 10 connections

  Thread calibration: mean lat.: 62.040ms, rate sampling interval: 112ms

-----------------------------------------------------------------------
Test Results @ http://10.10.1.1:24940 
  Thread Stats   Avg      Stdev     99%   +/- Stdev
    Latency     7.29ms  827.24us   9.39ms   72.62%
    Req/Sec   100.21     24.81   180.00     86.43%
  Latency Distribution (HdrHistogram - Recorded Latency)
 50.000%    7.20ms
 75.000%    7.76ms
 90.000%    8.40ms
 99.000%    9.39ms
 99.900%   10.56ms
 99.990%   11.53ms
 99.999%   20.29ms
100.000%   20.29ms

  Detailed Percentile spectrum:
       Value   Percentile   TotalCount 1/(1-Percentile)

       4.263     0.000000            1         1.00
       6.403     0.100000          904         1.11
       6.671     0.200000         1820         1.25
       6.851     0.300000         2707         1.43
       7.027     0.400000         3609         1.67
       7.195     0.500000         4521         2.00
       7.283     0.550000         4970         2.22
       7.379     0.600000         5404         2.50
       7.491     0.650000         5866         2.86
       7.615     0.700000         6306         3.33
       7.759     0.750000         6756         4.00
       7.839     0.775000         6981         4.44
       7.943     0.800000         7215         5.00
       8.035     0.825000         7429         5.71
       8.155     0.850000         7653         6.67
       8.271     0.875000         7878         8.00
       8.335     0.887500         8000         8.89
       8.399     0.900000         8102        10.00
       8.487     0.912500         8213        11.43
       8.567     0.925000         8325        13.33
       8.655     0.937500         8438        16.00
       8.711     0.943750         8500        17.78
       8.751     0.950000         8553        20.00
       8.815     0.956250         8613        22.86
       8.887     0.962500         8663        26.67
       8.959     0.968750         8722        32.00
       8.999     0.971875         8750        35.56
       9.039     0.975000         8780        40.00
       9.079     0.978125         8804        45.71
       9.143     0.981250         8832        53.33
       9.215     0.984375         8862        64.00
       9.255     0.985938         8874        71.11
       9.311     0.987500         8888        80.00
       9.359     0.989062         8902        91.43
       9.415     0.990625         8916       106.67
       9.511     0.992188         8932       128.00
       9.559     0.992969         8937       142.22
       9.615     0.993750         8944       160.00
       9.727     0.994531         8953       182.86
       9.775     0.995313         8958       213.33
       9.887     0.996094         8965       256.00
       9.919     0.996484         8969       284.44
       9.943     0.996875         8972       320.00
      10.023     0.997266         8976       365.71
      10.199     0.997656         8979       426.67
      10.279     0.998047         8983       512.00
      10.327     0.998242         8985       568.89
      10.415     0.998437         8986       640.00
      10.487     0.998633         8988       731.43
      10.535     0.998828         8990       853.33
      10.575     0.999023         8992      1024.00
      10.807     0.999121         8993      1137.78
      10.807     0.999219         8993      1280.00
      10.927     0.999316         8994      1462.86
      11.007     0.999414         8995      1706.67
      11.047     0.999512         8996      2048.00
      11.199     0.999561         8997      2275.56
      11.199     0.999609         8997      2560.00
      11.199     0.999658         8997      2925.71
      11.527     0.999707         8999      3413.33
      11.527     0.999756         8999      4096.00
      11.527     0.999780         8999      4551.11
      11.527     0.999805         8999      5120.00
      11.527     0.999829         8999      5851.43
      11.527     0.999854         8999      6826.67
      11.527     0.999878         8999      8192.00
      20.287     0.999890         9000      9102.22
      20.287     1.000000         9000          inf
#[Mean    =        7.291, StdDeviation   =        0.827]
#[Max     =       20.272, Total count    =         9000]
#[Buckets =           27, SubBuckets     =         2048]
-----------------------------------------------------------------------
  9991 requests in 1.67m, 1.55MB read
Requests/sec:     99.90  
Transfer/sec:     15.87KB
