sizes (SOSP'23 Fig 6): p10=200/192B  p50=1536/320B  p90=12000/10000B
ramp: start=2000 step=2000 max=72000 25s/step 8s break rounds=2 -t16 -c128
saturation: achieved < 0.95 x offered, then 2 more steps
url=http://10.10.1.3:11011
=== round 2/2 size=p10 (REQ_DIST=fixed REQ_SIZE=200   RES_DIST=fixed RES_SIZE=192) ===
  r2 p10  offered=2000   achieved=1990.33   mean=0.570    
  r2 p10  offered=4000   achieved=3985.83   mean=0.512    
  r2 p10  offered=6000   achieved=5995.14   mean=0.493    
  r2 p10  offered=8000   achieved=7975.94   mean=0.507    
  r2 p10  offered=10000  achieved=9970.03   mean=0.491    
  r2 p10  offered=12000  achieved=11934.44  mean=0.491    
  r2 p10  offered=14000  achieved=13960.61  mean=0.494    
  r2 p10  offered=16000  achieved=15956.56  mean=0.521    
  r2 p10  offered=18000  achieved=17996.49  mean=0.637    
  r2 p10  offered=20000  achieved=19996.35  mean=0.558    
  r2 p10  offered=22000  achieved=21996.59  mean=0.583    
  r2 p10  offered=24000  achieved=23997.17  mean=0.614    
  r2 p10  offered=26000  achieved=25995.79  mean=0.641    
  r2 p10  offered=28000  achieved=27998.08  mean=0.676    
  r2 p10  offered=30000  achieved=30000.07  mean=0.733    
  r2 p10  offered=32000  achieved=31993.17  mean=0.770    
  r2 p10  offered=34000  achieved=34001.08  mean=0.817    
  r2 p10  offered=36000  achieved=36000.40  mean=0.862    
  r2 p10  offered=38000  achieved=37998.67  mean=0.912    
  r2 p10  offered=40000  achieved=39893.78  mean=0.958    
  r2 p10  offered=42000  achieved=41792.13  mean=0.984    
  r2 p10  offered=44000  achieved=43994.38  mean=1.148    
  r2 p10  offered=46000  achieved=46002.42  mean=1.158    
  r2 p10  offered=48000  achieved=47881.65  mean=1.388    
  r2 p10  offered=50000  achieved=49991.99  mean=1.494    
  r2 p10  offered=52000  achieved=51871.30  mean=1.554    
  r2 p10  offered=54000  achieved=54000.53  mean=1.751    
  r2 p10  offered=56000  achieved=56005.21  mean=2.174    
  r2 p10  offered=58000  achieved=57717.64  mean=3.042    
  r2 p10  offered=60000  achieved=59999.12  mean=3.903    
  r2 p10  offered=62000  achieved=62002.39  mean=5.918    
  r2 p10  offered=64000  achieved=63813.27  mean=8.249    
  r2 p10  offered=66000  achieved=65979.90  mean=15.868   <-- saturating
  r2 p10  offered=68000  achieved=67473.28  mean=129.205  <-- saturating
  r2 p10  offered=70000  achieved=67876.69  mean=543.317  <-- saturating
  r2 p10: saturated, stopping
=== BASELINES DONE -> results/baselines_20260809_121844 ===

=== p10: 200 B req / 192 B res  (392 B round trip) ===
 offered           achieved         mean_ms          p99_ms    sd_ms    MB/s  non2xx
    2000        1990 ±0          0.616 ±0.069     1.393 ±0.346    0.230     0.8       0
    4000        3986 ±11         0.569 ±0.089     1.257 ±0.358    0.208     1.6       0
    6000        5995 ±0          0.595 ±0.173     1.343 ±0.586    0.228     2.4       0
    8000        7978 ±3          0.560 ±0.088     1.310 ±0.511    0.216     3.1       0
   10000        9990 ±18         0.519 ±0.059     1.113 ±0.215    0.164     3.9       0
   12000       11968 ±31         0.501 ±0.030     1.043 ±0.121    0.148     4.7       0
   14000       13979 ±19         0.506 ±0.023     1.050 ±0.095    0.149     5.5       0
   16000       15983 ±23         0.546 ±0.046     1.117 ±0.040    0.723     6.3       0
   18000       17966 ±27         0.572 ±0.057     1.213 ±0.059    0.708     7.0       0
   20000       19979 ±29         0.558 ±0.003     1.250 ±0.017    0.178     7.8       0
   22000       21959 ±65         0.587 ±0.005     1.377 ±0.015    0.213     8.6       0
   24000       23977 ±35         0.618 ±0.012     1.500 ±0.061    0.223     9.4       0
   26000       25952 ±38         0.639 ±0.003     1.593 ±0.032    0.236    10.2       0
   28000       27998 ±0          0.692 ±0.014     1.750 ±0.046    0.276    11.0       0
   30000       29949 ±44         0.728 ±0.005     1.883 ±0.032    0.303    11.7       0
   32000       31967 ±47         0.786 ±0.019     2.063 ±0.076    0.343    12.5       0
   34000       33973 ±49         0.810 ±0.015     2.180 ±0.046    0.393    13.3       0
   36000       36001 ±0          0.872 ±0.015     2.380 ±0.072    0.405    14.1       0
   38000       37967 ±54         0.928 ±0.030     2.547 ±0.051    0.440    14.9       0
   40000       39961 ±58         0.977 ±0.019     2.710 ±0.052    0.474    15.7       0
   42000       41932 ±121        1.051 ±0.060     3.003 ±0.189    0.536    16.4       0
   44000       43957 ±65         1.134 ±0.021     3.303 ±0.103    0.595    17.2       0
   46000       45927 ±65         1.174 ±0.039     3.410 ±0.191    0.620    18.0       0
   48000       47963 ±71         1.319 ±0.061     3.890 ±0.260    0.725    18.8       0
   50000       49949 ±70         1.423 ±0.067     4.167 ±0.301    0.797    19.6       0
   52000       51786 ±74         1.488 ±0.060     4.263 ±0.191    0.835    20.3       0
   54000       53955 ±77         1.816 ±0.056     5.330 ±0.187    1.083    21.2       0
   56000       56006 ±3          2.251 ±0.067     6.753 ±0.544    1.374    22.0       0
   58000       57911 ±167        3.105 ±0.055     8.980 ±0.390    1.905    22.7       0
   60000       59947 ±87         4.285 ±0.332    11.320 ±0.739    2.401    23.5       0
   62000       61844 ±157        5.927 ±0.284    16.527 ±3.378    3.290    24.2       0
   64000       63923 ±95         8.713 ±0.516    23.337 ±1.506    4.743    25.1       0
   66000       65919 ±101       14.860 ±2.334    39.193 ±7.133    8.279    25.8       0
   68000       67410 ±101      155.755 ±23.424   242.047 ±14.084   47.949    26.4       0
   70000       67944 ±556      537.760 ±154.846   742.310 ±206.546  120.580    26.6       0
   72000       68489 ±0        886.294 ±0.000  1230.000 ±0.000  181.312    26.8       0
  KNEE (peak of round-averaged curve): 67944 rps ±556 at offered 70000 (n=3)  =  26.6 MB/s round-trip

=== p50: 1536 B req / 320 B res  (1856 B round trip) ===
 offered           achieved         mean_ms          p99_ms    sd_ms    MB/s  non2xx
    2000        1995 ±0          0.615 ±0.012     1.170 ±0.028    0.161     3.7       0
    4000        3987 ±0          0.565 ±0.007     1.095 ±0.021    0.155     7.4       0
    6000        5988 ±11         0.559 ±0.011     1.110 ±0.042    0.178    11.1       0
    8000        7986 ±15         0.549 ±0.014     1.090 ±0.042    0.148    14.8       0
   10000        9983 ±19         0.537 ±0.006     1.040 ±0.014    0.168    18.5       0
   12000       11997 ±0          0.533 ±0.000     1.000 ±0.000    0.128    22.3       0
   14000       13980 ±25         0.552 ±0.008     1.060 ±0.028    0.134    25.9       0
   16000       15996 ±0          0.579 ±0.006     1.130 ±0.014    0.145    29.7       0
   18000       17974 ±32         0.613 ±0.004     1.260 ±0.057    0.167    33.4       0
   20000       19996 ±0          0.650 ±0.000     1.395 ±0.021    0.192    37.1       0
   22000       21996 ±0          0.675 ±0.006     1.475 ±0.021    0.205    40.8       0
   24000       23967 ±42         0.722 ±0.018     1.655 ±0.035    0.238    44.5       0
   26000       25996 ±0          0.758 ±0.021     1.740 ±0.042    0.255    48.2       0
   28000       27963 ±50         0.808 ±0.014     1.895 ±0.064    0.308    51.9       0
   30000       29925 ±1          0.865 ±0.004     2.045 ±0.049    0.318    55.5       0
   32000       31914 ±2          0.899 ±0.014     2.170 ±0.085    0.335    59.2       0
   34000       33959 ±61         0.967 ±0.010     2.385 ±0.078    0.376    63.0       0
   36000       35955 ±63         1.003 ±0.041     2.555 ±0.219    0.415    66.7       0
   38000       37952 ±67         1.029 ±0.014     2.575 ±0.007    0.401    70.4       0
   40000       39944 ±70         1.102 ±0.015     2.875 ±0.163    0.460    74.1       0
   42000       41950 ±74         1.139 ±0.016     2.970 ±0.071    0.481    77.9       0
   44000       43994 ±2          1.224 ±0.002     3.200 ±0.071    0.530    81.7       0
   46000       45946 ±79         1.296 ±0.023     3.555 ±0.148    0.603    85.3       0
   48000       47881 ±168        1.419 ±0.085     4.110 ±0.382    0.723    88.9       0
   50000       49869 ±177        1.659 ±0.080     5.710 ±0.255    1.004    92.6       0
   52000       51873 ±183        2.155 ±0.411     7.735 ±1.195    1.444    96.3       0
   54000       53998 ±2          3.958 ±1.833    13.805 ±3.825    2.857   100.2       0
   56000       55990 ±15        24.111 ±27.483    49.600 ±48.875   11.623   103.9       0  <-- rounds disagree
   58000       58002 ±0         43.938 ±0.000   100.030 ±0.000   22.420   107.7       0
   60000       57509 ±0        675.183 ±0.000  1040.000 ±0.000  187.874   106.7       0
   62000       58443 ±0       1001.630 ±0.000  1370.000 ±0.000  221.448   108.5       0
  KNEE (peak of round-averaged curve): 55990 rps ±15 at offered 56000 (n=2)  =  103.9 MB/s round-trip

=== p90: 12000 B req / 10000 B res  (22000 B round trip) ===
 offered           achieved         mean_ms          p99_ms    sd_ms    MB/s  non2xx
    2000        1993 ±4          1.154 ±0.078     2.195 ±0.318    0.363    43.8       0
    4000        3991 ±8          1.061 ±0.072     2.135 ±0.389    0.367    87.8       0
    6000        5988 ±11         1.042 ±0.028     1.950 ±0.113    0.325   131.7       0
    8000        7985 ±16         1.026 ±0.055     2.045 ±0.346    0.376   175.7       0
   10000        9995 ±1          1.046 ±0.045     1.960 ±0.255    0.300   219.9       0
   12000       11997 ±0          2.809 ±2.258    17.060 ±20.520    3.300   263.9       0  <-- rounds disagree
   14000       12898 ±715     1219.160 ±660.931  1980.000 ±1301.076  377.645   283.8       0  <-- rounds disagree
   16000       12819 ±926     3346.148 ±885.482  4930.000 ±1513.209  864.911   282.0       0
   18000       12689 ±962     4996.214 ±749.888  7315.000 ±1308.148 1282.861   279.2       0
  KNEE (peak of round-averaged curve): 12898 rps ±715 at offered 14000 (n=2)  =  283.8 MB/s round-trip

NOTE
  * 'MB/s' is round-trip payload (request + response) x achieved rps -- the axis on
    which sizes are comparable. Request rate alone is not: capacity depends strongly
    on payload size, so equal rps across sizes is NOT equal load.
  * Saturation was detected per size (achieved < 0.95 x offered), because these sizes
    move very different byte volumes.
### p10 round 2 redone ###
sizes (SOSP'23 Fig 6): p10=200/192B  p50=1536/320B  p90=12000/10000B
ramp: start=2000 step=2000 max=72000 25s/step 8s break rounds=3 -t16 -c128
saturation: achieved < 0.95 x offered, then 2 more steps
url=http://10.10.1.3:11011
=== round 3/3 size=p10 (REQ_DIST=fixed REQ_SIZE=200   RES_DIST=fixed RES_SIZE=192) ===
  r3 p10  offered=2000   achieved=1990.31   mean=0.596    
  r3 p10  offered=4000   achieved=3996.88   mean=0.505    
  r3 p10  offered=6000   achieved=5995.24   mean=0.501    
  r3 p10  offered=8000   achieved=7996.52   mean=0.502    
  r3 p10  offered=10000  achieved=9996.00   mean=0.484    
  r3 p10  offered=12000  achieved=11964.54  mean=0.492    
  r3 p10  offered=14000  achieved=13961.79  mean=0.497    
  r3 p10  offered=16000  achieved=15956.16  mean=0.520    
  r3 p10  offered=18000  achieved=17996.91  mean=0.537    
  r3 p10  offered=20000  achieved=19942.86  mean=0.557    
  r3 p10  offered=22000  achieved=21939.71  mean=0.584    
  r3 p10  offered=24000  achieved=23997.50  mean=0.617    
  r3 p10  offered=26000  achieved=25995.90  mean=0.633    
  r3 p10  offered=28000  achieved=27995.88  mean=0.693    
  r3 p10  offered=30000  achieved=29925.13  mean=0.729    
  r3 p10  offered=32000  achieved=31994.43  mean=0.765    
  r3 p10  offered=34000  achieved=34000.20  mean=0.815    
  r3 p10  offered=36000  achieved=35997.61  mean=0.858    
  r3 p10  offered=38000  achieved=37904.12  mean=0.930    
  r3 p10  offered=40000  achieved=39994.07  mean=0.989    
  r3 p10  offered=42000  achieved=42001.32  mean=1.026    
  r3 p10  offered=44000  achieved=43994.53  mean=1.109    
  r3 p10  offered=46000  achieved=46003.34  mean=1.168    
  r3 p10  offered=48000  achieved=48003.87  mean=1.323    
  r3 p10  offered=50000  achieved=49864.20  mean=1.425    
  r3 p10  offered=52000  achieved=51743.67  mean=1.540    
  r3 p10  offered=54000  achieved=53862.95  mean=1.880    
  r3 p10  offered=56000  achieved=55996.27  mean=2.290    
  r3 p10  offered=58000  achieved=57862.69  mean=3.045    
  r3 p10  offered=60000  achieved=59984.35  mean=4.199    
  r3 p10  offered=62000  achieved=61842.62  mean=5.955    
  r3 p10  offered=64000  achieved=63976.99  mean=8.527    
  r3 p10  offered=66000  achieved=65975.84  mean=17.376   <-- saturating
  r3 p10  offered=68000  achieved=67407.15  mean=181.364  <-- saturating
  r3 p10  offered=70000  achieved=67199.06  mean=645.892  <-- saturating
  r3 p10: saturated, stopping
=== round 3/3 size=p50 (REQ_DIST=fixed REQ_SIZE=1536  RES_DIST=fixed RES_SIZE=320) ===
  r3 p50  offered=2000   achieved=1990.27   mean=0.645    
  r3 p50  offered=4000   achieved=3996.84   mean=0.562    
  r3 p50  offered=6000   achieved=5995.34   mean=0.548    
  r3 p50  offered=8000   achieved=7976.46   mean=0.555    
  r3 p50  offered=10000  achieved=9996.18   mean=0.532    
  r3 p50  offered=12000  achieved=11964.82  mean=0.539    
  r3 p50  offered=14000  achieved=13962.82  mean=0.558    
  r3 p50  offered=16000  achieved=15914.46  mean=0.581    
  r3 p50  offered=18000  achieved=17903.91  mean=0.622    
  r3 p50  offered=20000  achieved=19945.63  mean=0.642    
  r3 p50  offered=22000  achieved=21883.97  mean=0.672    
  r3 p50  offered=24000  achieved=23997.12  mean=0.730    
  r3 p50  offered=26000  achieved=25996.13  mean=0.742    
  r3 p50  offered=28000  achieved=27998.60  mean=0.824    
  r3 p50  offered=30000  achieved=30000.37  mean=0.852    
  r3 p50  offered=32000  achieved=31914.46  mean=0.911    
  r3 p50  offered=34000  achieved=33830.41  mean=0.971    
  r3 p50  offered=36000  achieved=35909.58  mean=0.971    
  r3 p50  offered=38000  achieved=37904.28  mean=1.031    
  r3 p50  offered=40000  achieved=39994.65  mean=1.094    
  r3 p50  offered=42000  achieved=41898.32  mean=1.142    
  r3 p50  offered=44000  achieved=43995.83  mean=1.235    
  r3 p50  offered=46000  achieved=46003.63  mean=1.347    
  r3 p50  offered=48000  achieved=47885.79  mean=1.463    
  r3 p50  offered=50000  achieved=49992.50  mean=1.692    
  r3 p50  offered=52000  achieved=52003.47  mean=2.409    
  r3 p50  offered=54000  achieved=53859.19  mean=4.617    
  r3 p50  offered=56000  achieved=55946.97  mean=27.924   <-- saturating
  r3 p50  offered=58000  achieved=56567.53  mean=427.797  <-- saturating
  r3 p50  offered=60000  achieved=56781.45  mean=1006.465 <-- saturating
  r3 p50: saturated, stopping
=== round 3/3 size=p90 (REQ_DIST=fixed REQ_SIZE=12000 RES_DIST=fixed RES_SIZE=10000) ===
  r3 p90  offered=2000   achieved=1995.42   mean=1.235    
  r3 p90  offered=4000   achieved=3996.33   mean=1.068    
  r3 p90  offered=6000   achieved=5995.41   mean=1.032    
  r3 p90  offered=8000   achieved=7996.13   mean=0.969    
  r3 p90  offered=10000  achieved=9995.99   mean=1.007    
  r3 p90  offered=12000  achieved=11997.51  mean=1.305    
  r3 p90  offered=14000  achieved=13244.41  mean=919.654  <-- saturating
  r3 p90  offered=16000  achieved=13299.27  mean=2912.211 <-- saturating
  r3 p90  offered=18000  achieved=13201.13  mean=4544.996 <-- saturating
  r3 p90: saturated, stopping
=== BASELINES DONE -> results/baselines_20260809_121844 ===

=== p10: 200 B req / 192 B res  (392 B round trip) ===
 offered           achieved         mean_ms          p99_ms    sd_ms    MB/s  non2xx
    2000        1990 ±0          0.611 ±0.057     1.360 ±0.291    0.221     0.8       0
    4000        3989 ±10         0.553 ±0.080     1.200 ±0.314    0.193     1.6       0
    6000        5995 ±0          0.571 ±0.149     1.260 ±0.507    0.208     2.4       0
    8000        7982 ±10         0.546 ±0.078     1.240 ±0.440    0.199     3.1       0
   10000        9991 ±15         0.510 ±0.051     1.085 ±0.184    0.162     3.9       0
   12000       11967 ±26         0.499 ±0.025     1.035 ±0.100    0.146     4.7       0
   14000       13974 ±17         0.504 ±0.019     1.042 ±0.079    0.146     5.5       0
   16000       15976 ±23         0.539 ±0.040     1.110 ±0.036    0.583     6.3       0
   18000       17974 ±27         0.563 ±0.049     1.208 ±0.049    0.573     7.0       0
   20000       19970 ±30         0.558 ±0.002     1.255 ±0.017    0.178     7.8       0
   22000       21954 ±54         0.586 ±0.004     1.375 ±0.013    0.209     8.6       0
   24000       23982 ±30         0.617 ±0.010     1.495 ±0.051    0.224     9.4       0
   26000       25963 ±38         0.637 ±0.004     1.587 ±0.029    0.235    10.2       0
   28000       27997 ±1          0.692 ±0.011     1.770 ±0.055    0.279    11.0       0
   30000       29943 ±38         0.728 ±0.004     1.875 ±0.031    0.304    11.7       0
   32000       31974 ±41         0.780 ±0.019     2.052 ±0.066    0.341    12.5       0
   34000       33980 ±42         0.811 ±0.012     2.192 ±0.045    0.388    13.3       0
   36000       36000 ±2          0.869 ±0.014     2.370 ±0.062    0.403    14.1       0
   38000       37951 ±55         0.928 ±0.024     2.560 ±0.050    0.444    14.9       0
   40000       39969 ±50         0.980 ±0.016     2.722 ±0.049    0.476    15.7       0
   42000       41949 ±105        1.045 ±0.051     2.955 ±0.182    0.526    16.4       0
   44000       43967 ±56         1.127 ±0.021     3.270 ±0.107    0.589    17.2       0
   46000       45946 ±66         1.172 ±0.032     3.400 ±0.157    0.617    18.0       0
   48000       47973 ±61         1.320 ±0.049     3.862 ±0.219    0.722    18.8       0
   50000       49928 ±72         1.423 ±0.055     4.178 ±0.247    0.801    19.6       0
   52000       51776 ±64         1.501 ±0.055     4.328 ±0.202    0.850    20.3       0
   54000       53932 ±78         1.832 ±0.056     5.395 ±0.200    1.096    21.1       0
   56000       56003 ±5          2.261 ±0.058     6.715 ±0.451    1.371    22.0       0
   58000       57899 ±139        3.090 ±0.054     8.992 ±0.319    1.903    22.7       0
   60000       59957 ±74         4.263 ±0.274    11.423 ±0.637    2.393    23.5       0
   62000       61844 ±128        5.934 ±0.232    16.160 ±2.854    3.245    24.2       0
   64000       63937 ±82         8.667 ±0.432    23.003 ±1.399    4.699    25.1       0
   66000       65933 ±87        15.489 ±2.284    41.115 ±6.978    8.698    25.8       0
   68000       67409 ±83       162.157 ±23.016   245.790 ±13.722   46.488    26.4       0
   70000       67758 ±587      564.793 ±137.506   775.612 ±181.321  123.864    26.6       0
   72000       68489 ±0        886.294 ±0.000  1230.000 ±0.000  181.312    26.8       0
  KNEE (peak of round-averaged curve): 67758 rps ±587 at offered 70000 (n=4)  =  26.6 MB/s round-trip

=== p50: 1536 B req / 320 B res  (1856 B round trip) ===
 offered           achieved         mean_ms          p99_ms    sd_ms    MB/s  non2xx
    2000        1994 ±3          0.625 ±0.020     1.217 ±0.083    0.173     3.7       0
    4000        3990 ±6          0.564 ±0.005     1.100 ±0.017    0.157     7.4       0
    6000        5990 ±9          0.556 ±0.010     1.097 ±0.038    0.169    11.1       0
    8000        7983 ±12         0.551 ±0.011     1.080 ±0.035    0.149    14.8       0
   10000        9987 ±15         0.535 ±0.005     1.033 ±0.015    0.156    18.5       0
   12000       11986 ±18         0.535 ±0.003     1.010 ±0.017    0.130    22.2       0
   14000       13974 ±20         0.554 ±0.006     1.070 ±0.026    0.138    25.9       0
   16000       15969 ±47         0.580 ±0.004     1.127 ±0.012    0.145    29.6       0
   18000       17950 ±46         0.616 ±0.006     1.263 ±0.040    0.197    33.3       0
   20000       19979 ±29         0.647 ±0.005     1.383 ±0.025    0.190    37.1       0
   22000       21959 ±65         0.674 ±0.005     1.483 ±0.021    0.206    40.8       0
   24000       23977 ±34         0.725 ±0.013     1.663 ±0.029    0.259    44.5       0
   26000       25996 ±0          0.753 ±0.017     1.737 ±0.031    0.254    48.2       0
   28000       27975 ±41         0.813 ±0.014     1.913 ±0.055    0.320    51.9       0
   30000       29950 ±44         0.860 ±0.008     2.037 ±0.038    0.322    55.6       0
   32000       31914 ±1          0.903 ±0.012     2.197 ±0.076    0.341    59.2       0
   34000       33916 ±86         0.968 ±0.007     2.450 ±0.125    0.387    62.9       0
   36000       35940 ±51         0.992 ±0.034     2.533 ±0.159    0.408    66.7       0
   38000       37936 ±55         1.030 ±0.010     2.573 ±0.006    0.400    70.4       0
   40000       39961 ±57         1.099 ±0.011     2.857 ±0.119    0.456    74.2       0
   42000       41933 ±60         1.140 ±0.012     2.973 ±0.050    0.481    77.8       0
   44000       43995 ±2          1.227 ±0.007     3.250 ±0.100    0.538    81.7       0
   46000       45965 ±65         1.313 ±0.034     3.687 ±0.251    0.644    85.3       0
   48000       47883 ±119        1.434 ±0.065     4.167 ±0.287    0.735    88.9       0
   50000       49910 ±144        1.670 ±0.060     5.543 ±0.340    0.993    92.6       0
   52000       51917 ±150        2.240 ±0.325     7.987 ±0.951    1.516    96.4       0
   54000       53952 ±80         4.178 ±1.351    14.573 ±3.015    3.014   100.1       0
   56000       55975 ±27        25.382 ±19.558    52.887 ±35.026   12.822   103.9       0  <-- rounds disagree
   58000       57285 ±1014     235.868 ±271.429   334.175 ±331.131   55.716   106.3       0  <-- rounds disagree
   60000       57145 ±515      840.824 ±234.252  1190.000 ±212.132  200.624   106.1       0
   62000       58443 ±0       1001.630 ±0.000  1370.000 ±0.000  221.448   108.5       0
  KNEE (peak of round-averaged curve): 57285 rps ±1014 at offered 58000 (n=2)  =  106.3 MB/s round-trip

=== p90: 12000 B req / 10000 B res  (22000 B round trip) ===
 offered           achieved         mean_ms          p99_ms    sd_ms    MB/s  non2xx
    2000        1994 ±3          1.181 ±0.072     2.310 ±0.300    0.433    43.9       0
    4000        3993 ±6          1.063 ±0.051     2.140 ±0.275    0.372    87.8       0
    6000        5990 ±9          1.039 ±0.020     1.977 ±0.092    0.324   131.8       0
    8000        7989 ±13         1.007 ±0.051     1.930 ±0.316    0.340   175.8       0
   10000        9996 ±1          1.033 ±0.039     1.997 ±0.191    0.309   219.9       0
   12000       11997 ±0          2.308 ±1.818    12.583 ±16.452    2.374   263.9       0  <-- rounds disagree
   14000       13013 ±544     1119.325 ±498.314  1746.667 ±1004.855  327.728   286.3       0
   16000       12979 ±711     3201.502 ±674.393  4680.000 ±1154.296  820.773   285.5       0
   18000       12860 ±742     4845.808 ±590.789  7063.333 ±1022.562 1247.948   282.9       0
  KNEE (peak of round-averaged curve): 13013 rps ±544 at offered 14000 (n=3)  =  286.3 MB/s round-trip

NOTE
  * 'MB/s' is round-trip payload (request + response) x achieved rps -- the axis on
    which sizes are comparable. Request rate alone is not: capacity depends strongly
    on payload size, so equal rps across sizes is NOT equal load.
  * Saturation was detected per size (achieved < 0.95 x offered), because these sizes
    move very different byte volumes.
### ROUND 3 COMPLETE ###
