sizes (SOSP'23 Fig 6): p10=200/192B  p50=1536/320B  p90=12000/10000B
ramp: start=2000 step=2000 max=72000 25s/step 8s break rounds=1 -t16 -c128
saturation: achieved < 0.95 x offered, then 2 more steps
url=http://10.10.1.3:11011
=== round 1/1 size=p90 (REQ_DIST=fixed REQ_SIZE=12000 RES_DIST=fixed RES_SIZE=10000) ===
### p90 round 1 done; starting round 2 (all sizes) ###
sizes (SOSP'23 Fig 6): p10=200/192B  p50=1536/320B  p90=12000/10000B
ramp: start=2000 step=2000 max=72000 25s/step 8s break rounds=2 -t16 -c128
saturation: achieved < 0.95 x offered, then 2 more steps
url=http://10.10.1.3:11011
=== round 2/2 size=p10 (REQ_DIST=fixed REQ_SIZE=200   RES_DIST=fixed RES_SIZE=192) ===
  r1 p90  offered=2000   achieved=1995.41   mean=1.209    
  r1 p90  offered=4000   achieved=3985.49   mean=1.112    
  r2 p10  offered=2000   achieved=1990.36   mean=0.696    
  r1 p90  offered=6000   achieved=5995.31   mean=1.062    
  r2 p10  offered=4000   achieved=3996.91   mean=0.672    
  r1 p90  offered=8000   achieved=7996.34   mean=1.065    
  r2 p10  offered=6000   achieved=5995.08   mean=0.794    
  r1 p90  offered=10000  achieved=9995.74   mean=1.078    
  r2 p10  offered=8000   achieved=7973.32   mean=1.598    
  r1 p90  offered=12000  achieved=11996.68  mean=4.406    
  r2 p10  offered=10000  achieved=9991.41   mean=4.811    
  r1 p90  offered=14000  achieved=12392.46  mean=1686.509 <-- saturating
  r2 p10  offered=12000  achieved=11992.27  mean=5.147    
  r1 p90  offered=16000  achieved=12164.23  mean=3972.278 <-- saturating
  r2 p10  offered=14000  achieved=13692.74  mean=87.975   <-- saturating
  r1 p90  offered=18000  achieved=12008.83  mean=5526.465 <-- saturating
  r1 p90: saturated, stopping
=== BASELINES DONE -> results/baselines_20260809_121844 ===

=== p10: 200 B req / 192 B res  (392 B round trip) ===
 offered           achieved         mean_ms          p99_ms    sd_ms    MB/s  non2xx
    2000        1990 ±0          0.639 ±0.080     1.515 ±0.389    0.260     0.8       0
    4000        3986 ±15         0.598 ±0.105     1.365 ±0.431    0.232     1.6       0
    6000        5995 ±0          0.645 ±0.210     1.515 ±0.714    0.270     2.4       0
    8000        7975 ±2          1.054 ±0.769     4.595 ±5.042    0.984     3.1       0
   10000        9993 ±3          2.645 ±3.063     5.930 ±7.014    2.269     3.9       0
   12000       11994 ±3          2.812 ±3.302     6.530 ±7.891    2.441     4.7       0
   14000       13845 ±216       44.233 ±61.861   206.190 ±290.197   63.520     5.4       0
   16000       15996 ±0          0.518 ±0.000     1.080 ±0.000    0.146     6.3       0
   18000       17949 ±0          0.540 ±0.000     1.170 ±0.000    0.166     7.0       0
   20000       19996 ±0          0.555 ±0.000     1.230 ±0.000    0.184     7.8       0
   22000       21884 ±0          0.592 ±0.000     1.390 ±0.000    0.249     8.6       0
   24000       23937 ±0          0.608 ±0.000     1.470 ±0.000    0.215     9.4       0
   26000       25930 ±0          0.641 ±0.000     1.630 ±0.000    0.240    10.2       0
   28000       27998 ±0          0.699 ±0.000     1.710 ±0.000    0.275    11.0       0
   30000       29922 ±0          0.725 ±0.000     1.860 ±0.000    0.300    11.7       0
   32000       31995 ±0          0.807 ±0.000     2.150 ±0.000    0.360    12.5       0
   34000       33916 ±0          0.793 ±0.000     2.130 ±0.000    0.433    13.3       0
   36000       36001 ±0          0.889 ±0.000     2.460 ±0.000    0.420    14.1       0
   38000       37904 ±0          0.909 ±0.000     2.560 ±0.000    0.433    14.9       0
   40000       39994 ±0          0.979 ±0.000     2.680 ±0.000    0.465    15.7       0
   42000       42002 ±0          1.071 ±0.000     3.070 ±0.000    0.551    16.5       0
   44000       43996 ±0          1.144 ±0.000     3.330 ±0.000    0.595    17.2       0
   46000       45889 ±0          1.218 ±0.000     3.630 ±0.000    0.665    18.0       0
   48000       48003 ±0          1.294 ±0.000     3.750 ±0.000    0.694    18.8       0
   50000       49868 ±0          1.360 ±0.000     3.830 ±0.000    0.726    19.5       0
   52000       51744 ±0          1.474 ±0.000     4.420 ±0.000    0.863    20.3       0
   54000       53866 ±0          1.844 ±0.000     5.360 ±0.000    1.099    21.1       0
   56000       56003 ±0          2.287 ±0.000     6.680 ±0.000    1.375    22.0       0
   58000       58009 ±0          3.133 ±0.000     8.590 ±0.000    1.852    22.7       0
   60000       59997 ±0          4.506 ±0.000    11.410 ±0.000    2.491    23.5       0
   62000       61840 ±0          6.215 ±0.000    20.370 ±0.000    3.889    24.2       0
   64000       63977 ±0          9.269 ±0.000    25.070 ±0.000    5.168    25.1       0
   66000       65802 ±0         16.520 ±0.000    46.690 ±0.000   10.600    25.8       0
   68000       67463 ±0        173.504 ±0.000   246.400 ±0.000   46.127    26.4       0
   70000       68531 ±0        380.211 ±0.000   522.490 ±0.000   80.300    26.9       0
   72000       68489 ±0        886.294 ±0.000  1230.000 ±0.000  181.312    26.8       0
  KNEE (peak of round-averaged curve): 68531 rps ±0 at offered 70000 (n=1)  =  26.9 MB/s round-trip

=== p50: 1536 B req / 320 B res  (1856 B round trip) ===
 offered           achieved         mean_ms          p99_ms    sd_ms    MB/s  non2xx
    2000        1995 ±0          0.606 ±0.000     1.150 ±0.000    0.159     3.7       0
    4000        3987 ±0          0.560 ±0.000     1.080 ±0.000    0.150     7.4       0
    6000        5995 ±0          0.552 ±0.000     1.080 ±0.000    0.151    11.1       0
    8000        7997 ±0          0.539 ±0.000     1.060 ±0.000    0.143    14.8       0
   10000        9969 ±0          0.541 ±0.000     1.050 ±0.000    0.204    18.5       0
   12000       11997 ±0          0.533 ±0.000     1.000 ±0.000    0.122    22.3       0
   14000       13998 ±0          0.547 ±0.000     1.040 ±0.000    0.127    26.0       0
   16000       15996 ±0          0.583 ±0.000     1.140 ±0.000    0.148    29.7       0
   18000       17997 ±0          0.616 ±0.000     1.300 ±0.000    0.170    33.4       0
   20000       19996 ±0          0.650 ±0.000     1.380 ±0.000    0.189    37.1       0
   22000       21997 ±0          0.680 ±0.000     1.490 ±0.000    0.210    40.8       0
   24000       23997 ±0          0.710 ±0.000     1.630 ±0.000    0.228    44.5       0
   26000       25996 ±0          0.773 ±0.000     1.770 ±0.000    0.260    48.2       0
   28000       27927 ±0          0.798 ±0.000     1.850 ±0.000    0.276    51.8       0
   30000       29924 ±0          0.867 ±0.000     2.080 ±0.000    0.318    55.5       0
   32000       31913 ±0          0.909 ±0.000     2.230 ±0.000    0.347    59.2       0
   34000       34002 ±0          0.974 ±0.000     2.440 ±0.000    0.390    63.1       0
   36000       35999 ±0          1.032 ±0.000     2.710 ±0.000    0.459    66.8       0
   38000       37999 ±0          1.039 ±0.000     2.580 ±0.000    0.404    70.5       0
   40000       39895 ±0          1.112 ±0.000     2.990 ±0.000    0.482    74.0       0
   42000       42002 ±0          1.150 ±0.000     3.020 ±0.000    0.491    78.0       0
   44000       43992 ±0          1.222 ±0.000     3.150 ±0.000    0.524    81.7       0
   46000       46002 ±0          1.313 ±0.000     3.660 ±0.000    0.625    85.4       0
   48000       48000 ±0          1.479 ±0.000     4.380 ±0.000    0.771    89.1       0
   50000       49743 ±0          1.716 ±0.000     5.890 ±0.000    1.045    92.3       0
   52000       51744 ±0          2.446 ±0.000     8.580 ±0.000    1.644    96.0       0
   54000       53996 ±0          5.254 ±0.000    16.510 ±0.000    3.605   100.2       0
   56000       55979 ±0         43.545 ±0.000    84.160 ±0.000   20.204   103.9       0
  KNEE (peak of round-averaged curve): 55979 rps ±0 at offered 56000 (n=1)  =  103.9 MB/s round-trip

=== p90: 12000 B req / 10000 B res  (22000 B round trip) ===
 offered           achieved         mean_ms          p99_ms    sd_ms    MB/s  non2xx
    2000        1995 ±0          1.209 ±0.000     2.420 ±0.000    0.413    43.9       0
    4000        3985 ±0          1.112 ±0.000     2.410 ±0.000    0.434    87.7       0
    6000        5995 ±0          1.062 ±0.000     2.030 ±0.000    0.346   131.9       0
    8000        7996 ±0          1.065 ±0.000     2.290 ±0.000    0.447   175.9       0
   10000        9996 ±0          1.078 ±0.000     2.140 ±0.000    0.315   219.9       0
   12000       11997 ±0          4.406 ±0.000    31.570 ±0.000    6.173   263.9       0
   14000       12392 ±0       1686.509 ±0.000  2900.000 ±0.000  559.766   272.6       0
   16000       12164 ±0       3972.278 ±0.000  6000.000 ±0.000 1072.484   267.6       0
   18000       12009 ±0       5526.465 ±0.000  8240.000 ±0.000 1450.379   264.2       0
  KNEE (peak of round-averaged curve): 12392 rps ±0 at offered 14000 (n=1)  =  272.6 MB/s round-trip

NOTE
  * 'MB/s' is round-trip payload (request + response) x achieved rps -- the axis on
    which sizes are comparable. Request rate alone is not: capacity depends strongly
    on payload size, so equal rps across sizes is NOT equal load.
  * Saturation was detected per size (achieved < 0.95 x offered), because these sizes
    move very different byte volumes.
  r2 p10  offered=16000  achieved=15996.37  mean=0.599    
  r2 p10  offered=18000  achieved=17951.83  mean=0.538    
  r2 p10  offered=20000  achieved=19945.31  mean=0.560    
  r2 p10  offered=22000  achieved=21996.65  mean=0.585    
  r2 p10  offered=24000  achieved=23997.42  mean=0.631    
  r2 p10  offered=26000  achieved=25930.97  mean=0.635    
  r2 p10  offered=28000  achieved=27998.20  mean=0.700    
  r2 p10  offered=30000  achieved=29924.77  mean=0.725    
  r2 p10  offered=32000  achieved=31912.95  mean=0.780    
  r2 p10  offered=34000  achieved=34001.31  mean=0.820    
  r2 p10  offered=36000  achieved=36001.06  mean=0.865    
  r2 p10  offered=38000  achieved=37998.81  mean=0.962    
  r2 p10  offered=40000  achieved=39994.51  mean=0.995    
  r2 p10  offered=42000  achieved=42001.73  mean=1.099    
  r2 p10  offered=44000  achieved=43882.22  mean=1.109    
  r2 p10  offered=46000  achieved=45889.51  mean=1.146    
  r2 p10  offered=48000  achieved=48004.37  mean=1.275    
  r2 p10  offered=50000  achieved=49988.17  mean=1.414    
  r2 p10  offered=52000  achieved=51743.87  mean=1.437    
  r2 p10  offered=54000  achieved=53997.15  mean=1.852    
  r2 p10  offered=56000  achieved=56008.44  mean=2.292    
  r2 p10  offered=58000  achieved=58006.93  mean=3.140    
  r2 p10  offered=60000  achieved=59846.76  mean=4.445    
  r2 p10  offered=62000  achieved=61689.41  mean=5.648    
  r2 p10  offered=64000  achieved=63980.57  mean=8.622    
  r2 p10  offered=66000  achieved=65974.18  mean=12.191   
  r2 p10  offered=68000  achieved=67292.53  mean=164.555  <-- saturating
  r2 p10  offered=70000  achieved=67424.71  mean=689.753  <-- saturating
  r2 p10: saturated, stopping
=== round 2/2 size=p50 (REQ_DIST=fixed REQ_SIZE=1536  RES_DIST=fixed RES_SIZE=320) ===
  r2 p50  offered=2000   achieved=1995.39   mean=0.623    
  r2 p50  offered=4000   achieved=3986.40   mean=0.570    
  r2 p50  offered=6000   achieved=5980.30   mean=0.567    
  r2 p50  offered=8000   achieved=7975.92   mean=0.559    
  r2 p50  offered=10000  achieved=9995.84   mean=0.533    
  r2 p50  offered=12000  achieved=11996.38  mean=0.533    
  r2 p50  offered=14000  achieved=13962.56  mean=0.558    
  r2 p50  offered=16000  achieved=15996.39  mean=0.575    
  r2 p50  offered=18000  achieved=17950.90  mean=0.611    
  r2 p50  offered=20000  achieved=19996.09  mean=0.650    
  r2 p50  offered=22000  achieved=21996.10  mean=0.671    
  r2 p50  offered=24000  achieved=23937.37  mean=0.735    
  r2 p50  offered=26000  achieved=25996.23  mean=0.744    
  r2 p50  offered=28000  achieved=27998.04  mean=0.818    
  r2 p50  offered=30000  achieved=29925.70  mean=0.862    
  r2 p50  offered=32000  achieved=31915.17  mean=0.889    
  r2 p50  offered=34000  achieved=33915.60  mean=0.960    
  r2 p50  offered=36000  achieved=35910.67  mean=0.974    
  r2 p50  offered=38000  achieved=37904.26  mean=1.019    
  r2 p50  offered=40000  achieved=39993.36  mean=1.091    
  r2 p50  offered=42000  achieved=41897.15  mean=1.127    
  r2 p50  offered=44000  achieved=43995.35  mean=1.225    
  r2 p50  offered=46000  achieved=45890.19  mean=1.280    
  r2 p50  offered=48000  achieved=47762.68  mean=1.359    
  r2 p50  offered=50000  achieved=49993.92  mean=1.603    
  r2 p50  offered=52000  achieved=52002.75  mean=1.865    
  r2 p50  offered=54000  achieved=53999.31  mean=2.662    
  r2 p50  offered=56000  achieved=56000.21  mean=4.678    
  r2 p50  offered=58000  achieved=58001.98  mean=43.938   <-- saturating
  r2 p50  offered=60000  achieved=57509.33  mean=675.183  <-- saturating
  r2 p50  offered=62000  achieved=58443.18  mean=1001.630 <-- saturating
  r2 p50: saturated, stopping
=== round 2/2 size=p90 (REQ_DIST=fixed REQ_SIZE=12000 RES_DIST=fixed RES_SIZE=10000) ===
  r2 p90  offered=2000   achieved=1990.28   mean=1.099    
  r2 p90  offered=4000   achieved=3996.55   mean=1.010    
  r2 p90  offered=6000   achieved=5980.26   mean=1.023    
  r2 p90  offered=8000   achieved=7974.32   mean=0.987    
  r2 p90  offered=10000  achieved=9995.02   mean=1.014    
  r2 p90  offered=12000  achieved=11997.07  mean=1.212    
  r2 p90  offered=14000  achieved=13403.52  mean=751.811  <-- saturating
  r2 p90  offered=16000  achieved=13473.43  mean=2720.018 <-- saturating
  r2 p90  offered=18000  achieved=13369.73  mean=4465.963 <-- saturating
  r2 p90: saturated, stopping
=== BASELINES DONE -> results/baselines_20260809_121844 ===

=== p10: 200 B req / 192 B res  (392 B round trip) ===
 offered           achieved         mean_ms          p99_ms    sd_ms    MB/s  non2xx
    2000        1990 ±0          0.639 ±0.080     1.515 ±0.389    0.260     0.8       0
    4000        3986 ±15         0.598 ±0.105     1.365 ±0.431    0.232     1.6       0
    6000        5995 ±0          0.645 ±0.210     1.515 ±0.714    0.270     2.4       0
    8000        7975 ±2          1.054 ±0.769     4.595 ±5.042    0.984     3.1       0
   10000        9993 ±3          2.645 ±3.063     5.930 ±7.014    2.269     3.9       0
   12000       11994 ±3          2.812 ±3.302     6.530 ±7.891    2.441     4.7       0
   14000       13845 ±216       44.233 ±61.861   206.190 ±290.197   63.520     5.4       0
   16000       15996 ±0          0.558 ±0.057     1.120 ±0.057    0.993     6.3       0
   18000       17951 ±2          0.539 ±0.001     1.180 ±0.014    0.169     7.0       0
   20000       19971 ±36         0.558 ±0.004     1.245 ±0.021    0.179     7.8       0
   22000       21940 ±80         0.589 ±0.005     1.375 ±0.021    0.222     8.6       0
   24000       23967 ±43         0.619 ±0.016     1.520 ±0.071    0.226     9.4       0
   26000       25931 ±0          0.638 ±0.004     1.600 ±0.042    0.236    10.2       0
   28000       27998 ±0          0.700 ±0.001     1.755 ±0.064    0.280    11.0       0
   30000       29923 ±2          0.725 ±0.000     1.890 ±0.042    0.303    11.7       0
   32000       31954 ±58         0.794 ±0.019     2.080 ±0.099    0.347    12.5       0
   34000       33959 ±60         0.806 ±0.019     2.175 ±0.064    0.404    13.3       0
   36000       36001 ±0          0.877 ±0.017     2.410 ±0.071    0.408    14.1       0
   38000       37952 ±67         0.935 ±0.037     2.575 ±0.021    0.444    14.9       0
   40000       39994 ±0          0.987 ±0.011     2.725 ±0.064    0.479    15.7       0
   42000       42002 ±0          1.085 ±0.020     3.110 ±0.057    0.558    16.5       0
   44000       43939 ±80         1.127 ±0.025     3.260 ±0.099    0.586    17.2       0
   46000       45889 ±0          1.182 ±0.051     3.465 ±0.233    0.631    18.0       0
   48000       48004 ±1          1.284 ±0.013     3.740 ±0.014    0.691    18.8       0
   50000       49928 ±85         1.387 ±0.038     4.045 ±0.304    0.773    19.6       0
   52000       51744 ±0          1.456 ±0.026     4.235 ±0.262    0.828    20.3       0
   54000       53932 ±93         1.848 ±0.006     5.430 ±0.099    1.104    21.1       0
   56000       56006 ±4          2.289 ±0.004     7.005 ±0.460    1.430    22.0       0
   58000       58008 ±1          3.136 ±0.005     8.980 ±0.552    1.922    22.7       0
   60000       59922 ±106        4.476 ±0.043    11.710 ±0.424    2.498    23.5       0
   62000       61765 ±106        5.931 ±0.401    17.775 ±3.670    3.449    24.2       0
   64000       63979 ±3          8.945 ±0.457    23.710 ±1.923    4.928    25.1       0
   66000       65888 ±121       14.355 ±3.061    39.590 ±10.041    8.539    25.8       0
   68000       67378 ±120      169.029 ±6.328   249.920 ±4.978   46.382    26.4       0
   70000       67978 ±782      534.982 ±218.879   727.420 ±289.815  118.707    26.6       0
   72000       68489 ±0        886.294 ±0.000  1230.000 ±0.000  181.312    26.8       0
  KNEE (peak of round-averaged curve): 68489 rps ±0 at offered 72000 (n=1)  =  26.8 MB/s round-trip

=== p50: 1536 B req / 320 B res  (1856 B round trip) ===
 offered           achieved         mean_ms          p99_ms    sd_ms    MB/s  non2xx
    2000        1995 ±0          0.615 ±0.012     1.170 ±0.028    0.161     3.7       0
    4000        3987 ±0          0.565 ±0.007     1.095 ±0.021    0.155     7.4       0
    6000        5988 ±11         0.559 ±0.011     1.110 ±0.042    0.178    11.1       0
    8000        7986 ±15         0.549 ±0.014     1.090 ±0.042    0.148    14.8       0
   10000        9983 ±19         0.537 ±0.006     1.040 ±0.014    0.168    18.5       0
   12000       11997 ±0          0.533 ±0.000     1.000 ±0.000    0.128    22.3       0
   14000       13980 ±25         0.552 ±0.008     1.060 ±0.028    0.134    25.9       0
   16000       15996 ±0          0.579 ±0.006     1.130 ±0.014    0.145    29.7       0
   18000       17974 ±32         0.613 ±0.004     1.260 ±0.057    0.167    33.4       0
   20000       19996 ±0          0.650 ±0.000     1.395 ±0.021    0.192    37.1       0
   22000       21996 ±0          0.675 ±0.006     1.475 ±0.021    0.205    40.8       0
   24000       23967 ±42         0.722 ±0.018     1.655 ±0.035    0.238    44.5       0
   26000       25996 ±0          0.758 ±0.021     1.740 ±0.042    0.255    48.2       0
   28000       27963 ±50         0.808 ±0.014     1.895 ±0.064    0.308    51.9       0
   30000       29925 ±1          0.865 ±0.004     2.045 ±0.049    0.318    55.5       0
   32000       31914 ±2          0.899 ±0.014     2.170 ±0.085    0.335    59.2       0
   34000       33959 ±61         0.967 ±0.010     2.385 ±0.078    0.376    63.0       0
   36000       35955 ±63         1.003 ±0.041     2.555 ±0.219    0.415    66.7       0
   38000       37952 ±67         1.029 ±0.014     2.575 ±0.007    0.401    70.4       0
   40000       39944 ±70         1.102 ±0.015     2.875 ±0.163    0.460    74.1       0
   42000       41950 ±74         1.139 ±0.016     2.970 ±0.071    0.481    77.9       0
   44000       43994 ±2          1.224 ±0.002     3.200 ±0.071    0.530    81.7       0
   46000       45946 ±79         1.296 ±0.023     3.555 ±0.148    0.603    85.3       0
   48000       47881 ±168        1.419 ±0.085     4.110 ±0.382    0.723    88.9       0
   50000       49869 ±177        1.659 ±0.080     5.710 ±0.255    1.004    92.6       0
   52000       51873 ±183        2.155 ±0.411     7.735 ±1.195    1.444    96.3       0
   54000       53998 ±2          3.958 ±1.833    13.805 ±3.825    2.857   100.2       0
   56000       55990 ±15        24.111 ±27.483    49.600 ±48.875   11.623   103.9       0
   58000       58002 ±0         43.938 ±0.000   100.030 ±0.000   22.420   107.7       0
   60000       57509 ±0        675.183 ±0.000  1040.000 ±0.000  187.874   106.7       0
   62000       58443 ±0       1001.630 ±0.000  1370.000 ±0.000  221.448   108.5       0
  KNEE (peak of round-averaged curve): 58443 rps ±0 at offered 62000 (n=1)  =  108.5 MB/s round-trip

=== p90: 12000 B req / 10000 B res  (22000 B round trip) ===
 offered           achieved         mean_ms          p99_ms    sd_ms    MB/s  non2xx
    2000        1993 ±4          1.154 ±0.078     2.195 ±0.318    0.363    43.8       0
    4000        3991 ±8          1.061 ±0.072     2.135 ±0.389    0.367    87.8       0
    6000        5988 ±11         1.042 ±0.028     1.950 ±0.113    0.325   131.7       0
    8000        7985 ±16         1.026 ±0.055     2.045 ±0.346    0.376   175.7       0
   10000        9995 ±1          1.046 ±0.045     1.960 ±0.255    0.300   219.9       0
   12000       11997 ±0          2.809 ±2.258    17.060 ±20.520    3.300   263.9       0
   14000       12898 ±715     1219.160 ±660.931  1980.000 ±1301.076  377.645   283.8       0
   16000       12819 ±926     3346.148 ±885.482  4930.000 ±1513.209  864.911   282.0       0
   18000       12689 ±962     4996.214 ±749.888  7315.000 ±1308.148 1282.861   279.2       0
  KNEE (peak of round-averaged curve): 12898 rps ±715 at offered 14000 (n=2)  =  283.8 MB/s round-trip

NOTE
  * 'MB/s' is round-trip payload (request + response) x achieved rps -- the axis on
    which sizes are comparable. Request rate alone is not: capacity depends strongly
    on payload size, so equal rps across sizes is NOT equal load.
  * Saturation was detected per size (achieved < 0.95 x offered), because these sizes
    move very different byte volumes.
### RESUME COMPLETE ###
