setup: assigned thread_id=1
init: final thread_id=1, base_seed=nil
script_want_response
Running 2m test @ http://10.10.1.1:2733
  1 threads and 10 connections

  Thread calibration: mean lat.: 58.839ms, rate sampling interval: 100ms

-----------------------------------------------------------------------
Test Results @ http://10.10.1.1:2733 
  Thread Stats   Avg      Stdev     99%   +/- Stdev
    Latency     7.43ms  835.24us   9.60ms   74.20%
    Req/Sec   100.49      4.48   120.00     92.21%
  Latency Distribution (HdrHistogram - Recorded Latency)
 50.000%    7.35ms
 75.000%    7.88ms
 90.000%    8.48ms
 99.000%    9.60ms
 99.900%   12.61ms
 99.990%   13.03ms
 99.999%   13.22ms
100.000%   13.22ms

  Detailed Percentile spectrum:
       Value   Percentile   TotalCount 1/(1-Percentile)

       4.239     0.000000            1         1.00
       6.527     0.100000          901         1.11
       6.819     0.200000         1807         1.25
       7.019     0.300000         2706         1.43
       7.187     0.400000         3602         1.67
       7.351     0.500000         4515         2.00
       7.439     0.550000         4963         2.22
       7.531     0.600000         5408         2.50
       7.631     0.650000         5872         2.86
       7.743     0.700000         6302         3.33
       7.875     0.750000         6749         4.00
       7.947     0.775000         6975         4.44
       8.031     0.800000         7211         5.00
       8.127     0.825000         7425         5.71
       8.231     0.850000         7661         6.67
       8.343     0.875000         7884         8.00
       8.415     0.887500         7998         8.89
       8.479     0.900000         8104        10.00
       8.559     0.912500         8212        11.43
       8.639     0.925000         8323        13.33
       8.727     0.937500         8437        16.00
       8.775     0.943750         8495        17.78
       8.839     0.950000         8549        20.00
       8.911     0.956250         8605        22.86
       8.975     0.962500         8665        26.67
       9.071     0.968750         8721        32.00
       9.119     0.971875         8747        35.56
       9.167     0.975000         8776        40.00
       9.223     0.978125         8801        45.71
       9.303     0.981250         8830        53.33
       9.375     0.984375         8858        64.00
       9.415     0.985938         8872        71.11
       9.495     0.987500         8885        80.00
       9.567     0.989062         8899        91.43
       9.663     0.990625         8913       106.67
       9.751     0.992188         8929       128.00
       9.791     0.992969         8934       142.22
       9.855     0.993750         8941       160.00
      10.023     0.994531         8948       182.86
      10.183     0.995313         8955       213.33
      10.791     0.996094         8962       256.00
      11.063     0.996484         8966       284.44
      11.319     0.996875         8969       320.00
      11.647     0.997266         8973       365.71
      11.951     0.997656         8976       426.67
      12.375     0.998047         8980       512.00
      12.415     0.998242         8982       568.89
      12.431     0.998437         8983       640.00
      12.527     0.998633         8985       731.43
      12.591     0.998828         8987       853.33
      12.663     0.999023         8989      1024.00
      12.695     0.999121         8990      1137.78
      12.695     0.999219         8990      1280.00
      12.703     0.999316         8991      1462.86
      12.727     0.999414         8992      1706.67
      12.743     0.999512         8993      2048.00
      12.911     0.999561         8994      2275.56
      12.911     0.999609         8994      2560.00
      12.911     0.999658         8994      2925.71
      12.975     0.999707         8995      3413.33
      12.975     0.999756         8995      4096.00
      13.031     0.999780         8996      4551.11
      13.031     0.999805         8996      5120.00
      13.031     0.999829         8996      5851.43
      13.031     0.999854         8996      6826.67
      13.031     0.999878         8996      8192.00
      13.215     0.999890         8997      9102.22
      13.215     1.000000         8997          inf
#[Mean    =        7.431, StdDeviation   =        0.835]
#[Max     =       13.208, Total count    =         8997]
#[Buckets =           27, SubBuckets     =         2048]
-----------------------------------------------------------------------
  9991 requests in 1.67m, 1.55MB read
Requests/sec:     99.90  
Transfer/sec:     15.87KB

=== rps=2000 c=200 t=20 url=http://10.10.1.1:2733 ===
setup: assigned thread_id=1
init: final thread_id=1, base_seed=nil
setup: assigned thread_id=2
init: final thread_id=2, base_seed=nil
setup: assigned thread_id=3
init: final thread_id=3, base_seed=nil
setup: assigned thread_id=4
init: final thread_id=4, base_seed=nil
setup: assigned thread_id=5
init: final thread_id=5, base_seed=nil
setup: assigned thread_id=6
init: final thread_id=6, base_seed=nil
setup: assigned thread_id=7
init: final thread_id=7, base_seed=nil
setup: assigned thread_id=8
init: final thread_id=8, base_seed=nil
setup: assigned thread_id=9
init: final thread_id=9, base_seed=nil
setup: assigned thread_id=10
init: final thread_id=10, base_seed=nil
setup: assigned thread_id=11
init: final thread_id=11, base_seed=nil
setup: assigned thread_id=12
init: final thread_id=12, base_seed=nil
setup: assigned thread_id=13
init: final thread_id=13, base_seed=nil
setup: assigned thread_id=14
init: final thread_id=14, base_seed=nil
setup: assigned thread_id=15
init: final thread_id=15, base_seed=nil
setup: assigned thread_id=16
init: final thread_id=16, base_seed=nil
setup: assigned thread_id=17
init: final thread_id=17, base_seed=nil
setup: assigned thread_id=18
init: final thread_id=18, base_seed=nil
setup: assigned thread_id=19
init: final thread_id=19, base_seed=nil
setup: assigned thread_id=20
init: final thread_id=20, base_seed=nil
script_want_response
Running 1m test @ http://10.10.1.1:2733
  20 threads and 200 connections

  Thread calibration: mean lat.: 17.816ms, rate sampling interval: 48ms
  Thread calibration: mean lat.: 17.797ms, rate sampling interval: 48ms
  Thread calibration: mean lat.: 16.566ms, rate sampling interval: 47ms
  Thread calibration: mean lat.: 16.305ms, rate sampling interval: 45ms
  Thread calibration: mean lat.: 15.275ms, rate sampling interval: 43ms
  Thread calibration: mean lat.: 14.888ms, rate sampling interval: 43ms
  Thread calibration: mean lat.: 14.320ms, rate sampling interval: 40ms
  Thread calibration: mean lat.: 13.609ms, rate sampling interval: 38ms
  Thread calibration: mean lat.: 12.830ms, rate sampling interval: 34ms
  Thread calibration: mean lat.: 12.141ms, rate sampling interval: 31ms
  Thread calibration: mean lat.: 12.056ms, rate sampling interval: 31ms
  Thread calibration: mean lat.: 12.470ms, rate sampling interval: 33ms
  Thread calibration: mean lat.: 12.328ms, rate sampling interval: 33ms
  Thread calibration: mean lat.: 12.607ms, rate sampling interval: 35ms
  Thread calibration: mean lat.: 15.162ms, rate sampling interval: 44ms
  Thread calibration: mean lat.: 15.263ms, rate sampling interval: 45ms
  Thread calibration: mean lat.: 15.805ms, rate sampling interval: 47ms
  Thread calibration: mean lat.: 16.625ms, rate sampling interval: 49ms
  Thread calibration: mean lat.: 16.767ms, rate sampling interval: 50ms
  Thread calibration: mean lat.: 17.175ms, rate sampling interval: 49ms

-----------------------------------------------------------------------
Test Results @ http://10.10.1.1:2733 
  Thread Stats   Avg      Stdev     99%   +/- Stdev
    Latency    17.45ms    8.42ms  50.59ms   84.88%
    Req/Sec   101.00     87.34   290.00     49.05%
  Latency Distribution (HdrHistogram - Recorded Latency)
 50.000%   15.63ms
 75.000%   20.32ms
 90.000%   26.16ms
 99.000%   50.59ms
 99.900%   85.25ms
 99.990%  112.57ms
 99.999%  116.03ms
100.000%  116.80ms

  Detailed Percentile spectrum:
       Value   Percentile   TotalCount 1/(1-Percentile)

       6.519     0.000000            1         1.00
       9.919     0.100000        10017         1.11
      11.343     0.200000        20004         1.25
      12.807     0.300000        30020         1.43
      14.223     0.400000        39987         1.67
      15.631     0.500000        49978         2.00
      16.383     0.550000        54960         2.22
      17.247     0.600000        60022         2.50
      18.143     0.650000        65015         2.86
      19.151     0.700000        69988         3.33
      20.319     0.750000        74989         4.00
      20.959     0.775000        77451         4.44
      21.631     0.800000        79967         5.00
      22.431     0.825000        82439         5.71
      23.407     0.850000        84944         6.67
      24.687     0.875000        87429         8.00
      25.375     0.887500        88690         8.89
      26.159     0.900000        89931        10.00
      27.119     0.912500        91193        11.43
      28.255     0.925000        92426        13.33
      29.647     0.937500        93673        16.00
      30.559     0.943750        94295        17.78
      31.631     0.950000        94925        20.00
      32.751     0.956250        95549        22.86
      34.335     0.962500        96176        26.67
      36.319     0.968750        96791        32.00
      37.471     0.971875        97104        35.56
      38.687     0.975000        97417        40.00
      40.223     0.978125        97730        45.71
      42.111     0.981250        98043        53.33
      44.351     0.984375        98355        64.00
      45.695     0.985938        98509        71.11
      47.455     0.987500        98669        80.00
      49.247     0.989062        98821        91.43
      51.647     0.990625        98977       106.67
      54.687     0.992188        99135       128.00
      56.127     0.992969        99212       142.22
      57.951     0.993750        99290       160.00
      59.679     0.994531        99369       182.86
      61.567     0.995313        99445       213.33
      63.359     0.996094        99523       256.00
      64.127     0.996484        99564       284.44
      65.119     0.996875        99602       320.00
      66.815     0.997266        99642       365.71
      68.159     0.997656        99679       426.67
      70.015     0.998047        99718       512.00
      71.423     0.998242        99738       568.89
      73.215     0.998437        99757       640.00
      76.863     0.998633        99777       731.43
      79.103     0.998828        99796       853.33
      87.167     0.999023        99816      1024.00
      87.871     0.999121        99826      1137.78
     101.503     0.999219        99835      1280.00
     102.783     0.999316        99846      1462.86
     104.511     0.999414        99855      1706.67
     106.303     0.999512        99865      2048.00
     106.943     0.999561        99870      2275.56
     107.455     0.999609        99874      2560.00
     108.543     0.999658        99880      2925.71
     109.503     0.999707        99884      3413.33
     110.463     0.999756        99889      4096.00
     110.719     0.999780        99892      4551.11
     111.359     0.999805        99894      5120.00
     111.615     0.999829        99897      5851.43
     111.807     0.999854        99900      6826.67
     112.255     0.999878        99901      8192.00
     112.575     0.999890        99903      9102.22
     112.703     0.999902        99904     10240.00
     113.087     0.999915        99905     11702.86
     113.279     0.999927        99906     13653.33
     113.535     0.999939        99907     16384.00
     114.047     0.999945        99908     18204.44
     114.239     0.999951        99909     20480.00
     114.239     0.999957        99909     23405.71
     114.367     0.999963        99910     27306.67
     114.367     0.999969        99910     32768.00
     114.687     0.999973        99911     36408.89
     114.687     0.999976        99911     40960.00
     114.687     0.999979        99911     46811.43
     116.031     0.999982        99912     54613.33
     116.031     0.999985        99912     65536.00
     116.031     0.999986        99912     72817.78
     116.031     0.999988        99912     81920.00
     116.031     0.999989        99912     93622.86
     116.799     0.999991        99913    109226.67
     116.799     1.000000        99913          inf
#[Mean    =       17.448, StdDeviation   =        8.416]
#[Max     =      116.736, Total count    =        99913]
#[Buckets =           27, SubBuckets     =         2048]
-----------------------------------------------------------------------
  119724 requests in 1.00m, 18.56MB read
Requests/sec:   1997.89  
Transfer/sec:    317.23KB

=== rps=2200 c=242 t=25 url=http://10.10.1.1:2733 ===
