setup: assigned thread_id=1
init: final thread_id=1, base_seed=nil
setup: assigned thread_id=2
init: final thread_id=2, base_seed=nil
setup: assigned thread_id=3
init: final thread_id=3, base_seed=nil
setup: assigned thread_id=4
init: final thread_id=4, base_seed=nil
setup: assigned thread_id=5
init: final thread_id=5, base_seed=nil
setup: assigned thread_id=6
init: final thread_id=6, base_seed=nil
setup: assigned thread_id=7
init: final thread_id=7, base_seed=nil
setup: assigned thread_id=8
init: final thread_id=8, base_seed=nil
setup: assigned thread_id=9
init: final thread_id=9, base_seed=nil
setup: assigned thread_id=10
init: final thread_id=10, base_seed=nil
setup: assigned thread_id=11
init: final thread_id=11, base_seed=nil
setup: assigned thread_id=12
init: final thread_id=12, base_seed=nil
setup: assigned thread_id=13
init: final thread_id=13, base_seed=nil
setup: assigned thread_id=14
init: final thread_id=14, base_seed=nil
setup: assigned thread_id=15
init: final thread_id=15, base_seed=nil
setup: assigned thread_id=16
init: final thread_id=16, base_seed=nil
setup: assigned thread_id=17
init: final thread_id=17, base_seed=nil
setup: assigned thread_id=18
init: final thread_id=18, base_seed=nil
setup: assigned thread_id=19
init: final thread_id=19, base_seed=nil
setup: assigned thread_id=20
init: final thread_id=20, base_seed=nil
script_want_response
Running 1m test @ http://10.10.1.1:13050
  20 threads and 200 connections

  Thread calibration: mean lat.: 26.297ms, rate sampling interval: 76ms
  Thread calibration: mean lat.: 26.898ms, rate sampling interval: 78ms
  Thread calibration: mean lat.: 28.862ms, rate sampling interval: 81ms
  Thread calibration: mean lat.: 25.489ms, rate sampling interval: 74ms
  Thread calibration: mean lat.: 30.744ms, rate sampling interval: 90ms
  Thread calibration: mean lat.: 31.966ms, rate sampling interval: 95ms
  Thread calibration: mean lat.: 32.769ms, rate sampling interval: 96ms
  Thread calibration: mean lat.: 33.485ms, rate sampling interval: 96ms
  Thread calibration: mean lat.: 34.175ms, rate sampling interval: 96ms
  Thread calibration: mean lat.: 35.119ms, rate sampling interval: 97ms
  Thread calibration: mean lat.: 35.822ms, rate sampling interval: 97ms
  Thread calibration: mean lat.: 35.673ms, rate sampling interval: 95ms
  Thread calibration: mean lat.: 35.515ms, rate sampling interval: 94ms
  Thread calibration: mean lat.: 35.275ms, rate sampling interval: 93ms
  Thread calibration: mean lat.: 34.759ms, rate sampling interval: 90ms
  Thread calibration: mean lat.: 34.301ms, rate sampling interval: 89ms
  Thread calibration: mean lat.: 33.760ms, rate sampling interval: 86ms
  Thread calibration: mean lat.: 33.016ms, rate sampling interval: 85ms
  Thread calibration: mean lat.: 32.317ms, rate sampling interval: 83ms
  Thread calibration: mean lat.: 31.506ms, rate sampling interval: 81ms

-----------------------------------------------------------------------
Test Results @ http://10.10.1.1:13050 
  Thread Stats   Avg      Stdev     99%   +/- Stdev
    Latency    35.15ms   15.80ms  81.73ms   86.44%
    Req/Sec   100.26     34.30   166.00     83.06%
  Latency Distribution (HdrHistogram - Recorded Latency)
 50.000%   33.34ms
 75.000%   40.13ms
 90.000%   48.19ms
 99.000%   81.73ms
 99.900%  239.74ms
 99.990%  257.15ms
 99.999%  263.68ms
100.000%  266.75ms

  Detailed Percentile spectrum:
       Value   Percentile   TotalCount 1/(1-Percentile)

       8.951     0.000000            1         1.00
      21.455     0.100000        10012         1.11
      25.439     0.200000        20004         1.25
      28.479     0.300000        30012         1.43
      30.975     0.400000        40029         1.67
      33.343     0.500000        50005         2.00
      34.527     0.550000        55096         2.22
      35.775     0.600000        60122         2.50
      37.055     0.650000        65052         2.86
      38.495     0.700000        70102         3.33
      40.127     0.750000        75088         4.00
      41.087     0.775000        77544         4.44
      42.111     0.800000        80049         5.00
      43.263     0.825000        82562         5.71
      44.575     0.850000        85009         6.67
      46.207     0.875000        87522         8.00
      47.167     0.887500        88757         8.89
      48.191     0.900000        90012        10.00
      49.375     0.912500        91273        11.43
      50.719     0.925000        92500        13.33
      52.415     0.937500        93759        16.00
      53.439     0.943750        94381        17.78
      54.751     0.950000        95018        20.00
      56.127     0.956250        95627        22.86
      57.567     0.962500        96262        26.67
      59.455     0.968750        96885        32.00
      60.511     0.971875        97191        35.56
      61.791     0.975000        97502        40.00
      63.711     0.978125        97817        45.71
      66.175     0.981250        98135        53.33
      69.311     0.984375        98442        64.00
      71.167     0.985938        98595        71.11
      73.279     0.987500        98750        80.00
      78.015     0.989062        98911        91.43
      84.799     0.990625        99064       106.67
      93.055     0.992188        99219       128.00
      99.391     0.992969        99297       142.22
     106.559     0.993750        99375       160.00
     114.815     0.994531        99454       182.86
     123.775     0.995313        99532       213.33
     133.119     0.996094        99610       256.00
     146.687     0.996484        99649       284.44
     155.135     0.996875        99688       320.00
     162.687     0.997266        99728       365.71
     185.983     0.997656        99766       426.67
     204.927     0.998047        99805       512.00
     212.479     0.998242        99825       568.89
     217.343     0.998437        99845       640.00
     220.159     0.998633        99864       731.43
     227.711     0.998828        99883       853.33
     240.639     0.999023        99903      1024.00
     242.303     0.999121        99913      1137.78
     244.351     0.999219        99922      1280.00
     245.759     0.999316        99934      1462.86
     246.911     0.999414        99942      1706.67
     249.087     0.999512        99953      2048.00
     250.623     0.999561        99957      2275.56
     251.647     0.999609        99961      2560.00
     253.055     0.999658        99966      2925.71
     253.695     0.999707        99971      3413.33
     254.847     0.999756        99977      4096.00
     255.231     0.999780        99979      4551.11
     255.615     0.999805        99982      5120.00
     256.127     0.999829        99984      5851.43
     256.255     0.999854        99986      6826.67
     256.895     0.999878        99988      8192.00
     257.151     0.999890        99990      9102.22
     258.175     0.999902        99991     10240.00
     258.559     0.999915        99992     11702.86
     258.815     0.999927        99993     13653.33
     259.711     0.999939        99994     16384.00
     259.967     0.999945        99995     18204.44
     260.351     0.999951        99996     20480.00
     260.351     0.999957        99996     23405.71
     260.479     0.999963        99997     27306.67
     260.479     0.999969        99997     32768.00
     261.631     0.999973        99998     36408.89
     261.631     0.999976        99998     40960.00
     261.631     0.999979        99998     46811.43
     263.679     0.999982        99999     54613.33
     263.679     0.999985        99999     65536.00
     263.679     0.999986        99999     72817.78
     263.679     0.999988        99999     81920.00
     263.679     0.999989        99999     93622.86
     266.751     0.999991       100000    109226.67
     266.751     1.000000       100000          inf
#[Mean    =       35.147, StdDeviation   =       15.802]
#[Max     =      266.496, Total count    =       100000]
#[Buckets =           27, SubBuckets     =         2048]
-----------------------------------------------------------------------
  119700 requests in 1.00m, 18.56MB read
Requests/sec:   1994.55  
Transfer/sec:    316.75KB
