setup: assigned thread_id=1
init: final thread_id=1, base_seed=nil
setup: assigned thread_id=2
init: final thread_id=2, base_seed=nil
setup: assigned thread_id=3
init: final thread_id=3, base_seed=nil
setup: assigned thread_id=4
init: final thread_id=4, base_seed=nil
setup: assigned thread_id=5
init: final thread_id=5, base_seed=nil
setup: assigned thread_id=6
init: final thread_id=6, base_seed=nil
setup: assigned thread_id=7
init: final thread_id=7, base_seed=nil
setup: assigned thread_id=8
init: final thread_id=8, base_seed=nil
setup: assigned thread_id=9
init: final thread_id=9, base_seed=nil
setup: assigned thread_id=10
init: final thread_id=10, base_seed=nil
setup: assigned thread_id=11
init: final thread_id=11, base_seed=nil
setup: assigned thread_id=12
init: final thread_id=12, base_seed=nil
setup: assigned thread_id=13
init: final thread_id=13, base_seed=nil
setup: assigned thread_id=14
init: final thread_id=14, base_seed=nil
setup: assigned thread_id=15
init: final thread_id=15, base_seed=nil
setup: assigned thread_id=16
init: final thread_id=16, base_seed=nil
setup: assigned thread_id=17
init: final thread_id=17, base_seed=nil
setup: assigned thread_id=18
init: final thread_id=18, base_seed=nil
setup: assigned thread_id=19
init: final thread_id=19, base_seed=nil
setup: assigned thread_id=20
init: final thread_id=20, base_seed=nil
script_want_response
Running 15m test @ http://10.10.1.1:13050
  20 threads and 200 connections

  Thread calibration: mean lat.: 32.472ms, rate sampling interval: 96ms
  Thread calibration: mean lat.: 33.346ms, rate sampling interval: 101ms
  Thread calibration: mean lat.: 35.768ms, rate sampling interval: 108ms
  Thread calibration: mean lat.: 37.246ms, rate sampling interval: 112ms
  Thread calibration: mean lat.: 38.867ms, rate sampling interval: 113ms
  Thread calibration: mean lat.: 40.171ms, rate sampling interval: 117ms
  Thread calibration: mean lat.: 42.453ms, rate sampling interval: 117ms
  Thread calibration: mean lat.: 43.238ms, rate sampling interval: 118ms
  Thread calibration: mean lat.: 43.565ms, rate sampling interval: 121ms
  Thread calibration: mean lat.: 44.708ms, rate sampling interval: 120ms
  Thread calibration: mean lat.: 44.447ms, rate sampling interval: 120ms
  Thread calibration: mean lat.: 43.957ms, rate sampling interval: 116ms
  Thread calibration: mean lat.: 44.598ms, rate sampling interval: 119ms
  Thread calibration: mean lat.: 44.407ms, rate sampling interval: 118ms
  Thread calibration: mean lat.: 44.589ms, rate sampling interval: 118ms
  Thread calibration: mean lat.: 43.894ms, rate sampling interval: 115ms
  Thread calibration: mean lat.: 43.192ms, rate sampling interval: 113ms
  Thread calibration: mean lat.: 42.426ms, rate sampling interval: 111ms
  Thread calibration: mean lat.: 41.945ms, rate sampling interval: 111ms
  Thread calibration: mean lat.: 41.168ms, rate sampling interval: 109ms

-----------------------------------------------------------------------
Test Results @ http://10.10.1.1:13050 
  Thread Stats   Avg      Stdev     99%   +/- Stdev
    Latency    49.05ms   15.63ms  80.51ms   74.89%
    Req/Sec   100.01     25.34   180.00     83.05%
  Latency Distribution (HdrHistogram - Recorded Latency)
 50.000%   48.80ms
 75.000%   58.17ms
 90.000%   65.73ms
 99.000%   80.51ms
 99.900%  194.43ms
 99.990%  333.57ms
 99.999%  479.49ms
100.000%  574.46ms

  Detailed Percentile spectrum:
       Value   Percentile   TotalCount 1/(1-Percentile)

       8.303     0.000000            1         1.00
      30.799     0.100000       178195         1.11
      37.151     0.200000       357051         1.25
      41.503     0.300000       534684         1.43
      45.215     0.400000       712533         1.67
      48.799     0.500000       890325         2.00
      50.591     0.550000       979115         2.22
      52.447     0.600000      1069417         2.50
      54.303     0.650000      1158352         2.86
      56.191     0.700000      1246298         3.33
      58.175     0.750000      1335159         4.00
      59.231     0.775000      1380432         4.44
      60.319     0.800000      1424786         5.00
      61.471     0.825000      1468747         5.71
      62.719     0.850000      1513032         6.67
      64.127     0.875000      1558183         8.00
      64.863     0.887500      1579828         8.89
      65.727     0.900000      1603558        10.00
      66.623     0.912500      1625490        11.43
      67.583     0.925000      1646603        13.33
      68.799     0.937500      1669648        16.00
      69.439     0.943750      1680256        17.78
      70.143     0.950000      1691184        20.00
      70.975     0.956250      1702256        22.86
      71.935     0.962500      1713260        26.67
      73.087     0.968750      1724649        32.00
      73.727     0.971875      1730054        35.56
      74.431     0.975000      1735572        40.00
      75.263     0.978125      1741269        45.71
      76.223     0.981250      1746866        53.33
      77.375     0.984375      1752458        64.00
      78.015     0.985938      1755024        71.11
      78.847     0.987500      1757836        80.00
      79.807     0.989062      1760543        91.43
      81.023     0.990625      1763332       106.67
      82.751     0.992188      1766158       128.00
      83.775     0.992969      1767497       142.22
      85.375     0.993750      1768917       160.00
      88.383     0.994531      1770272       182.86
      93.375     0.995313      1771659       213.33
     101.823     0.996094      1773051       256.00
     108.095     0.996484      1773749       284.44
     114.751     0.996875      1774439       320.00
     121.279     0.997266      1775137       365.71
     128.383     0.997656      1775834       426.67
     139.263     0.998047      1776526       512.00
     146.047     0.998242      1776873       568.89
     155.391     0.998437      1777223       640.00
     167.295     0.998633      1777570       731.43
     180.735     0.998828      1777916       853.33
     196.095     0.999023      1778264      1024.00
     202.879     0.999121      1778437      1137.78
     211.455     0.999219      1778610      1280.00
     223.231     0.999316      1778784      1462.86
     235.647     0.999414      1778959      1706.67
     244.607     0.999512      1779132      2048.00
     251.775     0.999561      1779219      2275.56
     258.559     0.999609      1779305      2560.00
     265.471     0.999658      1779393      2925.71
     273.663     0.999707      1779480      3413.33
     283.647     0.999756      1779568      4096.00
     291.327     0.999780      1779609      4551.11
     297.215     0.999805      1779655      5120.00
     304.639     0.999829      1779700      5851.43
     311.295     0.999854      1779740      6826.67
     323.327     0.999878      1779783      8192.00
     328.959     0.999890      1779806      9102.22
     335.359     0.999902      1779827     10240.00
     345.855     0.999915      1779848     11702.86
     358.399     0.999927      1779870     13653.33
     375.039     0.999939      1779893     16384.00
     382.719     0.999945      1779903     18204.44
     391.679     0.999951      1779914     20480.00
     396.799     0.999957      1779924     23405.71
     406.271     0.999963      1779935     27306.67
     424.959     0.999969      1779946     32768.00
     432.127     0.999973      1779952     36408.89
     438.271     0.999976      1779958     40960.00
     445.183     0.999979      1779962     46811.43
     460.287     0.999982      1779968     54613.33
     465.919     0.999985      1779973     65536.00
     469.503     0.999986      1779976     72817.78
     474.879     0.999988      1779979     81920.00
     477.183     0.999989      1779981     93622.86
     485.887     0.999991      1779984    109226.67
     493.567     0.999992      1779987    131072.00
     498.431     0.999993      1779988    145635.56
     503.551     0.999994      1779990    163840.00
     510.719     0.999995      1779991    187245.71
     513.023     0.999995      1779992    218453.33
     539.135     0.999996      1779994    262144.00
     539.135     0.999997      1779994    291271.11
     549.375     0.999997      1779995    327680.00
     557.567     0.999997      1779996    374491.43
     557.567     0.999998      1779996    436906.67
     566.271     0.999998      1779997    524288.00
     566.271     0.999998      1779997    582542.22
     571.391     0.999998      1779998    655360.00
     571.391     0.999999      1779998    748982.86
     571.391     0.999999      1779998    873813.33
     573.439     0.999999      1779999   1048576.00
     573.439     0.999999      1779999   1165084.44
     573.439     0.999999      1779999   1310720.00
     573.439     0.999999      1779999   1497965.71
     573.439     0.999999      1779999   1747626.67
     574.463     1.000000      1780000   2097152.00
     574.463     1.000000      1780000          inf
#[Mean    =       49.050, StdDeviation   =       15.629]
#[Max     =      573.952, Total count    =      1780000]
#[Buckets =           27, SubBuckets     =         2048]
-----------------------------------------------------------------------
  1799811 requests in 15.00m, 279.10MB read
Requests/sec:   1999.69  
Transfer/sec:    317.54KB
