setup: assigned thread_id=1
init: final thread_id=1, base_seed=nil
ERROR: Status 500 - Body: rpc error: code = DeadlineExceeded desc = context deadline exceeded
 | media_ids: [695129978460324384, 486809610990226276, 559265893404346728, 788318040332447498] | media_types: ["png", "png", "png", "png"]
ERROR: Status 500 - Body: rpc error: code = DeadlineExceeded desc = context deadline exceeded

ERROR: Status 500 - Body: rpc error: code = DeadlineExceeded desc = context deadline exceeded

ERROR: Status 500 - Body: rpc error: code = DeadlineExceeded desc = context deadline exceeded
 | media_ids: [946712757670666925] | media_types: ["png"]
ERROR: Status 500 - Body: rpc error: code = DeadlineExceeded desc = context deadline exceeded
 | media_ids: [965378049052168341, 162825382985068672, 413963112353535628] | media_types: ["png", "png", "png"]
ERROR: Status 500 - Body: rpc error: code = DeadlineExceeded desc = context deadline exceeded

ERROR: Status 500 - Body: rpc error: code = DeadlineExceeded desc = stream terminated by RST_STREAM with error code: CANCEL
 | media_ids: [611077365964166386, 532027353513114974, 284900477049017861, 178680909440537451] | media_types: ["png", "png", "png", "png"]
ERROR: Status 500 - Body: rpc error: code = DeadlineExceeded desc = context deadline exceeded
 | media_ids: [572915918593522174, 433140304010990537] | media_types: ["png", "png"]
ERROR: Status 500 - Body: rpc error: code = DeadlineExceeded desc = stream terminated by RST_STREAM with error code: CANCEL

ERROR: Status 500 - Body: rpc error: code = DeadlineExceeded desc = context deadline exceeded

script_want_response
Running 2m test @ http://10.10.1.1:13050
  1 threads and 10 connections

  Thread calibration: mean lat.: 879.227ms, rate sampling interval: 6123ms

-----------------------------------------------------------------------
Test Results @ http://10.10.1.1:13050 
  Thread Stats   Avg      Stdev     99%   +/- Stdev
    Latency    13.16ms    1.45ms  16.20ms   78.59%
    Req/Sec    99.57      0.82   101.00    100.00%
  Latency Distribution (HdrHistogram - Recorded Latency)
 50.000%   13.20ms
 75.000%   13.95ms
 90.000%   14.72ms
 99.000%   16.20ms
 99.900%   22.53ms
 99.990%   30.37ms
 99.999%   30.77ms
100.000%   30.77ms

  Detailed Percentile spectrum:
       Value   Percentile   TotalCount 1/(1-Percentile)

       7.055     0.000000            1         1.00
      11.703     0.100000          902         1.11
      12.303     0.200000         1808         1.25
      12.655     0.300000         2718         1.43
      12.951     0.400000         3629         1.67
      13.199     0.500000         4518         2.00
      13.335     0.550000         4951         2.22
      13.471     0.600000         5427         2.50
      13.623     0.650000         5857         2.86
      13.775     0.700000         6302         3.33
      13.951     0.750000         6762         4.00
      14.047     0.775000         6982         4.44
      14.151     0.800000         7215         5.00
      14.271     0.825000         7435         5.71
      14.407     0.850000         7654         6.67
      14.551     0.875000         7877         8.00
      14.631     0.887500         7999         8.89
      14.719     0.900000         8112        10.00
      14.815     0.912500         8220        11.43
      14.927     0.925000         8332        13.33
      15.031     0.937500         8438        16.00
      15.087     0.943750         8501        17.78
      15.151     0.950000         8550        20.00
      15.239     0.956250         8610        22.86
      15.343     0.962500         8666        26.67
      15.423     0.968750         8720        32.00
      15.511     0.971875         8751        35.56
      15.607     0.975000         8775        40.00
      15.671     0.978125         8804        45.71
      15.759     0.981250         8838        53.33
      15.839     0.984375         8863        64.00
      15.895     0.985938         8877        71.11
      15.959     0.987500         8889        80.00
      16.055     0.989062         8902        91.43
      16.271     0.990625         8916       106.67
      16.559     0.992188         8930       128.00
      16.703     0.992969         8937       142.22
      16.895     0.993750         8944       160.00
      17.263     0.994531         8951       182.86
      17.695     0.995313         8958       213.33
      17.967     0.996094         8965       256.00
      18.159     0.996484         8969       284.44
      18.191     0.996875         8972       320.00
      18.575     0.997266         8976       365.71
      18.735     0.997656         8979       426.67
      18.879     0.998047         8983       512.00
      19.343     0.998242         8985       568.89
      19.471     0.998437         8986       640.00
      19.951     0.998633         8988       731.43
      21.343     0.998828         8990       853.33
      22.543     0.999023         8992      1024.00
      22.751     0.999121         8993      1137.78
      22.751     0.999219         8993      1280.00
      23.839     0.999316         8994      1462.86
      27.295     0.999414         8995      1706.67
      28.143     0.999512         8996      2048.00
      28.639     0.999561         8997      2275.56
      28.639     0.999609         8997      2560.00
      28.639     0.999658         8997      2925.71
      30.175     0.999707         8998      3413.33
      30.175     0.999756         8998      4096.00
      30.367     0.999780         8999      4551.11
      30.367     0.999805         8999      5120.00
      30.367     0.999829         8999      5851.43
      30.367     0.999854         8999      6826.67
      30.367     0.999878         8999      8192.00
      30.767     0.999890         9000      9102.22
      30.767     1.000000         9000          inf
#[Mean    =       13.163, StdDeviation   =        1.454]
#[Max     =       30.752, Total count    =         9000]
#[Buckets =           27, SubBuckets     =         2048]
-----------------------------------------------------------------------
  9990 requests in 1.67m, 1.55MB read
  Non-2xx or 3xx responses: 10
Requests/sec:     99.89  
Transfer/sec:     15.88KB
