setup: assigned thread_id=1
init: final thread_id=1, base_seed=nil
setup: assigned thread_id=2
init: final thread_id=2, base_seed=nil
setup: assigned thread_id=3
init: final thread_id=3, base_seed=nil
setup: assigned thread_id=4
init: final thread_id=4, base_seed=nil
setup: assigned thread_id=5
init: final thread_id=5, base_seed=nil
setup: assigned thread_id=6
init: final thread_id=6, base_seed=nil
setup: assigned thread_id=7
init: final thread_id=7, base_seed=nil
setup: assigned thread_id=8
init: final thread_id=8, base_seed=nil
setup: assigned thread_id=9
init: final thread_id=9, base_seed=nil
setup: assigned thread_id=10
init: final thread_id=10, base_seed=nil
setup: assigned thread_id=11
init: final thread_id=11, base_seed=nil
setup: assigned thread_id=12
init: final thread_id=12, base_seed=nil
setup: assigned thread_id=13
init: final thread_id=13, base_seed=nil
setup: assigned thread_id=14
init: final thread_id=14, base_seed=nil
setup: assigned thread_id=15
init: final thread_id=15, base_seed=nil
setup: assigned thread_id=16
init: final thread_id=16, base_seed=nil
setup: assigned thread_id=17
init: final thread_id=17, base_seed=nil
setup: assigned thread_id=18
init: final thread_id=18, base_seed=nil
setup: assigned thread_id=19
init: final thread_id=19, base_seed=nil
setup: assigned thread_id=20
init: final thread_id=20, base_seed=nil
script_want_response
Running 1m test @ http://10.10.1.1:30562
  20 threads and 200 connections

  Thread calibration: mean lat.: 21.831ms, rate sampling interval: 78ms
  Thread calibration: mean lat.: 15.975ms, rate sampling interval: 44ms
  Thread calibration: mean lat.: 19.619ms, rate sampling interval: 58ms
  Thread calibration: mean lat.: 31.432ms, rate sampling interval: 102ms
  Thread calibration: mean lat.: 34.239ms, rate sampling interval: 105ms
  Thread calibration: mean lat.: 36.889ms, rate sampling interval: 111ms
  Thread calibration: mean lat.: 39.802ms, rate sampling interval: 118ms
  Thread calibration: mean lat.: 43.039ms, rate sampling interval: 123ms
  Thread calibration: mean lat.: 44.771ms, rate sampling interval: 124ms
  Thread calibration: mean lat.: 45.181ms, rate sampling interval: 122ms
  Thread calibration: mean lat.: 48.069ms, rate sampling interval: 124ms
  Thread calibration: mean lat.: 47.853ms, rate sampling interval: 123ms
  Thread calibration: mean lat.: 49.220ms, rate sampling interval: 123ms
  Thread calibration: mean lat.: 50.032ms, rate sampling interval: 122ms
  Thread calibration: mean lat.: 51.262ms, rate sampling interval: 122ms
  Thread calibration: mean lat.: 51.458ms, rate sampling interval: 121ms
  Thread calibration: mean lat.: 51.967ms, rate sampling interval: 120ms
  Thread calibration: mean lat.: 51.947ms, rate sampling interval: 119ms
  Thread calibration: mean lat.: 51.605ms, rate sampling interval: 118ms
  Thread calibration: mean lat.: 50.857ms, rate sampling interval: 115ms

-----------------------------------------------------------------------
Test Results @ http://10.10.1.1:30562 
  Thread Stats   Avg      Stdev     99%   +/- Stdev
    Latency    40.99ms   30.66ms 210.82ms   95.53%
    Req/Sec   100.15     48.78   232.00     73.47%
  Latency Distribution (HdrHistogram - Recorded Latency)
 50.000%   35.29ms
 75.000%   49.12ms
 90.000%   58.78ms
 99.000%  210.82ms
 99.900%  296.19ms
 99.990%  315.39ms
 99.999%  318.21ms
100.000%  326.40ms

  Detailed Percentile spectrum:
       Value   Percentile   TotalCount 1/(1-Percentile)

       9.871     0.000000            1         1.00
      16.559     0.100000        10008         1.11
      24.399     0.200000        20012         1.25
      29.151     0.300000        30043         1.43
      32.303     0.400000        40041         1.67
      35.295     0.500000        50034         2.00
      36.991     0.550000        55005         2.22
      39.327     0.600000        60026         2.50
      42.527     0.650000        65023         2.86
      45.983     0.700000        70003         3.33
      49.119     0.750000        75008         4.00
      50.527     0.775000        77510         4.44
      51.967     0.800000        80032         5.00
      53.375     0.825000        82513         5.71
      54.943     0.850000        85005         6.67
      56.703     0.875000        87531         8.00
      57.663     0.887500        88753         8.89
      58.783     0.900000        90008        10.00
      60.095     0.912500        91253        11.43
      61.823     0.925000        92506        13.33
      64.159     0.937500        93755        16.00
      65.791     0.943750        94378        17.78
      68.159     0.950000        95002        20.00
      72.063     0.956250        95625        22.86
      78.335     0.962500        96256        26.67
      86.271     0.968750        96877        32.00
      94.719     0.971875        97188        35.56
     106.431     0.975000        97500        40.00
     126.975     0.978125        97813        45.71
     139.647     0.981250        98126        53.33
     168.831     0.984375        98440        64.00
     178.175     0.985938        98598        71.11
     194.175     0.987500        98751        80.00
     206.463     0.989062        98908        91.43
     216.703     0.990625        99063       106.67
     234.879     0.992188        99219       128.00
     238.975     0.992969        99298       142.22
     243.455     0.993750        99375       160.00
     251.647     0.994531        99454       182.86
     256.895     0.995313        99532       213.33
     265.215     0.996094        99613       256.00
     269.823     0.996484        99651       284.44
     280.319     0.996875        99690       320.00
     283.135     0.997266        99728       365.71
     286.719     0.997656        99773       426.67
     288.767     0.998047        99805       512.00
     289.791     0.998242        99825       568.89
     291.327     0.998437        99845       640.00
     292.607     0.998633        99864       731.43
     294.399     0.998828        99883       853.33
     296.191     0.999023        99903      1024.00
     297.983     0.999121        99917      1137.78
     298.495     0.999219        99924      1280.00
     299.519     0.999316        99932      1462.86
     301.055     0.999414        99945      1706.67
     302.079     0.999512        99952      2048.00
     302.591     0.999561        99958      2275.56
     303.103     0.999609        99962      2560.00
     303.871     0.999658        99967      2925.71
     304.895     0.999707        99971      3413.33
     305.663     0.999756        99977      4096.00
     306.175     0.999780        99979      4551.11
     308.223     0.999805        99981      5120.00
     311.807     0.999829        99983      5851.43
     314.111     0.999854        99986      6826.67
     314.879     0.999878        99988      8192.00
     315.391     0.999890        99992      9102.22
     315.391     0.999902        99992     10240.00
     315.391     0.999915        99992     11702.86
     315.647     0.999927        99993     13653.33
     316.159     0.999939        99995     16384.00
     316.159     0.999945        99995     18204.44
     316.415     0.999951        99996     20480.00
     316.415     0.999957        99996     23405.71
     316.927     0.999963        99997     27306.67
     316.927     0.999969        99997     32768.00
     317.695     0.999973        99998     36408.89
     317.695     0.999976        99998     40960.00
     317.695     0.999979        99998     46811.43
     318.207     0.999982        99999     54613.33
     318.207     0.999985        99999     65536.00
     318.207     0.999986        99999     72817.78
     318.207     0.999988        99999     81920.00
     318.207     0.999989        99999     93622.86
     326.399     0.999991       100000    109226.67
     326.399     1.000000       100000          inf
#[Mean    =       40.987, StdDeviation   =       30.659]
#[Max     =      326.144, Total count    =       100000]
#[Buckets =           27, SubBuckets     =         2048]
-----------------------------------------------------------------------
  119600 requests in 1.00m, 18.55MB read
Requests/sec:   1992.94  
Transfer/sec:    316.51KB
