setup: assigned thread_id=1
init: final thread_id=1, base_seed=nil
setup: assigned thread_id=2
init: final thread_id=2, base_seed=nil
setup: assigned thread_id=3
init: final thread_id=3, base_seed=nil
setup: assigned thread_id=4
init: final thread_id=4, base_seed=nil
setup: assigned thread_id=5
init: final thread_id=5, base_seed=nil
setup: assigned thread_id=6
init: final thread_id=6, base_seed=nil
setup: assigned thread_id=7
init: final thread_id=7, base_seed=nil
setup: assigned thread_id=8
init: final thread_id=8, base_seed=nil
setup: assigned thread_id=9
init: final thread_id=9, base_seed=nil
setup: assigned thread_id=10
init: final thread_id=10, base_seed=nil
setup: assigned thread_id=11
init: final thread_id=11, base_seed=nil
setup: assigned thread_id=12
init: final thread_id=12, base_seed=nil
setup: assigned thread_id=13
init: final thread_id=13, base_seed=nil
setup: assigned thread_id=14
init: final thread_id=14, base_seed=nil
setup: assigned thread_id=15
init: final thread_id=15, base_seed=nil
setup: assigned thread_id=16
init: final thread_id=16, base_seed=nil
setup: assigned thread_id=17
init: final thread_id=17, base_seed=nil
setup: assigned thread_id=18
init: final thread_id=18, base_seed=nil
setup: assigned thread_id=19
init: final thread_id=19, base_seed=nil
setup: assigned thread_id=20
init: final thread_id=20, base_seed=nil
script_want_response
Running 5m test @ http://10.10.1.1:30562
  20 threads and 200 connections

  Thread calibration: mean lat.: 50.345ms, rate sampling interval: 225ms
  Thread calibration: mean lat.: 53.590ms, rate sampling interval: 244ms
  Thread calibration: mean lat.: 57.412ms, rate sampling interval: 258ms
  Thread calibration: mean lat.: 59.783ms, rate sampling interval: 262ms
  Thread calibration: mean lat.: 63.956ms, rate sampling interval: 281ms
  Thread calibration: mean lat.: 67.128ms, rate sampling interval: 285ms
  Thread calibration: mean lat.: 69.714ms, rate sampling interval: 284ms
  Thread calibration: mean lat.: 70.805ms, rate sampling interval: 283ms
  Thread calibration: mean lat.: 72.235ms, rate sampling interval: 282ms
  Thread calibration: mean lat.: 74.570ms, rate sampling interval: 283ms
  Thread calibration: mean lat.: 75.477ms, rate sampling interval: 280ms
  Thread calibration: mean lat.: 77.266ms, rate sampling interval: 282ms
  Thread calibration: mean lat.: 78.429ms, rate sampling interval: 286ms
  Thread calibration: mean lat.: 77.569ms, rate sampling interval: 279ms
  Thread calibration: mean lat.: 78.034ms, rate sampling interval: 284ms
  Thread calibration: mean lat.: 78.268ms, rate sampling interval: 285ms
  Thread calibration: mean lat.: 77.888ms, rate sampling interval: 285ms
  Thread calibration: mean lat.: 77.598ms, rate sampling interval: 287ms
  Thread calibration: mean lat.: 77.736ms, rate sampling interval: 304ms
  Thread calibration: mean lat.: 76.932ms, rate sampling interval: 302ms

-----------------------------------------------------------------------
Test Results @ http://10.10.1.1:30562 
  Thread Stats   Avg      Stdev     99%   +/- Stdev
    Latency    52.98ms   27.75ms 186.37ms   86.99%
    Req/Sec    99.71     11.85   132.00     80.51%
  Latency Distribution (HdrHistogram - Recorded Latency)
 50.000%   49.95ms
 75.000%   59.58ms
 90.000%   69.12ms
 99.000%  186.37ms
 99.900%  291.84ms
 99.990%  326.14ms
 99.999%  332.54ms
100.000%  346.88ms

  Detailed Percentile spectrum:
       Value   Percentile   TotalCount 1/(1-Percentile)

      10.023     0.000000            1         1.00
      29.791     0.100000        58009         1.11
      38.335     0.200000       116222         1.25
      42.815     0.300000       174195         1.43
      46.495     0.400000       232209         1.67
      49.951     0.500000       290458         2.00
      51.679     0.550000       319289         2.22
      53.471     0.600000       348168         2.50
      55.359     0.650000       377121         2.86
      57.375     0.700000       406133         3.33
      59.583     0.750000       435280         4.00
      60.767     0.775000       449738         4.44
      62.015     0.800000       464176         5.00
      63.391     0.825000       478518         5.71
      64.959     0.850000       493228         6.67
      66.815     0.875000       507899         8.00
      67.839     0.887500       514753         8.89
      69.119     0.900000       522075        10.00
      70.783     0.912500       529422        11.43
      73.023     0.925000       536500        13.33
      76.927     0.937500       543813        16.00
      80.319     0.943750       547381        17.78
      85.951     0.950000       551011        20.00
      94.975     0.956250       554633        22.86
     103.679     0.962500       558273        26.67
     112.767     0.968750       561885        32.00
     118.847     0.971875       563700        35.56
     127.807     0.975000       565503        40.00
     135.423     0.978125       567331        45.71
     143.743     0.981250       569133        53.33
     153.727     0.984375       570952        64.00
     159.231     0.985938       571849        71.11
     166.911     0.987500       572758        80.00
     178.431     0.989062       573659        91.43
     190.079     0.990625       574569       106.67
     204.159     0.992188       575476       128.00
     209.279     0.992969       575926       142.22
     217.215     0.993750       576380       160.00
     223.359     0.994531       576835       182.86
     229.119     0.995313       577286       213.33
     237.567     0.996094       577737       256.00
     243.199     0.996484       577962       284.44
     247.935     0.996875       578189       320.00
     254.079     0.997266       578417       365.71
     260.095     0.997656       578644       426.67
     267.007     0.998047       578869       512.00
     271.103     0.998242       578983       568.89
     276.223     0.998437       579095       640.00
     282.623     0.998633       579211       731.43
     287.999     0.998828       579325       853.33
     292.095     0.999023       579434      1024.00
     294.143     0.999121       579494      1137.78
     296.447     0.999219       579550      1280.00
     299.775     0.999316       579604      1462.86
     303.359     0.999414       579662      1706.67
     313.343     0.999512       579719      2048.00
     315.135     0.999561       579750      2275.56
     316.671     0.999609       579775      2560.00
     318.207     0.999658       579802      2925.71
     319.743     0.999707       579832      3413.33
     321.023     0.999756       579863      4096.00
     321.791     0.999780       579875      4551.11
     322.559     0.999805       579893      5120.00
     323.071     0.999829       579903      5851.43
     324.351     0.999854       579917      6826.67
     325.119     0.999878       579930      8192.00
     325.887     0.999890       579939      9102.22
     326.399     0.999902       579947     10240.00
     326.655     0.999915       579951     11702.86
     327.167     0.999927       579963     13653.33
     327.679     0.999939       579968     16384.00
     327.935     0.999945       579971     18204.44
     328.191     0.999951       579972     20480.00
     328.703     0.999957       579977     23405.71
     328.959     0.999963       579980     27306.67
     329.471     0.999969       579983     32768.00
     330.239     0.999973       579985     36408.89
     330.751     0.999976       579988     40960.00
     330.751     0.999979       579988     46811.43
     331.519     0.999982       579990     54613.33
     332.287     0.999985       579992     65536.00
     332.543     0.999986       579997     72817.78
     332.543     0.999988       579997     81920.00
     332.543     0.999989       579997     93622.86
     332.543     0.999991       579997    109226.67
     332.543     0.999992       579997    131072.00
     332.543     0.999993       579997    145635.56
     332.543     0.999994       579997    163840.00
     332.543     0.999995       579997    187245.71
     334.335     0.999995       579998    218453.33
     334.335     0.999996       579998    262144.00
     336.383     0.999997       579999    291271.11
     336.383     0.999997       579999    327680.00
     336.383     0.999997       579999    374491.43
     336.383     0.999998       579999    436906.67
     336.383     0.999998       579999    524288.00
     346.879     0.999998       580000    582542.22
     346.879     1.000000       580000          inf
#[Mean    =       52.981, StdDeviation   =       27.752]
#[Max     =      346.624, Total count    =       580000]
#[Buckets =           27, SubBuckets     =         2048]
-----------------------------------------------------------------------
  599806 requests in 5.00m, 93.01MB read
Requests/sec:   1999.21  
Transfer/sec:    317.46KB
