setup: assigned thread_id=1
init: final thread_id=1, base_seed=nil
script_want_response
Running 1m test @ http://10.10.1.1:30562
  1 threads and 10 connections

  Thread calibration: mean lat.: 11.758ms, rate sampling interval: 25ms

-----------------------------------------------------------------------
Test Results @ http://10.10.1.1:30562 
  Thread Stats   Avg      Stdev     99%   +/- Stdev
    Latency    11.78ms    2.20ms  14.22ms   98.36%
    Req/Sec   101.69    159.43   416.00     78.28%
  Latency Distribution (HdrHistogram - Recorded Latency)
 50.000%   11.65ms
 75.000%   12.26ms
 90.000%   12.84ms
 99.000%   14.22ms
 99.900%   24.48ms
 99.990%   84.99ms
 99.999%  117.50ms
100.000%  117.50ms

  Detailed Percentile spectrum:
       Value   Percentile   TotalCount 1/(1-Percentile)

       9.255     0.000000            1         1.00
      10.671     0.100000          505         1.11
      11.007     0.200000         1011         1.25
      11.247     0.300000         1502         1.43
      11.447     0.400000         2009         1.67
      11.655     0.500000         2514         2.00
      11.767     0.550000         2776         2.22
      11.871     0.600000         3010         2.50
      11.999     0.650000         3254         2.86
      12.119     0.700000         3511         3.33
      12.255     0.750000         3756         4.00
      12.319     0.775000         3881         4.44
      12.407     0.800000         4007         5.00
      12.495     0.825000         4128         5.71
      12.591     0.850000         4259         6.67
      12.703     0.875000         4375         8.00
      12.775     0.887500         4438         8.89
      12.839     0.900000         4501        10.00
      12.919     0.912500         4564        11.43
      13.015     0.925000         4629        13.33
      13.119     0.937500         4690        16.00
      13.191     0.943750         4721        17.78
      13.271     0.950000         4752        20.00
      13.351     0.956250         4783        22.86
      13.423     0.962500         4814        26.67
      13.519     0.968750         4845        32.00
      13.583     0.971875         4861        35.56
      13.663     0.975000         4875        40.00
      13.743     0.978125         4893        45.71
      13.895     0.981250         4907        53.33
      13.983     0.984375         4923        64.00
      14.031     0.985938         4930        71.11
      14.103     0.987500         4938        80.00
      14.183     0.989062         4946        91.43
      14.279     0.990625         4954       106.67
      14.495     0.992188         4961       128.00
      14.575     0.992969         4965       142.22
      14.719     0.993750         4969       160.00
      14.975     0.994531         4973       182.86
      15.167     0.995313         4977       213.33
      15.319     0.996094         4981       256.00
      15.431     0.996484         4984       284.44
      16.271     0.996875         4985       320.00
      16.431     0.997266         4987       365.71
      16.783     0.997656         4989       426.67
      16.927     0.998047         4991       512.00
      16.943     0.998242         4992       568.89
      18.255     0.998437         4993       640.00
      18.735     0.998633         4994       731.43
      24.479     0.998828         4995       853.33
      27.359     0.999023         4996      1024.00
      27.359     0.999121         4996      1137.78
      30.207     0.999219         4997      1280.00
      30.207     0.999316         4997      1462.86
      65.663     0.999414         4998      1706.67
      65.663     0.999512         4998      2048.00
      65.663     0.999561         4998      2275.56
      84.991     0.999609         4999      2560.00
      84.991     0.999658         4999      2925.71
      84.991     0.999707         4999      3413.33
      84.991     0.999756         4999      4096.00
      84.991     0.999780         4999      4551.11
     117.503     0.999805         5000      5120.00
     117.503     1.000000         5000          inf
#[Mean    =       11.782, StdDeviation   =        2.198]
#[Max     =      117.440, Total count    =         5000]
#[Buckets =           27, SubBuckets     =         2048]
-----------------------------------------------------------------------
  5990 requests in 1.00m, 0.93MB read
Requests/sec:     99.81  
Transfer/sec:     15.84KB
