setup: assigned thread_id=1
init: final thread_id=1, base_seed=nil
setup: assigned thread_id=2
init: final thread_id=2, base_seed=nil
setup: assigned thread_id=3
init: final thread_id=3, base_seed=nil
setup: assigned thread_id=4
init: final thread_id=4, base_seed=nil
setup: assigned thread_id=5
init: final thread_id=5, base_seed=nil
setup: assigned thread_id=6
init: final thread_id=6, base_seed=nil
setup: assigned thread_id=7
init: final thread_id=7, base_seed=nil
setup: assigned thread_id=8
init: final thread_id=8, base_seed=nil
setup: assigned thread_id=9
init: final thread_id=9, base_seed=nil
setup: assigned thread_id=10
init: final thread_id=10, base_seed=nil
setup: assigned thread_id=11
init: final thread_id=11, base_seed=nil
setup: assigned thread_id=12
init: final thread_id=12, base_seed=nil
setup: assigned thread_id=13
init: final thread_id=13, base_seed=nil
setup: assigned thread_id=14
init: final thread_id=14, base_seed=nil
setup: assigned thread_id=15
init: final thread_id=15, base_seed=nil
setup: assigned thread_id=16
init: final thread_id=16, base_seed=nil
setup: assigned thread_id=17
init: final thread_id=17, base_seed=nil
setup: assigned thread_id=18
init: final thread_id=18, base_seed=nil
setup: assigned thread_id=19
init: final thread_id=19, base_seed=nil
setup: assigned thread_id=20
init: final thread_id=20, base_seed=nil
script_want_response
Running 1m test @ http://10.10.1.1:24391
  20 threads and 200 connections

  Thread calibration: mean lat.: 10.127ms, rate sampling interval: 31ms
  Thread calibration: mean lat.: 10.885ms, rate sampling interval: 37ms
  Thread calibration: mean lat.: 11.981ms, rate sampling interval: 39ms
  Thread calibration: mean lat.: 13.034ms, rate sampling interval: 42ms
  Thread calibration: mean lat.: 16.459ms, rate sampling interval: 55ms
  Thread calibration: mean lat.: 10.764ms, rate sampling interval: 31ms
  Thread calibration: mean lat.: 17.728ms, rate sampling interval: 59ms
  Thread calibration: mean lat.: 19.261ms, rate sampling interval: 61ms
  Thread calibration: mean lat.: 20.649ms, rate sampling interval: 63ms
  Thread calibration: mean lat.: 21.952ms, rate sampling interval: 64ms
  Thread calibration: mean lat.: 23.019ms, rate sampling interval: 65ms
  Thread calibration: mean lat.: 23.069ms, rate sampling interval: 63ms
  Thread calibration: mean lat.: 23.739ms, rate sampling interval: 64ms
  Thread calibration: mean lat.: 24.424ms, rate sampling interval: 64ms
  Thread calibration: mean lat.: 24.314ms, rate sampling interval: 63ms
  Thread calibration: mean lat.: 24.040ms, rate sampling interval: 62ms
  Thread calibration: mean lat.: 23.697ms, rate sampling interval: 61ms
  Thread calibration: mean lat.: 23.187ms, rate sampling interval: 59ms
  Thread calibration: mean lat.: 22.655ms, rate sampling interval: 58ms
  Thread calibration: mean lat.: 22.006ms, rate sampling interval: 55ms

-----------------------------------------------------------------------
Test Results @ http://10.10.1.1:24391 
  Thread Stats   Avg      Stdev     99%   +/- Stdev
    Latency    23.10ms   11.53ms  59.29ms   69.57%
    Req/Sec   100.77     89.15   333.00     58.77%
  Latency Distribution (HdrHistogram - Recorded Latency)
 50.000%   22.06ms
 75.000%   28.88ms
 90.000%   37.22ms
 99.000%   59.29ms
 99.900%   86.33ms
 99.990%   99.65ms
 99.999%  115.07ms
100.000%  115.78ms

  Detailed Percentile spectrum:
       Value   Percentile   TotalCount 1/(1-Percentile)

       5.943     0.000000            1         1.00
       8.911     0.100000        10001         1.11
      12.647     0.200000        20012         1.25
      16.623     0.300000        30021         1.43
      19.551     0.400000        40048         1.67
      22.063     0.500000        50006         2.00
      23.295     0.550000        55001         2.22
      24.527     0.600000        60004         2.50
      25.839     0.650000        65021         2.86
      27.279     0.700000        70007         3.33
      28.879     0.750000        75016         4.00
      29.791     0.775000        77516         4.44
      30.751     0.800000        79999         5.00
      31.951     0.825000        82508         5.71
      33.311     0.850000        85029         6.67
      35.039     0.875000        87530         8.00
      36.063     0.887500        88774         8.89
      37.215     0.900000        90004        10.00
      38.719     0.912500        91252        11.43
      40.415     0.925000        92507        13.33
      42.431     0.937500        93756        16.00
      43.455     0.943750        94384        17.78
      44.543     0.950000        95011        20.00
      45.727     0.956250        95639        22.86
      47.135     0.962500        96248        26.67
      48.895     0.968750        96873        32.00
      49.759     0.971875        97187        35.56
      50.719     0.975000        97497        40.00
      51.903     0.978125        97812        45.71
      53.247     0.981250        98127        53.33
      54.975     0.984375        98434        64.00
      56.031     0.985938        98591        71.11
      57.311     0.987500        98749        80.00
      58.591     0.989062        98903        91.43
      59.903     0.990625        99062       106.67
      61.887     0.992188        99216       128.00
      63.103     0.992969        99293       142.22
      64.351     0.993750        99373       160.00
      65.855     0.994531        99450       182.86
      67.519     0.995313        99530       213.33
      69.759     0.996094        99607       256.00
      71.167     0.996484        99645       284.44
      72.447     0.996875        99684       320.00
      74.495     0.997266        99723       365.71
      77.503     0.997656        99762       426.67
      80.383     0.998047        99801       512.00
      81.407     0.998242        99821       568.89
      82.815     0.998437        99840       640.00
      83.903     0.998633        99860       731.43
      85.183     0.998828        99879       853.33
      86.463     0.999023        99899      1024.00
      87.103     0.999121        99910      1137.78
      87.551     0.999219        99919      1280.00
      88.063     0.999316        99928      1462.86
      88.831     0.999414        99939      1706.67
      89.535     0.999512        99950      2048.00
      89.727     0.999561        99953      2275.56
      89.983     0.999609        99957      2560.00
      91.071     0.999658        99962      2925.71
      91.519     0.999707        99968      3413.33
      92.351     0.999756        99973      4096.00
      92.671     0.999780        99975      4551.11
      93.503     0.999805        99977      5120.00
      93.695     0.999829        99979      5851.43
      96.575     0.999854        99982      6826.67
      98.815     0.999878        99984      8192.00
      99.647     0.999890        99986      9102.22
     100.415     0.999902        99987     10240.00
     100.607     0.999915        99988     11702.86
     102.783     0.999927        99989     13653.33
     105.023     0.999939        99990     16384.00
     106.111     0.999945        99991     18204.44
     109.439     0.999951        99993     20480.00
     109.439     0.999957        99993     23405.71
     109.439     0.999963        99993     27306.67
     109.439     0.999969        99993     32768.00
     110.399     0.999973        99994     36408.89
     110.399     0.999976        99994     40960.00
     110.399     0.999979        99994     46811.43
     115.071     0.999982        99995     54613.33
     115.071     0.999985        99995     65536.00
     115.071     0.999986        99995     72817.78
     115.071     0.999988        99995     81920.00
     115.071     0.999989        99995     93622.86
     115.775     0.999991        99996    109226.67
     115.775     1.000000        99996          inf
#[Mean    =       23.103, StdDeviation   =       11.533]
#[Max     =      115.712, Total count    =        99996]
#[Buckets =           27, SubBuckets     =         2048]
-----------------------------------------------------------------------
  119705 requests in 1.00m, 18.56MB read
Requests/sec:   1994.65  
Transfer/sec:    316.76KB
