Running 5m test @ http://10.10.1.1:16364/Spam?n=100
  9 threads and 18 connections

  Thread calibration: mean lat.: 0.966ms, rate sampling interval: 10ms
  Thread calibration: mean lat.: 1.074ms, rate sampling interval: 10ms
  Thread calibration: mean lat.: 3.440ms, rate sampling interval: 10ms
  Thread calibration: mean lat.: 1.238ms, rate sampling interval: 10ms
  Thread calibration: mean lat.: 3.793ms, rate sampling interval: 10ms
  Thread calibration: mean lat.: 1.216ms, rate sampling interval: 10ms
  Thread calibration: mean lat.: 1.024ms, rate sampling interval: 10ms
  Thread calibration: mean lat.: 0.967ms, rate sampling interval: 10ms
  Thread calibration: mean lat.: 0.972ms, rate sampling interval: 10ms

-----------------------------------------------------------------------
Test Results @ http://10.10.1.1:16364/Spam?n=100 
  Thread Stats   Avg      Stdev     99%   +/- Stdev
    Latency     1.34ms    3.20ms   7.26ms   98.34%
    Req/Sec   478.74     83.21   666.00     87.95%
  Latency Distribution (HdrHistogram - Recorded Latency)
 50.000%    0.93ms
 75.000%    1.25ms
 90.000%    1.90ms
 99.000%    7.26ms
 99.900%   43.74ms
 99.990%  145.54ms
 99.999%  216.96ms
100.000%  252.54ms

  Detailed Percentile spectrum:
       Value   Percentile   TotalCount 1/(1-Percentile)

       0.027     0.000000            1         1.00
       0.763     0.100000       121203         1.11
       0.794     0.200000       237160         1.25
       0.828     0.300000       356096         1.43
       0.873     0.400000       474584         1.67
       0.934     0.500000       592668         2.00
       0.973     0.550000       652684         2.22
       1.019     0.600000       711644         2.50
       1.075     0.650000       770538         2.86
       1.152     0.700000       829990         3.33
       1.247     0.750000       889210         4.00
       1.304     0.775000       918415         4.44
       1.362     0.800000       948136         5.00
       1.420     0.825000       978012         5.71
       1.496     0.850000      1007274         6.67
       1.727     0.875000      1036921         8.00
       1.854     0.887500      1051878         8.89
       1.900     0.900000      1066534        10.00
       1.940     0.912500      1081324        11.43
       1.986     0.925000      1096155        13.33
       2.055     0.937500      1111127        16.00
       2.109     0.943750      1118549        17.78
       2.179     0.950000      1125824        20.00
       2.273     0.956250      1133282        22.86
       2.429     0.962500      1140584        26.67
       2.743     0.968750      1147987        32.00
       3.005     0.971875      1151691        35.56
       3.339     0.975000      1155376        40.00
       3.695     0.978125      1159097        45.71
       4.127     0.981250      1162798        53.33
       4.823     0.984375      1166486        64.00
       5.347     0.985938      1168345        71.11
       5.975     0.987500      1170189        80.00
       6.723     0.989062      1172050        91.43
       7.675     0.990625      1173895       106.67
       8.927     0.992188      1175744       128.00
       9.711     0.992969      1176673       142.22
      10.607     0.993750      1177598       160.00
      11.711     0.994531      1178530       182.86
      13.143     0.995313      1179445       213.33
      14.879     0.996094      1180371       256.00
      16.151     0.996484      1180835       284.44
      17.695     0.996875      1181299       320.00
      19.711     0.997266      1181761       365.71
      22.751     0.997656      1182224       426.67
      27.199     0.998047      1182685       512.00
      29.679     0.998242      1182916       568.89
      32.511     0.998437      1183148       640.00
      35.583     0.998633      1183379       731.43
      39.647     0.998828      1183611       853.33
      44.319     0.999023      1183844      1024.00
      47.071     0.999121      1183958      1137.78
      50.367     0.999219      1184074      1280.00
      54.239     0.999316      1184189      1462.86
      58.015     0.999414      1184305      1706.67
      63.231     0.999512      1184421      2048.00
      66.111     0.999561      1184479      2275.56
      70.079     0.999609      1184538      2560.00
      74.367     0.999658      1184595      2925.71
      79.103     0.999707      1184652      3413.33
      86.719     0.999756      1184710      4096.00
      91.775     0.999780      1184739      4551.11
      97.343     0.999805      1184768      5120.00
     107.711     0.999829      1184797      5851.43
     120.191     0.999854      1184826      6826.67
     134.015     0.999878      1184855      8192.00
     139.903     0.999890      1184869      9102.22
     146.175     0.999902      1184884     10240.00
     150.271     0.999915      1184898     11702.86
     154.879     0.999927      1184914     13653.33
     160.255     0.999939      1184927     16384.00
     164.223     0.999945      1184934     18204.44
     169.343     0.999951      1184942     20480.00
     180.351     0.999957      1184949     23405.71
     191.103     0.999963      1184956     27306.67
     197.247     0.999969      1184963     32768.00
     201.343     0.999973      1184967     36408.89
     206.079     0.999976      1184971     40960.00
     207.103     0.999979      1184974     46811.43
     210.047     0.999982      1184978     54613.33
     211.711     0.999985      1184981     65536.00
     212.863     0.999986      1184983     72817.78
     214.527     0.999988      1184985     81920.00
     216.959     0.999989      1184987     93622.86
     223.999     0.999991      1184989    109226.67
     225.791     0.999992      1184990    131072.00
     229.631     0.999993      1184991    145635.56
     231.423     0.999994      1184992    163840.00
     234.367     0.999995      1184993    187245.71
     237.055     0.999995      1184994    218453.33
     240.639     0.999996      1184995    262144.00
     240.639     0.999997      1184995    291271.11
     243.327     0.999997      1184996    327680.00
     243.327     0.999997      1184996    374491.43
     247.039     0.999998      1184997    436906.67
     247.039     0.999998      1184997    524288.00
     247.039     0.999998      1184997    582542.22
     249.855     0.999998      1184998    655360.00
     249.855     0.999999      1184998    748982.86
     249.855     0.999999      1184998    873813.33
     249.855     0.999999      1184998   1048576.00
     249.855     0.999999      1184998   1165084.44
     252.543     0.999999      1184999   1310720.00
     252.543     1.000000      1184999          inf
#[Mean    =        1.340, StdDeviation   =        3.204]
#[Max     =      252.416, Total count    =      1184999]
#[Buckets =           27, SubBuckets     =         2048]
-----------------------------------------------------------------------
  1225864 requests in 5.00m, 151.98MB read
Requests/sec:   4086.20  
Transfer/sec:    518.76KB
