setup: assigned thread_id=1
init: final thread_id=1, base_seed=nil
setup: assigned thread_id=2
init: final thread_id=2, base_seed=nil
setup: assigned thread_id=3
init: final thread_id=3, base_seed=nil
setup: assigned thread_id=4
init: final thread_id=4, base_seed=nil
setup: assigned thread_id=5
init: final thread_id=5, base_seed=nil
setup: assigned thread_id=6
init: final thread_id=6, base_seed=nil
setup: assigned thread_id=7
init: final thread_id=7, base_seed=nil
setup: assigned thread_id=8
init: final thread_id=8, base_seed=nil
setup: assigned thread_id=9
init: final thread_id=9, base_seed=nil
setup: assigned thread_id=10
init: final thread_id=10, base_seed=nil
setup: assigned thread_id=11
init: final thread_id=11, base_seed=nil
setup: assigned thread_id=12
init: final thread_id=12, base_seed=nil
setup: assigned thread_id=13
init: final thread_id=13, base_seed=nil
setup: assigned thread_id=14
init: final thread_id=14, base_seed=nil
setup: assigned thread_id=15
init: final thread_id=15, base_seed=nil
setup: assigned thread_id=16
init: final thread_id=16, base_seed=nil
setup: assigned thread_id=17
init: final thread_id=17, base_seed=nil
setup: assigned thread_id=18
init: final thread_id=18, base_seed=nil
setup: assigned thread_id=19
init: final thread_id=19, base_seed=nil
setup: assigned thread_id=20
init: final thread_id=20, base_seed=nil
script_want_response
Running 5m test @ http://10.10.1.1:24391
  20 threads and 200 connections

  Thread calibration: mean lat.: 12.503ms, rate sampling interval: 45ms
  Thread calibration: mean lat.: 13.972ms, rate sampling interval: 50ms
  Thread calibration: mean lat.: 15.811ms, rate sampling interval: 58ms
  Thread calibration: mean lat.: 18.636ms, rate sampling interval: 68ms
  Thread calibration: mean lat.: 19.982ms, rate sampling interval: 69ms
  Thread calibration: mean lat.: 22.724ms, rate sampling interval: 77ms
  Thread calibration: mean lat.: 25.660ms, rate sampling interval: 84ms
  Thread calibration: mean lat.: 26.843ms, rate sampling interval: 85ms
  Thread calibration: mean lat.: 28.563ms, rate sampling interval: 88ms
  Thread calibration: mean lat.: 29.065ms, rate sampling interval: 89ms
  Thread calibration: mean lat.: 30.794ms, rate sampling interval: 93ms
  Thread calibration: mean lat.: 31.790ms, rate sampling interval: 94ms
  Thread calibration: mean lat.: 32.789ms, rate sampling interval: 95ms
  Thread calibration: mean lat.: 33.065ms, rate sampling interval: 95ms
  Thread calibration: mean lat.: 33.435ms, rate sampling interval: 93ms
  Thread calibration: mean lat.: 33.869ms, rate sampling interval: 95ms
  Thread calibration: mean lat.: 34.151ms, rate sampling interval: 95ms
  Thread calibration: mean lat.: 32.924ms, rate sampling interval: 91ms
  Thread calibration: mean lat.: 32.812ms, rate sampling interval: 91ms
  Thread calibration: mean lat.: 32.229ms, rate sampling interval: 89ms

-----------------------------------------------------------------------
Test Results @ http://10.10.1.1:24391 
  Thread Stats   Avg      Stdev     99%   +/- Stdev
    Latency    33.81ms   15.75ms  75.52ms   68.22%
    Req/Sec   100.25     45.12   222.00     73.60%
  Latency Distribution (HdrHistogram - Recorded Latency)
 50.000%   33.66ms
 75.000%   44.13ms
 90.000%   52.80ms
 99.000%   75.52ms
 99.900%  104.83ms
 99.990%  155.77ms
 99.999%  275.20ms
100.000%  345.34ms

  Detailed Percentile spectrum:
       Value   Percentile   TotalCount 1/(1-Percentile)

       6.287     0.000000            1         1.00
      11.103     0.100000        58057         1.11
      20.271     0.200000       116095         1.25
      25.359     0.300000       174195         1.43
      29.519     0.400000       232147         1.67
      33.663     0.500000       290361         2.00
      35.711     0.550000       319127         2.22
      37.759     0.600000       348299         2.50
      39.807     0.650000       377370         2.86
      41.887     0.700000       406143         3.33
      44.127     0.750000       435072         4.00
      45.311     0.775000       449770         4.44
      46.527     0.800000       464262         5.00
      47.839     0.825000       478714         5.71
      49.279     0.850000       493237         6.67
      50.879     0.875000       507602         8.00
      51.807     0.887500       514921         8.89
      52.799     0.900000       522039        10.00
      53.919     0.912500       529294        11.43
      55.231     0.925000       536574        13.33
      56.799     0.937500       543812        16.00
      57.727     0.943750       547447        17.78
      58.751     0.950000       551017        20.00
      59.935     0.956250       554654        22.86
      61.407     0.962500       558298        26.67
      63.263     0.968750       561918        32.00
      64.351     0.971875       563705        35.56
      65.599     0.975000       565513        40.00
      67.071     0.978125       567364        45.71
      68.799     0.981250       569150        53.33
      70.783     0.984375       570935        64.00
      71.935     0.985938       571885        71.11
      73.215     0.987500       572787        80.00
      74.623     0.989062       573685        91.43
      76.223     0.990625       574577       106.67
      78.271     0.992188       575487       128.00
      79.423     0.992969       575930       142.22
      80.767     0.993750       576374       160.00
      82.431     0.994531       576849       182.86
      84.031     0.995313       577285       213.33
      86.015     0.996094       577737       256.00
      87.167     0.996484       577965       284.44
      88.703     0.996875       578188       320.00
      90.367     0.997266       578416       365.71
      92.415     0.997656       578640       426.67
      95.231     0.998047       578865       512.00
      97.151     0.998242       578981       568.89
      99.007     0.998437       579093       640.00
     100.735     0.998633       579205       731.43
     102.399     0.998828       579319       853.33
     105.215     0.999023       579431      1024.00
     107.583     0.999121       579490      1137.78
     109.247     0.999219       579546      1280.00
     111.743     0.999316       579601      1462.86
     115.135     0.999414       579660      1706.67
     119.679     0.999512       579714      2048.00
     122.303     0.999561       579743      2275.56
     125.247     0.999609       579771      2560.00
     127.743     0.999658       579799      2925.71
     130.367     0.999707       579828      3413.33
     132.863     0.999756       579860      4096.00
     133.759     0.999780       579870      4551.11
     135.423     0.999805       579885      5120.00
     136.575     0.999829       579898      5851.43
     139.007     0.999854       579913      6826.67
     141.695     0.999878       579927      8192.00
     146.687     0.999890       579934      9102.22
     156.543     0.999902       579941     10240.00
     161.535     0.999915       579948     11702.86
     169.343     0.999927       579955     13653.33
     183.679     0.999939       579962     16384.00
     233.215     0.999945       579966     18204.44
     234.495     0.999951       579969     20480.00
     244.991     0.999957       579973     23405.71
     247.423     0.999963       579976     27306.67
     252.799     0.999969       579980     32768.00
     254.079     0.999973       579982     36408.89
     255.103     0.999976       579983     40960.00
     256.383     0.999979       579985     46811.43
     259.711     0.999982       579987     54613.33
     261.119     0.999985       579989     65536.00
     262.015     0.999986       579990     72817.78
     262.015     0.999988       579990     81920.00
     275.199     0.999989       579991     93622.86
     298.751     0.999991       579992    109226.67
     332.287     0.999992       579994    131072.00
     332.287     0.999993       579994    145635.56
     332.287     0.999994       579994    163840.00
     332.287     0.999995       579994    187245.71
     338.943     0.999995       579996    218453.33
     338.943     0.999996       579996    262144.00
     338.943     0.999997       579996    291271.11
     338.943     0.999997       579996    327680.00
     338.943     0.999997       579996    374491.43
     338.943     0.999998       579996    436906.67
     338.943     0.999998       579996    524288.00
     345.343     0.999998       579997    582542.22
     345.343     1.000000       579997          inf
#[Mean    =       33.812, StdDeviation   =       15.751]
#[Max     =      345.088, Total count    =       579997]
#[Buckets =           27, SubBuckets     =         2048]
-----------------------------------------------------------------------
  599808 requests in 5.00m, 93.00MB read
Requests/sec:   1999.20  
Transfer/sec:    317.42KB
