setup: assigned thread_id=1
init: final thread_id=1, base_seed=nil
script_want_response
Running 2m test @ http://10.10.1.1:24391
  1 threads and 10 connections

  Thread calibration: mean lat.: 60.646ms, rate sampling interval: 104ms

-----------------------------------------------------------------------
Test Results @ http://10.10.1.1:24391 
  Thread Stats   Avg      Stdev     99%   +/- Stdev
    Latency     7.36ms  830.59us   9.63ms   74.60%
    Req/Sec   100.42     12.60   153.00     90.39%
  Latency Distribution (HdrHistogram - Recorded Latency)
 50.000%    7.25ms
 75.000%    7.77ms
 90.000%    8.47ms
 99.000%    9.63ms
 99.900%   10.32ms
 99.990%   12.32ms
 99.999%   23.98ms
100.000%   23.98ms

  Detailed Percentile spectrum:
       Value   Percentile   TotalCount 1/(1-Percentile)

       4.615     0.000000            2         1.00
       6.503     0.100000          904         1.11
       6.767     0.200000         1810         1.25
       6.935     0.300000         2715         1.43
       7.091     0.400000         3605         1.67
       7.251     0.500000         4516         2.00
       7.327     0.550000         4953         2.22
       7.415     0.600000         5420         2.50
       7.519     0.650000         5854         2.86
       7.635     0.700000         6303         3.33
       7.771     0.750000         6753         4.00
       7.851     0.775000         6983         4.44
       7.939     0.800000         7206         5.00
       8.039     0.825000         7430         5.71
       8.171     0.850000         7650         6.67
       8.311     0.875000         7878         8.00
       8.383     0.887500         7990         8.89
       8.471     0.900000         8100        10.00
       8.567     0.912500         8218        11.43
       8.687     0.925000         8330        13.33
       8.807     0.937500         8439        16.00
       8.871     0.943750         8505        17.78
       8.919     0.950000         8552        20.00
       8.999     0.956250         8612        22.86
       9.071     0.962500         8663        26.67
       9.159     0.968750         8720        32.00
       9.215     0.971875         8751        35.56
       9.255     0.975000         8775        40.00
       9.327     0.978125         8805        45.71
       9.399     0.981250         8834        53.33
       9.463     0.984375         8862        64.00
       9.487     0.985938         8875        71.11
       9.519     0.987500         8887        80.00
       9.583     0.989062         8902        91.43
       9.655     0.990625         8916       106.67
       9.727     0.992188         8930       128.00
       9.759     0.992969         8936       142.22
       9.823     0.993750         8944       160.00
       9.855     0.994531         8951       182.86
       9.895     0.995313         8957       213.33
       9.975     0.996094         8965       256.00
       9.999     0.996484         8968       284.44
      10.015     0.996875         8971       320.00
      10.087     0.997266         8975       365.71
      10.127     0.997656         8978       426.67
      10.175     0.998047         8982       512.00
      10.199     0.998242         8984       568.89
      10.207     0.998437         8985       640.00
      10.247     0.998633         8987       731.43
      10.271     0.998828         8989       853.33
      10.375     0.999023         8991      1024.00
      10.471     0.999121         8993      1137.78
      10.471     0.999219         8993      1280.00
      10.471     0.999316         8993      1462.86
      10.487     0.999414         8994      1706.67
      10.535     0.999512         8995      2048.00
      10.919     0.999561         8996      2275.56
      10.919     0.999609         8996      2560.00
      10.919     0.999658         8996      2925.71
      10.935     0.999707         8997      3413.33
      10.935     0.999756         8997      4096.00
      12.319     0.999780         8998      4551.11
      12.319     0.999805         8998      5120.00
      12.319     0.999829         8998      5851.43
      12.319     0.999854         8998      6826.67
      12.319     0.999878         8998      8192.00
      23.983     0.999890         8999      9102.22
      23.983     1.000000         8999          inf
#[Mean    =        7.361, StdDeviation   =        0.831]
#[Max     =       23.968, Total count    =         8999]
#[Buckets =           27, SubBuckets     =         2048]
-----------------------------------------------------------------------
  9990 requests in 1.67m, 1.55MB read
Requests/sec:     99.89  
Transfer/sec:     15.86KB
