setup: assigned thread_id=1
init: final thread_id=1, base_seed=nil
setup: assigned thread_id=2
init: final thread_id=2, base_seed=nil
setup: assigned thread_id=3
init: final thread_id=3, base_seed=nil
setup: assigned thread_id=4
init: final thread_id=4, base_seed=nil
setup: assigned thread_id=5
init: final thread_id=5, base_seed=nil
setup: assigned thread_id=6
init: final thread_id=6, base_seed=nil
setup: assigned thread_id=7
init: final thread_id=7, base_seed=nil
setup: assigned thread_id=8
init: final thread_id=8, base_seed=nil
setup: assigned thread_id=9
init: final thread_id=9, base_seed=nil
setup: assigned thread_id=10
init: final thread_id=10, base_seed=nil
setup: assigned thread_id=11
init: final thread_id=11, base_seed=nil
setup: assigned thread_id=12
init: final thread_id=12, base_seed=nil
setup: assigned thread_id=13
init: final thread_id=13, base_seed=nil
setup: assigned thread_id=14
init: final thread_id=14, base_seed=nil
setup: assigned thread_id=15
init: final thread_id=15, base_seed=nil
setup: assigned thread_id=16
init: final thread_id=16, base_seed=nil
setup: assigned thread_id=17
init: final thread_id=17, base_seed=nil
setup: assigned thread_id=18
init: final thread_id=18, base_seed=nil
setup: assigned thread_id=19
init: final thread_id=19, base_seed=nil
setup: assigned thread_id=20
init: final thread_id=20, base_seed=nil
script_want_response
Running 1m test @ http://10.10.1.1:8918
  20 threads and 200 connections

  Thread calibration: mean lat.: 22.774ms, rate sampling interval: 77ms
  Thread calibration: mean lat.: 26.244ms, rate sampling interval: 92ms
  Thread calibration: mean lat.: 29.337ms, rate sampling interval: 117ms
  Thread calibration: mean lat.: 32.895ms, rate sampling interval: 124ms
  Thread calibration: mean lat.: 37.144ms, rate sampling interval: 131ms
  Thread calibration: mean lat.: 41.286ms, rate sampling interval: 135ms
  Thread calibration: mean lat.: 45.245ms, rate sampling interval: 137ms
  Thread calibration: mean lat.: 48.025ms, rate sampling interval: 138ms
  Thread calibration: mean lat.: 50.988ms, rate sampling interval: 139ms
  Thread calibration: mean lat.: 52.771ms, rate sampling interval: 138ms
  Thread calibration: mean lat.: 54.387ms, rate sampling interval: 138ms
  Thread calibration: mean lat.: 56.228ms, rate sampling interval: 136ms
  Thread calibration: mean lat.: 56.553ms, rate sampling interval: 134ms
  Thread calibration: mean lat.: 57.970ms, rate sampling interval: 139ms
  Thread calibration: mean lat.: 56.314ms, rate sampling interval: 131ms
  Thread calibration: mean lat.: 56.277ms, rate sampling interval: 130ms
  Thread calibration: mean lat.: 55.756ms, rate sampling interval: 128ms
  Thread calibration: mean lat.: 58.216ms, rate sampling interval: 131ms
  Thread calibration: mean lat.: 53.857ms, rate sampling interval: 123ms
  Thread calibration: mean lat.: 57.185ms, rate sampling interval: 127ms

-----------------------------------------------------------------------
Test Results @ http://10.10.1.1:8918 
  Thread Stats   Avg      Stdev     99%   +/- Stdev
    Latency    41.65ms   16.49ms  73.47ms   63.46%
    Req/Sec    99.84     29.04   158.00     76.75%
  Latency Distribution (HdrHistogram - Recorded Latency)
 50.000%   40.61ms
 75.000%   55.55ms
 90.000%   62.97ms
 99.000%   73.47ms
 99.900%   92.10ms
 99.990%  104.89ms
 99.999%  107.52ms
100.000%  108.93ms

  Detailed Percentile spectrum:
       Value   Percentile   TotalCount 1/(1-Percentile)

       8.863     0.000000            1         1.00
      18.191     0.100000        10007         1.11
      27.055     0.200000        20015         1.25
      32.127     0.300000        30028         1.43
      35.935     0.400000        40013         1.67
      40.607     0.500000        50006         2.00
      43.647     0.550000        55010         2.22
      47.231     0.600000        60028         2.50
      50.591     0.650000        65032         2.86
      53.215     0.700000        70018         3.33
      55.551     0.750000        75022         4.00
      56.671     0.775000        77533         4.44
      57.823     0.800000        80052         5.00
      59.007     0.825000        82532         5.71
      60.191     0.850000        85009         6.67
      61.503     0.875000        87531         8.00
      62.207     0.887500        88779         8.89
      62.975     0.900000        90010        10.00
      63.807     0.912500        91294        11.43
      64.671     0.925000        92527        13.33
      65.663     0.937500        93803        16.00
      66.111     0.943750        94389        17.78
      66.751     0.950000        95059        20.00
      67.391     0.956250        95671        22.86
      68.095     0.962500        96286        26.67
      68.927     0.968750        96896        32.00
      69.375     0.971875        97202        35.56
      69.887     0.975000        97525        40.00
      70.463     0.978125        97846        45.71
      71.103     0.981250        98142        53.33
      71.807     0.984375        98454        64.00
      72.127     0.985938        98594        71.11
      72.639     0.987500        98759        80.00
      73.151     0.989062        98921        91.43
      73.791     0.990625        99075       106.67
      74.559     0.992188        99230       128.00
      74.943     0.992969        99306       142.22
      75.455     0.993750        99382       160.00
      75.967     0.994531        99458       182.86
      76.671     0.995313        99538       213.33
      77.311     0.996094        99611       256.00
      77.695     0.996484        99652       284.44
      78.399     0.996875        99689       320.00
      79.295     0.997266        99728       365.71
      80.767     0.997656        99766       426.67
      83.583     0.998047        99805       512.00
      84.799     0.998242        99825       568.89
      86.271     0.998437        99844       640.00
      87.935     0.998633        99864       731.43
      89.919     0.998828        99883       853.33
      92.351     0.999023        99903      1024.00
      93.503     0.999121        99913      1137.78
      94.527     0.999219        99922      1280.00
      96.383     0.999316        99932      1462.86
      97.215     0.999414        99942      1706.67
      98.559     0.999512        99952      2048.00
      99.583     0.999561        99957      2275.56
     100.351     0.999609        99961      2560.00
     101.375     0.999658        99966      2925.71
     101.695     0.999707        99972      3413.33
     101.951     0.999756        99976      4096.00
     103.039     0.999780        99979      4551.11
     103.231     0.999805        99982      5120.00
     103.551     0.999829        99983      5851.43
     104.191     0.999854        99986      6826.67
     104.703     0.999878        99988      8192.00
     104.895     0.999890        99990      9102.22
     105.023     0.999902        99991     10240.00
     105.215     0.999915        99992     11702.86
     105.343     0.999927        99993     13653.33
     105.983     0.999939        99994     16384.00
     106.943     0.999945        99995     18204.44
     107.263     0.999951        99996     20480.00
     107.263     0.999957        99996     23405.71
     107.327     0.999963        99997     27306.67
     107.327     0.999969        99997     32768.00
     107.391     0.999973        99998     36408.89
     107.391     0.999976        99998     40960.00
     107.391     0.999979        99998     46811.43
     107.519     0.999982        99999     54613.33
     107.519     0.999985        99999     65536.00
     107.519     0.999986        99999     72817.78
     107.519     0.999988        99999     81920.00
     107.519     0.999989        99999     93622.86
     108.927     0.999991       100000    109226.67
     108.927     1.000000       100000          inf
#[Mean    =       41.654, StdDeviation   =       16.491]
#[Max     =      108.864, Total count    =       100000]
#[Buckets =           27, SubBuckets     =         2048]
-----------------------------------------------------------------------
  119502 requests in 1.00m, 18.53MB read
Requests/sec:   1991.26  
Transfer/sec:    316.21KB
