setup: assigned thread_id=1
init: final thread_id=1, base_seed=nil
setup: assigned thread_id=2
init: final thread_id=2, base_seed=nil
script_want_response
Running 5m test @ http://10.10.1.1:8918
  2 threads and 13 connections

  Thread calibration: mean lat.: 10.136ms, rate sampling interval: 22ms
  Thread calibration: mean lat.: 9.966ms, rate sampling interval: 21ms

-----------------------------------------------------------------------
Test Results @ http://10.10.1.1:8918 
  Thread Stats   Avg      Stdev     99%   +/- Stdev
    Latency    10.23ms    2.98ms  15.10ms   98.64%
    Req/Sec   255.54     59.92   318.00     82.20%
  Latency Distribution (HdrHistogram - Recorded Latency)
 50.000%    9.90ms
 75.000%   10.46ms
 90.000%   11.09ms
 99.000%   15.10ms
 99.900%   61.22ms
 99.990%  102.40ms
 99.999%  119.23ms
100.000%  120.96ms

  Detailed Percentile spectrum:
       Value   Percentile   TotalCount 1/(1-Percentile)

       8.127     0.000000            1         1.00
       9.191     0.100000        14588         1.11
       9.399     0.200000        29318         1.25
       9.567     0.300000        43986         1.43
       9.727     0.400000        58526         1.67
       9.895     0.500000        72683         2.00
       9.991     0.550000        80067         2.22
      10.095     0.600000        87423         2.50
      10.199     0.650000        94346         2.86
      10.319     0.700000       101558         3.33
      10.463     0.750000       108915         4.00
      10.543     0.775000       112647         4.44
      10.631     0.800000       116324         5.00
      10.719     0.825000       119766         5.71
      10.823     0.850000       123345         6.67
      10.943     0.875000       126959         8.00
      11.015     0.887500       128869         8.89
      11.087     0.900000       130508        10.00
      11.175     0.912500       132377        11.43
      11.279     0.925000       134204        13.33
      11.399     0.937500       135968        16.00
      11.471     0.943750       136888        17.78
      11.551     0.950000       137809        20.00
      11.647     0.956250       138674        22.86
      11.767     0.962500       139576        26.67
      11.935     0.968750       140494        32.00
      12.039     0.971875       140938        35.56
      12.175     0.975000       141385        40.00
      12.343     0.978125       141833        45.71
      12.567     0.981250       142286        53.33
      12.887     0.984375       142740        64.00
      13.143     0.985938       142958        71.11
      13.543     0.987500       143184        80.00
      14.399     0.989062       143412        91.43
      15.831     0.990625       143638       106.67
      17.375     0.992188       143866       128.00
      18.511     0.992969       143978       142.22
      19.583     0.993750       144090       160.00
      20.799     0.994531       144208       182.86
      22.223     0.995313       144317       213.33
      24.687     0.996094       144430       256.00
      26.671     0.996484       144487       284.44
      28.959     0.996875       144543       320.00
      33.887     0.997266       144600       365.71
      38.623     0.997656       144657       426.67
      43.359     0.998047       144713       512.00
      47.327     0.998242       144742       568.89
      50.271     0.998437       144770       640.00
      53.439     0.998633       144798       731.43
      56.959     0.998828       144827       853.33
      61.439     0.999023       144855      1024.00
      63.647     0.999121       144869      1137.78
      67.903     0.999219       144884      1280.00
      69.567     0.999316       144897      1462.86
      74.943     0.999414       144912      1706.67
      77.631     0.999512       144926      2048.00
      79.679     0.999561       144933      2275.56
      81.919     0.999609       144941      2560.00
      82.303     0.999658       144948      2925.71
      86.399     0.999707       144954      3413.33
      90.815     0.999756       144961      4096.00
      92.543     0.999780       144965      4551.11
      93.247     0.999805       144968      5120.00
      94.335     0.999829       144973      5851.43
      94.911     0.999854       144975      6826.67
      96.831     0.999878       144979      8192.00
     101.375     0.999890       144981      9102.22
     102.399     0.999902       144982     10240.00
     103.807     0.999915       144984     11702.86
     103.999     0.999927       144987     13653.33
     104.319     0.999939       144988     16384.00
     105.087     0.999945       144989     18204.44
     105.087     0.999951       144989     20480.00
     106.559     0.999957       144990     23405.71
     107.263     0.999963       144991     27306.67
     108.863     0.999969       144992     32768.00
     116.735     0.999973       144993     36408.89
     116.735     0.999976       144993     40960.00
     116.735     0.999979       144993     46811.43
     117.695     0.999982       144994     54613.33
     117.695     0.999985       144994     65536.00
     119.231     0.999986       144995     72817.78
     119.231     0.999988       144995     81920.00
     119.231     0.999989       144995     93622.86
     119.231     0.999991       144995    109226.67
     119.231     0.999992       144995    131072.00
     120.959     0.999993       144996    145635.56
     120.959     1.000000       144996          inf
#[Mean    =       10.233, StdDeviation   =        2.980]
#[Max     =      120.896, Total count    =       144996]
#[Buckets =           27, SubBuckets     =         2048]
-----------------------------------------------------------------------
  149990 requests in 5.00m, 23.26MB read
Requests/sec:    499.95  
Transfer/sec:     79.38KB
