setup: assigned thread_id=1
init: final thread_id=1, base_seed=nil
script_want_response
Running 1m test @ http://10.10.1.1:8918
  1 threads and 10 connections

  Thread calibration: mean lat.: 11.080ms, rate sampling interval: 24ms

-----------------------------------------------------------------------
Test Results @ http://10.10.1.1:8918 
  Thread Stats   Avg      Stdev     99%   +/- Stdev
    Latency    10.99ms    1.66ms  13.14ms   95.98%
    Req/Sec   101.88    165.32   434.00     79.49%
  Latency Distribution (HdrHistogram - Recorded Latency)
 50.000%   10.90ms
 75.000%   11.49ms
 90.000%   12.08ms
 99.000%   13.14ms
 99.900%   19.07ms
 99.990%   75.14ms
 99.999%   87.10ms
100.000%   87.10ms

  Detailed Percentile spectrum:
       Value   Percentile   TotalCount 1/(1-Percentile)

       8.839     0.000000            1         1.00
       9.959     0.100000          511         1.11
      10.247     0.200000         1011         1.25
      10.455     0.300000         1504         1.43
      10.679     0.400000         2019         1.67
      10.895     0.500000         2507         2.00
      10.999     0.550000         2755         2.22
      11.119     0.600000         3014         2.50
      11.239     0.650000         3258         2.86
      11.351     0.700000         3507         3.33
      11.487     0.750000         3759         4.00
      11.551     0.775000         3880         4.44
      11.647     0.800000         4000         5.00
      11.735     0.825000         4126         5.71
      11.847     0.850000         4255         6.67
      11.967     0.875000         4377         8.00
      12.023     0.887500         4442         8.89
      12.079     0.900000         4501        10.00
      12.143     0.912500         4567        11.43
      12.223     0.925000         4625        13.33
      12.319     0.937500         4693        16.00
      12.351     0.943750         4723        17.78
      12.391     0.950000         4751        20.00
      12.463     0.956250         4783        22.86
      12.519     0.962500         4814        26.67
      12.631     0.968750         4844        32.00
      12.671     0.971875         4862        35.56
      12.727     0.975000         4876        40.00
      12.775     0.978125         4891        45.71
      12.839     0.981250         4907        53.33
      12.911     0.984375         4922        64.00
      12.983     0.985938         4931        71.11
      13.071     0.987500         4938        80.00
      13.135     0.989062         4947        91.43
      13.199     0.990625         4955       106.67
      13.255     0.992188         4962       128.00
      13.271     0.992969         4965       142.22
      13.311     0.993750         4969       160.00
      13.399     0.994531         4973       182.86
      13.463     0.995313         4977       213.33
      13.719     0.996094         4981       256.00
      13.783     0.996484         4983       284.44
      13.943     0.996875         4985       320.00
      14.095     0.997266         4987       365.71
      14.135     0.997656         4989       426.67
      14.631     0.998047         4991       512.00
      14.679     0.998242         4992       568.89
      15.103     0.998437         4993       640.00
      18.655     0.998633         4994       731.43
      19.071     0.998828         4995       853.33
      19.151     0.999023         4996      1024.00
      19.151     0.999121         4996      1137.78
      20.495     0.999219         4997      1280.00
      20.495     0.999316         4997      1462.86
      21.983     0.999414         4998      1706.67
      21.983     0.999512         4998      2048.00
      21.983     0.999561         4998      2275.56
      75.135     0.999609         4999      2560.00
      75.135     0.999658         4999      2925.71
      75.135     0.999707         4999      3413.33
      75.135     0.999756         4999      4096.00
      75.135     0.999780         4999      4551.11
      87.103     0.999805         5000      5120.00
      87.103     1.000000         5000          inf
#[Mean    =       10.991, StdDeviation   =        1.657]
#[Max     =       87.040, Total count    =         5000]
#[Buckets =           27, SubBuckets     =         2048]
-----------------------------------------------------------------------
  5990 requests in 1.00m, 0.93MB read
Requests/sec:     99.81  
Transfer/sec:     15.86KB
