setup: assigned thread_id=1
init: final thread_id=1, base_seed=nil
setup: assigned thread_id=2
init: final thread_id=2, base_seed=nil
setup: assigned thread_id=3
init: final thread_id=3, base_seed=nil
setup: assigned thread_id=4
init: final thread_id=4, base_seed=nil
setup: assigned thread_id=5
init: final thread_id=5, base_seed=nil
setup: assigned thread_id=6
init: final thread_id=6, base_seed=nil
setup: assigned thread_id=7
init: final thread_id=7, base_seed=nil
setup: assigned thread_id=8
init: final thread_id=8, base_seed=nil
setup: assigned thread_id=9
init: final thread_id=9, base_seed=nil
setup: assigned thread_id=10
init: final thread_id=10, base_seed=nil
setup: assigned thread_id=11
init: final thread_id=11, base_seed=nil
setup: assigned thread_id=12
init: final thread_id=12, base_seed=nil
setup: assigned thread_id=13
init: final thread_id=13, base_seed=nil
setup: assigned thread_id=14
init: final thread_id=14, base_seed=nil
setup: assigned thread_id=15
init: final thread_id=15, base_seed=nil
setup: assigned thread_id=16
init: final thread_id=16, base_seed=nil
setup: assigned thread_id=17
init: final thread_id=17, base_seed=nil
setup: assigned thread_id=18
init: final thread_id=18, base_seed=nil
setup: assigned thread_id=19
init: final thread_id=19, base_seed=nil
setup: assigned thread_id=20
init: final thread_id=20, base_seed=nil
script_want_response
Running 1m test @ http://10.10.1.1:30562
  20 threads and 200 connections

  Thread calibration: mean lat.: 9.995ms, rate sampling interval: 29ms
  Thread calibration: mean lat.: 10.505ms, rate sampling interval: 34ms
  Thread calibration: mean lat.: 12.342ms, rate sampling interval: 45ms
  Thread calibration: mean lat.: 13.467ms, rate sampling interval: 48ms
  Thread calibration: mean lat.: 15.383ms, rate sampling interval: 53ms
  Thread calibration: mean lat.: 16.997ms, rate sampling interval: 57ms
  Thread calibration: mean lat.: 18.199ms, rate sampling interval: 61ms
  Thread calibration: mean lat.: 20.109ms, rate sampling interval: 65ms
  Thread calibration: mean lat.: 21.141ms, rate sampling interval: 65ms
  Thread calibration: mean lat.: 22.841ms, rate sampling interval: 69ms
  Thread calibration: mean lat.: 23.838ms, rate sampling interval: 69ms
  Thread calibration: mean lat.: 24.521ms, rate sampling interval: 69ms
  Thread calibration: mean lat.: 25.113ms, rate sampling interval: 69ms
  Thread calibration: mean lat.: 25.161ms, rate sampling interval: 68ms
  Thread calibration: mean lat.: 25.750ms, rate sampling interval: 68ms
  Thread calibration: mean lat.: 25.058ms, rate sampling interval: 66ms
  Thread calibration: mean lat.: 24.556ms, rate sampling interval: 64ms
  Thread calibration: mean lat.: 25.086ms, rate sampling interval: 65ms
  Thread calibration: mean lat.: 23.936ms, rate sampling interval: 62ms
  Thread calibration: mean lat.: 23.216ms, rate sampling interval: 61ms

-----------------------------------------------------------------------
Test Results @ http://10.10.1.1:30562 
  Thread Stats   Avg      Stdev     99%   +/- Stdev
    Latency    22.05ms   11.91ms  65.28ms   72.20%
    Req/Sec   100.66     82.22   344.00     61.37%
  Latency Distribution (HdrHistogram - Recorded Latency)
 50.000%   20.69ms
 75.000%   27.41ms
 90.000%   35.33ms
 99.000%   65.28ms
 99.900%   95.42ms
 99.990%  114.11ms
 99.999%  120.51ms
100.000%  121.73ms

  Detailed Percentile spectrum:
       Value   Percentile   TotalCount 1/(1-Percentile)

       5.915     0.000000            1         1.00
       8.479     0.100000        10038         1.11
      11.583     0.200000        20006         1.25
      15.399     0.300000        30011         1.43
      18.239     0.400000        40004         1.67
      20.687     0.500000        50003         2.00
      21.887     0.550000        55020         2.22
      23.103     0.600000        60016         2.50
      24.415     0.650000        65036         2.86
      25.839     0.700000        70054         3.33
      27.407     0.750000        75023         4.00
      28.303     0.775000        77526         4.44
      29.263     0.800000        80017         5.00
      30.399     0.825000        82519         5.71
      31.711     0.850000        85019         6.67
      33.279     0.875000        87508         8.00
      34.239     0.887500        88770         8.89
      35.327     0.900000        90025        10.00
      36.639     0.912500        91254        11.43
      38.271     0.925000        92518        13.33
      40.383     0.937500        93751        16.00
      41.567     0.943750        94376        17.78
      43.039     0.950000        95008        20.00
      44.607     0.956250        95631        22.86
      46.399     0.962500        96261        26.67
      48.575     0.968750        96874        32.00
      50.015     0.971875        97185        35.56
      51.807     0.975000        97498        40.00
      53.823     0.978125        97810        45.71
      56.703     0.981250        98122        53.33
      59.391     0.984375        98434        64.00
      60.831     0.985938        98591        71.11
      62.399     0.987500        98748        80.00
      64.127     0.989062        98904        91.43
      65.919     0.990625        99059       106.67
      67.775     0.992188        99218       128.00
      68.991     0.992969        99296       142.22
      70.591     0.993750        99372       160.00
      72.511     0.994531        99450       182.86
      74.751     0.995313        99528       213.33
      77.311     0.996094        99608       256.00
      79.295     0.996484        99645       284.44
      81.983     0.996875        99684       320.00
      84.671     0.997266        99723       365.71
      87.039     0.997656        99762       426.67
      89.407     0.998047        99801       512.00
      90.943     0.998242        99821       568.89
      92.095     0.998437        99842       640.00
      93.183     0.998633        99860       731.43
      94.399     0.998828        99879       853.33
      95.679     0.999023        99900      1024.00
      96.383     0.999121        99909      1137.78
      97.151     0.999219        99918      1280.00
      98.431     0.999316        99928      1462.86
     100.031     0.999414        99938      1706.67
     102.527     0.999512        99948      2048.00
     105.407     0.999561        99953      2275.56
     107.455     0.999609        99957      2560.00
     109.183     0.999658        99962      2925.71
     109.823     0.999707        99967      3413.33
     111.423     0.999756        99972      4096.00
     111.743     0.999780        99975      4551.11
     111.807     0.999805        99977      5120.00
     111.871     0.999829        99979      5851.43
     112.767     0.999854        99982      6826.67
     113.023     0.999878        99984      8192.00
     114.111     0.999890        99986      9102.22
     114.751     0.999902        99987     10240.00
     115.519     0.999915        99988     11702.86
     115.711     0.999927        99989     13653.33
     116.223     0.999939        99990     16384.00
     116.543     0.999945        99991     18204.44
     117.631     0.999951        99992     20480.00
     117.631     0.999957        99992     23405.71
     119.167     0.999963        99993     27306.67
     119.167     0.999969        99993     32768.00
     119.615     0.999973        99994     36408.89
     119.615     0.999976        99994     40960.00
     119.615     0.999979        99994     46811.43
     120.511     0.999982        99995     54613.33
     120.511     0.999985        99995     65536.00
     120.511     0.999986        99995     72817.78
     120.511     0.999988        99995     81920.00
     120.511     0.999989        99995     93622.86
     121.727     0.999991        99996    109226.67
     121.727     1.000000        99996          inf
#[Mean    =       22.051, StdDeviation   =       11.907]
#[Max     =      121.664, Total count    =        99996]
#[Buckets =           27, SubBuckets     =         2048]
-----------------------------------------------------------------------
  119808 requests in 1.00m, 18.58MB read
Requests/sec:   1996.41  
Transfer/sec:    316.99KB
