setup: assigned thread_id=1
init: final thread_id=1, base_seed=nil
setup: assigned thread_id=2
init: final thread_id=2, base_seed=nil
script_want_response
Running 5m test @ http://10.10.1.1:30562
  2 threads and 13 connections

  Thread calibration: mean lat.: 7.412ms, rate sampling interval: 16ms
  Thread calibration: mean lat.: 7.177ms, rate sampling interval: 15ms

-----------------------------------------------------------------------
Test Results @ http://10.10.1.1:30562 
  Thread Stats   Avg      Stdev     99%   +/- Stdev
    Latency     7.48ms    0.92ms   9.65ms   85.55%
    Req/Sec   258.09    154.40   428.00     67.24%
  Latency Distribution (HdrHistogram - Recorded Latency)
 50.000%    7.34ms
 75.000%    7.83ms
 90.000%    8.38ms
 99.000%    9.65ms
 99.900%   16.45ms
 99.990%   33.76ms
 99.999%   39.62ms
100.000%   55.01ms

  Detailed Percentile spectrum:
       Value   Percentile   TotalCount 1/(1-Percentile)

       5.755     0.000000            1         1.00
       6.699     0.100000        14643         1.11
       6.887     0.200000        29290         1.25
       7.035     0.300000        43587         1.43
       7.179     0.400000        58020         1.67
       7.335     0.500000        72860         2.00
       7.415     0.550000        79950         2.22
       7.499     0.600000        87030         2.50
       7.599     0.650000        94544         2.86
       7.707     0.700000       101760         3.33
       7.827     0.750000       108914         4.00
       7.895     0.775000       112516         4.44
       7.971     0.800000       116173         5.00
       8.051     0.825000       119668         5.71
       8.143     0.850000       123323         6.67
       8.247     0.875000       126882         8.00
       8.311     0.887500       128784         8.89
       8.375     0.900000       130531        10.00
       8.447     0.912500       132335        11.43
       8.535     0.925000       134272        13.33
       8.623     0.937500       135947        16.00
       8.679     0.943750       136852        17.78
       8.743     0.950000       137859        20.00
       8.807     0.956250       138728        22.86
       8.887     0.962500       139647        26.67
       8.975     0.968750       140504        32.00
       9.031     0.971875       140962        35.56
       9.095     0.975000       141423        40.00
       9.167     0.978125       141859        45.71
       9.247     0.981250       142285        53.33
       9.351     0.984375       142762        64.00
       9.407     0.985938       142968        71.11
       9.479     0.987500       143206        80.00
       9.575     0.989062       143418        91.43
       9.687     0.990625       143637       106.67
       9.839     0.992188       143864       128.00
       9.951     0.992969       143978       142.22
      10.103     0.993750       144097       160.00
      10.311     0.994531       144206       182.86
      10.599     0.995313       144317       213.33
      11.079     0.996094       144432       256.00
      11.383     0.996484       144487       284.44
      11.807     0.996875       144544       320.00
      12.287     0.997266       144600       365.71
      13.039     0.997656       144657       426.67
      13.783     0.998047       144713       512.00
      14.295     0.998242       144742       568.89
      14.727     0.998437       144771       640.00
      15.439     0.998633       144798       731.43
      15.975     0.998828       144827       853.33
      16.607     0.999023       144857      1024.00
      16.879     0.999121       144869      1137.78
      17.263     0.999219       144883      1280.00
      17.855     0.999316       144897      1462.86
      18.447     0.999414       144912      1706.67
      19.343     0.999512       144926      2048.00
      19.967     0.999561       144933      2275.56
      21.599     0.999609       144940      2560.00
      25.391     0.999658       144947      2925.71
      26.367     0.999707       144954      3413.33
      28.847     0.999756       144961      4096.00
      29.567     0.999780       144965      4551.11
      30.991     0.999805       144968      5120.00
      32.383     0.999829       144972      5851.43
      32.895     0.999854       144975      6826.67
      33.215     0.999878       144979      8192.00
      33.535     0.999890       144981      9102.22
      33.759     0.999902       144982     10240.00
      34.527     0.999915       144984     11702.86
      35.359     0.999927       144986     13653.33
      37.119     0.999939       144988     16384.00
      37.183     0.999945       144989     18204.44
      37.183     0.999951       144989     20480.00
      37.215     0.999957       144990     23405.71
      37.439     0.999963       144991     27306.67
      37.759     0.999969       144992     32768.00
      38.751     0.999973       144993     36408.89
      38.751     0.999976       144993     40960.00
      38.751     0.999979       144993     46811.43
      38.879     0.999982       144994     54613.33
      38.879     0.999985       144994     65536.00
      39.615     0.999986       144995     72817.78
      39.615     0.999988       144995     81920.00
      39.615     0.999989       144995     93622.86
      39.615     0.999991       144995    109226.67
      39.615     0.999992       144995    131072.00
      55.007     0.999993       144996    145635.56
      55.007     1.000000       144996          inf
#[Mean    =        7.475, StdDeviation   =        0.919]
#[Max     =       54.976, Total count    =       144996]
#[Buckets =           27, SubBuckets     =         2048]
-----------------------------------------------------------------------
  149990 requests in 5.00m, 23.26MB read
Requests/sec:    499.95  
Transfer/sec:     79.38KB
