setup: assigned thread_id=1
init: final thread_id=1, base_seed=nil
script_want_response
Running 1m test @ http://10.10.1.1:30562
  1 threads and 10 connections

  Thread calibration: mean lat.: 61.288ms, rate sampling interval: 115ms

-----------------------------------------------------------------------
Test Results @ http://10.10.1.1:30562 
  Thread Stats   Avg      Stdev     99%   +/- Stdev
    Latency     7.35ms    0.96ms   9.65ms   78.47%
    Req/Sec    99.70     27.76   175.00     83.18%
  Latency Distribution (HdrHistogram - Recorded Latency)
 50.000%    7.29ms
 75.000%    7.81ms
 90.000%    8.45ms
 99.000%    9.65ms
 99.900%   16.25ms
 99.990%   21.73ms
 99.999%   21.73ms
100.000%   21.73ms

  Detailed Percentile spectrum:
       Value   Percentile   TotalCount 1/(1-Percentile)

       4.591     0.000000            1         1.00
       6.407     0.100000          505         1.11
       6.695     0.200000         1005         1.25
       6.907     0.300000         1501         1.43
       7.103     0.400000         2007         1.67
       7.287     0.500000         2507         2.00
       7.375     0.550000         2751         2.22
       7.459     0.600000         3001         2.50
       7.559     0.650000         3255         2.86
       7.675     0.700000         3502         3.33
       7.811     0.750000         3748         4.00
       7.887     0.775000         3873         4.44
       7.963     0.800000         4002         5.00
       8.055     0.825000         4123         5.71
       8.151     0.850000         4249         6.67
       8.287     0.875000         4377         8.00
       8.359     0.887500         4438         8.89
       8.455     0.900000         4502        10.00
       8.535     0.912500         4561        11.43
       8.623     0.925000         4623        13.33
       8.743     0.937500         4686        16.00
       8.831     0.943750         4719        17.78
       8.887     0.950000         4750        20.00
       8.975     0.956250         4781        22.86
       9.047     0.962500         4811        26.67
       9.159     0.968750         4842        32.00
       9.231     0.971875         4857        35.56
       9.295     0.975000         4873        40.00
       9.359     0.978125         4888        45.71
       9.415     0.981250         4904        53.33
       9.471     0.984375         4919        64.00
       9.527     0.985938         4928        71.11
       9.567     0.987500         4935        80.00
       9.615     0.989062         4943        91.43
       9.687     0.990625         4952       106.67
       9.735     0.992188         4958       128.00
       9.775     0.992969         4962       142.22
       9.831     0.993750         4966       160.00
       9.983     0.994531         4970       182.86
      10.063     0.995313         4974       213.33
      10.143     0.996094         4978       256.00
      10.271     0.996484         4981       284.44
      10.351     0.996875         4982       320.00
      10.607     0.997266         4984       365.71
      10.775     0.997656         4986       426.67
      11.911     0.998047         4988       512.00
      13.911     0.998242         4989       568.89
      15.255     0.998437         4990       640.00
      15.983     0.998633         4991       731.43
      16.255     0.998828         4992       853.33
      18.639     0.999023         4993      1024.00
      18.639     0.999121         4993      1137.78
      19.087     0.999219         4994      1280.00
      19.087     0.999316         4994      1462.86
      19.471     0.999414         4995      1706.67
      19.471     0.999512         4995      2048.00
      19.471     0.999561         4995      2275.56
      19.807     0.999609         4996      2560.00
      19.807     0.999658         4996      2925.71
      19.807     0.999707         4996      3413.33
      19.807     0.999756         4996      4096.00
      19.807     0.999780         4996      4551.11
      21.727     0.999805         4997      5120.00
      21.727     1.000000         4997          inf
#[Mean    =        7.355, StdDeviation   =        0.960]
#[Max     =       21.712, Total count    =         4997]
#[Buckets =           27, SubBuckets     =         2048]
-----------------------------------------------------------------------
  5991 requests in 1.00m, 0.93MB read
Requests/sec:     99.83  
Transfer/sec:     15.85KB
