setup: assigned thread_id=1
init: final thread_id=1, base_seed=nil
setup: assigned thread_id=2
init: final thread_id=2, base_seed=nil
setup: assigned thread_id=3
init: final thread_id=3, base_seed=nil
setup: assigned thread_id=4
init: final thread_id=4, base_seed=nil
setup: assigned thread_id=5
init: final thread_id=5, base_seed=nil
setup: assigned thread_id=6
init: final thread_id=6, base_seed=nil
setup: assigned thread_id=7
init: final thread_id=7, base_seed=nil
setup: assigned thread_id=8
init: final thread_id=8, base_seed=nil
setup: assigned thread_id=9
init: final thread_id=9, base_seed=nil
setup: assigned thread_id=10
init: final thread_id=10, base_seed=nil
setup: assigned thread_id=11
init: final thread_id=11, base_seed=nil
setup: assigned thread_id=12
init: final thread_id=12, base_seed=nil
setup: assigned thread_id=13
init: final thread_id=13, base_seed=nil
setup: assigned thread_id=14
init: final thread_id=14, base_seed=nil
setup: assigned thread_id=15
init: final thread_id=15, base_seed=nil
setup: assigned thread_id=16
init: final thread_id=16, base_seed=nil
setup: assigned thread_id=17
init: final thread_id=17, base_seed=nil
setup: assigned thread_id=18
init: final thread_id=18, base_seed=nil
setup: assigned thread_id=19
init: final thread_id=19, base_seed=nil
setup: assigned thread_id=20
init: final thread_id=20, base_seed=nil
script_want_response
Running 1m test @ http://10.10.1.1:3317
  20 threads and 200 connections

  Thread calibration: mean lat.: 9.579ms, rate sampling interval: 25ms
  Thread calibration: mean lat.: 10.463ms, rate sampling interval: 32ms
  Thread calibration: mean lat.: 11.363ms, rate sampling interval: 37ms
  Thread calibration: mean lat.: 12.512ms, rate sampling interval: 41ms
  Thread calibration: mean lat.: 13.657ms, rate sampling interval: 44ms
  Thread calibration: mean lat.: 14.941ms, rate sampling interval: 47ms
  Thread calibration: mean lat.: 16.239ms, rate sampling interval: 51ms
  Thread calibration: mean lat.: 17.582ms, rate sampling interval: 53ms
  Thread calibration: mean lat.: 19.228ms, rate sampling interval: 57ms
  Thread calibration: mean lat.: 20.003ms, rate sampling interval: 59ms
  Thread calibration: mean lat.: 21.186ms, rate sampling interval: 61ms
  Thread calibration: mean lat.: 22.022ms, rate sampling interval: 61ms
  Thread calibration: mean lat.: 23.080ms, rate sampling interval: 63ms
  Thread calibration: mean lat.: 23.413ms, rate sampling interval: 63ms
  Thread calibration: mean lat.: 23.549ms, rate sampling interval: 62ms
  Thread calibration: mean lat.: 23.528ms, rate sampling interval: 62ms
  Thread calibration: mean lat.: 23.004ms, rate sampling interval: 64ms
  Thread calibration: mean lat.: 23.259ms, rate sampling interval: 60ms
  Thread calibration: mean lat.: 22.963ms, rate sampling interval: 59ms
  Thread calibration: mean lat.: 22.683ms, rate sampling interval: 59ms

-----------------------------------------------------------------------
Test Results @ http://10.10.1.1:3317 
  Thread Stats   Avg      Stdev     99%   +/- Stdev
    Latency    22.81ms   12.39ms  70.21ms   72.13%
    Req/Sec   100.82     91.73   375.00     56.57%
  Latency Distribution (HdrHistogram - Recorded Latency)
 50.000%   21.26ms
 75.000%   28.27ms
 90.000%   36.38ms
 99.000%   70.21ms
 99.900%   92.74ms
 99.990%  102.08ms
 99.999%  114.69ms
100.000%  124.61ms

  Detailed Percentile spectrum:
       Value   Percentile   TotalCount 1/(1-Percentile)

       5.995     0.000000            1         1.00
       8.895     0.100000        10031         1.11
      11.903     0.200000        20002         1.25
      16.055     0.300000        30001         1.43
      18.703     0.400000        40005         1.67
      21.263     0.500000        50044         2.00
      22.527     0.550000        55074         2.22
      23.839     0.600000        60038         2.50
      25.183     0.650000        65021         2.86
      26.607     0.700000        70021         3.33
      28.271     0.750000        74998         4.00
      29.199     0.775000        77542         4.44
      30.191     0.800000        80001         5.00
      31.343     0.825000        82511         5.71
      32.719     0.850000        85002         6.67
      34.367     0.875000        87509         8.00
      35.327     0.887500        88762         8.89
      36.383     0.900000        89995        10.00
      37.727     0.912500        91261        11.43
      39.327     0.925000        92513        13.33
      41.343     0.937500        93748        16.00
      42.655     0.943750        94373        17.78
      44.255     0.950000        95004        20.00
      46.047     0.956250        95624        22.86
      48.607     0.962500        96249        26.67
      51.487     0.968750        96871        32.00
      53.439     0.971875        97181        35.56
      55.711     0.975000        97496        40.00
      57.727     0.978125        97807        45.71
      59.903     0.981250        98120        53.33
      63.071     0.984375        98432        64.00
      65.023     0.985938        98589        71.11
      66.815     0.987500        98746        80.00
      68.927     0.989062        98901        91.43
      71.167     0.990625        99058       106.67
      73.983     0.992188        99212       128.00
      75.263     0.992969        99294       142.22
      76.735     0.993750        99370       160.00
      78.399     0.994531        99447       182.86
      79.935     0.995313        99526       213.33
      81.983     0.996094        99603       256.00
      83.519     0.996484        99643       284.44
      85.311     0.996875        99684       320.00
      86.719     0.997266        99721       365.71
      87.999     0.997656        99759       426.67
      89.535     0.998047        99799       512.00
      89.983     0.998242        99818       568.89
      90.751     0.998437        99837       640.00
      91.647     0.998633        99858       731.43
      92.287     0.998828        99878       853.33
      92.799     0.999023        99896      1024.00
      93.311     0.999121        99906      1137.78
      93.951     0.999219        99915      1280.00
      95.039     0.999316        99926      1462.86
      95.807     0.999414        99937      1706.67
      96.959     0.999512        99945      2048.00
      97.279     0.999561        99950      2275.56
      97.855     0.999609        99954      2560.00
      98.047     0.999658        99959      2925.71
      99.071     0.999707        99964      3413.33
     100.031     0.999756        99970      4096.00
     100.287     0.999780        99972      4551.11
     100.735     0.999805        99974      5120.00
     100.927     0.999829        99976      5851.43
     101.375     0.999854        99979      6826.67
     101.631     0.999878        99981      8192.00
     102.079     0.999890        99983      9102.22
     102.143     0.999902        99986     10240.00
     102.143     0.999915        99986     11702.86
     102.143     0.999927        99986     13653.33
     102.335     0.999939        99987     16384.00
     102.399     0.999945        99988     18204.44
     103.039     0.999951        99990     20480.00
     103.039     0.999957        99990     23405.71
     103.039     0.999963        99990     27306.67
     103.039     0.999969        99990     32768.00
     103.167     0.999973        99991     36408.89
     103.167     0.999976        99991     40960.00
     103.167     0.999979        99991     46811.43
     114.687     0.999982        99992     54613.33
     114.687     0.999985        99992     65536.00
     114.687     0.999986        99992     72817.78
     114.687     0.999988        99992     81920.00
     114.687     0.999989        99992     93622.86
     124.607     0.999991        99993    109226.67
     124.607     1.000000        99993          inf
#[Mean    =       22.807, StdDeviation   =       12.387]
#[Max     =      124.544, Total count    =        99993]
#[Buckets =           27, SubBuckets     =         2048]
-----------------------------------------------------------------------
  119705 requests in 1.00m, 18.56MB read
Requests/sec:   1994.51  
Transfer/sec:    316.73KB
