Running 5m test @ http://10.10.1.1:15845/Spam?n=75
  9 threads and 18 connections

  Thread calibration: mean lat.: 0.837ms, rate sampling interval: 10ms
  Thread calibration: mean lat.: 0.810ms, rate sampling interval: 10ms
  Thread calibration: mean lat.: 2.848ms, rate sampling interval: 10ms
  Thread calibration: mean lat.: 0.884ms, rate sampling interval: 10ms
  Thread calibration: mean lat.: 1.161ms, rate sampling interval: 10ms
  Thread calibration: mean lat.: 1.142ms, rate sampling interval: 10ms
  Thread calibration: mean lat.: 0.851ms, rate sampling interval: 10ms
  Thread calibration: mean lat.: 0.808ms, rate sampling interval: 10ms
  Thread calibration: mean lat.: 2.338ms, rate sampling interval: 10ms

-----------------------------------------------------------------------
Test Results @ http://10.10.1.1:15845/Spam?n=75 
  Thread Stats   Avg      Stdev     99%   +/- Stdev
    Latency     1.42ms   10.07ms   7.18ms   99.40%
    Req/Sec   478.57     86.77   666.00     88.10%
  Latency Distribution (HdrHistogram - Recorded Latency)
 50.000%  797.00us
 75.000%    1.10ms
 90.000%    1.48ms
 99.000%    7.18ms
 99.900%  116.42ms
 99.990%  519.42ms
 99.999%  752.13ms
100.000%  766.46ms

  Detailed Percentile spectrum:
       Value   Percentile   TotalCount 1/(1-Percentile)

       0.013     0.000000            1         1.00
       0.620     0.100000       118641         1.11
       0.652     0.200000       240085         1.25
       0.685     0.300000       357271         1.43
       0.731     0.400000       475150         1.67
       0.797     0.500000       593488         2.00
       0.840     0.550000       651923         2.22
       0.892     0.600000       711162         2.50
       0.951     0.650000       770826         2.86
       1.019     0.700000       829747         3.33
       1.101     0.750000       889355         4.00
       1.150     0.775000       918535         4.44
       1.200     0.800000       948580         5.00
       1.255     0.825000       977991         5.71
       1.324     0.850000      1007454         6.67
       1.422     0.875000      1037125         8.00
       1.450     0.887500      1051830         8.89
       1.475     0.900000      1066619        10.00
       1.502     0.912500      1081364        11.43
       1.538     0.925000      1096169        13.33
       1.600     0.937500      1111070        16.00
       1.647     0.943750      1118428        17.78
       1.706     0.950000      1125840        20.00
       1.791     0.956250      1133230        22.86
       1.952     0.962500      1140594        26.67
       2.237     0.968750      1147985        32.00
       2.459     0.971875      1151696        35.56
       2.763     0.975000      1155389        40.00
       3.161     0.978125      1159091        45.71
       3.687     0.981250      1162788        53.33
       4.463     0.984375      1166490        64.00
       5.035     0.985938      1168354        71.11
       5.723     0.987500      1170191        80.00
       6.575     0.989062      1172041        91.43
       7.663     0.990625      1173894       106.67
       9.095     0.992188      1175750       128.00
       9.991     0.992969      1176675       142.22
      11.103     0.993750      1177595       160.00
      12.511     0.994531      1178525       182.86
      14.431     0.995313      1179447       213.33
      17.519     0.996094      1180374       256.00
      20.063     0.996484      1180838       284.44
      24.207     0.996875      1181298       320.00
      31.631     0.997266      1181762       365.71
      42.623     0.997656      1182224       426.67
      56.639     0.998047      1182688       512.00
      65.247     0.998242      1182918       568.89
      75.391     0.998437      1183150       640.00
      87.231     0.998633      1183382       731.43
     101.503     0.998828      1183614       853.33
     119.103     0.999023      1183844      1024.00
     131.967     0.999121      1183960      1137.78
     145.279     0.999219      1184076      1280.00
     159.743     0.999316      1184191      1462.86
     180.479     0.999414      1184307      1706.67
     200.703     0.999512      1184424      2048.00
     210.815     0.999561      1184481      2275.56
     225.151     0.999609      1184540      2560.00
     240.383     0.999658      1184596      2925.71
     255.743     0.999707      1184654      3413.33
     305.919     0.999756      1184712      4096.00
     346.879     0.999780      1184741      4551.11
     387.327     0.999805      1184770      5120.00
     424.447     0.999829      1184799      5851.43
     457.727     0.999854      1184828      6826.67
     481.535     0.999878      1184857      8192.00
     498.943     0.999890      1184871      9102.22
     523.775     0.999902      1184886     10240.00
     538.623     0.999915      1184900     11702.86
     562.175     0.999927      1184915     13653.33
     590.847     0.999939      1184929     16384.00
     618.495     0.999945      1184936     18204.44
     641.535     0.999951      1184944     20480.00
     652.799     0.999957      1184951     23405.71
     659.455     0.999963      1184958     27306.67
     674.303     0.999969      1184965     32768.00
     690.175     0.999973      1184969     36408.89
     706.047     0.999976      1184973     40960.00
     716.799     0.999979      1184976     46811.43
     726.527     0.999982      1184980     54613.33
     736.767     0.999985      1184983     65536.00
     743.423     0.999986      1184985     72817.78
     748.031     0.999988      1184987     81920.00
     752.127     0.999989      1184989     93622.86
     755.199     0.999991      1184991    109226.67
     756.735     0.999992      1184992    131072.00
     757.759     0.999993      1184993    145635.56
     758.271     0.999994      1184994    163840.00
     760.831     0.999995      1184996    187245.71
     760.831     0.999995      1184996    218453.33
     761.855     0.999996      1184997    262144.00
     761.855     0.999997      1184997    291271.11
     763.391     0.999997      1184998    327680.00
     763.391     0.999997      1184998    374491.43
     765.439     0.999998      1184999    436906.67
     765.439     0.999998      1184999    524288.00
     765.439     0.999998      1184999    582542.22
     765.951     0.999998      1185000    655360.00
     765.951     0.999999      1185000    748982.86
     765.951     0.999999      1185000    873813.33
     765.951     0.999999      1185000   1048576.00
     765.951     0.999999      1185000   1165084.44
     766.463     0.999999      1185001   1310720.00
     766.463     1.000000      1185001          inf
#[Mean    =        1.417, StdDeviation   =       10.066]
#[Max     =      765.952, Total count    =      1185001]
#[Buckets =           27, SubBuckets     =         2048]
-----------------------------------------------------------------------
  1225863 requests in 5.00m, 150.81MB read
Requests/sec:   4086.21  
Transfer/sec:    514.77KB
