setup: assigned thread_id=1
init: final thread_id=1, base_seed=nil
setup: assigned thread_id=2
init: final thread_id=2, base_seed=nil
setup: assigned thread_id=3
init: final thread_id=3, base_seed=nil
setup: assigned thread_id=4
init: final thread_id=4, base_seed=nil
setup: assigned thread_id=5
init: final thread_id=5, base_seed=nil
setup: assigned thread_id=6
init: final thread_id=6, base_seed=nil
setup: assigned thread_id=7
init: final thread_id=7, base_seed=nil
setup: assigned thread_id=8
init: final thread_id=8, base_seed=nil
setup: assigned thread_id=9
init: final thread_id=9, base_seed=nil
setup: assigned thread_id=10
init: final thread_id=10, base_seed=nil
setup: assigned thread_id=11
init: final thread_id=11, base_seed=nil
setup: assigned thread_id=12
init: final thread_id=12, base_seed=nil
setup: assigned thread_id=13
init: final thread_id=13, base_seed=nil
setup: assigned thread_id=14
init: final thread_id=14, base_seed=nil
setup: assigned thread_id=15
init: final thread_id=15, base_seed=nil
setup: assigned thread_id=16
init: final thread_id=16, base_seed=nil
setup: assigned thread_id=17
init: final thread_id=17, base_seed=nil
setup: assigned thread_id=18
init: final thread_id=18, base_seed=nil
setup: assigned thread_id=19
init: final thread_id=19, base_seed=nil
setup: assigned thread_id=20
init: final thread_id=20, base_seed=nil
script_want_response
Running 5m test @ http://10.10.1.1:3317
  20 threads and 200 connections

  Thread calibration: mean lat.: 16.055ms, rate sampling interval: 51ms
  Thread calibration: mean lat.: 17.625ms, rate sampling interval: 58ms
  Thread calibration: mean lat.: 19.390ms, rate sampling interval: 66ms
  Thread calibration: mean lat.: 22.222ms, rate sampling interval: 77ms
  Thread calibration: mean lat.: 23.890ms, rate sampling interval: 79ms
  Thread calibration: mean lat.: 16.950ms, rate sampling interval: 53ms
  Thread calibration: mean lat.: 26.871ms, rate sampling interval: 84ms
  Thread calibration: mean lat.: 27.718ms, rate sampling interval: 86ms
  Thread calibration: mean lat.: 28.767ms, rate sampling interval: 86ms
  Thread calibration: mean lat.: 30.236ms, rate sampling interval: 86ms
  Thread calibration: mean lat.: 31.833ms, rate sampling interval: 91ms
  Thread calibration: mean lat.: 32.801ms, rate sampling interval: 92ms
  Thread calibration: mean lat.: 32.323ms, rate sampling interval: 90ms
  Thread calibration: mean lat.: 32.331ms, rate sampling interval: 88ms
  Thread calibration: mean lat.: 32.989ms, rate sampling interval: 89ms
  Thread calibration: mean lat.: 32.852ms, rate sampling interval: 89ms
  Thread calibration: mean lat.: 32.300ms, rate sampling interval: 89ms
  Thread calibration: mean lat.: 32.044ms, rate sampling interval: 88ms
  Thread calibration: mean lat.: 31.737ms, rate sampling interval: 87ms
  Thread calibration: mean lat.: 30.669ms, rate sampling interval: 86ms

-----------------------------------------------------------------------
Test Results @ http://10.10.1.1:3317 
  Thread Stats   Avg      Stdev     99%   +/- Stdev
    Latency    35.38ms   14.65ms  70.27ms   71.15%
    Req/Sec   100.21     44.95   196.00     73.19%
  Latency Distribution (HdrHistogram - Recorded Latency)
 50.000%   35.17ms
 75.000%   44.42ms
 90.000%   52.13ms
 99.000%   70.27ms
 99.900%  105.09ms
 99.990%  350.21ms
 99.999%  448.26ms
100.000%  549.38ms

  Detailed Percentile spectrum:
       Value   Percentile   TotalCount 1/(1-Percentile)

       7.275     0.000000            1         1.00
      16.831     0.100000        58091         1.11
      23.167     0.200000       116072         1.25
      27.727     0.300000       174048         1.43
      31.551     0.400000       232168         1.67
      35.167     0.500000       290344         2.00
      36.959     0.550000       319443         2.22
      38.751     0.600000       348440         2.50
      40.543     0.650000       377203         2.86
      42.399     0.700000       406061         3.33
      44.415     0.750000       435391         4.00
      45.439     0.775000       449600         4.44
      46.559     0.800000       464075         5.00
      47.743     0.825000       478697         5.71
      49.055     0.850000       493207         6.67
      50.495     0.875000       507808         8.00
      51.263     0.887500       514750         8.89
      52.127     0.900000       522000        10.00
      53.151     0.912500       529449        11.43
      54.239     0.925000       536519        13.33
      55.551     0.937500       543774        16.00
      56.319     0.943750       547392        17.78
      57.183     0.950000       551041        20.00
      58.207     0.956250       554690        22.86
      59.295     0.962500       558304        26.67
      60.607     0.968750       561917        32.00
      61.343     0.971875       563733        35.56
      62.207     0.975000       565549        40.00
      63.199     0.978125       567324        45.71
      64.415     0.981250       569127        53.33
      65.983     0.984375       570983        64.00
      66.943     0.985938       571844        71.11
      68.095     0.987500       572778        80.00
      69.375     0.989062       573665        91.43
      70.975     0.990625       574592       106.67
      72.895     0.992188       575483       128.00
      74.239     0.992969       575937       142.22
      75.711     0.993750       576394       160.00
      77.247     0.994531       576837       182.86
      79.039     0.995313       577287       213.33
      81.215     0.996094       577740       256.00
      82.495     0.996484       577970       284.44
      83.839     0.996875       578196       320.00
      85.439     0.997266       578418       365.71
      87.935     0.997656       578642       426.67
      90.815     0.998047       578870       512.00
      92.799     0.998242       578983       568.89
      94.911     0.998437       579098       640.00
      97.471     0.998633       579210       731.43
     100.287     0.998828       579326       853.33
     105.919     0.999023       579435      1024.00
     111.423     0.999121       579491      1137.78
     118.975     0.999219       579547      1280.00
     130.175     0.999316       579604      1462.86
     141.311     0.999414       579662      1706.67
     152.575     0.999512       579717      2048.00
     161.023     0.999561       579746      2275.56
     174.207     0.999609       579774      2560.00
     186.111     0.999658       579803      2925.71
     196.479     0.999707       579831      3413.33
     252.543     0.999756       579859      4096.00
     268.031     0.999780       579873      4551.11
     278.015     0.999805       579887      5120.00
     285.695     0.999829       579901      5851.43
     298.495     0.999854       579917      6826.67
     333.823     0.999878       579931      8192.00
     347.135     0.999890       579937      9102.22
     350.719     0.999902       579944     10240.00
     354.559     0.999915       579952     11702.86
     358.399     0.999927       579958     13653.33
     379.135     0.999939       579965     16384.00
     381.951     0.999945       579969     18204.44
     383.743     0.999951       579972     20480.00
     388.351     0.999957       579976     23405.71
     394.495     0.999963       579979     27306.67
     436.223     0.999969       579983     32768.00
     437.759     0.999973       579985     36408.89
     439.551     0.999976       579986     40960.00
     440.575     0.999979       579988     46811.43
     445.951     0.999982       579990     54613.33
     446.719     0.999985       579992     65536.00
     447.999     0.999986       579993     72817.78
     447.999     0.999988       579993     81920.00
     448.255     0.999989       579994     93622.86
     458.751     0.999991       579995    109226.67
     461.823     0.999992       579996    131072.00
     486.911     0.999993       579997    145635.56
     486.911     0.999994       579997    163840.00
     486.911     0.999995       579997    187245.71
     492.287     0.999995       579998    218453.33
     492.287     0.999996       579998    262144.00
     545.791     0.999997       579999    291271.11
     545.791     0.999997       579999    327680.00
     545.791     0.999997       579999    374491.43
     545.791     0.999998       579999    436906.67
     545.791     0.999998       579999    524288.00
     549.375     0.999998       580000    582542.22
     549.375     1.000000       580000          inf
#[Mean    =       35.385, StdDeviation   =       14.649]
#[Max     =      548.864, Total count    =       580000]
#[Buckets =           27, SubBuckets     =         2048]
-----------------------------------------------------------------------
  599707 requests in 5.00m, 93.00MB read
Requests/sec:   1998.87  
Transfer/sec:    317.41KB
