setup: assigned thread_id=1
init: final thread_id=1, base_seed=nil
script_want_response
Running 2m test @ http://10.10.1.1:3317
  1 threads and 10 connections

  Thread calibration: mean lat.: 61.235ms, rate sampling interval: 118ms

-----------------------------------------------------------------------
Test Results @ http://10.10.1.1:3317 
  Thread Stats   Avg      Stdev     99%   +/- Stdev
    Latency     7.44ms    0.89ms  10.02ms   76.27%
    Req/Sec    99.83     29.89   170.00     82.81%
  Latency Distribution (HdrHistogram - Recorded Latency)
 50.000%    7.33ms
 75.000%    7.84ms
 90.000%    8.61ms
 99.000%   10.02ms
 99.900%   12.26ms
 99.990%   14.94ms
 99.999%   20.30ms
100.000%   20.30ms

  Detailed Percentile spectrum:
       Value   Percentile   TotalCount 1/(1-Percentile)

       4.179     0.000000            1         1.00
       6.543     0.100000          912         1.11
       6.799     0.200000         1809         1.25
       6.999     0.300000         2709         1.43
       7.167     0.400000         3615         1.67
       7.331     0.500000         4499         2.00
       7.419     0.550000         4966         2.22
       7.507     0.600000         5403         2.50
       7.603     0.650000         5854         2.86
       7.711     0.700000         6304         3.33
       7.839     0.750000         6750         4.00
       7.919     0.775000         6981         4.44
       8.007     0.800000         7200         5.00
       8.119     0.825000         7429         5.71
       8.255     0.850000         7660         6.67
       8.415     0.875000         7888         8.00
       8.503     0.887500         7986         8.89
       8.615     0.900000         8107        10.00
       8.719     0.912500         8218        11.43
       8.839     0.925000         8325        13.33
       8.991     0.937500         8441        16.00
       9.063     0.943750         8493        17.78
       9.143     0.950000         8550        20.00
       9.223     0.956250         8605        22.86
       9.311     0.962500         8663        26.67
       9.423     0.968750         8718        32.00
       9.495     0.971875         8745        35.56
       9.551     0.975000         8774        40.00
       9.631     0.978125         8804        45.71
       9.711     0.981250         8830        53.33
       9.807     0.984375         8858        64.00
       9.871     0.985938         8874        71.11
       9.927     0.987500         8887        80.00
       9.975     0.989062         8900        91.43
      10.039     0.990625         8916       106.67
      10.087     0.992188         8928       128.00
      10.127     0.992969         8937       142.22
      10.151     0.993750         8942       160.00
      10.183     0.994531         8949       182.86
      10.215     0.995313         8956       213.33
      10.335     0.996094         8963       256.00
      10.423     0.996484         8967       284.44
      10.479     0.996875         8970       320.00
      10.543     0.997266         8974       365.71
      10.615     0.997656         8977       426.67
      10.783     0.998047         8981       512.00
      10.807     0.998242         8983       568.89
      10.831     0.998437         8985       640.00
      10.911     0.998633         8986       731.43
      12.063     0.998828         8988       853.33
      12.495     0.999023         8990      1024.00
      12.671     0.999121         8991      1137.78
      12.671     0.999219         8991      1280.00
      13.255     0.999316         8992      1462.86
      13.327     0.999414         8993      1706.67
      13.591     0.999512         8994      2048.00
      14.263     0.999561         8995      2275.56
      14.263     0.999609         8995      2560.00
      14.263     0.999658         8995      2925.71
      14.775     0.999707         8996      3413.33
      14.775     0.999756         8996      4096.00
      14.935     0.999780         8997      4551.11
      14.935     0.999805         8997      5120.00
      14.935     0.999829         8997      5851.43
      14.935     0.999854         8997      6826.67
      14.935     0.999878         8997      8192.00
      20.303     0.999890         8998      9102.22
      20.303     1.000000         8998          inf
#[Mean    =        7.443, StdDeviation   =        0.894]
#[Max     =       20.288, Total count    =         8998]
#[Buckets =           27, SubBuckets     =         2048]
-----------------------------------------------------------------------
  9991 requests in 1.67m, 1.55MB read
Requests/sec:     99.90  
Transfer/sec:     15.85KB
