setup: assigned thread_id=1
init: final thread_id=1, base_seed=nil
script_want_response
Running 1m test @ http://10.10.1.1:34208
  1 threads and 10 connections

  Thread calibration: mean lat.: 11.368ms, rate sampling interval: 24ms

-----------------------------------------------------------------------
Test Results @ http://10.10.1.1:34208 
  Thread Stats   Avg      Stdev     99%   +/- Stdev
    Latency    11.03ms    2.08ms  13.18ms   98.92%
    Req/Sec   101.77    164.96   434.00     79.06%
  Latency Distribution (HdrHistogram - Recorded Latency)
 50.000%   10.83ms
 75.000%   11.39ms
 90.000%   12.07ms
 99.000%   13.18ms
 99.900%   15.59ms
 99.990%   84.35ms
 99.999%  109.06ms
100.000%  109.06ms

  Detailed Percentile spectrum:
       Value   Percentile   TotalCount 1/(1-Percentile)

       9.327     0.000000            1         1.00
      10.143     0.100000          505         1.11
      10.343     0.200000         1017         1.25
      10.519     0.300000         1525         1.43
      10.671     0.400000         2003         1.67
      10.831     0.500000         2503         2.00
      10.927     0.550000         2764         2.22
      11.023     0.600000         3006         2.50
      11.135     0.650000         3259         2.86
      11.239     0.700000         3502         3.33
      11.391     0.750000         3752         4.00
      11.487     0.775000         3884         4.44
      11.583     0.800000         4007         5.00
      11.695     0.825000         4133         5.71
      11.807     0.850000         4253         6.67
      11.943     0.875000         4381         8.00
      12.007     0.887500         4440         8.89
      12.071     0.900000         4502        10.00
      12.159     0.912500         4564        11.43
      12.239     0.925000         4628        13.33
      12.351     0.937500         4689        16.00
      12.415     0.943750         4719        17.78
      12.479     0.950000         4751        20.00
      12.535     0.956250         4784        22.86
      12.599     0.962500         4815        26.67
      12.671     0.968750         4844        32.00
      12.759     0.971875         4861        35.56
      12.815     0.975000         4875        40.00
      12.871     0.978125         4891        45.71
      12.919     0.981250         4907        53.33
      13.015     0.984375         4922        64.00
      13.039     0.985938         4933        71.11
      13.071     0.987500         4940        80.00
      13.111     0.989062         4946        91.43
      13.223     0.990625         4954       106.67
      13.343     0.992188         4961       128.00
      13.383     0.992969         4965       142.22
      13.455     0.993750         4969       160.00
      13.719     0.994531         4974       182.86
      13.887     0.995313         4977       213.33
      14.047     0.996094         4981       256.00
      14.239     0.996484         4983       284.44
      14.335     0.996875         4985       320.00
      14.543     0.997266         4987       365.71
      14.743     0.997656         4989       426.67
      15.135     0.998047         4991       512.00
      15.271     0.998242         4992       568.89
      15.295     0.998437         4993       640.00
      15.407     0.998633         4994       731.43
      15.591     0.998828         4995       853.33
      16.127     0.999023         4996      1024.00
      16.127     0.999121         4996      1137.78
      19.903     0.999219         4997      1280.00
      19.903     0.999316         4997      1462.86
      70.911     0.999414         4998      1706.67
      70.911     0.999512         4998      2048.00
      70.911     0.999561         4998      2275.56
      84.351     0.999609         4999      2560.00
      84.351     0.999658         4999      2925.71
      84.351     0.999707         4999      3413.33
      84.351     0.999756         4999      4096.00
      84.351     0.999780         4999      4551.11
     109.055     0.999805         5000      5120.00
     109.055     1.000000         5000          inf
#[Mean    =       11.029, StdDeviation   =        2.082]
#[Max     =      108.992, Total count    =         5000]
#[Buckets =           27, SubBuckets     =         2048]
-----------------------------------------------------------------------
  5990 requests in 1.00m, 0.93MB read
Requests/sec:     99.81  
Transfer/sec:     15.85KB
