setup: assigned thread_id=1
init: final thread_id=1, base_seed=nil
setup: assigned thread_id=2
init: final thread_id=2, base_seed=nil
setup: assigned thread_id=3
init: final thread_id=3, base_seed=nil
setup: assigned thread_id=4
init: final thread_id=4, base_seed=nil
setup: assigned thread_id=5
init: final thread_id=5, base_seed=nil
setup: assigned thread_id=6
init: final thread_id=6, base_seed=nil
setup: assigned thread_id=7
init: final thread_id=7, base_seed=nil
setup: assigned thread_id=8
init: final thread_id=8, base_seed=nil
setup: assigned thread_id=9
init: final thread_id=9, base_seed=nil
setup: assigned thread_id=10
init: final thread_id=10, base_seed=nil
setup: assigned thread_id=11
init: final thread_id=11, base_seed=nil
setup: assigned thread_id=12
init: final thread_id=12, base_seed=nil
setup: assigned thread_id=13
init: final thread_id=13, base_seed=nil
setup: assigned thread_id=14
init: final thread_id=14, base_seed=nil
setup: assigned thread_id=15
init: final thread_id=15, base_seed=nil
setup: assigned thread_id=16
init: final thread_id=16, base_seed=nil
setup: assigned thread_id=17
init: final thread_id=17, base_seed=nil
setup: assigned thread_id=18
init: final thread_id=18, base_seed=nil
setup: assigned thread_id=19
init: final thread_id=19, base_seed=nil
setup: assigned thread_id=20
init: final thread_id=20, base_seed=nil
setup: assigned thread_id=21
init: final thread_id=21, base_seed=nil
setup: assigned thread_id=22
init: final thread_id=22, base_seed=nil
setup: assigned thread_id=23
init: final thread_id=23, base_seed=nil
setup: assigned thread_id=24
init: final thread_id=24, base_seed=nil
setup: assigned thread_id=25
init: final thread_id=25, base_seed=nil
setup: assigned thread_id=26
init: final thread_id=26, base_seed=nil
setup: assigned thread_id=27
init: final thread_id=27, base_seed=nil
setup: assigned thread_id=28
init: final thread_id=28, base_seed=nil
setup: assigned thread_id=29
init: final thread_id=29, base_seed=nil
setup: assigned thread_id=30
init: final thread_id=30, base_seed=nil
setup: assigned thread_id=31
init: final thread_id=31, base_seed=nil
setup: assigned thread_id=32
init: final thread_id=32, base_seed=nil
setup: assigned thread_id=33
init: final thread_id=33, base_seed=nil
setup: assigned thread_id=34
init: final thread_id=34, base_seed=nil
setup: assigned thread_id=35
init: final thread_id=35, base_seed=nil
setup: assigned thread_id=36
init: final thread_id=36, base_seed=nil
setup: assigned thread_id=37
init: final thread_id=37, base_seed=nil
setup: assigned thread_id=38
init: final thread_id=38, base_seed=nil
setup: assigned thread_id=39
init: final thread_id=39, base_seed=nil
setup: assigned thread_id=40
init: final thread_id=40, base_seed=nil
setup: assigned thread_id=41
init: final thread_id=41, base_seed=nil
setup: assigned thread_id=42
init: final thread_id=42, base_seed=nil
setup: assigned thread_id=43
init: final thread_id=43, base_seed=nil
setup: assigned thread_id=44
init: final thread_id=44, base_seed=nil
setup: assigned thread_id=45
init: final thread_id=45, base_seed=nil
script_want_response
Running 5m test @ http://10.10.1.1:30562
  45 threads and 450 connections

  Thread calibration: mean lat.: 839.951ms, rate sampling interval: 3158ms
  Thread calibration: mean lat.: 876.141ms, rate sampling interval: 3381ms
  Thread calibration: mean lat.: 903.057ms, rate sampling interval: 3278ms
  Thread calibration: mean lat.: 876.889ms, rate sampling interval: 3325ms
  Thread calibration: mean lat.: 883.894ms, rate sampling interval: 3211ms
  Thread calibration: mean lat.: 846.447ms, rate sampling interval: 3147ms
  Thread calibration: mean lat.: 908.166ms, rate sampling interval: 3483ms
  Thread calibration: mean lat.: 892.974ms, rate sampling interval: 3291ms
  Thread calibration: mean lat.: 942.396ms, rate sampling interval: 3407ms
  Thread calibration: mean lat.: 892.968ms, rate sampling interval: 3209ms
  Thread calibration: mean lat.: 911.063ms, rate sampling interval: 3276ms
  Thread calibration: mean lat.: 933.603ms, rate sampling interval: 3497ms
  Thread calibration: mean lat.: 886.925ms, rate sampling interval: 3176ms
  Thread calibration: mean lat.: 878.187ms, rate sampling interval: 3272ms
  Thread calibration: mean lat.: 871.811ms, rate sampling interval: 3209ms
  Thread calibration: mean lat.: 878.145ms, rate sampling interval: 3203ms
  Thread calibration: mean lat.: 891.140ms, rate sampling interval: 3276ms
  Thread calibration: mean lat.: 890.849ms, rate sampling interval: 3170ms
  Thread calibration: mean lat.: 897.857ms, rate sampling interval: 3301ms
  Thread calibration: mean lat.: 875.112ms, rate sampling interval: 3123ms
  Thread calibration: mean lat.: 878.484ms, rate sampling interval: 3180ms
  Thread calibration: mean lat.: 1041.178ms, rate sampling interval: 3227ms
  Thread calibration: mean lat.: 939.910ms, rate sampling interval: 3364ms
  Thread calibration: mean lat.: 881.762ms, rate sampling interval: 3190ms
  Thread calibration: mean lat.: 936.341ms, rate sampling interval: 3442ms
  Thread calibration: mean lat.: 876.379ms, rate sampling interval: 3227ms
  Thread calibration: mean lat.: 881.481ms, rate sampling interval: 3227ms
  Thread calibration: mean lat.: 890.214ms, rate sampling interval: 3123ms
  Thread calibration: mean lat.: 833.216ms, rate sampling interval: 3084ms
  Thread calibration: mean lat.: 953.943ms, rate sampling interval: 3598ms
  Thread calibration: mean lat.: 970.248ms, rate sampling interval: 3454ms
  Thread calibration: mean lat.: 880.855ms, rate sampling interval: 3332ms
  Thread calibration: mean lat.: 973.515ms, rate sampling interval: 3641ms
  Thread calibration: mean lat.: 901.389ms, rate sampling interval: 3309ms
  Thread calibration: mean lat.: 879.058ms, rate sampling interval: 3325ms
  Thread calibration: mean lat.: 1041.783ms, rate sampling interval: 3641ms
  Thread calibration: mean lat.: 899.493ms, rate sampling interval: 3307ms
  Thread calibration: mean lat.: 983.886ms, rate sampling interval: 3526ms
  Thread calibration: mean lat.: 910.023ms, rate sampling interval: 3352ms
  Thread calibration: mean lat.: 879.686ms, rate sampling interval: 3201ms
  Thread calibration: mean lat.: 968.454ms, rate sampling interval: 3557ms
  Thread calibration: mean lat.: 950.113ms, rate sampling interval: 3352ms
  Thread calibration: mean lat.: 923.452ms, rate sampling interval: 3334ms
  Thread calibration: mean lat.: 909.263ms, rate sampling interval: 3256ms
  Thread calibration: mean lat.: 972.084ms, rate sampling interval: 3405ms

-----------------------------------------------------------------------
Test Results @ http://10.10.1.1:30562 
  Thread Stats   Avg      Stdev     99%   +/- Stdev
    Latency    33.61s    17.23s    1.00m    56.25%
    Req/Sec    48.61      3.29    55.00     79.54%
  Latency Distribution (HdrHistogram - Recorded Latency)
 50.000%   35.42s 
 75.000%   49.74s 
 90.000%    0.91m 
 99.000%    1.00m 
 99.900%    1.06m 
 99.990%    1.09m 
 99.999%    1.12m 
100.000%    1.13m 

  Detailed Percentile spectrum:
       Value   Percentile   TotalCount 1/(1-Percentile)

    1153.023     0.000000            1         1.00
    9265.151     0.100000        64077         1.11
   15065.087     0.200000       128166         1.25
   20971.519     0.300000       192365         1.43
   28884.991     0.400000       256356         1.67
   35422.207     0.500000       320338         2.00
   39026.687     0.550000       352472         2.22
   42598.399     0.600000       384524         2.50
   45481.983     0.650000       416701         2.86
   47874.047     0.700000       448865         3.33
   49741.823     0.750000       480758         4.00
   50561.023     0.775000       496787         4.44
   51347.455     0.800000       512961         5.00
   52101.119     0.825000       528965         5.71
   52854.783     0.850000       545042         6.67
   53608.447     0.875000       560687         8.00
   54034.431     0.887500       569168         8.89
   54427.647     0.900000       576744        10.00
   54886.399     0.912500       585061        11.43
   55345.151     0.925000       592687        13.33
   55902.207     0.937500       600955        16.00
   56197.119     0.943750       604928        17.78
   56524.799     0.950000       608974        20.00
   56852.479     0.956250       612690        22.86
   57245.695     0.962500       616674        26.67
   57704.447     0.968750       620714        32.00
   57966.591     0.971875       622795        35.56
   58228.735     0.975000       624659        40.00
   58556.415     0.978125       626743        45.71
   58884.095     0.981250       628623        53.33
   59310.079     0.984375       630739        64.00
   59539.455     0.985938       631742        71.11
   59768.831     0.987500       632671        80.00
   60030.975     0.989062       633648        91.43
   60358.655     0.990625       634717       106.67
   60686.335     0.992188       635687       128.00
   60882.943     0.992969       636204       142.22
   61079.551     0.993750       636695       160.00
   61276.159     0.994531       637145       182.86
   61538.303     0.995313       637684       213.33
   61800.447     0.996094       638180       256.00
   61931.519     0.996484       638387       284.44
   62095.359     0.996875       638659       320.00
   62259.199     0.997266       638909       365.71
   62455.807     0.997656       639165       426.67
   62652.415     0.998047       639397       512.00
   62783.487     0.998242       639523       568.89
   62914.559     0.998437       639655       640.00
   63045.631     0.998633       639771       731.43
   63209.471     0.998828       639881       853.33
   63406.079     0.999023       640016      1024.00
   63504.383     0.999121       640082      1137.78
   63602.687     0.999219       640132      1280.00
   63733.759     0.999316       640199      1462.86
   63897.599     0.999414       640263      1706.67
   64061.439     0.999512       640321      2048.00
   64159.743     0.999561       640352      2275.56
   64258.047     0.999609       640382      2560.00
   64389.119     0.999658       640415      2925.71
   64552.959     0.999707       640445      3413.33
   64716.799     0.999756       640476      4096.00
   64815.103     0.999780       640490      4551.11
   64880.639     0.999805       640506      5120.00
   65011.711     0.999829       640523      5851.43
   65110.015     0.999854       640540      6826.67
   65241.087     0.999878       640553      8192.00
   65339.391     0.999890       640560      9102.22
   65404.927     0.999902       640568     10240.00
   65535.999     0.999915       640576     11702.86
   65634.303     0.999927       640585     13653.33
   65765.375     0.999939       640595     16384.00
   65765.375     0.999945       640595     18204.44
   65830.911     0.999951       640599     20480.00
   65929.215     0.999957       640603     23405.71
   66027.519     0.999963       640608     27306.67
   66093.055     0.999969       640611     32768.00
   66125.823     0.999973       640613     36408.89
   66256.895     0.999976       640615     40960.00
   66322.431     0.999979       640617     46811.43
   66486.271     0.999982       640619     54613.33
   66715.647     0.999985       640621     65536.00
   66781.183     0.999986       640622     72817.78
   66912.255     0.999988       640623     81920.00
   66945.023     0.999989       640624     93622.86
   67010.559     0.999991       640625    109226.67
   67239.935     0.999992       640626    131072.00
   67239.935     0.999993       640626    145635.56
   67305.471     0.999994       640627    163840.00
   67305.471     0.999995       640627    187245.71
   67371.007     0.999995       640629    218453.33
   67371.007     0.999996       640629    262144.00
   67371.007     0.999997       640629    291271.11
   67371.007     0.999997       640629    327680.00
   67371.007     0.999997       640629    374491.43
   67371.007     0.999998       640629    436906.67
   67371.007     0.999998       640629    524288.00
   67371.007     0.999998       640629    582542.22
   67567.615     0.999998       640630    655360.00
   67567.615     1.000000       640630          inf
#[Mean    =    33611.814, StdDeviation   =    17230.510]
#[Max     =    67502.080, Total count    =       640630]
#[Buckets =           27, SubBuckets     =         2048]
-----------------------------------------------------------------------
  664847 requests in 5.00m, 103.10MB read
  Socket errors: connect 0, read 0, write 0, timeout 19062
Requests/sec:   2216.47  
Transfer/sec:    351.96KB
