setup: assigned thread_id=1
init: final thread_id=1, base_seed=nil
script_want_response
Running 1m test @ http://10.10.1.1:30562
  1 threads and 10 connections

  Thread calibration: mean lat.: 15.619ms, rate sampling interval: 33ms

-----------------------------------------------------------------------
Test Results @ http://10.10.1.1:30562 
  Thread Stats   Avg      Stdev     99%   +/- Stdev
    Latency    15.62ms    2.31ms  20.93ms   97.86%
    Req/Sec   101.35    135.56   312.00     70.50%
  Latency Distribution (HdrHistogram - Recorded Latency)
 50.000%   15.38ms
 75.000%   16.14ms
 90.000%   16.83ms
 99.000%   20.93ms
 99.900%   31.53ms
 99.990%   91.97ms
 99.999%   93.89ms
100.000%   93.89ms

  Detailed Percentile spectrum:
       Value   Percentile   TotalCount 1/(1-Percentile)

      13.167     0.000000            1         1.00
      14.343     0.100000          504         1.11
      14.639     0.200000         1022         1.25
      14.863     0.300000         1507         1.43
      15.111     0.400000         2001         1.67
      15.383     0.500000         2510         2.00
      15.527     0.550000         2750         2.22
      15.679     0.600000         3005         2.50
      15.823     0.650000         3264         2.86
      15.983     0.700000         3503         3.33
      16.143     0.750000         3763         4.00
      16.239     0.775000         3877         4.44
      16.319     0.800000         4003         5.00
      16.431     0.825000         4125         5.71
      16.543     0.850000         4269         6.67
      16.687     0.875000         4389         8.00
      16.767     0.887500         4449         8.89
      16.831     0.900000         4501        10.00
      16.911     0.912500         4565        11.43
      17.007     0.925000         4634        13.33
      17.135     0.937500         4695        16.00
      17.199     0.943750         4722        17.78
      17.263     0.950000         4751        20.00
      17.359     0.956250         4786        22.86
      17.487     0.962500         4815        26.67
      17.615     0.968750         4844        32.00
      17.711     0.971875         4860        35.56
      17.791     0.975000         4876        40.00
      17.935     0.978125         4894        45.71
      18.063     0.981250         4909        53.33
      18.383     0.984375         4922        64.00
      18.607     0.985938         4930        71.11
      19.119     0.987500         4938        80.00
      20.367     0.989062         4946        91.43
      21.471     0.990625         4954       106.67
      22.319     0.992188         4961       128.00
      22.607     0.992969         4965       142.22
      23.055     0.993750         4969       160.00
      23.327     0.994531         4973       182.86
      24.351     0.995313         4977       213.33
      25.823     0.996094         4981       256.00
      27.183     0.996484         4983       284.44
      27.647     0.996875         4985       320.00
      27.935     0.997266         4987       365.71
      28.623     0.997656         4989       426.67
      29.167     0.998047         4991       512.00
      29.791     0.998242         4992       568.89
      30.639     0.998437         4993       640.00
      31.391     0.998633         4994       731.43
      31.535     0.998828         4995       853.33
      33.087     0.999023         4996      1024.00
      33.087     0.999121         4996      1137.78
      33.887     0.999219         4997      1280.00
      33.887     0.999316         4997      1462.86
      88.575     0.999414         4998      1706.67
      88.575     0.999512         4998      2048.00
      88.575     0.999561         4998      2275.56
      91.967     0.999609         4999      2560.00
      91.967     0.999658         4999      2925.71
      91.967     0.999707         4999      3413.33
      91.967     0.999756         4999      4096.00
      91.967     0.999780         4999      4551.11
      93.887     0.999805         5000      5120.00
      93.887     1.000000         5000          inf
#[Mean    =       15.619, StdDeviation   =        2.311]
#[Max     =       93.824, Total count    =         5000]
#[Buckets =           27, SubBuckets     =         2048]
-----------------------------------------------------------------------
  5990 requests in 1.00m, 0.93MB read
Requests/sec:     99.81  
Transfer/sec:     15.84KB
