setup: assigned thread_id=1
init: final thread_id=1, base_seed=nil
setup: assigned thread_id=2
init: final thread_id=2, base_seed=nil
setup: assigned thread_id=3
init: final thread_id=3, base_seed=nil
setup: assigned thread_id=4
init: final thread_id=4, base_seed=nil
setup: assigned thread_id=5
init: final thread_id=5, base_seed=nil
setup: assigned thread_id=6
init: final thread_id=6, base_seed=nil
setup: assigned thread_id=7
init: final thread_id=7, base_seed=nil
setup: assigned thread_id=8
init: final thread_id=8, base_seed=nil
setup: assigned thread_id=9
init: final thread_id=9, base_seed=nil
setup: assigned thread_id=10
init: final thread_id=10, base_seed=nil
setup: assigned thread_id=11
init: final thread_id=11, base_seed=nil
setup: assigned thread_id=12
init: final thread_id=12, base_seed=nil
setup: assigned thread_id=13
init: final thread_id=13, base_seed=nil
setup: assigned thread_id=14
init: final thread_id=14, base_seed=nil
setup: assigned thread_id=15
init: final thread_id=15, base_seed=nil
setup: assigned thread_id=16
init: final thread_id=16, base_seed=nil
setup: assigned thread_id=17
init: final thread_id=17, base_seed=nil
setup: assigned thread_id=18
init: final thread_id=18, base_seed=nil
setup: assigned thread_id=19
init: final thread_id=19, base_seed=nil
setup: assigned thread_id=20
init: final thread_id=20, base_seed=nil
script_want_response
Running 1m test @ http://10.10.1.1:5834
  20 threads and 200 connections

  Thread calibration: mean lat.: 18.558ms, rate sampling interval: 71ms
  Thread calibration: mean lat.: 21.719ms, rate sampling interval: 84ms
  Thread calibration: mean lat.: 24.869ms, rate sampling interval: 105ms
  Thread calibration: mean lat.: 28.878ms, rate sampling interval: 114ms
  Thread calibration: mean lat.: 32.114ms, rate sampling interval: 117ms
  Thread calibration: mean lat.: 35.682ms, rate sampling interval: 119ms
  Thread calibration: mean lat.: 39.479ms, rate sampling interval: 123ms
  Thread calibration: mean lat.: 42.370ms, rate sampling interval: 124ms
  Thread calibration: mean lat.: 43.959ms, rate sampling interval: 124ms
  Thread calibration: mean lat.: 45.699ms, rate sampling interval: 125ms
  Thread calibration: mean lat.: 47.129ms, rate sampling interval: 125ms
  Thread calibration: mean lat.: 48.085ms, rate sampling interval: 123ms
  Thread calibration: mean lat.: 48.095ms, rate sampling interval: 122ms
  Thread calibration: mean lat.: 48.654ms, rate sampling interval: 121ms
  Thread calibration: mean lat.: 47.792ms, rate sampling interval: 127ms
  Thread calibration: mean lat.: 48.828ms, rate sampling interval: 120ms
  Thread calibration: mean lat.: 47.750ms, rate sampling interval: 116ms
  Thread calibration: mean lat.: 47.209ms, rate sampling interval: 115ms
  Thread calibration: mean lat.: 46.639ms, rate sampling interval: 113ms
  Thread calibration: mean lat.: 45.689ms, rate sampling interval: 110ms

-----------------------------------------------------------------------
Test Results @ http://10.10.1.1:5834 
  Thread Stats   Avg      Stdev     99%   +/- Stdev
    Latency    37.44ms   15.06ms  66.82ms   65.65%
    Req/Sec   100.03     28.27   175.00     79.30%
  Latency Distribution (HdrHistogram - Recorded Latency)
 50.000%   39.42ms
 75.000%   48.70ms
 90.000%   55.33ms
 99.000%   66.82ms
 99.900%   91.33ms
 99.990%  104.32ms
 99.999%  107.84ms
100.000%  108.22ms

  Detailed Percentile spectrum:
       Value   Percentile   TotalCount 1/(1-Percentile)

       8.039     0.000000            1         1.00
      13.095     0.100000        10001         1.11
      23.439     0.200000        20005         1.25
      30.143     0.300000        30006         1.43
      34.879     0.400000        40047         1.67
      39.423     0.500000        50074         2.00
      41.439     0.550000        55000         2.22
      43.423     0.600000        60088         2.50
      45.215     0.650000        65090         2.86
      46.943     0.700000        70034         3.33
      48.703     0.750000        75020         4.00
      49.631     0.775000        77528         4.44
      50.623     0.800000        80046         5.00
      51.647     0.825000        82513         5.71
      52.767     0.850000        85039         6.67
      53.951     0.875000        87502         8.00
      54.623     0.887500        88761         8.89
      55.327     0.900000        90048        10.00
      56.095     0.912500        91273        11.43
      56.959     0.925000        92518        13.33
      57.951     0.937500        93765        16.00
      58.495     0.943750        94381        17.78
      59.167     0.950000        95015        20.00
      59.839     0.956250        95632        22.86
      60.607     0.962500        96260        26.67
      61.471     0.968750        96887        32.00
      61.951     0.971875        97193        35.56
      62.527     0.975000        97502        40.00
      63.263     0.978125        97815        45.71
      64.095     0.981250        98136        53.33
      64.863     0.984375        98447        64.00
      65.343     0.985938        98600        71.11
      65.855     0.987500        98757        80.00
      66.431     0.989062        98919        91.43
      67.135     0.990625        99071       106.67
      67.775     0.992188        99220       128.00
      68.159     0.992969        99299       142.22
      68.671     0.993750        99376       160.00
      69.311     0.994531        99458       182.86
      69.887     0.995313        99534       213.33
      70.719     0.996094        99615       256.00
      71.423     0.996484        99653       284.44
      71.999     0.996875        99688       320.00
      73.087     0.997266        99730       365.71
      75.071     0.997656        99766       426.67
      78.207     0.998047        99806       512.00
      82.367     0.998242        99826       568.89
      84.991     0.998437        99845       640.00
      87.551     0.998633        99864       731.43
      89.727     0.998828        99883       853.33
      91.711     0.999023        99903      1024.00
      92.735     0.999121        99913      1137.78
      94.207     0.999219        99923      1280.00
      95.487     0.999316        99932      1462.86
      96.319     0.999414        99942      1706.67
      97.791     0.999512        99952      2048.00
      98.943     0.999561        99957      2275.56
      99.583     0.999609        99961      2560.00
     100.095     0.999658        99968      2925.71
     100.735     0.999707        99971      3413.33
     101.631     0.999756        99976      4096.00
     102.463     0.999780        99979      4551.11
     102.719     0.999805        99981      5120.00
     103.103     0.999829        99983      5851.43
     103.359     0.999854        99986      6826.67
     103.743     0.999878        99988      8192.00
     104.319     0.999890        99990      9102.22
     105.087     0.999902        99991     10240.00
     105.343     0.999915        99992     11702.86
     105.535     0.999927        99993     13653.33
     105.983     0.999939        99994     16384.00
     106.047     0.999945        99996     18204.44
     106.047     0.999951        99996     20480.00
     106.047     0.999957        99996     23405.71
     106.303     0.999963        99997     27306.67
     106.303     0.999969        99997     32768.00
     107.519     0.999973        99998     36408.89
     107.519     0.999976        99998     40960.00
     107.519     0.999979        99998     46811.43
     107.839     0.999982        99999     54613.33
     107.839     0.999985        99999     65536.00
     107.839     0.999986        99999     72817.78
     107.839     0.999988        99999     81920.00
     107.839     0.999989        99999     93622.86
     108.223     0.999991       100000    109226.67
     108.223     1.000000       100000          inf
#[Mean    =       37.444, StdDeviation   =       15.064]
#[Max     =      108.160, Total count    =       100000]
#[Buckets =           27, SubBuckets     =         2048]
-----------------------------------------------------------------------
  119703 requests in 1.00m, 18.56MB read
Requests/sec:   1994.66  
Transfer/sec:    316.72KB
