Running 5m test @ http://10.10.1.1:9438/Spam?n=10
  9 threads and 18 connections

  Thread calibration: mean lat.: 0.384ms, rate sampling interval: 10ms
  Thread calibration: mean lat.: 0.367ms, rate sampling interval: 10ms
  Thread calibration: mean lat.: 0.696ms, rate sampling interval: 10ms
  Thread calibration: mean lat.: 0.397ms, rate sampling interval: 10ms
  Thread calibration: mean lat.: 0.354ms, rate sampling interval: 10ms
  Thread calibration: mean lat.: 0.390ms, rate sampling interval: 10ms
  Thread calibration: mean lat.: 0.390ms, rate sampling interval: 10ms
  Thread calibration: mean lat.: 0.702ms, rate sampling interval: 10ms
  Thread calibration: mean lat.: 0.387ms, rate sampling interval: 10ms

-----------------------------------------------------------------------
Test Results @ http://10.10.1.1:9438/Spam?n=10 
  Thread Stats   Avg      Stdev     99%   +/- Stdev
    Latency   456.43us  759.00us   3.17ms   97.76%
    Req/Sec   478.79     72.89   666.00     48.20%
  Latency Distribution (HdrHistogram - Recorded Latency)
 50.000%  344.00us
 75.000%  476.00us
 90.000%  543.00us
 99.000%    3.17ms
 99.900%   11.60ms
 99.990%   20.27ms
 99.999%   26.05ms
100.000%   33.89ms

  Detailed Percentile spectrum:
       Value   Percentile   TotalCount 1/(1-Percentile)

       0.010     0.000000            3         1.00
       0.235     0.100000       121157         1.11
       0.256     0.200000       240771         1.25
       0.277     0.300000       360690         1.43
       0.302     0.400000       477806         1.67
       0.344     0.500000       593457         2.00
       0.378     0.550000       652076         2.22
       0.416     0.600000       711775         2.50
       0.438     0.650000       771218         2.86
       0.457     0.700000       830630         3.33
       0.476     0.750000       891406         4.00
       0.484     0.775000       919341         4.44
       0.493     0.800000       950031         5.00
       0.502     0.825000       978441         5.71
       0.513     0.850000      1008082         6.67
       0.526     0.875000      1037024         8.00
       0.534     0.887500      1052194         8.89
       0.543     0.900000      1066952        10.00
       0.554     0.912500      1082082        11.43
       0.567     0.925000      1096276        13.33
       0.586     0.937500      1111340        16.00
       0.599     0.943750      1118427        17.78
       0.619     0.950000      1125981        20.00
       0.653     0.956250      1133293        22.86
       0.730     0.962500      1140572        26.67
       0.868     0.968750      1148021        32.00
       0.960     0.971875      1151681        35.56
       1.079     0.975000      1155394        40.00
       1.250     0.978125      1159094        45.71
       1.533     0.981250      1162792        53.33
       1.979     0.984375      1166489        64.00
       2.243     0.985938      1168348        71.11
       2.553     0.987500      1170194        80.00
       2.919     0.989062      1172042        91.43
       3.347     0.990625      1173896       106.67
       3.907     0.992188      1175746       128.00
       4.259     0.992969      1176675       142.22
       4.663     0.993750      1177596       160.00
       5.115     0.994531      1178522       182.86
       5.667     0.995313      1179446       213.33
       6.359     0.996094      1180374       256.00
       6.727     0.996484      1180835       284.44
       7.167     0.996875      1181298       320.00
       7.687     0.997266      1181761       365.71
       8.287     0.997656      1182223       426.67
       9.023     0.998047      1182687       512.00
       9.431     0.998242      1182919       568.89
       9.863     0.998437      1183152       640.00
      10.375     0.998633      1183382       731.43
      10.951     0.998828      1183613       853.33
      11.679     0.999023      1183845      1024.00
      12.079     0.999121      1183959      1137.78
      12.503     0.999219      1184075      1280.00
      12.943     0.999316      1184191      1462.86
      13.599     0.999414      1184307      1706.67
      14.191     0.999512      1184422      2048.00
      14.639     0.999561      1184479      2275.56
      15.135     0.999609      1184539      2560.00
      15.599     0.999658      1184595      2925.71
      16.111     0.999707      1184652      3413.33
      16.815     0.999756      1184713      4096.00
      17.135     0.999780      1184739      4551.11
      17.599     0.999805      1184769      5120.00
      18.063     0.999829      1184798      5851.43
      18.703     0.999854      1184826      6826.67
      19.567     0.999878      1184855      8192.00
      19.919     0.999890      1184871      9102.22
      20.351     0.999902      1184884     10240.00
      20.687     0.999915      1184898     11702.86
      21.151     0.999927      1184913     13653.33
      21.599     0.999939      1184927     16384.00
      21.775     0.999945      1184935     18204.44
      22.223     0.999951      1184942     20480.00
      22.607     0.999957      1184949     23405.71
      23.135     0.999963      1184956     27306.67
      23.695     0.999969      1184963     32768.00
      23.919     0.999973      1184968     36408.89
      24.463     0.999976      1184971     40960.00
      24.735     0.999979      1184974     46811.43
      25.167     0.999982      1184978     54613.33
      25.279     0.999985      1184983     65536.00
      25.279     0.999986      1184983     72817.78
      25.535     0.999988      1184985     81920.00
      26.047     0.999989      1184987     93622.86
      26.431     0.999991      1184990    109226.67
      26.431     0.999992      1184990    131072.00
      26.847     0.999993      1184991    145635.56
      27.311     0.999994      1184992    163840.00
      27.679     0.999995      1184993    187245.71
      27.951     0.999995      1184994    218453.33
      29.167     0.999996      1184995    262144.00
      29.167     0.999997      1184995    291271.11
      30.511     0.999997      1184996    327680.00
      30.511     0.999997      1184996    374491.43
      31.327     0.999998      1184997    436906.67
      31.327     0.999998      1184997    524288.00
      31.327     0.999998      1184997    582542.22
      32.271     0.999998      1184998    655360.00
      32.271     0.999999      1184998    748982.86
      32.271     0.999999      1184998    873813.33
      32.271     0.999999      1184998   1048576.00
      32.271     0.999999      1184998   1165084.44
      33.887     0.999999      1184999   1310720.00
      33.887     1.000000      1184999          inf
#[Mean    =        0.456, StdDeviation   =        0.759]
#[Max     =       33.856, Total count    =      1184999]
#[Buckets =           27, SubBuckets     =         2048]
-----------------------------------------------------------------------
  1225866 requests in 5.00m, 150.81MB read
Requests/sec:   4086.22  
Transfer/sec:    514.77KB
