setup: assigned thread_id=1
init: final thread_id=1, base_seed=nil
setup: assigned thread_id=2
init: final thread_id=2, base_seed=nil
setup: assigned thread_id=3
init: final thread_id=3, base_seed=nil
setup: assigned thread_id=4
init: final thread_id=4, base_seed=nil
setup: assigned thread_id=5
init: final thread_id=5, base_seed=nil
setup: assigned thread_id=6
init: final thread_id=6, base_seed=nil
setup: assigned thread_id=7
init: final thread_id=7, base_seed=nil
setup: assigned thread_id=8
init: final thread_id=8, base_seed=nil
setup: assigned thread_id=9
init: final thread_id=9, base_seed=nil
setup: assigned thread_id=10
init: final thread_id=10, base_seed=nil
setup: assigned thread_id=11
init: final thread_id=11, base_seed=nil
setup: assigned thread_id=12
init: final thread_id=12, base_seed=nil
setup: assigned thread_id=13
init: final thread_id=13, base_seed=nil
setup: assigned thread_id=14
init: final thread_id=14, base_seed=nil
setup: assigned thread_id=15
init: final thread_id=15, base_seed=nil
setup: assigned thread_id=16
init: final thread_id=16, base_seed=nil
setup: assigned thread_id=17
init: final thread_id=17, base_seed=nil
setup: assigned thread_id=18
init: final thread_id=18, base_seed=nil
setup: assigned thread_id=19
init: final thread_id=19, base_seed=nil
setup: assigned thread_id=20
init: final thread_id=20, base_seed=nil
script_want_response
Running 5m test @ http://10.10.1.1:5834
  20 threads and 200 connections

  Thread calibration: mean lat.: 22.516ms, rate sampling interval: 87ms
  Thread calibration: mean lat.: 26.180ms, rate sampling interval: 104ms
  Thread calibration: mean lat.: 29.505ms, rate sampling interval: 114ms
  Thread calibration: mean lat.: 33.053ms, rate sampling interval: 119ms
  Thread calibration: mean lat.: 36.165ms, rate sampling interval: 122ms
  Thread calibration: mean lat.: 27.032ms, rate sampling interval: 89ms
  Thread calibration: mean lat.: 42.987ms, rate sampling interval: 129ms
  Thread calibration: mean lat.: 46.059ms, rate sampling interval: 130ms
  Thread calibration: mean lat.: 47.868ms, rate sampling interval: 131ms
  Thread calibration: mean lat.: 48.881ms, rate sampling interval: 130ms
  Thread calibration: mean lat.: 49.738ms, rate sampling interval: 129ms
  Thread calibration: mean lat.: 50.086ms, rate sampling interval: 127ms
  Thread calibration: mean lat.: 50.446ms, rate sampling interval: 126ms
  Thread calibration: mean lat.: 50.170ms, rate sampling interval: 124ms
  Thread calibration: mean lat.: 50.253ms, rate sampling interval: 122ms
  Thread calibration: mean lat.: 49.879ms, rate sampling interval: 122ms
  Thread calibration: mean lat.: 49.305ms, rate sampling interval: 120ms
  Thread calibration: mean lat.: 48.742ms, rate sampling interval: 117ms
  Thread calibration: mean lat.: 48.343ms, rate sampling interval: 117ms
  Thread calibration: mean lat.: 47.323ms, rate sampling interval: 115ms

-----------------------------------------------------------------------
Test Results @ http://10.10.1.1:5834 
  Thread Stats   Avg      Stdev     99%   +/- Stdev
    Latency    48.94ms   23.55ms 126.46ms   75.12%
    Req/Sec    99.94     27.72   172.00     79.97%
  Latency Distribution (HdrHistogram - Recorded Latency)
 50.000%   48.26ms
 75.000%   60.99ms
 90.000%   71.68ms
 99.000%  126.46ms
 99.900%  218.37ms
 99.990%  245.63ms
 99.999%  250.37ms
100.000%  253.31ms

  Detailed Percentile spectrum:
       Value   Percentile   TotalCount 1/(1-Percentile)

       8.415     0.000000            1         1.00
      18.639     0.100000        58030         1.11
      30.831     0.200000       116024         1.25
      37.759     0.300000       174189         1.43
      42.879     0.400000       232047         1.67
      48.255     0.500000       290148         2.00
      51.039     0.550000       319005         2.22
      53.695     0.600000       348178         2.50
      56.191     0.650000       377074         2.86
      58.591     0.700000       406329         3.33
      60.991     0.750000       435249         4.00
      62.303     0.775000       449738         4.44
      63.679     0.800000       464112         5.00
      65.215     0.825000       478703         5.71
      66.943     0.850000       493247         6.67
      68.927     0.875000       507623         8.00
      70.143     0.887500       514775         8.89
      71.679     0.900000       522240        10.00
      73.535     0.912500       529384        11.43
      75.903     0.925000       536530        13.33
      79.423     0.937500       543874        16.00
      81.599     0.943750       547463        17.78
      84.095     0.950000       551049        20.00
      87.295     0.956250       554637        22.86
      91.391     0.962500       558254        26.67
      96.319     0.968750       561914        32.00
      99.263     0.971875       563733        35.56
     102.399     0.975000       565504        40.00
     106.175     0.978125       567339        45.71
     110.463     0.981250       569142        53.33
     115.327     0.984375       570951        64.00
     117.951     0.985938       571860        71.11
     121.023     0.987500       572776        80.00
     124.095     0.989062       573659        91.43
     128.127     0.990625       574569       106.67
     134.271     0.992188       575480       128.00
     137.599     0.992969       575936       142.22
     141.951     0.993750       576387       160.00
     148.479     0.994531       576834       182.86
     157.951     0.995313       577283       213.33
     166.143     0.996094       577737       256.00
     170.239     0.996484       577966       284.44
     174.463     0.996875       578193       320.00
     179.327     0.997266       578416       365.71
     184.575     0.997656       578641       426.67
     191.231     0.998047       578872       512.00
     194.687     0.998242       578981       568.89
     201.215     0.998437       579095       640.00
     208.127     0.998633       579209       731.43
     214.271     0.998828       579322       853.33
     219.135     0.999023       579437      1024.00
     222.335     0.999121       579497      1137.78
     224.767     0.999219       579548      1280.00
     229.503     0.999316       579604      1462.86
     233.087     0.999414       579662      1706.67
     235.647     0.999512       579717      2048.00
     237.183     0.999561       579746      2275.56
     238.207     0.999609       579778      2560.00
     239.359     0.999658       579805      2925.71
     240.511     0.999707       579831      3413.33
     241.535     0.999756       579859      4096.00
     241.919     0.999780       579874      4551.11
     242.559     0.999805       579887      5120.00
     243.327     0.999829       579901      5851.43
     244.095     0.999854       579916      6826.67
     245.119     0.999878       579932      8192.00
     245.375     0.999890       579938      9102.22
     245.759     0.999902       579945     10240.00
     246.399     0.999915       579952     11702.86
     247.039     0.999927       579960     13653.33
     247.423     0.999939       579966     16384.00
     247.679     0.999945       579970     18204.44
     247.935     0.999951       579974     20480.00
     248.063     0.999957       579976     23405.71
     248.447     0.999963       579979     27306.67
     248.831     0.999969       579984     32768.00
     248.959     0.999973       579987     36408.89
     248.959     0.999976       579987     40960.00
     249.215     0.999979       579988     46811.43
     249.727     0.999982       579991     54613.33
     249.855     0.999985       579992     65536.00
     250.239     0.999986       579993     72817.78
     250.239     0.999988       579993     81920.00
     250.367     0.999989       579994     93622.86
     250.495     0.999991       579995    109226.67
     251.007     0.999992       579997    131072.00
     251.007     0.999993       579997    145635.56
     251.007     0.999994       579997    163840.00
     251.007     0.999995       579997    187245.71
     251.391     0.999995       579998    218453.33
     251.391     0.999996       579998    262144.00
     252.671     0.999997       579999    291271.11
     252.671     0.999997       579999    327680.00
     252.671     0.999997       579999    374491.43
     252.671     0.999998       579999    436906.67
     252.671     0.999998       579999    524288.00
     253.311     0.999998       580000    582542.22
     253.311     1.000000       580000          inf
#[Mean    =       48.942, StdDeviation   =       23.549]
#[Max     =      253.184, Total count    =       580000]
#[Buckets =           27, SubBuckets     =         2048]
-----------------------------------------------------------------------
  599706 requests in 5.00m, 92.99MB read
Requests/sec:   1998.86  
Transfer/sec:    317.38KB
