setup: assigned thread_id=1
init: final thread_id=1, base_seed=nil
script_want_response
Running 2m test @ http://10.10.1.1:5834
  1 threads and 10 connections

  Thread calibration: mean lat.: 9.646ms, rate sampling interval: 21ms

-----------------------------------------------------------------------
Test Results @ http://10.10.1.1:5834 
  Thread Stats   Avg      Stdev     99%   +/- Stdev
    Latency     9.65ms  731.48us  11.81ms   72.12%
    Req/Sec   102.29    179.63   500.00     80.36%
  Latency Distribution (HdrHistogram - Recorded Latency)
 50.000%    9.52ms
 75.000%   10.03ms
 90.000%   10.67ms
 99.000%   11.81ms
 99.900%   12.80ms
 99.990%   13.25ms
 99.999%   14.72ms
100.000%   14.72ms

  Detailed Percentile spectrum:
       Value   Percentile   TotalCount 1/(1-Percentile)

       7.911     0.000000            1         1.00
       8.847     0.100000          905         1.11
       9.055     0.200000         1802         1.25
       9.223     0.300000         2729         1.43
       9.359     0.400000         3615         1.67
       9.519     0.500000         4539         2.00
       9.607     0.550000         4996         2.22
       9.687     0.600000         5413         2.50
       9.783     0.650000         5871         2.86
       9.895     0.700000         6310         3.33
      10.031     0.750000         6759         4.00
      10.111     0.775000         6994         4.44
      10.191     0.800000         7207         5.00
      10.279     0.825000         7429         5.71
      10.383     0.850000         7666         6.67
      10.511     0.875000         7879         8.00
      10.599     0.887500         7998         8.89
      10.671     0.900000         8108        10.00
      10.751     0.912500         8217        11.43
      10.855     0.925000         8339        13.33
      10.951     0.937500         8438        16.00
      11.015     0.943750         8496        17.78
      11.079     0.950000         8556        20.00
      11.143     0.956250         8607        22.86
      11.239     0.962500         8665        26.67
      11.351     0.968750         8719        32.00
      11.415     0.971875         8750        35.56
      11.471     0.975000         8781        40.00
      11.503     0.978125         8804        45.71
      11.559     0.981250         8832        53.33
      11.647     0.984375         8862        64.00
      11.711     0.985938         8878        71.11
      11.735     0.987500         8889        80.00
      11.775     0.989062         8903        91.43
      11.831     0.990625         8916       106.67
      11.911     0.992188         8932       128.00
      11.927     0.992969         8937       142.22
      11.975     0.993750         8944       160.00
      12.015     0.994531         8952       182.86
      12.063     0.995313         8958       213.33
      12.143     0.996094         8965       256.00
      12.207     0.996484         8970       284.44
      12.215     0.996875         8972       320.00
      12.327     0.997266         8976       365.71
      12.399     0.997656         8979       426.67
      12.487     0.998047         8983       512.00
      12.567     0.998242         8985       568.89
      12.575     0.998437         8986       640.00
      12.639     0.998633         8988       731.43
      12.791     0.998828         8990       853.33
      12.799     0.999023         8992      1024.00
      12.831     0.999121         8993      1137.78
      12.831     0.999219         8993      1280.00
      12.919     0.999316         8994      1462.86
      12.943     0.999414         8995      1706.67
      12.951     0.999512         8996      2048.00
      13.007     0.999561         8997      2275.56
      13.007     0.999609         8997      2560.00
      13.007     0.999658         8997      2925.71
      13.023     0.999707         8998      3413.33
      13.023     0.999756         8998      4096.00
      13.247     0.999780         8999      4551.11
      13.247     0.999805         8999      5120.00
      13.247     0.999829         8999      5851.43
      13.247     0.999854         8999      6826.67
      13.247     0.999878         8999      8192.00
      14.719     0.999890         9000      9102.22
      14.719     1.000000         9000          inf
#[Mean    =        9.647, StdDeviation   =        0.731]
#[Max     =       14.712, Total count    =         9000]
#[Buckets =           27, SubBuckets     =         2048]
-----------------------------------------------------------------------
  9990 requests in 1.67m, 1.55MB read
Requests/sec:     99.89  
Transfer/sec:     15.86KB
