setup: assigned thread_id=1
init: final thread_id=1, base_seed=nil
setup: assigned thread_id=2
init: final thread_id=2, base_seed=nil
setup: assigned thread_id=3
init: final thread_id=3, base_seed=nil
setup: assigned thread_id=4
init: final thread_id=4, base_seed=nil
setup: assigned thread_id=5
init: final thread_id=5, base_seed=nil
setup: assigned thread_id=6
init: final thread_id=6, base_seed=nil
setup: assigned thread_id=7
init: final thread_id=7, base_seed=nil
setup: assigned thread_id=8
init: final thread_id=8, base_seed=nil
setup: assigned thread_id=9
init: final thread_id=9, base_seed=nil
setup: assigned thread_id=10
init: final thread_id=10, base_seed=nil
setup: assigned thread_id=11
init: final thread_id=11, base_seed=nil
setup: assigned thread_id=12
init: final thread_id=12, base_seed=nil
setup: assigned thread_id=13
init: final thread_id=13, base_seed=nil
setup: assigned thread_id=14
init: final thread_id=14, base_seed=nil
setup: assigned thread_id=15
init: final thread_id=15, base_seed=nil
setup: assigned thread_id=16
init: final thread_id=16, base_seed=nil
setup: assigned thread_id=17
init: final thread_id=17, base_seed=nil
setup: assigned thread_id=18
init: final thread_id=18, base_seed=nil
setup: assigned thread_id=19
init: final thread_id=19, base_seed=nil
setup: assigned thread_id=20
init: final thread_id=20, base_seed=nil
script_want_response
Running 1m test @ http://10.10.1.1:30562
  20 threads and 200 connections

  Thread calibration: mean lat.: 21.636ms, rate sampling interval: 81ms
  Thread calibration: mean lat.: 25.376ms, rate sampling interval: 97ms
  Thread calibration: mean lat.: 28.686ms, rate sampling interval: 113ms
  Thread calibration: mean lat.: 32.954ms, rate sampling interval: 126ms
  Thread calibration: mean lat.: 36.343ms, rate sampling interval: 129ms
  Thread calibration: mean lat.: 40.853ms, rate sampling interval: 132ms
  Thread calibration: mean lat.: 43.308ms, rate sampling interval: 133ms
  Thread calibration: mean lat.: 46.723ms, rate sampling interval: 134ms
  Thread calibration: mean lat.: 48.728ms, rate sampling interval: 135ms
  Thread calibration: mean lat.: 50.232ms, rate sampling interval: 134ms
  Thread calibration: mean lat.: 52.542ms, rate sampling interval: 135ms
  Thread calibration: mean lat.: 53.078ms, rate sampling interval: 134ms
  Thread calibration: mean lat.: 54.188ms, rate sampling interval: 132ms
  Thread calibration: mean lat.: 54.323ms, rate sampling interval: 132ms
  Thread calibration: mean lat.: 54.197ms, rate sampling interval: 130ms
  Thread calibration: mean lat.: 53.964ms, rate sampling interval: 128ms
  Thread calibration: mean lat.: 53.797ms, rate sampling interval: 127ms
  Thread calibration: mean lat.: 53.374ms, rate sampling interval: 125ms
  Thread calibration: mean lat.: 52.759ms, rate sampling interval: 124ms
  Thread calibration: mean lat.: 52.112ms, rate sampling interval: 122ms

-----------------------------------------------------------------------
Test Results @ http://10.10.1.1:30562 
  Thread Stats   Avg      Stdev     99%   +/- Stdev
    Latency    39.54ms   15.33ms  70.08ms   64.95%
    Req/Sec    99.99     27.87   162.00     80.40%
  Latency Distribution (HdrHistogram - Recorded Latency)
 50.000%   40.35ms
 75.000%   51.46ms
 90.000%   58.69ms
 99.000%   70.08ms
 99.900%   81.34ms
 99.990%   91.20ms
 99.999%   94.46ms
100.000%   96.51ms

  Detailed Percentile spectrum:
       Value   Percentile   TotalCount 1/(1-Percentile)

       8.063     0.000000            1         1.00
      16.863     0.100000        10005         1.11
      25.695     0.200000        20005         1.25
      31.263     0.300000        30001         1.43
      35.775     0.400000        40071         1.67
      40.351     0.500000        50039         2.00
      42.815     0.550000        55043         2.22
      45.151     0.600000        60014         2.50
      47.391     0.650000        65056         2.86
      49.439     0.700000        70073         3.33
      51.455     0.750000        75027         4.00
      52.479     0.775000        77556         4.44
      53.567     0.800000        80055         5.00
      54.655     0.825000        82528         5.71
      55.839     0.850000        85004         6.67
      57.183     0.875000        87537         8.00
      57.919     0.887500        88765         8.89
      58.687     0.900000        90045        10.00
      59.551     0.912500        91258        11.43
      60.511     0.925000        92536        13.33
      61.503     0.937500        93763        16.00
      62.079     0.943750        94401        17.78
      62.687     0.950000        95014        20.00
      63.455     0.956250        95632        22.86
      64.287     0.962500        96260        26.67
      65.151     0.968750        96889        32.00
      65.599     0.971875        97190        35.56
      66.239     0.975000        97527        40.00
      66.815     0.978125        97813        45.71
      67.455     0.981250        98151        53.33
      68.159     0.984375        98438        64.00
      68.607     0.985938        98600        71.11
      69.119     0.987500        98757        80.00
      69.695     0.989062        98914        91.43
      70.335     0.990625        99074       106.67
      70.975     0.992188        99220       128.00
      71.359     0.992969        99305       142.22
      71.743     0.993750        99383       160.00
      72.319     0.994531        99462       182.86
      72.767     0.995313        99534       213.33
      73.471     0.996094        99611       256.00
      73.791     0.996484        99652       284.44
      74.175     0.996875        99688       320.00
      74.751     0.997266        99732       365.71
      75.263     0.997656        99767       426.67
      76.031     0.998047        99807       512.00
      76.607     0.998242        99827       568.89
      77.311     0.998437        99845       640.00
      78.463     0.998633        99864       731.43
      79.807     0.998828        99883       853.33
      81.535     0.999023        99904      1024.00
      82.495     0.999121        99914      1137.78
      83.007     0.999219        99922      1280.00
      83.519     0.999316        99932      1462.86
      84.479     0.999414        99942      1706.67
      85.119     0.999512        99952      2048.00
      85.695     0.999561        99957      2275.56
      85.887     0.999609        99961      2560.00
      86.143     0.999658        99966      2925.71
      86.463     0.999707        99972      3413.33
      87.039     0.999756        99976      4096.00
      87.231     0.999780        99979      4551.11
      87.423     0.999805        99981      5120.00
      88.895     0.999829        99985      5851.43
      89.087     0.999854        99986      6826.67
      89.279     0.999878        99988      8192.00
      91.199     0.999890        99990      9102.22
      91.391     0.999902        99991     10240.00
      91.903     0.999915        99992     11702.86
      92.927     0.999927        99993     13653.33
      93.119     0.999939        99994     16384.00
      93.183     0.999945        99995     18204.44
      93.439     0.999951        99996     20480.00
      93.439     0.999957        99996     23405.71
      93.695     0.999963        99997     27306.67
      93.695     0.999969        99997     32768.00
      94.399     0.999973        99998     36408.89
      94.399     0.999976        99998     40960.00
      94.399     0.999979        99998     46811.43
      94.463     0.999982        99999     54613.33
      94.463     0.999985        99999     65536.00
      94.463     0.999986        99999     72817.78
      94.463     0.999988        99999     81920.00
      94.463     0.999989        99999     93622.86
      96.511     0.999991       100000    109226.67
      96.511     1.000000       100000          inf
#[Mean    =       39.536, StdDeviation   =       15.330]
#[Max     =       96.448, Total count    =       100000]
#[Buckets =           27, SubBuckets     =         2048]
-----------------------------------------------------------------------
  119801 requests in 1.00m, 18.58MB read
Requests/sec:   1996.28  
Transfer/sec:    316.98KB
