setup: assigned thread_id=1
init: final thread_id=1, base_seed=nil
setup: assigned thread_id=2
init: final thread_id=2, base_seed=nil
setup: assigned thread_id=3
init: final thread_id=3, base_seed=nil
setup: assigned thread_id=4
init: final thread_id=4, base_seed=nil
setup: assigned thread_id=5
init: final thread_id=5, base_seed=nil
setup: assigned thread_id=6
init: final thread_id=6, base_seed=nil
setup: assigned thread_id=7
init: final thread_id=7, base_seed=nil
setup: assigned thread_id=8
init: final thread_id=8, base_seed=nil
setup: assigned thread_id=9
init: final thread_id=9, base_seed=nil
setup: assigned thread_id=10
init: final thread_id=10, base_seed=nil
setup: assigned thread_id=11
init: final thread_id=11, base_seed=nil
setup: assigned thread_id=12
init: final thread_id=12, base_seed=nil
script_want_response
Running 5m test @ http://10.10.1.1:30562
  12 threads and 113 connections

  Thread calibration: mean lat.: 18.839ms, rate sampling interval: 68ms
  Thread calibration: mean lat.: 21.286ms, rate sampling interval: 75ms
  Thread calibration: mean lat.: 23.278ms, rate sampling interval: 81ms
  Thread calibration: mean lat.: 25.299ms, rate sampling interval: 84ms
  Thread calibration: mean lat.: 27.762ms, rate sampling interval: 89ms
  Thread calibration: mean lat.: 29.937ms, rate sampling interval: 92ms
  Thread calibration: mean lat.: 31.746ms, rate sampling interval: 96ms
  Thread calibration: mean lat.: 32.475ms, rate sampling interval: 96ms
  Thread calibration: mean lat.: 33.048ms, rate sampling interval: 96ms
  Thread calibration: mean lat.: 33.189ms, rate sampling interval: 95ms
  Thread calibration: mean lat.: 32.745ms, rate sampling interval: 94ms
  Thread calibration: mean lat.: 32.230ms, rate sampling interval: 93ms

-----------------------------------------------------------------------
Test Results @ http://10.10.1.1:30562 
  Thread Stats   Avg      Stdev     99%   +/- Stdev
    Latency    23.67ms    8.59ms  49.76ms   70.13%
    Req/Sec   125.22     32.72   195.00     79.15%
  Latency Distribution (HdrHistogram - Recorded Latency)
 50.000%   22.86ms
 75.000%   28.91ms
 90.000%   34.01ms
 99.000%   49.76ms
 99.900%   76.99ms
 99.990%  106.56ms
 99.999%  111.74ms
100.000%  122.43ms

  Detailed Percentile spectrum:
       Value   Percentile   TotalCount 1/(1-Percentile)

       8.327     0.000000            1         1.00
      13.119     0.100000        43539         1.11
      16.319     0.200000        87055         1.25
      18.687     0.300000       130725         1.43
      20.751     0.400000       174202         1.67
      22.863     0.500000       217553         2.00
      23.999     0.550000       239414         2.22
      25.167     0.600000       261244         2.50
      26.351     0.650000       283000         2.86
      27.599     0.700000       304640         3.33
      28.911     0.750000       326333         4.00
      29.615     0.775000       337255         4.44
      30.335     0.800000       348098         5.00
      31.119     0.825000       359000         5.71
      31.951     0.850000       369835         6.67
      32.895     0.875000       380694         8.00
      33.439     0.887500       386283         8.89
      34.015     0.900000       391659        10.00
      34.655     0.912500       397098        11.43
      35.359     0.925000       402399        13.33
      36.287     0.937500       408010        16.00
      36.767     0.943750       410640        17.78
      37.311     0.950000       413362        20.00
      37.951     0.956250       416035        22.86
      38.751     0.962500       418755        26.67
      39.775     0.968750       421466        32.00
      40.415     0.971875       422789        35.56
      41.183     0.975000       424161        40.00
      42.143     0.978125       425545        45.71
      43.391     0.981250       426889        53.33
      45.023     0.984375       428222        64.00
      46.047     0.985938       428908        71.11
      47.359     0.987500       429581        80.00
      48.735     0.989062       430272        91.43
      50.399     0.990625       430938       106.67
      52.319     0.992188       431618       128.00
      53.407     0.992969       431962       142.22
      54.495     0.993750       432301       160.00
      55.647     0.994531       432642       182.86
      57.087     0.995313       432979       213.33
      58.687     0.996094       433320       256.00
      59.487     0.996484       433488       284.44
      60.735     0.996875       433661       320.00
      62.111     0.997266       433829       365.71
      63.999     0.997656       433998       426.67
      67.007     0.998047       434169       512.00
      69.055     0.998242       434252       568.89
      71.103     0.998437       434338       640.00
      73.151     0.998633       434422       731.43
      75.263     0.998828       434510       853.33
      77.119     0.999023       434592      1024.00
      78.015     0.999121       434637      1137.78
      79.167     0.999219       434680      1280.00
      79.999     0.999316       434720      1462.86
      80.895     0.999414       434762      1706.67
      82.111     0.999512       434807      2048.00
      82.687     0.999561       434826      2275.56
      83.903     0.999609       434847      2560.00
      85.695     0.999658       434870      2925.71
      91.135     0.999707       434889      3413.33
      97.727     0.999756       434910      4096.00
      99.967     0.999780       434922      4551.11
     101.567     0.999805       434932      5120.00
     103.295     0.999829       434943      5851.43
     104.575     0.999854       434954      6826.67
     105.599     0.999878       434963      8192.00
     106.495     0.999890       434971      9102.22
     106.623     0.999902       434974     10240.00
     107.007     0.999915       434979     11702.86
     108.031     0.999927       434985     13653.33
     108.863     0.999939       434990     16384.00
     109.375     0.999945       434995     18204.44
     109.375     0.999951       434995     20480.00
     109.759     0.999957       434998     23405.71
     109.951     0.999963       435001     27306.67
     110.079     0.999969       435003     32768.00
     110.399     0.999973       435005     36408.89
     110.463     0.999976       435006     40960.00
     110.847     0.999979       435007     46811.43
     111.295     0.999982       435009     54613.33
     111.551     0.999985       435011     65536.00
     111.551     0.999986       435011     72817.78
     111.551     0.999988       435011     81920.00
     111.743     0.999989       435012     93622.86
     112.127     0.999991       435013    109226.67
     112.127     0.999992       435013    131072.00
     113.023     0.999993       435014    145635.56
     113.023     0.999994       435014    163840.00
     113.023     0.999995       435014    187245.71
     117.439     0.999995       435015    218453.33
     117.439     0.999996       435015    262144.00
     117.439     0.999997       435015    291271.11
     117.439     0.999997       435015    327680.00
     117.439     0.999997       435015    374491.43
     122.431     0.999998       435016    436906.67
     122.431     1.000000       435016          inf
#[Mean    =       23.670, StdDeviation   =        8.591]
#[Max     =      122.368, Total count    =       435016]
#[Buckets =           27, SubBuckets     =         2048]
-----------------------------------------------------------------------
  449925 requests in 5.00m, 69.76MB read
Requests/sec:   1499.64  
Transfer/sec:    238.11KB
