setup: assigned thread_id=1
init: final thread_id=1, base_seed=nil
script_want_response
Running 1m test @ http://10.10.1.1:30562
  1 threads and 10 connections

  Thread calibration: mean lat.: 9.901ms, rate sampling interval: 21ms

-----------------------------------------------------------------------
Test Results @ http://10.10.1.1:30562 
  Thread Stats   Avg      Stdev     99%   +/- Stdev
    Latency     9.65ms  767.82us  11.70ms   71.78%
    Req/Sec   102.30    180.28   500.00     80.14%
  Latency Distribution (HdrHistogram - Recorded Latency)
 50.000%    9.55ms
 75.000%   10.07ms
 90.000%   10.65ms
 99.000%   11.70ms
 99.900%   14.32ms
 99.990%   16.94ms
 99.999%   17.34ms
100.000%   17.34ms

  Detailed Percentile spectrum:
       Value   Percentile   TotalCount 1/(1-Percentile)

       7.851     0.000000            1         1.00
       8.799     0.100000          501         1.11
       9.031     0.200000         1006         1.25
       9.223     0.300000         1519         1.43
       9.383     0.400000         2008         1.67
       9.551     0.500000         2513         2.00
       9.631     0.550000         2750         2.22
       9.735     0.600000         3002         2.50
       9.839     0.650000         3257         2.86
       9.951     0.700000         3515         3.33
      10.071     0.750000         3759         4.00
      10.151     0.775000         3880         4.44
      10.231     0.800000         4006         5.00
      10.311     0.825000         4130         5.71
      10.407     0.850000         4254         6.67
      10.527     0.875000         4382         8.00
      10.591     0.887500         4441         8.89
      10.655     0.900000         4504        10.00
      10.743     0.912500         4563        11.43
      10.823     0.925000         4626        13.33
      10.911     0.937500         4688        16.00
      10.967     0.943750         4721        17.78
      11.031     0.950000         4750        20.00
      11.111     0.956250         4785        22.86
      11.175     0.962500         4817        26.67
      11.239     0.968750         4847        32.00
      11.303     0.971875         4860        35.56
      11.351     0.975000         4876        40.00
      11.407     0.978125         4892        45.71
      11.479     0.981250         4907        53.33
      11.527     0.984375         4922        64.00
      11.591     0.985938         4930        71.11
      11.631     0.987500         4939        80.00
      11.679     0.989062         4948        91.43
      11.751     0.990625         4955       106.67
      11.887     0.992188         4961       128.00
      11.927     0.992969         4965       142.22
      11.999     0.993750         4969       160.00
      12.087     0.994531         4973       182.86
      12.167     0.995313         4977       213.33
      12.367     0.996094         4981       256.00
      12.439     0.996484         4983       284.44
      12.615     0.996875         4985       320.00
      12.751     0.997266         4987       365.71
      12.951     0.997656         4989       426.67
      13.359     0.998047         4991       512.00
      13.487     0.998242         4992       568.89
      13.543     0.998437         4993       640.00
      14.135     0.998633         4994       731.43
      14.319     0.998828         4995       853.33
      14.767     0.999023         4996      1024.00
      14.767     0.999121         4996      1137.78
      14.799     0.999219         4997      1280.00
      14.799     0.999316         4997      1462.86
      15.143     0.999414         4998      1706.67
      15.143     0.999512         4998      2048.00
      15.143     0.999561         4998      2275.56
      16.943     0.999609         4999      2560.00
      16.943     0.999658         4999      2925.71
      16.943     0.999707         4999      3413.33
      16.943     0.999756         4999      4096.00
      16.943     0.999780         4999      4551.11
      17.343     0.999805         5000      5120.00
      17.343     1.000000         5000          inf
#[Mean    =        9.653, StdDeviation   =        0.768]
#[Max     =       17.328, Total count    =         5000]
#[Buckets =           27, SubBuckets     =         2048]
-----------------------------------------------------------------------
  5990 requests in 1.00m, 0.93MB read
Requests/sec:     99.81  
Transfer/sec:     15.85KB
