setup: assigned thread_id=1
init: final thread_id=1, base_seed=nil
setup: assigned thread_id=2
init: final thread_id=2, base_seed=nil
setup: assigned thread_id=3
init: final thread_id=3, base_seed=nil
setup: assigned thread_id=4
init: final thread_id=4, base_seed=nil
setup: assigned thread_id=5
init: final thread_id=5, base_seed=nil
setup: assigned thread_id=6
init: final thread_id=6, base_seed=nil
setup: assigned thread_id=7
init: final thread_id=7, base_seed=nil
setup: assigned thread_id=8
init: final thread_id=8, base_seed=nil
setup: assigned thread_id=9
init: final thread_id=9, base_seed=nil
setup: assigned thread_id=10
init: final thread_id=10, base_seed=nil
setup: assigned thread_id=11
init: final thread_id=11, base_seed=nil
setup: assigned thread_id=12
init: final thread_id=12, base_seed=nil
setup: assigned thread_id=13
init: final thread_id=13, base_seed=nil
setup: assigned thread_id=14
init: final thread_id=14, base_seed=nil
setup: assigned thread_id=15
init: final thread_id=15, base_seed=nil
setup: assigned thread_id=16
init: final thread_id=16, base_seed=nil
setup: assigned thread_id=17
init: final thread_id=17, base_seed=nil
setup: assigned thread_id=18
init: final thread_id=18, base_seed=nil
setup: assigned thread_id=19
init: final thread_id=19, base_seed=nil
setup: assigned thread_id=20
init: final thread_id=20, base_seed=nil
script_want_response
Running 1m test @ http://10.10.1.1:10918
  20 threads and 200 connections

  Thread calibration: mean lat.: 33.264ms, rate sampling interval: 102ms
  Thread calibration: mean lat.: 34.675ms, rate sampling interval: 108ms
  Thread calibration: mean lat.: 38.875ms, rate sampling interval: 116ms
  Thread calibration: mean lat.: 42.257ms, rate sampling interval: 131ms
  Thread calibration: mean lat.: 44.136ms, rate sampling interval: 138ms
  Thread calibration: mean lat.: 46.798ms, rate sampling interval: 140ms
  Thread calibration: mean lat.: 50.297ms, rate sampling interval: 142ms
  Thread calibration: mean lat.: 52.702ms, rate sampling interval: 142ms
  Thread calibration: mean lat.: 54.542ms, rate sampling interval: 142ms
  Thread calibration: mean lat.: 54.873ms, rate sampling interval: 141ms
  Thread calibration: mean lat.: 56.256ms, rate sampling interval: 141ms
  Thread calibration: mean lat.: 56.945ms, rate sampling interval: 139ms
  Thread calibration: mean lat.: 57.016ms, rate sampling interval: 138ms
  Thread calibration: mean lat.: 58.157ms, rate sampling interval: 135ms
  Thread calibration: mean lat.: 57.117ms, rate sampling interval: 133ms
  Thread calibration: mean lat.: 57.035ms, rate sampling interval: 132ms
  Thread calibration: mean lat.: 56.229ms, rate sampling interval: 128ms
  Thread calibration: mean lat.: 56.174ms, rate sampling interval: 127ms
  Thread calibration: mean lat.: 55.448ms, rate sampling interval: 125ms
  Thread calibration: mean lat.: 54.848ms, rate sampling interval: 123ms

-----------------------------------------------------------------------
Test Results @ http://10.10.1.1:10918 
  Thread Stats   Avg      Stdev     99%   +/- Stdev
    Latency    44.89ms   14.08ms  76.29ms   71.91%
    Req/Sec    99.88     28.50   162.00     71.36%
  Latency Distribution (HdrHistogram - Recorded Latency)
 50.000%   43.42ms
 75.000%   53.92ms
 90.000%   62.56ms
 99.000%   76.29ms
 99.900%  140.41ms
 99.990%  229.25ms
 99.999%  238.98ms
100.000%  241.41ms

  Detailed Percentile spectrum:
       Value   Percentile   TotalCount 1/(1-Percentile)

      10.711     0.000000            1         1.00
      28.463     0.100000        10023         1.11
      34.527     0.200000        20005         1.25
      37.855     0.300000        30025         1.43
      40.607     0.400000        40073         1.67
      43.423     0.500000        50016         2.00
      45.087     0.550000        55000         2.22
      46.943     0.600000        60006         2.50
      49.087     0.650000        65073         2.86
      51.423     0.700000        70024         3.33
      53.919     0.750000        75058         4.00
      55.167     0.775000        77528         4.44
      56.351     0.800000        80014         5.00
      57.663     0.825000        82524         5.71
      59.135     0.850000        85042         6.67
      60.735     0.875000        87519         8.00
      61.599     0.887500        88777         8.89
      62.559     0.900000        90020        10.00
      63.583     0.912500        91271        11.43
      64.703     0.925000        92536        13.33
      65.919     0.937500        93770        16.00
      66.623     0.943750        94401        17.78
      67.327     0.950000        95001        20.00
      68.159     0.956250        95625        22.86
      69.119     0.962500        96298        26.67
      70.079     0.968750        96887        32.00
      70.655     0.971875        97195        35.56
      71.359     0.975000        97527        40.00
      72.063     0.978125        97830        45.71
      72.831     0.981250        98134        53.33
      73.855     0.984375        98447        64.00
      74.367     0.985938        98599        71.11
      75.071     0.987500        98761        80.00
      75.839     0.989062        98919        91.43
      76.607     0.990625        99065       106.67
      77.823     0.992188        99219       128.00
      78.591     0.992969        99304       142.22
      79.487     0.993750        99376       160.00
      80.639     0.994531        99458       182.86
      82.495     0.995313        99534       213.33
      86.335     0.996094        99610       256.00
      89.343     0.996484        99650       284.44
      97.151     0.996875        99689       320.00
     107.455     0.997266        99727       365.71
     112.255     0.997656        99767       426.67
     118.015     0.998047        99805       512.00
     120.639     0.998242        99825       568.89
     123.583     0.998437        99844       640.00
     126.399     0.998633        99864       731.43
     130.175     0.998828        99883       853.33
     141.055     0.999023        99903      1024.00
     145.279     0.999121        99914      1137.78
     147.199     0.999219        99923      1280.00
     150.143     0.999316        99932      1462.86
     151.935     0.999414        99942      1706.67
     159.615     0.999512        99952      2048.00
     161.407     0.999561        99957      2275.56
     162.943     0.999609        99961      2560.00
     166.399     0.999658        99966      2925.71
     167.551     0.999707        99971      3413.33
     171.519     0.999756        99976      4096.00
     173.055     0.999780        99979      4551.11
     173.695     0.999805        99981      5120.00
     177.151     0.999829        99983      5851.43
     227.583     0.999854        99986      6826.67
     228.735     0.999878        99988      8192.00
     229.247     0.999890        99991      9102.22
     229.247     0.999902        99991     10240.00
     230.015     0.999915        99992     11702.86
     231.423     0.999927        99993     13653.33
     233.727     0.999939        99994     16384.00
     234.751     0.999945        99995     18204.44
     235.007     0.999951        99996     20480.00
     235.007     0.999957        99996     23405.71
     236.287     0.999963        99997     27306.67
     236.287     0.999969        99997     32768.00
     237.055     0.999973        99998     36408.89
     237.055     0.999976        99998     40960.00
     237.055     0.999979        99998     46811.43
     238.975     0.999982        99999     54613.33
     238.975     0.999985        99999     65536.00
     238.975     0.999986        99999     72817.78
     238.975     0.999988        99999     81920.00
     238.975     0.999989        99999     93622.86
     241.407     0.999991       100000    109226.67
     241.407     1.000000       100000          inf
#[Mean    =       44.890, StdDeviation   =       14.079]
#[Max     =      241.280, Total count    =       100000]
#[Buckets =           27, SubBuckets     =         2048]
-----------------------------------------------------------------------
  119800 requests in 1.00m, 18.58MB read
Requests/sec:   1996.17  
Transfer/sec:    316.98KB
