setup: assigned thread_id=1
init: final thread_id=1, base_seed=nil
setup: assigned thread_id=2
init: final thread_id=2, base_seed=nil
setup: assigned thread_id=3
init: final thread_id=3, base_seed=nil
setup: assigned thread_id=4
init: final thread_id=4, base_seed=nil
setup: assigned thread_id=5
init: final thread_id=5, base_seed=nil
setup: assigned thread_id=6
init: final thread_id=6, base_seed=nil
setup: assigned thread_id=7
init: final thread_id=7, base_seed=nil
setup: assigned thread_id=8
init: final thread_id=8, base_seed=nil
setup: assigned thread_id=9
init: final thread_id=9, base_seed=nil
setup: assigned thread_id=10
init: final thread_id=10, base_seed=nil
setup: assigned thread_id=11
init: final thread_id=11, base_seed=nil
setup: assigned thread_id=12
init: final thread_id=12, base_seed=nil
setup: assigned thread_id=13
init: final thread_id=13, base_seed=nil
setup: assigned thread_id=14
init: final thread_id=14, base_seed=nil
setup: assigned thread_id=15
init: final thread_id=15, base_seed=nil
setup: assigned thread_id=16
init: final thread_id=16, base_seed=nil
setup: assigned thread_id=17
init: final thread_id=17, base_seed=nil
setup: assigned thread_id=18
init: final thread_id=18, base_seed=nil
setup: assigned thread_id=19
init: final thread_id=19, base_seed=nil
setup: assigned thread_id=20
init: final thread_id=20, base_seed=nil
setup: assigned thread_id=21
init: final thread_id=21, base_seed=nil
setup: assigned thread_id=22
init: final thread_id=22, base_seed=nil
setup: assigned thread_id=23
init: final thread_id=23, base_seed=nil
setup: assigned thread_id=24
init: final thread_id=24, base_seed=nil
setup: assigned thread_id=25
init: final thread_id=25, base_seed=nil
setup: assigned thread_id=26
init: final thread_id=26, base_seed=nil
setup: assigned thread_id=27
init: final thread_id=27, base_seed=nil
setup: assigned thread_id=28
init: final thread_id=28, base_seed=nil
setup: assigned thread_id=29
init: final thread_id=29, base_seed=nil
setup: assigned thread_id=30
init: final thread_id=30, base_seed=nil
setup: assigned thread_id=31
init: final thread_id=31, base_seed=nil
setup: assigned thread_id=32
init: final thread_id=32, base_seed=nil
setup: assigned thread_id=33
init: final thread_id=33, base_seed=nil
setup: assigned thread_id=34
init: final thread_id=34, base_seed=nil
setup: assigned thread_id=35
init: final thread_id=35, base_seed=nil
setup: assigned thread_id=36
init: final thread_id=36, base_seed=nil
setup: assigned thread_id=37
init: final thread_id=37, base_seed=nil
setup: assigned thread_id=38
init: final thread_id=38, base_seed=nil
setup: assigned thread_id=39
init: final thread_id=39, base_seed=nil
setup: assigned thread_id=40
init: final thread_id=40, base_seed=nil
setup: assigned thread_id=41
init: final thread_id=41, base_seed=nil
setup: assigned thread_id=42
init: final thread_id=42, base_seed=nil
setup: assigned thread_id=43
init: final thread_id=43, base_seed=nil
setup: assigned thread_id=44
init: final thread_id=44, base_seed=nil
setup: assigned thread_id=45
init: final thread_id=45, base_seed=nil
script_want_response
Running 5m test @ http://10.10.1.1:10918
  45 threads and 450 connections

  Thread calibration: mean lat.: 192.860ms, rate sampling interval: 571ms
  Thread calibration: mean lat.: 205.927ms, rate sampling interval: 578ms
  Thread calibration: mean lat.: 171.791ms, rate sampling interval: 455ms
  Thread calibration: mean lat.: 214.100ms, rate sampling interval: 588ms
  Thread calibration: mean lat.: 184.272ms, rate sampling interval: 552ms
  Thread calibration: mean lat.: 175.200ms, rate sampling interval: 452ms
  Thread calibration: mean lat.: 178.146ms, rate sampling interval: 555ms
  Thread calibration: mean lat.: 175.758ms, rate sampling interval: 537ms
  Thread calibration: mean lat.: 202.286ms, rate sampling interval: 570ms
  Thread calibration: mean lat.: 187.707ms, rate sampling interval: 543ms
  Thread calibration: mean lat.: 172.435ms, rate sampling interval: 541ms
  Thread calibration: mean lat.: 184.764ms, rate sampling interval: 561ms
  Thread calibration: mean lat.: 180.111ms, rate sampling interval: 543ms
  Thread calibration: mean lat.: 189.372ms, rate sampling interval: 552ms
  Thread calibration: mean lat.: 178.075ms, rate sampling interval: 537ms
  Thread calibration: mean lat.: 195.123ms, rate sampling interval: 553ms
  Thread calibration: mean lat.: 196.031ms, rate sampling interval: 556ms
  Thread calibration: mean lat.: 181.147ms, rate sampling interval: 529ms
  Thread calibration: mean lat.: 188.272ms, rate sampling interval: 559ms
  Thread calibration: mean lat.: 186.179ms, rate sampling interval: 539ms
  Thread calibration: mean lat.: 182.484ms, rate sampling interval: 551ms
  Thread calibration: mean lat.: 213.545ms, rate sampling interval: 611ms
  Thread calibration: mean lat.: 211.956ms, rate sampling interval: 631ms
  Thread calibration: mean lat.: 184.225ms, rate sampling interval: 547ms
  Thread calibration: mean lat.: 232.553ms, rate sampling interval: 637ms
  Thread calibration: mean lat.: 240.845ms, rate sampling interval: 626ms
  Thread calibration: mean lat.: 326.705ms, rate sampling interval: 1229ms
  Thread calibration: mean lat.: 295.811ms, rate sampling interval: 912ms
  Thread calibration: mean lat.: 359.022ms, rate sampling interval: 1150ms
  Thread calibration: mean lat.: 360.367ms, rate sampling interval: 1215ms
  Thread calibration: mean lat.: 353.469ms, rate sampling interval: 1334ms
  Thread calibration: mean lat.: 371.799ms, rate sampling interval: 1357ms
  Thread calibration: mean lat.: 450.947ms, rate sampling interval: 1455ms
  Thread calibration: mean lat.: 496.083ms, rate sampling interval: 1641ms
  Thread calibration: mean lat.: 505.855ms, rate sampling interval: 1636ms
  Thread calibration: mean lat.: 416.376ms, rate sampling interval: 1363ms
  Thread calibration: mean lat.: 386.133ms, rate sampling interval: 1224ms
  Thread calibration: mean lat.: 386.338ms, rate sampling interval: 1644ms
  Thread calibration: mean lat.: 359.842ms, rate sampling interval: 1526ms
  Thread calibration: mean lat.: 286.841ms, rate sampling interval: 1203ms
  Thread calibration: mean lat.: 325.965ms, rate sampling interval: 1686ms
  Thread calibration: mean lat.: 265.124ms, rate sampling interval: 602ms
  Thread calibration: mean lat.: 270.692ms, rate sampling interval: 742ms
  Thread calibration: mean lat.: 218.295ms, rate sampling interval: 583ms
  Thread calibration: mean lat.: 192.108ms, rate sampling interval: 547ms

-----------------------------------------------------------------------
Test Results @ http://10.10.1.1:10918 
  Thread Stats   Avg      Stdev     99%   +/- Stdev
    Latency   187.48ms  254.86ms   1.29s    90.45%
    Req/Sec    65.36      6.20    78.00     73.72%
  Latency Distribution (HdrHistogram - Recorded Latency)
 50.000%  114.43ms
 75.000%  168.32ms
 90.000%  369.41ms
 99.000%    1.29s 
 99.900%    1.54s 
 99.990%    1.65s 
 99.999%    1.71s 
100.000%    1.73s 

  Detailed Percentile spectrum:
       Value   Percentile   TotalCount 1/(1-Percentile)

      10.503     0.000000            1         1.00
      41.695     0.100000        86078         1.11
      51.935     0.200000       171923         1.25
      65.407     0.300000       257535         1.43
      92.799     0.400000       343563         1.67
     114.431     0.500000       429276         2.00
     121.983     0.550000       472457         2.22
     129.471     0.600000       515281         2.50
     137.983     0.650000       558354         2.86
     148.863     0.700000       601120         3.33
     168.319     0.750000       643989         4.00
     182.399     0.775000       665338         4.44
     196.351     0.800000       686851         5.00
     210.431     0.825000       708318         5.71
     231.423     0.850000       729741         6.67
     276.479     0.875000       751264         8.00
     299.263     0.887500       761899         8.89
     369.407     0.900000       772608        10.00
     561.663     0.912500       783332        11.43
     684.031     0.925000       794083        13.33
     767.487     0.937500       804845        16.00
     799.743     0.943750       810235        17.78
     836.607     0.950000       815561        20.00
     873.983     0.956250       820898        22.86
     931.327     0.962500       826279        26.67
     997.375     0.968750       831634        32.00
    1035.263     0.971875       834303        35.56
    1076.223     0.975000       837004        40.00
    1117.183     0.978125       839706        45.71
    1157.119     0.981250       842358        53.33
    1198.079     0.984375       845035        64.00
    1222.655     0.985938       846393        71.11
    1248.255     0.987500       847741        80.00
    1271.807     0.989062       849099        91.43
    1297.407     0.990625       850438       106.67
    1328.127     0.992188       851763       128.00
    1342.463     0.992969       852431       142.22
    1356.799     0.993750       853089       160.00
    1376.255     0.994531       853768       182.86
    1398.783     0.995313       854437       213.33
    1419.263     0.996094       855131       256.00
    1429.503     0.996484       855450       284.44
    1439.743     0.996875       855774       320.00
    1454.079     0.997266       856113       365.71
    1469.439     0.997656       856445       426.67
    1484.799     0.998047       856773       512.00
    1492.991     0.998242       856950       568.89
    1501.183     0.998437       857121       640.00
    1512.447     0.998633       857283       731.43
    1524.735     0.998828       857441       853.33
    1543.167     0.999023       857617      1024.00
    1551.359     0.999121       857693      1137.78
    1559.551     0.999219       857779      1280.00
    1567.743     0.999316       857861      1462.86
    1575.935     0.999414       857948      1706.67
    1583.103     0.999512       858028      2048.00
    1589.247     0.999561       858072      2275.56
    1595.391     0.999609       858112      2560.00
    1603.583     0.999658       858156      2925.71
    1609.727     0.999707       858198      3413.33
    1619.967     0.999756       858239      4096.00
    1625.087     0.999780       858260      4551.11
    1630.207     0.999805       858279      5120.00
    1634.303     0.999829       858300      5851.43
    1639.423     0.999854       858320      6826.67
    1646.591     0.999878       858344      8192.00
    1648.639     0.999890       858351      9102.22
    1650.687     0.999902       858365     10240.00
    1652.735     0.999915       858375     11702.86
    1656.831     0.999927       858385     13653.33
    1660.927     0.999939       858393     16384.00
    1662.975     0.999945       858398     18204.44
    1666.047     0.999951       858406     20480.00
    1668.095     0.999957       858409     23405.71
    1674.239     0.999963       858414     27306.67
    1683.455     0.999969       858419     32768.00
    1687.551     0.999973       858422     36408.89
    1692.671     0.999976       858425     40960.00
    1697.791     0.999979       858427     46811.43
    1703.935     0.999982       858430     54613.33
    1708.031     0.999985       858433     65536.00
    1709.055     0.999986       858435     72817.78
    1709.055     0.999988       858435     81920.00
    1714.175     0.999989       858436     93622.86
    1719.295     0.999991       858438    109226.67
    1722.367     0.999992       858440    131072.00
    1722.367     0.999993       858440    145635.56
    1722.367     0.999994       858440    163840.00
    1724.415     0.999995       858441    187245.71
    1726.463     0.999995       858443    218453.33
    1726.463     0.999996       858443    262144.00
    1726.463     0.999997       858443    291271.11
    1726.463     0.999997       858443    327680.00
    1726.463     0.999997       858443    374491.43
    1727.487     0.999998       858444    436906.67
    1727.487     0.999998       858444    524288.00
    1727.487     0.999998       858444    582542.22
    1727.487     0.999998       858444    655360.00
    1727.487     0.999999       858444    748982.86
    1729.535     0.999999       858445    873813.33
    1729.535     1.000000       858445          inf
#[Mean    =      187.482, StdDeviation   =      254.860]
#[Max     =     1728.512, Total count    =       858445]
#[Buckets =           27, SubBuckets     =         2048]
-----------------------------------------------------------------------
  887216 requests in 5.00m, 137.58MB read
Requests/sec:   2957.18  
Transfer/sec:    469.57KB
