setup: assigned thread_id=1
init: final thread_id=1, base_seed=nil
script_want_response
Running 1m test @ http://10.10.1.1:10918
  1 threads and 10 connections

  Thread calibration: mean lat.: 11.499ms, rate sampling interval: 25ms

-----------------------------------------------------------------------
Test Results @ http://10.10.1.1:10918 
  Thread Stats   Avg      Stdev     99%   +/- Stdev
    Latency    11.48ms    1.83ms  13.90ms   96.86%
    Req/Sec   101.95    165.42   416.00     76.93%
  Latency Distribution (HdrHistogram - Recorded Latency)
 50.000%   11.30ms
 75.000%   11.94ms
 90.000%   12.64ms
 99.000%   13.90ms
 99.900%   17.12ms
 99.990%   77.44ms
 99.999%  102.08ms
100.000%  102.08ms

  Detailed Percentile spectrum:
       Value   Percentile   TotalCount 1/(1-Percentile)

       9.303     0.000000            1         1.00
      10.479     0.100000          502         1.11
      10.735     0.200000         1008         1.25
      10.927     0.300000         1504         1.43
      11.103     0.400000         2014         1.67
      11.295     0.500000         2523         2.00
      11.391     0.550000         2752         2.22
      11.503     0.600000         3006         2.50
      11.615     0.650000         3261         2.86
      11.775     0.700000         3501         3.33
      11.935     0.750000         3752         4.00
      12.023     0.775000         3875         4.44
      12.111     0.800000         4004         5.00
      12.215     0.825000         4126         5.71
      12.327     0.850000         4250         6.67
      12.463     0.875000         4376         8.00
      12.559     0.887500         4438         8.89
      12.639     0.900000         4500        10.00
      12.711     0.912500         4565        11.43
      12.815     0.925000         4627        13.33
      12.927     0.937500         4689        16.00
      12.991     0.943750         4719        17.78
      13.055     0.950000         4753        20.00
      13.127     0.956250         4782        22.86
      13.215     0.962500         4813        26.67
      13.287     0.968750         4844        32.00
      13.351     0.971875         4862        35.56
      13.391     0.975000         4876        40.00
      13.463     0.978125         4893        45.71
      13.551     0.981250         4907        53.33
      13.623     0.984375         4922        64.00
      13.679     0.985938         4931        71.11
      13.791     0.987500         4938        80.00
      13.855     0.989062         4947        91.43
      13.935     0.990625         4955       106.67
      14.063     0.992188         4961       128.00
      14.159     0.992969         4965       142.22
      14.271     0.993750         4969       160.00
      14.359     0.994531         4973       182.86
      14.455     0.995313         4978       213.33
      14.543     0.996094         4981       256.00
      14.655     0.996484         4983       284.44
      14.767     0.996875         4986       320.00
      14.943     0.997266         4987       365.71
      15.367     0.997656         4989       426.67
      16.055     0.998047         4991       512.00
      16.479     0.998242         4992       568.89
      16.591     0.998437         4993       640.00
      16.831     0.998633         4994       731.43
      17.119     0.998828         4995       853.33
      17.199     0.999023         4996      1024.00
      17.199     0.999121         4996      1137.78
      25.071     0.999219         4997      1280.00
      25.071     0.999316         4997      1462.86
      26.415     0.999414         4998      1706.67
      26.415     0.999512         4998      2048.00
      26.415     0.999561         4998      2275.56
      77.439     0.999609         4999      2560.00
      77.439     0.999658         4999      2925.71
      77.439     0.999707         4999      3413.33
      77.439     0.999756         4999      4096.00
      77.439     0.999780         4999      4551.11
     102.079     0.999805         5000      5120.00
     102.079     1.000000         5000          inf
#[Mean    =       11.477, StdDeviation   =        1.826]
#[Max     =      102.016, Total count    =         5000]
#[Buckets =           27, SubBuckets     =         2048]
-----------------------------------------------------------------------
  5990 requests in 1.00m, 0.93MB read
Requests/sec:     99.82  
Transfer/sec:     15.85KB
