setup: assigned thread_id=1
init: final thread_id=1, base_seed=nil
setup: assigned thread_id=2
init: final thread_id=2, base_seed=nil
setup: assigned thread_id=3
init: final thread_id=3, base_seed=nil
setup: assigned thread_id=4
init: final thread_id=4, base_seed=nil
setup: assigned thread_id=5
init: final thread_id=5, base_seed=nil
setup: assigned thread_id=6
init: final thread_id=6, base_seed=nil
setup: assigned thread_id=7
init: final thread_id=7, base_seed=nil
setup: assigned thread_id=8
init: final thread_id=8, base_seed=nil
setup: assigned thread_id=9
init: final thread_id=9, base_seed=nil
setup: assigned thread_id=10
init: final thread_id=10, base_seed=nil
setup: assigned thread_id=11
init: final thread_id=11, base_seed=nil
setup: assigned thread_id=12
init: final thread_id=12, base_seed=nil
setup: assigned thread_id=13
init: final thread_id=13, base_seed=nil
setup: assigned thread_id=14
init: final thread_id=14, base_seed=nil
setup: assigned thread_id=15
init: final thread_id=15, base_seed=nil
setup: assigned thread_id=16
init: final thread_id=16, base_seed=nil
setup: assigned thread_id=17
init: final thread_id=17, base_seed=nil
setup: assigned thread_id=18
init: final thread_id=18, base_seed=nil
setup: assigned thread_id=19
init: final thread_id=19, base_seed=nil
setup: assigned thread_id=20
init: final thread_id=20, base_seed=nil
script_want_response
Running 1m test @ http://10.10.1.1:22445
  20 threads and 200 connections

  Thread calibration: mean lat.: 8.634ms, rate sampling interval: 20ms
  Thread calibration: mean lat.: 9.794ms, rate sampling interval: 26ms
  Thread calibration: mean lat.: 10.213ms, rate sampling interval: 29ms
  Thread calibration: mean lat.: 10.940ms, rate sampling interval: 33ms
  Thread calibration: mean lat.: 9.672ms, rate sampling interval: 26ms
  Thread calibration: mean lat.: 12.143ms, rate sampling interval: 36ms
  Thread calibration: mean lat.: 13.011ms, rate sampling interval: 40ms
  Thread calibration: mean lat.: 13.746ms, rate sampling interval: 42ms
  Thread calibration: mean lat.: 14.880ms, rate sampling interval: 46ms
  Thread calibration: mean lat.: 15.207ms, rate sampling interval: 46ms
  Thread calibration: mean lat.: 16.073ms, rate sampling interval: 47ms
  Thread calibration: mean lat.: 16.275ms, rate sampling interval: 47ms
  Thread calibration: mean lat.: 16.679ms, rate sampling interval: 47ms
  Thread calibration: mean lat.: 16.743ms, rate sampling interval: 47ms
  Thread calibration: mean lat.: 16.608ms, rate sampling interval: 45ms
  Thread calibration: mean lat.: 16.570ms, rate sampling interval: 45ms
  Thread calibration: mean lat.: 16.491ms, rate sampling interval: 45ms
  Thread calibration: mean lat.: 15.892ms, rate sampling interval: 43ms
  Thread calibration: mean lat.: 15.529ms, rate sampling interval: 43ms
  Thread calibration: mean lat.: 14.865ms, rate sampling interval: 41ms

-----------------------------------------------------------------------
Test Results @ http://10.10.1.1:22445 
  Thread Stats   Avg      Stdev     99%   +/- Stdev
    Latency    16.39ms    7.91ms  48.13ms   79.46%
    Req/Sec   101.26    124.15   500.00     81.40%
  Latency Distribution (HdrHistogram - Recorded Latency)
 50.000%   14.77ms
 75.000%   19.58ms
 90.000%   25.45ms
 99.000%   48.13ms
 99.900%   64.38ms
 99.990%   71.87ms
 99.999%   73.54ms
100.000%   74.11ms

  Detailed Percentile spectrum:
       Value   Percentile   TotalCount 1/(1-Percentile)

       5.911     0.000000            1         1.00
       8.711     0.100000        10027         1.11
      10.071     0.200000        20024         1.25
      11.631     0.300000        30037         1.43
      13.199     0.400000        40027         1.67
      14.767     0.500000        50023         2.00
      15.591     0.550000        55003         2.22
      16.463     0.600000        60071         2.50
      17.391     0.650000        65013         2.86
      18.399     0.700000        70017         3.33
      19.583     0.750000        75039         4.00
      20.239     0.775000        77508         4.44
      20.959     0.800000        80014         5.00
      21.807     0.825000        82514         5.71
      22.815     0.850000        85008         6.67
      23.999     0.875000        87506         8.00
      24.687     0.887500        88769         8.89
      25.455     0.900000        90007        10.00
      26.351     0.912500        91253        11.43
      27.407     0.925000        92499        13.33
      28.719     0.937500        93744        16.00
      29.487     0.943750        94372        17.78
      30.415     0.950000        95001        20.00
      31.599     0.956250        95618        22.86
      32.991     0.962500        96251        26.67
      34.847     0.968750        96872        32.00
      35.999     0.971875        97185        35.56
      37.375     0.975000        97494        40.00
      39.007     0.978125        97806        45.71
      40.831     0.981250        98123        53.33
      42.879     0.984375        98431        64.00
      44.127     0.985938        98588        71.11
      45.535     0.987500        98747        80.00
      47.039     0.989062        98901        91.43
      48.767     0.990625        99057       106.67
      50.335     0.992188        99211       128.00
      51.071     0.992969        99296       142.22
      51.935     0.993750        99369       160.00
      53.247     0.994531        99446       182.86
      54.527     0.995313        99525       213.33
      55.775     0.996094        99603       256.00
      56.511     0.996484        99641       284.44
      57.567     0.996875        99682       320.00
      58.463     0.997266        99724       365.71
      59.615     0.997656        99759       426.67
      60.639     0.998047        99797       512.00
      61.247     0.998242        99817       568.89
      61.791     0.998437        99836       640.00
      62.559     0.998633        99856       731.43
      63.519     0.998828        99875       853.33
      64.607     0.999023        99895      1024.00
      65.375     0.999121        99905      1137.78
      66.239     0.999219        99914      1280.00
      66.815     0.999316        99924      1462.86
      67.391     0.999414        99934      1706.67
      67.775     0.999512        99944      2048.00
      68.607     0.999561        99949      2275.56
      68.927     0.999609        99953      2560.00
      69.759     0.999658        99959      2925.71
      70.143     0.999707        99963      3413.33
      70.463     0.999756        99968      4096.00
      70.591     0.999780        99972      4551.11
      70.655     0.999805        99973      5120.00
      70.783     0.999829        99975      5851.43
      71.231     0.999854        99978      6826.67
      71.551     0.999878        99981      8192.00
      71.871     0.999890        99982      9102.22
      72.127     0.999902        99983     10240.00
      72.383     0.999915        99984     11702.86
      72.447     0.999927        99985     13653.33
      72.639     0.999939        99986     16384.00
      72.767     0.999945        99987     18204.44
      73.215     0.999951        99988     20480.00
      73.215     0.999957        99988     23405.71
      73.343     0.999963        99989     27306.67
      73.343     0.999969        99989     32768.00
      73.407     0.999973        99990     36408.89
      73.407     0.999976        99990     40960.00
      73.407     0.999979        99990     46811.43
      73.535     0.999982        99991     54613.33
      73.535     0.999985        99991     65536.00
      73.535     0.999986        99991     72817.78
      73.535     0.999988        99991     81920.00
      73.535     0.999989        99991     93622.86
      74.111     0.999991        99992    109226.67
      74.111     1.000000        99992          inf
#[Mean    =       16.385, StdDeviation   =        7.913]
#[Max     =       74.048, Total count    =        99992]
#[Buckets =           27, SubBuckets     =         2048]
-----------------------------------------------------------------------
  119607 requests in 1.00m, 18.55MB read
Requests/sec:   1993.05  
Transfer/sec:    316.47KB
