Running 5m test @ http://10.10.1.1:5671/Spam?n=10
  9 threads and 18 connections

  Thread calibration: mean lat.: 0.553ms, rate sampling interval: 10ms
  Thread calibration: mean lat.: 0.525ms, rate sampling interval: 10ms
  Thread calibration: mean lat.: 0.486ms, rate sampling interval: 10ms
  Thread calibration: mean lat.: 0.521ms, rate sampling interval: 10ms
  Thread calibration: mean lat.: 0.556ms, rate sampling interval: 10ms
  Thread calibration: mean lat.: 0.490ms, rate sampling interval: 10ms
  Thread calibration: mean lat.: 0.533ms, rate sampling interval: 10ms
  Thread calibration: mean lat.: 0.531ms, rate sampling interval: 10ms
  Thread calibration: mean lat.: 1.035ms, rate sampling interval: 10ms

-----------------------------------------------------------------------
Test Results @ http://10.10.1.1:5671/Spam?n=10 
  Thread Stats   Avg      Stdev     99%   +/- Stdev
    Latency   729.81us    7.10ms   3.34ms   99.67%
    Req/Sec    20.98     60.55   222.00     88.68%
  Latency Distribution (HdrHistogram - Recorded Latency)
 50.000%  478.00us
 75.000%  619.00us
 90.000%  720.00us
 99.000%    3.34ms
 99.900%   16.25ms
 99.990%  408.83ms
 99.999%  608.77ms
100.000%  611.33ms

  Detailed Percentile spectrum:
       Value   Percentile   TotalCount 1/(1-Percentile)

       0.038     0.000000            1         1.00
       0.326     0.100000         5258         1.11
       0.365     0.200000        10506         1.25
       0.399     0.300000        15747         1.43
       0.434     0.400000        20958         1.67
       0.478     0.500000        26112         2.00
       0.506     0.550000        28751         2.22
       0.536     0.600000        31318         2.50
       0.565     0.650000        34005         2.86
       0.592     0.700000        36565         3.33
       0.619     0.750000        39216         4.00
       0.632     0.775000        40453         4.44
       0.647     0.800000        41806         5.00
       0.662     0.825000        43124         5.71
       0.678     0.850000        44378         6.67
       0.696     0.875000        45668         8.00
       0.708     0.887500        46369         8.89
       0.720     0.900000        47029        10.00
       0.733     0.912500        47627        11.43
       0.748     0.925000        48303        13.33
       0.769     0.937500        48945        16.00
       0.782     0.943750        49279        17.78
       0.798     0.950000        49589        20.00
       0.821     0.956250        49917        22.86
       0.862     0.962500        50237        26.67
       0.984     0.968750        50561        32.00
       1.143     0.971875        50724        35.56
       1.353     0.975000        50888        40.00
       1.548     0.978125        51050        45.71
       1.854     0.981250        51213        53.33
       2.183     0.984375        51376        64.00
       2.409     0.985938        51459        71.11
       2.675     0.987500        51539        80.00
       3.039     0.989062        51621        91.43
       3.553     0.990625        51702       106.67
       4.151     0.992188        51784       128.00
       4.439     0.992969        51825       142.22
       4.863     0.993750        51865       160.00
       5.491     0.994531        51906       182.86
       6.131     0.995313        51947       213.33
       6.995     0.996094        51988       256.00
       7.435     0.996484        52008       284.44
       8.043     0.996875        52028       320.00
       8.703     0.997266        52049       365.71
       9.319     0.997656        52069       426.67
      10.527     0.998047        52090       512.00
      10.903     0.998242        52100       568.89
      11.567     0.998437        52110       640.00
      12.735     0.998633        52120       731.43
      13.655     0.998828        52130       853.33
      17.727     0.999023        52141      1024.00
      20.799     0.999121        52146      1137.78
      24.495     0.999219        52151      1280.00
      33.887     0.999316        52156      1462.86
      62.463     0.999414        52161      1706.67
      85.119     0.999512        52166      2048.00
     112.895     0.999561        52169      2275.56
     125.631     0.999609        52171      2560.00
     156.415     0.999658        52174      2925.71
     212.223     0.999707        52176      3413.33
     234.239     0.999756        52179      4096.00
     256.511     0.999780        52180      4551.11
     309.503     0.999805        52181      5120.00
     332.799     0.999829        52183      5851.43
     334.591     0.999854        52184      6826.67
     356.351     0.999878        52185      8192.00
     408.831     0.999890        52186      9102.22
     408.831     0.999902        52186     10240.00
     411.903     0.999915        52187     11702.86
     508.671     0.999927        52188     13653.33
     508.671     0.999939        52188     16384.00
     511.999     0.999945        52189     18204.44
     511.999     0.999951        52189     20480.00
     511.999     0.999957        52189     23405.71
     608.767     0.999963        52190     27306.67
     608.767     0.999969        52190     32768.00
     608.767     0.999973        52190     36408.89
     608.767     0.999976        52190     40960.00
     608.767     0.999979        52190     46811.43
     611.327     0.999982        52191     54613.33
     611.327     1.000000        52191          inf
#[Mean    =        0.730, StdDeviation   =        7.096]
#[Max     =      610.816, Total count    =        52191]
#[Buckets =           27, SubBuckets     =         2048]
-----------------------------------------------------------------------
  53991 requests in 5.00m, 6.64MB read
Requests/sec:    179.97  
Transfer/sec:     22.67KB
