setup: assigned thread_id=1
init: final thread_id=1, base_seed=nil
setup: assigned thread_id=2
init: final thread_id=2, base_seed=nil
setup: assigned thread_id=3
init: final thread_id=3, base_seed=nil
setup: assigned thread_id=4
init: final thread_id=4, base_seed=nil
setup: assigned thread_id=5
init: final thread_id=5, base_seed=nil
setup: assigned thread_id=6
init: final thread_id=6, base_seed=nil
setup: assigned thread_id=7
init: final thread_id=7, base_seed=nil
setup: assigned thread_id=8
init: final thread_id=8, base_seed=nil
setup: assigned thread_id=9
init: final thread_id=9, base_seed=nil
setup: assigned thread_id=10
init: final thread_id=10, base_seed=nil
setup: assigned thread_id=11
init: final thread_id=11, base_seed=nil
setup: assigned thread_id=12
init: final thread_id=12, base_seed=nil
setup: assigned thread_id=13
init: final thread_id=13, base_seed=nil
setup: assigned thread_id=14
init: final thread_id=14, base_seed=nil
setup: assigned thread_id=15
init: final thread_id=15, base_seed=nil
setup: assigned thread_id=16
init: final thread_id=16, base_seed=nil
setup: assigned thread_id=17
init: final thread_id=17, base_seed=nil
setup: assigned thread_id=18
init: final thread_id=18, base_seed=nil
setup: assigned thread_id=19
init: final thread_id=19, base_seed=nil
setup: assigned thread_id=20
init: final thread_id=20, base_seed=nil
setup: assigned thread_id=21
init: final thread_id=21, base_seed=nil
setup: assigned thread_id=22
init: final thread_id=22, base_seed=nil
setup: assigned thread_id=23
init: final thread_id=23, base_seed=nil
setup: assigned thread_id=24
init: final thread_id=24, base_seed=nil
setup: assigned thread_id=25
init: final thread_id=25, base_seed=nil
setup: assigned thread_id=26
init: final thread_id=26, base_seed=nil
setup: assigned thread_id=27
init: final thread_id=27, base_seed=nil
setup: assigned thread_id=28
init: final thread_id=28, base_seed=nil
setup: assigned thread_id=29
init: final thread_id=29, base_seed=nil
setup: assigned thread_id=30
init: final thread_id=30, base_seed=nil
setup: assigned thread_id=31
init: final thread_id=31, base_seed=nil
setup: assigned thread_id=32
init: final thread_id=32, base_seed=nil
setup: assigned thread_id=33
init: final thread_id=33, base_seed=nil
setup: assigned thread_id=34
init: final thread_id=34, base_seed=nil
setup: assigned thread_id=35
init: final thread_id=35, base_seed=nil
setup: assigned thread_id=36
init: final thread_id=36, base_seed=nil
setup: assigned thread_id=37
init: final thread_id=37, base_seed=nil
setup: assigned thread_id=38
init: final thread_id=38, base_seed=nil
setup: assigned thread_id=39
init: final thread_id=39, base_seed=nil
setup: assigned thread_id=40
init: final thread_id=40, base_seed=nil
setup: assigned thread_id=41
init: final thread_id=41, base_seed=nil
setup: assigned thread_id=42
init: final thread_id=42, base_seed=nil
setup: assigned thread_id=43
init: final thread_id=43, base_seed=nil
setup: assigned thread_id=44
init: final thread_id=44, base_seed=nil
setup: assigned thread_id=45
init: final thread_id=45, base_seed=nil
script_want_response
Running 5m test @ http://10.10.1.1:22445
  45 threads and 450 connections

  Thread calibration: mean lat.: 12.717ms, rate sampling interval: 36ms
  Thread calibration: mean lat.: 14.255ms, rate sampling interval: 44ms
  Thread calibration: mean lat.: 14.693ms, rate sampling interval: 51ms
  Thread calibration: mean lat.: 15.571ms, rate sampling interval: 53ms
  Thread calibration: mean lat.: 17.678ms, rate sampling interval: 58ms
  Thread calibration: mean lat.: 19.301ms, rate sampling interval: 64ms
  Thread calibration: mean lat.: 20.174ms, rate sampling interval: 68ms
  Thread calibration: mean lat.: 22.494ms, rate sampling interval: 72ms
  Thread calibration: mean lat.: 22.614ms, rate sampling interval: 74ms
  Thread calibration: mean lat.: 25.162ms, rate sampling interval: 76ms
  Thread calibration: mean lat.: 26.626ms, rate sampling interval: 80ms
  Thread calibration: mean lat.: 28.042ms, rate sampling interval: 81ms
  Thread calibration: mean lat.: 28.660ms, rate sampling interval: 86ms
  Thread calibration: mean lat.: 29.592ms, rate sampling interval: 86ms
  Thread calibration: mean lat.: 29.047ms, rate sampling interval: 81ms
  Thread calibration: mean lat.: 30.022ms, rate sampling interval: 87ms
  Thread calibration: mean lat.: 29.640ms, rate sampling interval: 80ms
  Thread calibration: mean lat.: 28.638ms, rate sampling interval: 78ms
  Thread calibration: mean lat.: 29.126ms, rate sampling interval: 80ms
  Thread calibration: mean lat.: 26.866ms, rate sampling interval: 74ms
  Thread calibration: mean lat.: 25.873ms, rate sampling interval: 74ms
  Thread calibration: mean lat.: 24.940ms, rate sampling interval: 71ms
  Thread calibration: mean lat.: 24.467ms, rate sampling interval: 70ms
  Thread calibration: mean lat.: 22.547ms, rate sampling interval: 61ms
  Thread calibration: mean lat.: 20.550ms, rate sampling interval: 57ms
  Thread calibration: mean lat.: 20.492ms, rate sampling interval: 57ms
  Thread calibration: mean lat.: 19.865ms, rate sampling interval: 55ms
  Thread calibration: mean lat.: 19.910ms, rate sampling interval: 54ms
  Thread calibration: mean lat.: 22.185ms, rate sampling interval: 77ms
  Thread calibration: mean lat.: 22.347ms, rate sampling interval: 79ms
  Thread calibration: mean lat.: 24.431ms, rate sampling interval: 80ms
  Thread calibration: mean lat.: 23.082ms, rate sampling interval: 75ms
  Thread calibration: mean lat.: 24.901ms, rate sampling interval: 80ms
  Thread calibration: mean lat.: 25.304ms, rate sampling interval: 79ms
  Thread calibration: mean lat.: 26.195ms, rate sampling interval: 79ms
  Thread calibration: mean lat.: 26.455ms, rate sampling interval: 79ms
  Thread calibration: mean lat.: 27.216ms, rate sampling interval: 79ms
  Thread calibration: mean lat.: 27.414ms, rate sampling interval: 77ms
  Thread calibration: mean lat.: 27.142ms, rate sampling interval: 78ms
  Thread calibration: mean lat.: 27.945ms, rate sampling interval: 76ms
  Thread calibration: mean lat.: 27.146ms, rate sampling interval: 76ms
  Thread calibration: mean lat.: 27.332ms, rate sampling interval: 76ms
  Thread calibration: mean lat.: 26.421ms, rate sampling interval: 71ms
  Thread calibration: mean lat.: 26.202ms, rate sampling interval: 73ms
  Thread calibration: mean lat.: 25.334ms, rate sampling interval: 69ms

-----------------------------------------------------------------------
Test Results @ http://10.10.1.1:22445 
  Thread Stats   Avg      Stdev     99%   +/- Stdev
    Latency    30.87ms   24.33ms  62.69ms   97.71%
    Req/Sec    66.21     64.23   209.00     45.78%
  Latency Distribution (HdrHistogram - Recorded Latency)
 50.000%   30.01ms
 75.000%   37.66ms
 90.000%   44.96ms
 99.000%   62.69ms
 99.900%  203.26ms
 99.990%    1.18s 
 99.999%    1.36s 
100.000%    1.50s 

  Detailed Percentile spectrum:
       Value   Percentile   TotalCount 1/(1-Percentile)

       6.351     0.000000            1         1.00
      14.663     0.100000        86235         1.11
      19.775     0.200000       172286         1.25
      23.807     0.300000       258769         1.43
      27.071     0.400000       344864         1.67
      30.015     0.500000       431110         2.00
      31.455     0.550000       474085         2.22
      32.895     0.600000       516882         2.50
      34.399     0.650000       560621         2.86
      35.967     0.700000       603626         3.33
      37.663     0.750000       646084         4.00
      38.591     0.775000       667828         4.44
      39.615     0.800000       689627         5.00
      40.703     0.825000       711034         5.71
      41.887     0.850000       732111         6.67
      43.327     0.875000       754071         8.00
      44.095     0.887500       764681         8.89
      44.959     0.900000       775311        10.00
      45.919     0.912500       786214        11.43
      47.007     0.925000       796892        13.33
      48.255     0.937500       807550        16.00
      48.991     0.943750       812924        17.78
      49.823     0.950000       818329        20.00
      50.751     0.956250       823743        22.86
      51.775     0.962500       829017        26.67
      53.023     0.968750       834408        32.00
      53.759     0.971875       837115        35.56
      54.591     0.975000       839771        40.00
      55.551     0.978125       842489        45.71
      56.735     0.981250       845164        53.33
      58.207     0.984375       847869        64.00
      59.199     0.985938       849219        71.11
      60.287     0.987500       850549        80.00
      61.663     0.989062       851886        91.43
      63.487     0.990625       853228       106.67
      65.983     0.992188       854581       128.00
      67.519     0.992969       855270       142.22
      69.439     0.993750       855927       160.00
      71.679     0.994531       856601       182.86
      74.815     0.995313       857265       213.33
      78.783     0.996094       857938       256.00
      80.959     0.996484       858269       284.44
      84.095     0.996875       858611       320.00
      89.727     0.997266       858941       365.71
      97.023     0.997656       859279       426.67
     108.223     0.998047       859615       512.00
     114.943     0.998242       859784       568.89
     120.447     0.998437       859953       640.00
     129.983     0.998633       860119       731.43
     152.959     0.998828       860287       853.33
     206.719     0.999023       860456      1024.00
     236.799     0.999121       860540      1137.78
     281.087     0.999219       860625      1280.00
     330.495     0.999316       860708      1462.86
     403.967     0.999414       860792      1706.67
     503.295     0.999512       860876      2048.00
     552.447     0.999561       860919      2275.56
     607.231     0.999609       860961      2560.00
     676.351     0.999658       861002      2925.71
     743.423     0.999707       861044      3413.33
     878.079     0.999756       861086      4096.00
     951.807     0.999780       861107      4551.11
     978.431     0.999805       861128      5120.00
    1023.999     0.999829       861149      5851.43
    1084.415     0.999854       861171      6826.67
    1126.399     0.999878       861191      8192.00
    1139.711     0.999890       861202      9102.22
    1186.815     0.999902       861212     10240.00
    1200.127     0.999915       861224     11702.86
    1246.207     0.999927       861233     13653.33
    1260.543     0.999939       861245     16384.00
    1264.639     0.999945       861250     18204.44
    1269.759     0.999951       861254     20480.00
    1296.383     0.999957       861260     23405.71
    1302.527     0.999963       861265     27306.67
    1323.007     0.999969       861270     32768.00
    1325.055     0.999973       861273     36408.89
    1327.103     0.999976       861275     40960.00
    1331.199     0.999979       861279     46811.43
    1333.247     0.999982       861281     54613.33
    1335.295     0.999985       861283     65536.00
    1355.775     0.999986       861285     72817.78
    1357.823     0.999988       861286     81920.00
    1359.871     0.999989       861287     93622.86
    1364.991     0.999991       861289    109226.67
    1401.855     0.999992       861290    131072.00
    1488.895     0.999993       861291    145635.56
    1488.895     0.999994       861291    163840.00
    1489.919     0.999995       861292    187245.71
    1490.943     0.999995       861293    218453.33
    1490.943     0.999996       861293    262144.00
    1492.991     0.999997       861294    291271.11
    1492.991     0.999997       861294    327680.00
    1492.991     0.999997       861294    374491.43
    1494.015     0.999998       861295    436906.67
    1494.015     0.999998       861295    524288.00
    1494.015     0.999998       861295    582542.22
    1494.015     0.999998       861295    655360.00
    1494.015     0.999999       861295    748982.86
    1495.039     0.999999       861296    873813.33
    1495.039     1.000000       861296          inf
#[Mean    =       30.867, StdDeviation   =       24.335]
#[Max     =     1494.016, Total count    =       861296]
#[Buckets =           27, SubBuckets     =         2048]
-----------------------------------------------------------------------
  890568 requests in 5.00m, 138.10MB read
Requests/sec:   2968.38  
Transfer/sec:    471.34KB
