setup: assigned thread_id=1
init: final thread_id=1, base_seed=nil
script_want_response
Running 2m test @ http://10.10.1.1:22445
  1 threads and 10 connections

  Thread calibration: mean lat.: 62.553ms, rate sampling interval: 129ms

-----------------------------------------------------------------------
Test Results @ http://10.10.1.1:22445 
  Thread Stats   Avg      Stdev     99%   +/- Stdev
    Latency     8.38ms    1.16ms  10.85ms   63.95%
    Req/Sec   100.09     32.59   156.00     75.75%
  Latency Distribution (HdrHistogram - Recorded Latency)
 50.000%    8.49ms
 75.000%    9.24ms
 90.000%    9.86ms
 99.000%   10.85ms
 99.900%   11.51ms
 99.990%   11.92ms
 99.999%   12.41ms
100.000%   12.41ms

  Detailed Percentile spectrum:
       Value   Percentile   TotalCount 1/(1-Percentile)

       4.535     0.000000            1         1.00
       6.839     0.100000          911         1.11
       7.243     0.200000         1808         1.25
       7.631     0.300000         2700         1.43
       8.095     0.400000         3603         1.67
       8.495     0.500000         4521         2.00
       8.647     0.550000         4962         2.22
       8.799     0.600000         5417         2.50
       8.943     0.650000         5862         2.86
       9.087     0.700000         6324         3.33
       9.239     0.750000         6755         4.00
       9.327     0.775000         6983         4.44
       9.415     0.800000         7214         5.00
       9.519     0.825000         7428         5.71
       9.623     0.850000         7654         6.67
       9.743     0.875000         7886         8.00
       9.791     0.887500         7987         8.89
       9.863     0.900000         8112        10.00
       9.935     0.912500         8211        11.43
      10.039     0.925000         8334        13.33
      10.127     0.937500         8441        16.00
      10.175     0.943750         8500        17.78
      10.231     0.950000         8565        20.00
      10.279     0.956250         8610        22.86
      10.343     0.962500         8662        26.67
      10.423     0.968750         8717        32.00
      10.471     0.971875         8746        35.56
      10.527     0.975000         8777        40.00
      10.551     0.978125         8805        45.71
      10.623     0.981250         8833        53.33
      10.679     0.984375         8859        64.00
      10.719     0.985938         8873        71.11
      10.775     0.987500         8886        80.00
      10.823     0.989062         8903        91.43
      10.871     0.990625         8914       106.67
      10.959     0.992188         8928       128.00
      10.983     0.992969         8936       142.22
      11.015     0.993750         8943       160.00
      11.039     0.994531         8949       182.86
      11.103     0.995313         8957       213.33
      11.191     0.996094         8963       256.00
      11.207     0.996484         8969       284.44
      11.223     0.996875         8970       320.00
      11.231     0.997266         8974       365.71
      11.271     0.997656         8977       426.67
      11.311     0.998047         8981       512.00
      11.327     0.998242         8983       568.89
      11.335     0.998437         8984       640.00
      11.431     0.998633         8986       731.43
      11.511     0.998828         8989       853.33
      11.519     0.999023         8990      1024.00
      11.559     0.999121         8991      1137.78
      11.559     0.999219         8991      1280.00
      11.567     0.999316         8992      1462.86
      11.623     0.999414         8993      1706.67
      11.679     0.999512         8994      2048.00
      11.735     0.999561         8995      2275.56
      11.735     0.999609         8995      2560.00
      11.735     0.999658         8995      2925.71
      11.847     0.999707         8996      3413.33
      11.847     0.999756         8996      4096.00
      11.919     0.999780         8997      4551.11
      11.919     0.999805         8997      5120.00
      11.919     0.999829         8997      5851.43
      11.919     0.999854         8997      6826.67
      11.919     0.999878         8997      8192.00
      12.407     0.999890         8998      9102.22
      12.407     1.000000         8998          inf
#[Mean    =        8.384, StdDeviation   =        1.163]
#[Max     =       12.400, Total count    =         8998]
#[Buckets =           27, SubBuckets     =         2048]
-----------------------------------------------------------------------
  9991 requests in 1.67m, 1.55MB read
Requests/sec:     99.90  
Transfer/sec:     15.86KB
