setup: assigned thread_id=1
init: final thread_id=1, base_seed=nil
setup: assigned thread_id=2
init: final thread_id=2, base_seed=nil
setup: assigned thread_id=3
init: final thread_id=3, base_seed=nil
setup: assigned thread_id=4
init: final thread_id=4, base_seed=nil
setup: assigned thread_id=5
init: final thread_id=5, base_seed=nil
setup: assigned thread_id=6
init: final thread_id=6, base_seed=nil
setup: assigned thread_id=7
init: final thread_id=7, base_seed=nil
setup: assigned thread_id=8
init: final thread_id=8, base_seed=nil
setup: assigned thread_id=9
init: final thread_id=9, base_seed=nil
setup: assigned thread_id=10
init: final thread_id=10, base_seed=nil
setup: assigned thread_id=11
init: final thread_id=11, base_seed=nil
setup: assigned thread_id=12
init: final thread_id=12, base_seed=nil
setup: assigned thread_id=13
init: final thread_id=13, base_seed=nil
setup: assigned thread_id=14
init: final thread_id=14, base_seed=nil
setup: assigned thread_id=15
init: final thread_id=15, base_seed=nil
setup: assigned thread_id=16
init: final thread_id=16, base_seed=nil
setup: assigned thread_id=17
init: final thread_id=17, base_seed=nil
setup: assigned thread_id=18
init: final thread_id=18, base_seed=nil
setup: assigned thread_id=19
init: final thread_id=19, base_seed=nil
setup: assigned thread_id=20
init: final thread_id=20, base_seed=nil
ERROR: Status 500 - Body: rpc error: code = DeadlineExceeded desc = context deadline exceeded
 | media_ids: [635003172772601905, 114335351093249118, 238369520462442330, 608065083624161559] | media_types: ["png", "png", "png", "png"]
ERROR: Status 500 - Body: rpc error: code = DeadlineExceeded desc = context deadline exceeded

ERROR: Status 500 - Body: rpc error: code = DeadlineExceeded desc = context deadline exceeded

ERROR: Status 500 - Body: rpc error: code = DeadlineExceeded desc = context deadline exceeded

ERROR: Status 500 - Body: rpc error: code = DeadlineExceeded desc = context deadline exceeded

ERROR: Status 500 - Body: rpc error: code = DeadlineExceeded desc = context deadline exceeded

ERROR: Status 500 - Body: rpc error: code = DeadlineExceeded desc = context deadline exceeded

ERROR: Status 500 - Body: rpc error: code = DeadlineExceeded desc = context deadline exceeded

ERROR: Status 500 - Body: rpc error: code = DeadlineExceeded desc = context deadline exceeded

ERROR: Status 500 - Body: rpc error: code = DeadlineExceeded desc = context deadline exceeded

ERROR: Status 500 - Body: rpc error: code = DeadlineExceeded desc = context deadline exceeded

ERROR: Status 500 - Body: rpc error: code = DeadlineExceeded desc = context deadline exceeded
 | media_ids: [837277266755044585] | media_types: ["png"]
ERROR: Status 500 - Body: rpc error: code = DeadlineExceeded desc = context deadline exceeded

ERROR: Status 500 - Body: rpc error: code = DeadlineExceeded desc = context deadline exceeded

ERROR: Status 500 - Body: rpc error: code = DeadlineExceeded desc = context deadline exceeded

ERROR: Status 500 - Body: rpc error: code = DeadlineExceeded desc = context deadline exceeded

ERROR: Status 500 - Body: rpc error: code = DeadlineExceeded desc = context deadline exceeded

ERROR: Status 500 - Body: rpc error: code = DeadlineExceeded desc = context deadline exceeded

ERROR: Status 500 - Body: rpc error: code = DeadlineExceeded desc = context deadline exceeded
 | media_ids: [790261208254964183, 986005401078504048, 595654896904840188, 527630122705012105] | media_types: ["png", "png", "png", "png"]
ERROR: Status 500 - Body: rpc error: code = DeadlineExceeded desc = context deadline exceeded

ERROR: Status 500 - Body: rpc error: code = DeadlineExceeded desc = context deadline exceeded

ERROR: Status 500 - Body: rpc error: code = DeadlineExceeded desc = context deadline exceeded

