setup: assigned thread_id=1
init: final thread_id=1, base_seed=nil
script_want_response
Running 2m test @ http://10.10.1.1:5834
  1 threads and 10 connections

  Thread calibration: mean lat.: 18.109ms, rate sampling interval: 38ms

-----------------------------------------------------------------------
Test Results @ http://10.10.1.1:5834 
  Thread Stats   Avg      Stdev     99%   +/- Stdev
    Latency    16.92ms    2.17ms  22.78ms   89.38%
    Req/Sec   101.16    122.57   270.00     66.96%
  Latency Distribution (HdrHistogram - Recorded Latency)
 50.000%   16.56ms
 75.000%   17.71ms
 90.000%   18.91ms
 99.000%   22.78ms
 99.900%   31.76ms
 99.990%   78.40ms
 99.999%   82.18ms
100.000%   82.18ms

  Detailed Percentile spectrum:
       Value   Percentile   TotalCount 1/(1-Percentile)

      13.535     0.000000            1         1.00
      15.271     0.100000          900         1.11
      15.671     0.200000         1815         1.25
      15.991     0.300000         2708         1.43
      16.271     0.400000         3629         1.67
      16.559     0.500000         4532         2.00
      16.703     0.550000         4972         2.22
      16.895     0.600000         5438         2.50
      17.103     0.650000         5878         2.86
      17.375     0.700000         6320         3.33
      17.711     0.750000         6754         4.00
      17.903     0.775000         6999         4.44
      18.095     0.800000         7207         5.00
      18.303     0.825000         7435         5.71
      18.511     0.850000         7653         6.67
      18.703     0.875000         7883         8.00
      18.799     0.887500         8005         8.89
      18.911     0.900000         8112        10.00
      19.007     0.912500         8216        11.43
      19.119     0.925000         8328        13.33
      19.279     0.937500         8453        16.00
      19.343     0.943750         8502        17.78
      19.423     0.950000         8552        20.00
      19.535     0.956250         8608        22.86
      19.663     0.962500         8663        26.67
      19.775     0.968750         8719        32.00
      19.855     0.971875         8747        35.56
      19.951     0.975000         8777        40.00
      20.095     0.978125         8806        45.71
      20.287     0.981250         8833        53.33
      20.607     0.984375         8861        64.00
      21.103     0.985938         8874        71.11
      21.807     0.987500         8888        80.00
      22.575     0.989062         8902        91.43
      22.991     0.990625         8916       106.67
      23.375     0.992188         8930       128.00
      23.679     0.992969         8938       142.22
      23.807     0.993750         8944       160.00
      24.111     0.994531         8951       182.86
      24.527     0.995313         8958       213.33
      24.863     0.996094         8965       256.00
      25.903     0.996484         8969       284.44
      26.735     0.996875         8972       320.00
      27.295     0.997266         8977       365.71
      27.551     0.997656         8979       426.67
      28.527     0.998047         8983       512.00
      28.991     0.998242         8985       568.89
      29.423     0.998437         8986       640.00
      29.983     0.998633         8988       731.43
      31.647     0.998828         8990       853.33
      31.791     0.999023         8992      1024.00
      32.655     0.999121         8993      1137.78
      32.655     0.999219         8993      1280.00
      35.327     0.999316         8994      1462.86
      64.831     0.999414         8995      1706.67
      67.327     0.999512         8996      2048.00
      70.975     0.999561         8997      2275.56
      70.975     0.999609         8997      2560.00
      70.975     0.999658         8997      2925.71
      76.031     0.999707         8998      3413.33
      76.031     0.999756         8998      4096.00
      78.399     0.999780         8999      4551.11
      78.399     0.999805         8999      5120.00
      78.399     0.999829         8999      5851.43
      78.399     0.999854         8999      6826.67
      78.399     0.999878         8999      8192.00
      82.175     0.999890         9000      9102.22
      82.175     1.000000         9000          inf
#[Mean    =       16.918, StdDeviation   =        2.173]
#[Max     =       82.112, Total count    =         9000]
#[Buckets =           27, SubBuckets     =         2048]
-----------------------------------------------------------------------
  9990 requests in 1.67m, 1.55MB read
Requests/sec:     99.89  
Transfer/sec:     15.86KB
