setup: assigned thread_id=1
init: final thread_id=1, base_seed=nil
setup: assigned thread_id=2
init: final thread_id=2, base_seed=nil
setup: assigned thread_id=3
init: final thread_id=3, base_seed=nil
setup: assigned thread_id=4
init: final thread_id=4, base_seed=nil
setup: assigned thread_id=5
init: final thread_id=5, base_seed=nil
setup: assigned thread_id=6
init: final thread_id=6, base_seed=nil
setup: assigned thread_id=7
init: final thread_id=7, base_seed=nil
setup: assigned thread_id=8
init: final thread_id=8, base_seed=nil
setup: assigned thread_id=9
init: final thread_id=9, base_seed=nil
setup: assigned thread_id=10
init: final thread_id=10, base_seed=nil
setup: assigned thread_id=11
init: final thread_id=11, base_seed=nil
setup: assigned thread_id=12
init: final thread_id=12, base_seed=nil
setup: assigned thread_id=13
init: final thread_id=13, base_seed=nil
setup: assigned thread_id=14
init: final thread_id=14, base_seed=nil
setup: assigned thread_id=15
init: final thread_id=15, base_seed=nil
setup: assigned thread_id=16
init: final thread_id=16, base_seed=nil
setup: assigned thread_id=17
init: final thread_id=17, base_seed=nil
setup: assigned thread_id=18
init: final thread_id=18, base_seed=nil
setup: assigned thread_id=19
init: final thread_id=19, base_seed=nil
setup: assigned thread_id=20
init: final thread_id=20, base_seed=nil
script_want_response
Running 1m test @ http://10.10.1.1:26484
  20 threads and 200 connections

  Thread calibration: mean lat.: 9.773ms, rate sampling interval: 28ms
  Thread calibration: mean lat.: 10.497ms, rate sampling interval: 32ms
  Thread calibration: mean lat.: 11.705ms, rate sampling interval: 44ms
  Thread calibration: mean lat.: 13.198ms, rate sampling interval: 47ms
  Thread calibration: mean lat.: 14.433ms, rate sampling interval: 53ms
  Thread calibration: mean lat.: 16.215ms, rate sampling interval: 57ms
  Thread calibration: mean lat.: 17.729ms, rate sampling interval: 61ms
  Thread calibration: mean lat.: 19.851ms, rate sampling interval: 65ms
  Thread calibration: mean lat.: 21.023ms, rate sampling interval: 68ms
  Thread calibration: mean lat.: 22.447ms, rate sampling interval: 70ms
  Thread calibration: mean lat.: 23.747ms, rate sampling interval: 70ms
  Thread calibration: mean lat.: 24.375ms, rate sampling interval: 70ms
  Thread calibration: mean lat.: 25.572ms, rate sampling interval: 71ms
  Thread calibration: mean lat.: 25.403ms, rate sampling interval: 70ms
  Thread calibration: mean lat.: 25.448ms, rate sampling interval: 69ms
  Thread calibration: mean lat.: 25.527ms, rate sampling interval: 68ms
  Thread calibration: mean lat.: 25.465ms, rate sampling interval: 67ms
  Thread calibration: mean lat.: 24.823ms, rate sampling interval: 66ms
  Thread calibration: mean lat.: 24.304ms, rate sampling interval: 65ms
  Thread calibration: mean lat.: 23.659ms, rate sampling interval: 63ms

-----------------------------------------------------------------------
Test Results @ http://10.10.1.1:26484 
  Thread Stats   Avg      Stdev     99%   +/- Stdev
    Latency    22.98ms   12.01ms  63.36ms   67.80%
    Req/Sec   100.64     82.79   357.00     61.97%
  Latency Distribution (HdrHistogram - Recorded Latency)
 50.000%   22.11ms
 75.000%   29.28ms
 90.000%   37.66ms
 99.000%   63.36ms
 99.900%   79.81ms
 99.990%   91.26ms
 99.999%   92.22ms
100.000%   92.54ms

  Detailed Percentile spectrum:
       Value   Percentile   TotalCount 1/(1-Percentile)

       5.731     0.000000            1         1.00
       8.455     0.100000        10005         1.11
      11.327     0.200000        20012         1.25
      15.535     0.300000        30011         1.43
      19.359     0.400000        40030         1.67
      22.111     0.500000        50052         2.00
      23.471     0.550000        54999         2.22
      24.815     0.600000        60001         2.50
      26.191     0.650000        65021         2.86
      27.663     0.700000        70030         3.33
      29.279     0.750000        75025         4.00
      30.223     0.775000        77516         4.44
      31.279     0.800000        80026         5.00
      32.495     0.825000        82536         5.71
      33.887     0.850000        85054         6.67
      35.583     0.875000        87515         8.00
      36.575     0.887500        88761         8.89
      37.663     0.900000        90011        10.00
      38.943     0.912500        91259        11.43
      40.383     0.925000        92516        13.33
      42.047     0.937500        93757        16.00
      43.039     0.943750        94382        17.78
      44.159     0.950000        95004        20.00
      45.599     0.956250        95631        22.86
      47.263     0.962500        96248        26.67
      49.343     0.968750        96869        32.00
      50.623     0.971875        97181        35.56
      52.255     0.975000        97497        40.00
      54.463     0.978125        97810        45.71
      56.671     0.981250        98120        53.33
      59.135     0.984375        98433        64.00
      60.287     0.985938        98588        71.11
      61.439     0.987500        98748        80.00
      62.719     0.989062        98901        91.43
      63.999     0.990625        99058       106.67
      65.375     0.992188        99212       128.00
      66.175     0.992969        99293       142.22
      66.943     0.993750        99373       160.00
      67.839     0.994531        99448       182.86
      68.735     0.995313        99530       213.33
      69.887     0.996094        99609       256.00
      70.335     0.996484        99646       284.44
      70.975     0.996875        99682       320.00
      71.935     0.997266        99721       365.71
      72.767     0.997656        99759       426.67
      74.111     0.998047        99800       512.00
      74.879     0.998242        99818       568.89
      75.711     0.998437        99838       640.00
      76.671     0.998633        99858       731.43
      78.207     0.998828        99876       853.33
      79.935     0.999023        99896      1024.00
      80.447     0.999121        99906      1137.78
      81.791     0.999219        99915      1280.00
      82.559     0.999316        99925      1462.86
      84.671     0.999414        99935      1706.67
      86.335     0.999512        99945      2048.00
      87.167     0.999561        99950      2275.56
      87.487     0.999609        99954      2560.00
      87.935     0.999658        99959      2925.71
      88.575     0.999707        99964      3413.33
      89.343     0.999756        99969      4096.00
      89.855     0.999780        99974      4551.11
      89.855     0.999805        99974      5120.00
      90.495     0.999829        99976      5851.43
      90.623     0.999854        99979      6826.67
      91.007     0.999878        99981      8192.00
      91.263     0.999890        99984      9102.22
      91.263     0.999902        99984     10240.00
      91.519     0.999915        99985     11702.86
      91.583     0.999927        99986     13653.33
      91.647     0.999939        99987     16384.00
      91.839     0.999945        99989     18204.44
      91.839     0.999951        99989     20480.00
      91.839     0.999957        99989     23405.71
      92.095     0.999963        99990     27306.67
      92.095     0.999969        99990     32768.00
      92.159     0.999973        99991     36408.89
      92.159     0.999976        99991     40960.00
      92.159     0.999979        99991     46811.43
      92.223     0.999982        99992     54613.33
      92.223     0.999985        99992     65536.00
      92.223     0.999986        99992     72817.78
      92.223     0.999988        99992     81920.00
      92.223     0.999989        99992     93622.86
      92.543     0.999991        99993    109226.67
      92.543     1.000000        99993          inf
#[Mean    =       22.982, StdDeviation   =       12.012]
#[Max     =       92.480, Total count    =        99993]
#[Buckets =           27, SubBuckets     =         2048]
-----------------------------------------------------------------------
  119807 requests in 1.00m, 18.58MB read
Requests/sec:   1996.36  
Transfer/sec:    317.00KB
