setup: assigned thread_id=1
init: final thread_id=1, base_seed=nil
setup: assigned thread_id=2
init: final thread_id=2, base_seed=nil
setup: assigned thread_id=3
init: final thread_id=3, base_seed=nil
setup: assigned thread_id=4
init: final thread_id=4, base_seed=nil
setup: assigned thread_id=5
init: final thread_id=5, base_seed=nil
setup: assigned thread_id=6
init: final thread_id=6, base_seed=nil
setup: assigned thread_id=7
init: final thread_id=7, base_seed=nil
setup: assigned thread_id=8
init: final thread_id=8, base_seed=nil
setup: assigned thread_id=9
init: final thread_id=9, base_seed=nil
setup: assigned thread_id=10
init: final thread_id=10, base_seed=nil
setup: assigned thread_id=11
init: final thread_id=11, base_seed=nil
setup: assigned thread_id=12
init: final thread_id=12, base_seed=nil
setup: assigned thread_id=13
init: final thread_id=13, base_seed=nil
setup: assigned thread_id=14
init: final thread_id=14, base_seed=nil
setup: assigned thread_id=15
init: final thread_id=15, base_seed=nil
setup: assigned thread_id=16
init: final thread_id=16, base_seed=nil
setup: assigned thread_id=17
init: final thread_id=17, base_seed=nil
setup: assigned thread_id=18
init: final thread_id=18, base_seed=nil
setup: assigned thread_id=19
init: final thread_id=19, base_seed=nil
setup: assigned thread_id=20
init: final thread_id=20, base_seed=nil
script_want_response
Running 5m test @ http://10.10.1.1:26484
  20 threads and 200 connections

  Thread calibration: mean lat.: 14.695ms, rate sampling interval: 50ms
  Thread calibration: mean lat.: 15.759ms, rate sampling interval: 52ms
  Thread calibration: mean lat.: 17.770ms, rate sampling interval: 60ms
  Thread calibration: mean lat.: 20.209ms, rate sampling interval: 73ms
  Thread calibration: mean lat.: 22.220ms, rate sampling interval: 81ms
  Thread calibration: mean lat.: 24.613ms, rate sampling interval: 89ms
  Thread calibration: mean lat.: 26.966ms, rate sampling interval: 93ms
  Thread calibration: mean lat.: 28.076ms, rate sampling interval: 95ms
  Thread calibration: mean lat.: 30.612ms, rate sampling interval: 98ms
  Thread calibration: mean lat.: 31.757ms, rate sampling interval: 99ms
  Thread calibration: mean lat.: 33.343ms, rate sampling interval: 98ms
  Thread calibration: mean lat.: 33.548ms, rate sampling interval: 97ms
  Thread calibration: mean lat.: 34.055ms, rate sampling interval: 98ms
  Thread calibration: mean lat.: 34.478ms, rate sampling interval: 96ms
  Thread calibration: mean lat.: 33.799ms, rate sampling interval: 93ms
  Thread calibration: mean lat.: 36.188ms, rate sampling interval: 103ms
  Thread calibration: mean lat.: 33.518ms, rate sampling interval: 92ms
  Thread calibration: mean lat.: 32.925ms, rate sampling interval: 90ms
  Thread calibration: mean lat.: 32.060ms, rate sampling interval: 87ms
  Thread calibration: mean lat.: 31.424ms, rate sampling interval: 87ms

-----------------------------------------------------------------------
Test Results @ http://10.10.1.1:26484 
  Thread Stats   Avg      Stdev     99%   +/- Stdev
    Latency    34.58ms   14.97ms  66.82ms   61.77%
    Req/Sec   100.27     42.88   200.00     75.71%
  Latency Distribution (HdrHistogram - Recorded Latency)
 50.000%   35.13ms
 75.000%   45.95ms
 90.000%   54.24ms
 99.000%   66.82ms
 99.900%   76.22ms
 99.990%   84.48ms
 99.999%   89.79ms
100.000%   96.83ms

  Detailed Percentile spectrum:
       Value   Percentile   TotalCount 1/(1-Percentile)

       6.559     0.000000            1         1.00
      13.807     0.100000        58062         1.11
      19.231     0.200000       116184         1.25
      24.815     0.300000       174107         1.43
      30.223     0.400000       232019         1.67
      35.135     0.500000       290116         2.00
      37.343     0.550000       319067         2.22
      39.455     0.600000       348168         2.50
      41.567     0.650000       377322         2.86
      43.711     0.700000       406396         3.33
      45.951     0.750000       435310         4.00
      47.103     0.775000       449733         4.44
      48.319     0.800000       464123         5.00
      49.599     0.825000       478698         5.71
      51.007     0.850000       493233         6.67
      52.543     0.875000       507751         8.00
      53.343     0.887500       514898         8.89
      54.239     0.900000       522153        10.00
      55.231     0.912500       529463        11.43
      56.255     0.925000       536502        13.33
      57.439     0.937500       543874        16.00
      58.079     0.943750       547479        17.78
      58.783     0.950000       551123        20.00
      59.519     0.956250       554646        22.86
      60.383     0.962500       558264        26.67
      61.375     0.968750       561910        32.00
      61.919     0.971875       563713        35.56
      62.527     0.975000       565541        40.00
      63.167     0.978125       567321        45.71
      63.935     0.981250       569134        53.33
      64.799     0.984375       570982        64.00
      65.279     0.985938       571901        71.11
      65.791     0.987500       572750        80.00
      66.431     0.989062       573691        91.43
      67.071     0.990625       574572       106.67
      67.903     0.992188       575543       128.00
      68.351     0.992969       575990       142.22
      68.863     0.993750       576423       160.00
      69.375     0.994531       576840       182.86
      69.951     0.995313       577283       213.33
      70.719     0.996094       577742       256.00
      71.167     0.996484       577978       284.44
      71.615     0.996875       578194       320.00
      72.191     0.997266       578429       365.71
      72.831     0.997656       578640       426.67
      73.599     0.998047       578880       512.00
      73.983     0.998242       578984       568.89
      74.495     0.998437       579097       640.00
      75.007     0.998633       579221       731.43
      75.647     0.998828       579330       853.33
      76.287     0.999023       579440      1024.00
      76.607     0.999121       579490      1137.78
      77.055     0.999219       579548      1280.00
      77.631     0.999316       579608      1462.86
      78.143     0.999414       579660      1706.67
      78.911     0.999512       579716      2048.00
      79.359     0.999561       579747      2275.56
      79.743     0.999609       579782      2560.00
      80.063     0.999658       579804      2925.71
      80.703     0.999707       579830      3413.33
      81.343     0.999756       579858      4096.00
      81.663     0.999780       579873      4551.11
      82.111     0.999805       579886      5120.00
      82.751     0.999829       579902      5851.43
      83.135     0.999854       579916      6826.67
      83.839     0.999878       579929      8192.00
      84.287     0.999890       579937      9102.22
      84.735     0.999902       579943     10240.00
      85.055     0.999915       579950     11702.86
      85.823     0.999927       579958     13653.33
      86.527     0.999939       579964     16384.00
      86.847     0.999945       579970     18204.44
      87.167     0.999951       579971     20480.00
      87.295     0.999957       579975     23405.71
      87.935     0.999963       579979     27306.67
      88.447     0.999969       579982     32768.00
      88.639     0.999973       579984     36408.89
      88.895     0.999976       579986     40960.00
      89.023     0.999979       579987     46811.43
      89.215     0.999982       579989     54613.33
      89.727     0.999985       579991     65536.00
      89.791     0.999986       579993     72817.78
      89.791     0.999988       579993     81920.00
      89.791     0.999989       579993     93622.86
      90.431     0.999991       579994    109226.67
      90.495     0.999992       579995    131072.00
      90.815     0.999993       579996    145635.56
      90.815     0.999994       579996    163840.00
      90.815     0.999995       579996    187245.71
      91.135     0.999995       579997    218453.33
      91.135     0.999996       579997    262144.00
      91.263     0.999997       579998    291271.11
      91.263     0.999997       579998    327680.00
      91.263     0.999997       579998    374491.43
      91.263     0.999998       579998    436906.67
      91.263     0.999998       579998    524288.00
      96.831     0.999998       579999    582542.22
      96.831     1.000000       579999          inf
#[Mean    =       34.576, StdDeviation   =       14.966]
#[Max     =       96.768, Total count    =       579999]
#[Buckets =           27, SubBuckets     =         2048]
-----------------------------------------------------------------------
  599705 requests in 5.00m, 92.99MB read
Requests/sec:   1998.88  
Transfer/sec:    317.39KB
