setup: assigned thread_id=1
init: final thread_id=1, base_seed=nil
script_want_response
Running 1m test @ http://10.10.1.1:26484
  1 threads and 10 connections

  Thread calibration: mean lat.: 61.350ms, rate sampling interval: 115ms

-----------------------------------------------------------------------
Test Results @ http://10.10.1.1:26484 
  Thread Stats   Avg      Stdev     99%   +/- Stdev
    Latency     7.39ms    0.90ms   9.63ms   71.57%
    Req/Sec    99.72     27.65   175.00     84.33%
  Latency Distribution (HdrHistogram - Recorded Latency)
 50.000%    7.36ms
 75.000%    7.95ms
 90.000%    8.55ms
 99.000%    9.63ms
 99.900%   10.33ms
 99.990%   10.89ms
 99.999%   10.89ms
100.000%   10.89ms

  Detailed Percentile spectrum:
       Value   Percentile   TotalCount 1/(1-Percentile)

       4.187     0.000000            1         1.00
       6.323     0.100000          501         1.11
       6.691     0.200000         1014         1.25
       6.955     0.300000         1507         1.43
       7.159     0.400000         2002         1.67
       7.359     0.500000         2499         2.00
       7.467     0.550000         2749         2.22
       7.575     0.600000         2999         2.50
       7.691     0.650000         3259         2.86
       7.807     0.700000         3500         3.33
       7.947     0.750000         3752         4.00
       8.027     0.775000         3875         4.44
       8.107     0.800000         3999         5.00
       8.199     0.825000         4130         5.71
       8.303     0.850000         4254         6.67
       8.415     0.875000         4375         8.00
       8.479     0.887500         4440         8.89
       8.559     0.900000         4503        10.00
       8.623     0.912500         4563        11.43
       8.711     0.925000         4625        13.33
       8.831     0.937500         4690        16.00
       8.879     0.943750         4718        17.78
       8.935     0.950000         4754        20.00
       9.007     0.956250         4783        22.86
       9.095     0.962500         4814        26.67
       9.175     0.968750         4843        32.00
       9.239     0.971875         4862        35.56
       9.303     0.975000         4874        40.00
       9.343     0.978125         4891        45.71
       9.399     0.981250         4908        53.33
       9.479     0.984375         4923        64.00
       9.519     0.985938         4928        71.11
       9.575     0.987500         4937        80.00
       9.623     0.989062         4946        91.43
       9.687     0.990625         4952       106.67
       9.735     0.992188         4961       128.00
       9.751     0.992969         4963       142.22
       9.783     0.993750         4967       160.00
       9.831     0.994531         4971       182.86
       9.911     0.995313         4975       213.33
       9.935     0.996094         4979       256.00
      10.007     0.996484         4982       284.44
      10.015     0.996875         4983       320.00
      10.087     0.997266         4985       365.71
      10.159     0.997656         4987       426.67
      10.207     0.998047         4989       512.00
      10.223     0.998242         4990       568.89
      10.263     0.998437         4992       640.00
      10.263     0.998633         4992       731.43
      10.327     0.998828         4994       853.33
      10.327     0.999023         4994      1024.00
      10.327     0.999121         4994      1137.78
      10.351     0.999219         4995      1280.00
      10.351     0.999316         4995      1462.86
      10.391     0.999414         4996      1706.67
      10.391     0.999512         4996      2048.00
      10.391     0.999561         4996      2275.56
      10.407     0.999609         4997      2560.00
      10.407     0.999658         4997      2925.71
      10.407     0.999707         4997      3413.33
      10.407     0.999756         4997      4096.00
      10.407     0.999780         4997      4551.11
      10.887     0.999805         4998      5120.00
      10.887     1.000000         4998          inf
#[Mean    =        7.392, StdDeviation   =        0.904]
#[Max     =       10.880, Total count    =         4998]
#[Buckets =           27, SubBuckets     =         2048]
-----------------------------------------------------------------------
  5990 requests in 1.00m, 0.93MB read
Requests/sec:     99.82  
Transfer/sec:     15.85KB
