setup: assigned thread_id=1
init: final thread_id=1, base_seed=nil
setup: assigned thread_id=2
init: final thread_id=2, base_seed=nil
setup: assigned thread_id=3
init: final thread_id=3, base_seed=nil
setup: assigned thread_id=4
init: final thread_id=4, base_seed=nil
setup: assigned thread_id=5
init: final thread_id=5, base_seed=nil
setup: assigned thread_id=6
init: final thread_id=6, base_seed=nil
setup: assigned thread_id=7
init: final thread_id=7, base_seed=nil
setup: assigned thread_id=8
init: final thread_id=8, base_seed=nil
setup: assigned thread_id=9
init: final thread_id=9, base_seed=nil
setup: assigned thread_id=10
init: final thread_id=10, base_seed=nil
setup: assigned thread_id=11
init: final thread_id=11, base_seed=nil
setup: assigned thread_id=12
init: final thread_id=12, base_seed=nil
setup: assigned thread_id=13
init: final thread_id=13, base_seed=nil
setup: assigned thread_id=14
init: final thread_id=14, base_seed=nil
setup: assigned thread_id=15
init: final thread_id=15, base_seed=nil
setup: assigned thread_id=16
init: final thread_id=16, base_seed=nil
setup: assigned thread_id=17
init: final thread_id=17, base_seed=nil
setup: assigned thread_id=18
init: final thread_id=18, base_seed=nil
setup: assigned thread_id=19
init: final thread_id=19, base_seed=nil
setup: assigned thread_id=20
init: final thread_id=20, base_seed=nil
script_want_response
Running 1m test @ http://10.10.1.1:9808
  20 threads and 200 connections

  Thread calibration: mean lat.: 13.789ms, rate sampling interval: 44ms
  Thread calibration: mean lat.: 14.956ms, rate sampling interval: 46ms
  Thread calibration: mean lat.: 15.926ms, rate sampling interval: 49ms
  Thread calibration: mean lat.: 17.080ms, rate sampling interval: 51ms
  Thread calibration: mean lat.: 17.877ms, rate sampling interval: 54ms
  Thread calibration: mean lat.: 19.526ms, rate sampling interval: 62ms
  Thread calibration: mean lat.: 21.454ms, rate sampling interval: 70ms
  Thread calibration: mean lat.: 22.878ms, rate sampling interval: 71ms
  Thread calibration: mean lat.: 24.326ms, rate sampling interval: 73ms
  Thread calibration: mean lat.: 25.614ms, rate sampling interval: 73ms
  Thread calibration: mean lat.: 26.166ms, rate sampling interval: 74ms
  Thread calibration: mean lat.: 27.022ms, rate sampling interval: 74ms
  Thread calibration: mean lat.: 27.310ms, rate sampling interval: 74ms
  Thread calibration: mean lat.: 27.735ms, rate sampling interval: 73ms
  Thread calibration: mean lat.: 28.168ms, rate sampling interval: 74ms
  Thread calibration: mean lat.: 27.946ms, rate sampling interval: 72ms
  Thread calibration: mean lat.: 27.332ms, rate sampling interval: 71ms
  Thread calibration: mean lat.: 26.845ms, rate sampling interval: 70ms
  Thread calibration: mean lat.: 26.184ms, rate sampling interval: 68ms
  Thread calibration: mean lat.: 25.583ms, rate sampling interval: 66ms

-----------------------------------------------------------------------
Test Results @ http://10.10.1.1:9808 
  Thread Stats   Avg      Stdev     99%   +/- Stdev
    Latency    26.37ms   11.50ms  63.52ms   70.90%
    Req/Sec   100.44     66.31   227.00     64.85%
  Latency Distribution (HdrHistogram - Recorded Latency)
 50.000%   25.26ms
 75.000%   32.61ms
 90.000%   40.00ms
 99.000%   63.52ms
 99.900%   88.64ms
 99.990%  101.25ms
 99.999%  103.61ms
100.000%  103.93ms

  Detailed Percentile spectrum:
       Value   Percentile   TotalCount 1/(1-Percentile)

       6.903     0.000000            1         1.00
      12.023     0.100000        10011         1.11
      16.799     0.200000        20024         1.25
      20.047     0.300000        30020         1.43
      22.687     0.400000        40062         1.67
      25.263     0.500000        50047         2.00
      26.591     0.550000        55040         2.22
      27.967     0.600000        60036         2.50
      29.407     0.650000        65052         2.86
      30.943     0.700000        70003         3.33
      32.607     0.750000        75000         4.00
      33.535     0.775000        77551         4.44
      34.495     0.800000        80054         5.00
      35.551     0.825000        82539         5.71
      36.767     0.850000        85024         6.67
      38.239     0.875000        87504         8.00
      39.039     0.887500        88756         8.89
      39.999     0.900000        90033        10.00
      41.055     0.912500        91293        11.43
      42.303     0.925000        92539        13.33
      43.775     0.937500        93756        16.00
      44.735     0.943750        94378        17.78
      45.855     0.950000        95011        20.00
      47.231     0.956250        95633        22.86
      48.639     0.962500        96258        26.67
      50.783     0.968750        96878        32.00
      52.031     0.971875        97191        35.56
      53.599     0.975000        97505        40.00
      55.423     0.978125        97813        45.71
      57.471     0.981250        98129        53.33
      59.487     0.984375        98444        64.00
      60.319     0.985938        98593        71.11
      61.567     0.987500        98754        80.00
      62.783     0.989062        98907        91.43
      64.223     0.990625        99064       106.67
      66.175     0.992188        99220       128.00
      67.263     0.992969        99298       142.22
      68.863     0.993750        99376       160.00
      70.655     0.994531        99454       182.86
      73.151     0.995313        99532       213.33
      75.263     0.996094        99609       256.00
      76.415     0.996484        99651       284.44
      77.695     0.996875        99687       320.00
      79.103     0.997266        99728       365.71
      80.319     0.997656        99768       426.67
      81.855     0.998047        99804       512.00
      82.815     0.998242        99824       568.89
      83.519     0.998437        99843       640.00
      84.351     0.998633        99863       731.43
      86.271     0.998828        99882       853.33
      88.959     0.999023        99902      1024.00
      89.919     0.999121        99912      1137.78
      90.815     0.999219        99921      1280.00
      92.735     0.999316        99931      1462.86
      97.151     0.999414        99942      1706.67
      98.047     0.999512        99951      2048.00
      98.495     0.999561        99957      2275.56
      98.815     0.999609        99961      2560.00
      99.199     0.999658        99965      2925.71
      99.967     0.999707        99970      3413.33
     100.223     0.999756        99975      4096.00
     100.351     0.999780        99979      4551.11
     100.479     0.999805        99980      5120.00
     100.607     0.999829        99983      5851.43
     100.671     0.999854        99985      6826.67
     100.735     0.999878        99987      8192.00
     101.247     0.999890        99989      9102.22
     101.375     0.999902        99990     10240.00
     101.631     0.999915        99991     11702.86
     101.951     0.999927        99993     13653.33
     101.951     0.999939        99993     16384.00
     102.015     0.999945        99994     18204.44
     102.079     0.999951        99995     20480.00
     102.079     0.999957        99995     23405.71
     102.143     0.999963        99996     27306.67
     102.143     0.999969        99996     32768.00
     102.975     0.999973        99997     36408.89
     102.975     0.999976        99997     40960.00
     102.975     0.999979        99997     46811.43
     103.615     0.999982        99998     54613.33
     103.615     0.999985        99998     65536.00
     103.615     0.999986        99998     72817.78
     103.615     0.999988        99998     81920.00
     103.615     0.999989        99998     93622.86
     103.935     0.999991        99999    109226.67
     103.935     1.000000        99999          inf
#[Mean    =       26.372, StdDeviation   =       11.498]
#[Max     =      103.872, Total count    =        99999]
#[Buckets =           27, SubBuckets     =         2048]
-----------------------------------------------------------------------
  119802 requests in 1.00m, 18.58MB read
Requests/sec:   1996.19  
Transfer/sec:    317.07KB
