setup: assigned thread_id=1
init: final thread_id=1, base_seed=nil
setup: assigned thread_id=2
init: final thread_id=2, base_seed=nil
setup: assigned thread_id=3
init: final thread_id=3, base_seed=nil
setup: assigned thread_id=4
init: final thread_id=4, base_seed=nil
setup: assigned thread_id=5
init: final thread_id=5, base_seed=nil
setup: assigned thread_id=6
init: final thread_id=6, base_seed=nil
setup: assigned thread_id=7
init: final thread_id=7, base_seed=nil
setup: assigned thread_id=8
init: final thread_id=8, base_seed=nil
setup: assigned thread_id=9
init: final thread_id=9, base_seed=nil
setup: assigned thread_id=10
init: final thread_id=10, base_seed=nil
setup: assigned thread_id=11
init: final thread_id=11, base_seed=nil
setup: assigned thread_id=12
init: final thread_id=12, base_seed=nil
setup: assigned thread_id=13
init: final thread_id=13, base_seed=nil
setup: assigned thread_id=14
init: final thread_id=14, base_seed=nil
setup: assigned thread_id=15
init: final thread_id=15, base_seed=nil
setup: assigned thread_id=16
init: final thread_id=16, base_seed=nil
setup: assigned thread_id=17
init: final thread_id=17, base_seed=nil
setup: assigned thread_id=18
init: final thread_id=18, base_seed=nil
setup: assigned thread_id=19
init: final thread_id=19, base_seed=nil
setup: assigned thread_id=20
init: final thread_id=20, base_seed=nil
script_want_response
Running 5m test @ http://10.10.1.1:9808
  20 threads and 200 connections

  Thread calibration: mean lat.: 15.079ms, rate sampling interval: 56ms
  Thread calibration: mean lat.: 10.213ms, rate sampling interval: 26ms
  Thread calibration: mean lat.: 16.976ms, rate sampling interval: 62ms
  Thread calibration: mean lat.: 18.912ms, rate sampling interval: 66ms
  Thread calibration: mean lat.: 20.794ms, rate sampling interval: 74ms
  Thread calibration: mean lat.: 23.221ms, rate sampling interval: 80ms
  Thread calibration: mean lat.: 24.977ms, rate sampling interval: 83ms
  Thread calibration: mean lat.: 26.405ms, rate sampling interval: 87ms
  Thread calibration: mean lat.: 27.573ms, rate sampling interval: 88ms
  Thread calibration: mean lat.: 29.438ms, rate sampling interval: 89ms
  Thread calibration: mean lat.: 30.821ms, rate sampling interval: 87ms
  Thread calibration: mean lat.: 29.951ms, rate sampling interval: 96ms
  Thread calibration: mean lat.: 31.949ms, rate sampling interval: 86ms
  Thread calibration: mean lat.: 32.282ms, rate sampling interval: 95ms
  Thread calibration: mean lat.: 31.352ms, rate sampling interval: 85ms
  Thread calibration: mean lat.: 30.739ms, rate sampling interval: 82ms
  Thread calibration: mean lat.: 30.459ms, rate sampling interval: 82ms
  Thread calibration: mean lat.: 32.500ms, rate sampling interval: 84ms
  Thread calibration: mean lat.: 28.605ms, rate sampling interval: 77ms
  Thread calibration: mean lat.: 32.292ms, rate sampling interval: 82ms

-----------------------------------------------------------------------
Test Results @ http://10.10.1.1:9808 
  Thread Stats   Avg      Stdev     99%   +/- Stdev
    Latency    34.67ms   15.54ms  70.78ms   65.00%
    Req/Sec   100.42     70.12   400.00     76.94%
  Latency Distribution (HdrHistogram - Recorded Latency)
 50.000%   34.78ms
 75.000%   45.76ms
 90.000%   54.17ms
 99.000%   70.78ms
 99.900%   98.82ms
 99.990%  128.64ms
 99.999%  145.92ms
100.000%  148.48ms

  Detailed Percentile spectrum:
       Value   Percentile   TotalCount 1/(1-Percentile)

       6.419     0.000000            1         1.00
      12.231     0.100000        58047         1.11
      19.839     0.200000       116106         1.25
      26.015     0.300000       174075         1.43
      30.575     0.400000       232081         1.67
      34.783     0.500000       290040         2.00
      37.023     0.550000       319057         2.22
      39.231     0.600000       348214         2.50
      41.311     0.650000       377095         2.86
      43.487     0.700000       406264         3.33
      45.759     0.750000       435252         4.00
      46.911     0.775000       449589         4.44
      48.095     0.800000       464039         5.00
      49.375     0.825000       478748         5.71
      50.783     0.850000       493283         6.67
      52.351     0.875000       507673         8.00
      53.215     0.887500       514844         8.89
      54.175     0.900000       522149        10.00
      55.231     0.912500       529439        11.43
      56.383     0.925000       536600        13.33
      57.727     0.937500       543868        16.00
      58.463     0.943750       547445        17.78
      59.263     0.950000       551049        20.00
      60.191     0.956250       554633        22.86
      61.311     0.962500       558340        26.67
      62.559     0.968750       561882        32.00
      63.295     0.971875       563718        35.56
      64.127     0.975000       565537        40.00
      65.055     0.978125       567332        45.71
      66.175     0.981250       569204        53.33
      67.455     0.984375       570978        64.00
      68.159     0.985938       571856        71.11
      69.055     0.987500       572772        80.00
      70.079     0.989062       573670        91.43
      71.295     0.990625       574570       106.67
      73.023     0.992188       575495       128.00
      74.047     0.992969       575937       142.22
      75.263     0.993750       576382       160.00
      76.671     0.994531       576840       182.86
      78.399     0.995313       577291       213.33
      80.447     0.996094       577740       256.00
      81.855     0.996484       577963       284.44
      83.327     0.996875       578195       320.00
      84.799     0.997266       578415       365.71
      86.527     0.997656       578643       426.67
      88.959     0.998047       578874       512.00
      90.367     0.998242       578981       568.89
      91.967     0.998437       579096       640.00
      93.695     0.998633       579206       731.43
      96.255     0.998828       579320       853.33
      99.135     0.999023       579432      1024.00
     100.671     0.999121       579490      1137.78
     102.207     0.999219       579546      1280.00
     103.807     0.999316       579603      1462.86
     105.215     0.999414       579660      1706.67
     107.071     0.999512       579716      2048.00
     108.031     0.999561       579745      2275.56
     109.183     0.999609       579777      2560.00
     109.887     0.999658       579800      2925.71
     112.447     0.999707       579830      3413.33
     115.327     0.999756       579857      4096.00
     116.415     0.999780       579871      4551.11
     118.399     0.999805       579885      5120.00
     121.727     0.999829       579899      5851.43
     122.751     0.999854       579914      6826.67
     125.951     0.999878       579928      8192.00
     127.807     0.999890       579935      9102.22
     128.895     0.999902       579942     10240.00
     131.967     0.999915       579949     11702.86
     134.399     0.999927       579956     13653.33
     138.239     0.999939       579963     16384.00
     138.751     0.999945       579968     18204.44
     139.007     0.999951       579970     20480.00
     140.159     0.999957       579974     23405.71
     141.695     0.999963       579977     27306.67
     142.591     0.999969       579981     32768.00
     143.359     0.999973       579983     36408.89
     143.487     0.999976       579985     40960.00
     143.871     0.999979       579987     46811.43
     145.023     0.999982       579988     54613.33
     145.407     0.999985       579990     65536.00
     145.791     0.999986       579991     72817.78
     145.791     0.999988       579991     81920.00
     145.919     0.999989       579992     93622.86
     146.047     0.999991       579993    109226.67
     146.431     0.999992       579994    131072.00
     147.199     0.999993       579995    145635.56
     147.199     0.999994       579995    163840.00
     147.199     0.999995       579995    187245.71
     147.327     0.999995       579996    218453.33
     147.327     0.999996       579996    262144.00
     147.839     0.999997       579997    291271.11
     147.839     0.999997       579997    327680.00
     147.839     0.999997       579997    374491.43
     147.839     0.999998       579997    436906.67
     147.839     0.999998       579997    524288.00
     148.479     0.999998       579998    582542.22
     148.479     1.000000       579998          inf
#[Mean    =       34.666, StdDeviation   =       15.535]
#[Max     =      148.352, Total count    =       579998]
#[Buckets =           27, SubBuckets     =         2048]
-----------------------------------------------------------------------
  599309 requests in 5.00m, 92.92MB read
Requests/sec:   1997.54  
Transfer/sec:    317.16KB
