setup: assigned thread_id=1
init: final thread_id=1, base_seed=nil
script_want_response
Running 1m test @ http://10.10.1.1:9808
  1 threads and 10 connections

  Thread calibration: mean lat.: 61.961ms, rate sampling interval: 111ms

-----------------------------------------------------------------------
Test Results @ http://10.10.1.1:9808 
  Thread Stats   Avg      Stdev     99%   +/- Stdev
    Latency     7.41ms    0.97ms   9.73ms   71.17%
    Req/Sec   100.01     24.45   181.00     87.33%
  Latency Distribution (HdrHistogram - Recorded Latency)
 50.000%    7.30ms
 75.000%    7.98ms
 90.000%    8.80ms
 99.000%    9.73ms
 99.900%   10.82ms
 99.990%   14.02ms
 99.999%   14.02ms
100.000%   14.02ms

  Detailed Percentile spectrum:
       Value   Percentile   TotalCount 1/(1-Percentile)

       4.431     0.000000            1         1.00
       6.351     0.100000          502         1.11
       6.667     0.200000         1002         1.25
       6.887     0.300000         1503         1.43
       7.095     0.400000         2007         1.67
       7.303     0.500000         2500         2.00
       7.415     0.550000         2756         2.22
       7.527     0.600000         3005         2.50
       7.659     0.650000         3255         2.86
       7.819     0.700000         3507         3.33
       7.979     0.750000         3749         4.00
       8.083     0.775000         3879         4.44
       8.207     0.800000         4000         5.00
       8.343     0.825000         4124         5.71
       8.479     0.850000         4252         6.67
       8.623     0.875000         4378         8.00
       8.727     0.887500         4440         8.89
       8.807     0.900000         4507        10.00
       8.879     0.912500         4568        11.43
       8.951     0.925000         4630        13.33
       9.047     0.937500         4690        16.00
       9.095     0.943750         4719        17.78
       9.127     0.950000         4753        20.00
       9.175     0.956250         4781        22.86
       9.247     0.962500         4814        26.67
       9.303     0.968750         4843        32.00
       9.343     0.971875         4858        35.56
       9.399     0.975000         4874        40.00
       9.431     0.978125         4891        45.71
       9.495     0.981250         4905        53.33
       9.591     0.984375         4921        64.00
       9.623     0.985938         4929        71.11
       9.679     0.987500         4936        80.00
       9.711     0.989062         4944        91.43
       9.767     0.990625         4952       106.67
       9.815     0.992188         4959       128.00
       9.839     0.992969         4963       142.22
       9.887     0.993750         4967       160.00
       9.951     0.994531         4971       182.86
       9.975     0.995313         4975       213.33
      10.039     0.996094         4979       256.00
      10.103     0.996484         4981       284.44
      10.151     0.996875         4983       320.00
      10.255     0.997266         4985       365.71
      10.271     0.997656         4987       426.67
      10.351     0.998047         4989       512.00
      10.511     0.998242         4990       568.89
      10.735     0.998437         4991       640.00
      10.799     0.998633         4992       731.43
      10.823     0.998828         4993       853.33
      11.607     0.999023         4994      1024.00
      11.607     0.999121         4994      1137.78
      12.991     0.999219         4995      1280.00
      12.991     0.999316         4995      1462.86
      13.319     0.999414         4996      1706.67
      13.319     0.999512         4996      2048.00
      13.319     0.999561         4996      2275.56
      13.647     0.999609         4997      2560.00
      13.647     0.999658         4997      2925.71
      13.647     0.999707         4997      3413.33
      13.647     0.999756         4997      4096.00
      13.647     0.999780         4997      4551.11
      14.023     0.999805         4998      5120.00
      14.023     1.000000         4998          inf
#[Mean    =        7.413, StdDeviation   =        0.971]
#[Max     =       14.016, Total count    =         4998]
#[Buckets =           27, SubBuckets     =         2048]
-----------------------------------------------------------------------
  5990 requests in 1.00m, 0.93MB read
Requests/sec:     99.82  
Transfer/sec:     15.86KB
