setup: assigned thread_id=1
init: final thread_id=1, base_seed=nil
setup: assigned thread_id=2
init: final thread_id=2, base_seed=nil
setup: assigned thread_id=3
init: final thread_id=3, base_seed=nil
setup: assigned thread_id=4
init: final thread_id=4, base_seed=nil
setup: assigned thread_id=5
init: final thread_id=5, base_seed=nil
setup: assigned thread_id=6
init: final thread_id=6, base_seed=nil
setup: assigned thread_id=7
init: final thread_id=7, base_seed=nil
setup: assigned thread_id=8
init: final thread_id=8, base_seed=nil
setup: assigned thread_id=9
init: final thread_id=9, base_seed=nil
setup: assigned thread_id=10
init: final thread_id=10, base_seed=nil
setup: assigned thread_id=11
init: final thread_id=11, base_seed=nil
setup: assigned thread_id=12
init: final thread_id=12, base_seed=nil
setup: assigned thread_id=13
init: final thread_id=13, base_seed=nil
setup: assigned thread_id=14
init: final thread_id=14, base_seed=nil
setup: assigned thread_id=15
init: final thread_id=15, base_seed=nil
setup: assigned thread_id=16
init: final thread_id=16, base_seed=nil
setup: assigned thread_id=17
init: final thread_id=17, base_seed=nil
setup: assigned thread_id=18
init: final thread_id=18, base_seed=nil
setup: assigned thread_id=19
init: final thread_id=19, base_seed=nil
setup: assigned thread_id=20
init: final thread_id=20, base_seed=nil
script_want_response
Running 1m test @ http://10.10.1.1:30562
  20 threads and 200 connections

  Thread calibration: mean lat.: 31.485ms, rate sampling interval: 104ms
  Thread calibration: mean lat.: 33.768ms, rate sampling interval: 106ms
  Thread calibration: mean lat.: 35.955ms, rate sampling interval: 110ms
  Thread calibration: mean lat.: 38.354ms, rate sampling interval: 110ms
  Thread calibration: mean lat.: 39.647ms, rate sampling interval: 110ms
  Thread calibration: mean lat.: 41.561ms, rate sampling interval: 112ms
  Thread calibration: mean lat.: 42.805ms, rate sampling interval: 112ms
  Thread calibration: mean lat.: 44.687ms, rate sampling interval: 113ms
  Thread calibration: mean lat.: 44.904ms, rate sampling interval: 111ms
  Thread calibration: mean lat.: 45.413ms, rate sampling interval: 111ms
  Thread calibration: mean lat.: 46.104ms, rate sampling interval: 110ms
  Thread calibration: mean lat.: 46.378ms, rate sampling interval: 110ms
  Thread calibration: mean lat.: 46.731ms, rate sampling interval: 110ms
  Thread calibration: mean lat.: 45.865ms, rate sampling interval: 106ms
  Thread calibration: mean lat.: 45.686ms, rate sampling interval: 105ms
  Thread calibration: mean lat.: 44.947ms, rate sampling interval: 103ms
  Thread calibration: mean lat.: 44.680ms, rate sampling interval: 103ms
  Thread calibration: mean lat.: 43.948ms, rate sampling interval: 101ms
  Thread calibration: mean lat.: 43.199ms, rate sampling interval: 100ms
  Thread calibration: mean lat.: 42.398ms, rate sampling interval: 97ms

-----------------------------------------------------------------------
Test Results @ http://10.10.1.1:30562 
  Thread Stats   Avg      Stdev     99%   +/- Stdev
    Latency    49.25ms   13.73ms  86.72ms   74.64%
    Req/Sec   100.14     20.69   181.00     85.16%
  Latency Distribution (HdrHistogram - Recorded Latency)
 50.000%   51.36ms
 75.000%   57.44ms
 90.000%   63.04ms
 99.000%   86.72ms
 99.900%  108.35ms
 99.990%  116.42ms
 99.999%  120.51ms
100.000%  120.57ms

  Detailed Percentile spectrum:
       Value   Percentile   TotalCount 1/(1-Percentile)

      11.687     0.000000            1         1.00
      29.983     0.100000        10008         1.11
      39.359     0.200000        20047         1.25
      44.959     0.300000        30011         1.43
      48.607     0.400000        40084         1.67
      51.359     0.500000        50106         2.00
      52.575     0.550000        55124         2.22
      53.727     0.600000        60061         2.50
      54.879     0.650000        65084         2.86
      56.095     0.700000        70042         3.33
      57.439     0.750000        75090         4.00
      58.143     0.775000        77564         4.44
      58.911     0.800000        80029         5.00
      59.775     0.825000        82552         5.71
      60.671     0.850000        85003         6.67
      61.759     0.875000        87546         8.00
      62.367     0.887500        88787         8.89
      63.039     0.900000        90026        10.00
      63.775     0.912500        91276        11.43
      64.639     0.925000        92505        13.33
      65.727     0.937500        93814        16.00
      66.303     0.943750        94381        17.78
      67.071     0.950000        95044        20.00
      67.903     0.956250        95667        22.86
      68.927     0.962500        96288        26.67
      70.079     0.968750        96883        32.00
      70.847     0.971875        97211        35.56
      71.743     0.975000        97506        40.00
      72.831     0.978125        97815        45.71
      74.495     0.981250        98126        53.33
      76.927     0.984375        98442        64.00
      78.847     0.985938        98597        71.11
      81.407     0.987500        98754        80.00
      84.671     0.989062        98911        91.43
      88.511     0.990625        99068       106.67
      91.967     0.992188        99222       128.00
      93.631     0.992969        99297       142.22
      95.295     0.993750        99376       160.00
      97.023     0.994531        99455       182.86
      98.687     0.995313        99532       213.33
     100.223     0.996094        99610       256.00
     100.799     0.996484        99649       284.44
     101.567     0.996875        99691       320.00
     102.399     0.997266        99728       365.71
     103.679     0.997656        99766       426.67
     105.279     0.998047        99806       512.00
     105.791     0.998242        99825       568.89
     106.367     0.998437        99847       640.00
     106.943     0.998633        99866       731.43
     107.647     0.998828        99885       853.33
     108.607     0.999023        99904      1024.00
     109.119     0.999121        99914      1137.78
     109.695     0.999219        99922      1280.00
     110.015     0.999316        99933      1462.86
     111.487     0.999414        99943      1706.67
     112.703     0.999512        99952      2048.00
     113.151     0.999561        99957      2275.56
     113.407     0.999609        99961      2560.00
     114.047     0.999658        99967      2925.71
     114.303     0.999707        99971      3413.33
     114.687     0.999756        99976      4096.00
     115.135     0.999780        99979      4551.11
     115.391     0.999805        99981      5120.00
     115.583     0.999829        99984      5851.43
     115.647     0.999854        99986      6826.67
     116.031     0.999878        99988      8192.00
     116.415     0.999890        99990      9102.22
     116.543     0.999902        99991     10240.00
     116.607     0.999915        99992     11702.86
     116.991     0.999927        99994     13653.33
     116.991     0.999939        99994     16384.00
     117.823     0.999945        99995     18204.44
     118.527     0.999951        99996     20480.00
     118.527     0.999957        99996     23405.71
     118.591     0.999963        99997     27306.67
     118.591     0.999969        99997     32768.00
     119.167     0.999973        99998     36408.89
     119.167     0.999976        99998     40960.00
     119.167     0.999979        99998     46811.43
     120.511     0.999982        99999     54613.33
     120.511     0.999985        99999     65536.00
     120.511     0.999986        99999     72817.78
     120.511     0.999988        99999     81920.00
     120.511     0.999989        99999     93622.86
     120.575     0.999991       100000    109226.67
     120.575     1.000000       100000          inf
#[Mean    =       49.251, StdDeviation   =       13.733]
#[Max     =      120.512, Total count    =       100000]
#[Buckets =           27, SubBuckets     =         2048]
-----------------------------------------------------------------------
  119800 requests in 1.00m, 18.57MB read
Requests/sec:   1996.25  
Transfer/sec:    316.94KB
