setup: assigned thread_id=1
init: final thread_id=1, base_seed=nil
script_want_response
Running 1m test @ http://10.10.1.1:30562
  1 threads and 10 connections

  Thread calibration: mean lat.: 13.004ms, rate sampling interval: 28ms

-----------------------------------------------------------------------
Test Results @ http://10.10.1.1:30562 
  Thread Stats   Avg      Stdev     99%   +/- Stdev
    Latency    13.09ms    1.97ms  15.80ms   97.28%
    Req/Sec   101.81    150.66   370.00     75.69%
  Latency Distribution (HdrHistogram - Recorded Latency)
 50.000%   12.84ms
 75.000%   13.45ms
 90.000%   14.22ms
 99.000%   15.80ms
 99.900%   50.17ms
 99.990%   54.59ms
 99.999%   56.03ms
100.000%   56.03ms

  Detailed Percentile spectrum:
       Value   Percentile   TotalCount 1/(1-Percentile)

      11.143     0.000000            1         1.00
      12.055     0.100000          511         1.11
      12.287     0.200000         1002         1.25
      12.487     0.300000         1510         1.43
      12.671     0.400000         2007         1.67
      12.839     0.500000         2504         2.00
      12.935     0.550000         2755         2.22
      13.047     0.600000         3015         2.50
      13.159     0.650000         3267         2.86
      13.287     0.700000         3501         3.33
      13.447     0.750000         3755         4.00
      13.543     0.775000         3894         4.44
      13.639     0.800000         4002         5.00
      13.743     0.825000         4128         5.71
      13.863     0.850000         4251         6.67
      14.015     0.875000         4377         8.00
      14.119     0.887500         4440         8.89
      14.223     0.900000         4500        10.00
      14.327     0.912500         4564        11.43
      14.423     0.925000         4626        13.33
      14.551     0.937500         4689        16.00
      14.623     0.943750         4719        17.78
      14.703     0.950000         4751        20.00
      14.775     0.956250         4782        22.86
      14.879     0.962500         4813        26.67
      14.975     0.968750         4844        32.00
      15.063     0.971875         4864        35.56
      15.103     0.975000         4875        40.00
      15.191     0.978125         4891        45.71
      15.303     0.981250         4907        53.33
      15.375     0.984375         4922        64.00
      15.463     0.985938         4930        71.11
      15.527     0.987500         4938        80.00
      15.631     0.989062         4946        91.43
      15.879     0.990625         4954       106.67
      16.591     0.992188         4962       128.00
      16.975     0.992969         4965       142.22
      17.247     0.993750         4969       160.00
      18.079     0.994531         4973       182.86
      18.879     0.995313         4977       213.33
      19.343     0.996094         4981       256.00
      19.775     0.996484         4983       284.44
      19.839     0.996875         4985       320.00
      24.351     0.997266         4987       365.71
      26.527     0.997656         4989       426.67
      46.943     0.998047         4991       512.00
      47.103     0.998242         4992       568.89
      47.263     0.998437         4993       640.00
      49.471     0.998633         4994       731.43
      50.175     0.998828         4995       853.33
      51.999     0.999023         4996      1024.00
      51.999     0.999121         4996      1137.78
      52.063     0.999219         4997      1280.00
      52.063     0.999316         4997      1462.86
      54.271     0.999414         4998      1706.67
      54.271     0.999512         4998      2048.00
      54.271     0.999561         4998      2275.56
      54.591     0.999609         4999      2560.00
      54.591     0.999658         4999      2925.71
      54.591     0.999707         4999      3413.33
      54.591     0.999756         4999      4096.00
      54.591     0.999780         4999      4551.11
      56.031     0.999805         5000      5120.00
      56.031     1.000000         5000          inf
#[Mean    =       13.088, StdDeviation   =        1.967]
#[Max     =       56.000, Total count    =         5000]
#[Buckets =           27, SubBuckets     =         2048]
-----------------------------------------------------------------------
  5990 requests in 1.00m, 0.93MB read
Requests/sec:     99.81  
Transfer/sec:     15.85KB
