setup: assigned thread_id=1
init: final thread_id=1, base_seed=nil
setup: assigned thread_id=2
init: final thread_id=2, base_seed=nil
setup: assigned thread_id=3
init: final thread_id=3, base_seed=nil
setup: assigned thread_id=4
init: final thread_id=4, base_seed=nil
setup: assigned thread_id=5
init: final thread_id=5, base_seed=nil
setup: assigned thread_id=6
init: final thread_id=6, base_seed=nil
setup: assigned thread_id=7
init: final thread_id=7, base_seed=nil
setup: assigned thread_id=8
init: final thread_id=8, base_seed=nil
setup: assigned thread_id=9
init: final thread_id=9, base_seed=nil
setup: assigned thread_id=10
init: final thread_id=10, base_seed=nil
setup: assigned thread_id=11
init: final thread_id=11, base_seed=nil
setup: assigned thread_id=12
init: final thread_id=12, base_seed=nil
setup: assigned thread_id=13
init: final thread_id=13, base_seed=nil
setup: assigned thread_id=14
init: final thread_id=14, base_seed=nil
setup: assigned thread_id=15
init: final thread_id=15, base_seed=nil
setup: assigned thread_id=16
init: final thread_id=16, base_seed=nil
setup: assigned thread_id=17
init: final thread_id=17, base_seed=nil
setup: assigned thread_id=18
init: final thread_id=18, base_seed=nil
setup: assigned thread_id=19
init: final thread_id=19, base_seed=nil
setup: assigned thread_id=20
init: final thread_id=20, base_seed=nil
script_want_response
Running 1m test @ http://10.10.1.1:5834
  20 threads and 200 connections

  Thread calibration: mean lat.: 11.078ms, rate sampling interval: 30ms
  Thread calibration: mean lat.: 12.033ms, rate sampling interval: 36ms
  Thread calibration: mean lat.: 13.445ms, rate sampling interval: 42ms
  Thread calibration: mean lat.: 14.707ms, rate sampling interval: 50ms
  Thread calibration: mean lat.: 16.527ms, rate sampling interval: 55ms
  Thread calibration: mean lat.: 17.247ms, rate sampling interval: 58ms
  Thread calibration: mean lat.: 18.480ms, rate sampling interval: 60ms
  Thread calibration: mean lat.: 20.375ms, rate sampling interval: 63ms
  Thread calibration: mean lat.: 22.633ms, rate sampling interval: 66ms
  Thread calibration: mean lat.: 23.470ms, rate sampling interval: 67ms
  Thread calibration: mean lat.: 24.125ms, rate sampling interval: 66ms
  Thread calibration: mean lat.: 24.717ms, rate sampling interval: 66ms
  Thread calibration: mean lat.: 24.740ms, rate sampling interval: 65ms
  Thread calibration: mean lat.: 25.339ms, rate sampling interval: 65ms
  Thread calibration: mean lat.: 25.360ms, rate sampling interval: 65ms
  Thread calibration: mean lat.: 25.046ms, rate sampling interval: 63ms
  Thread calibration: mean lat.: 26.279ms, rate sampling interval: 66ms
  Thread calibration: mean lat.: 26.078ms, rate sampling interval: 63ms
  Thread calibration: mean lat.: 23.184ms, rate sampling interval: 58ms
  Thread calibration: mean lat.: 22.626ms, rate sampling interval: 57ms

-----------------------------------------------------------------------
Test Results @ http://10.10.1.1:5834 
  Thread Stats   Avg      Stdev     99%   +/- Stdev
    Latency    24.58ms   12.04ms  68.99ms   70.36%
    Req/Sec   100.67     80.86   310.00     62.41%
  Latency Distribution (HdrHistogram - Recorded Latency)
 50.000%   23.74ms
 75.000%   30.69ms
 90.000%   38.05ms
 99.000%   68.99ms
 99.900%   90.18ms
 99.990%   95.49ms
 99.999%   96.45ms
100.000%   98.18ms

  Detailed Percentile spectrum:
       Value   Percentile   TotalCount 1/(1-Percentile)

       5.979     0.000000            1         1.00
      10.407     0.100000        10034         1.11
      13.327     0.200000        20006         1.25
      17.647     0.300000        30024         1.43
      21.023     0.400000        40010         1.67
      23.743     0.500000        50043         2.00
      25.039     0.550000        55030         2.22
      26.335     0.600000        60065         2.50
      27.679     0.650000        65048         2.86
      29.135     0.700000        70038         3.33
      30.687     0.750000        75009         4.00
      31.551     0.775000        77508         4.44
      32.495     0.800000        80005         5.00
      33.503     0.825000        82511         5.71
      34.783     0.850000        85048         6.67
      36.191     0.875000        87516         8.00
      37.055     0.887500        88791         8.89
      38.047     0.900000        90035        10.00
      39.167     0.912500        91255        11.43
      40.607     0.925000        92526        13.33
      42.399     0.937500        93751        16.00
      43.423     0.943750        94389        17.78
      44.639     0.950000        95013        20.00
      46.015     0.956250        95642        22.86
      47.839     0.962500        96259        26.67
      50.175     0.968750        96881        32.00
      51.583     0.971875        97192        35.56
      53.247     0.975000        97506        40.00
      54.975     0.978125        97812        45.71
      57.599     0.981250        98131        53.33
      60.895     0.984375        98438        64.00
      62.975     0.985938        98594        71.11
      64.927     0.987500        98750        80.00
      67.391     0.989062        98908        91.43
      70.079     0.990625        99063       106.67
      73.599     0.992188        99221       128.00
      74.687     0.992969        99298       142.22
      76.479     0.993750        99379       160.00
      77.887     0.994531        99456       182.86
      79.103     0.995313        99534       213.33
      80.703     0.996094        99610       256.00
      81.535     0.996484        99649       284.44
      82.687     0.996875        99687       320.00
      83.711     0.997266        99730       365.71
      84.799     0.997656        99765       426.67
      86.143     0.998047        99809       512.00
      86.655     0.998242        99825       568.89
      87.615     0.998437        99843       640.00
      88.447     0.998633        99863       731.43
      89.407     0.998828        99883       853.33
      90.303     0.999023        99903      1024.00
      90.687     0.999121        99912      1137.78
      91.263     0.999219        99923      1280.00
      91.647     0.999316        99931      1462.86
      92.031     0.999414        99942      1706.67
      92.607     0.999512        99953      2048.00
      92.671     0.999561        99956      2275.56
      93.055     0.999609        99960      2560.00
      93.503     0.999658        99966      2925.71
      93.823     0.999707        99970      3413.33
      94.271     0.999756        99975      4096.00
      94.655     0.999780        99978      4551.11
      94.783     0.999805        99980      5120.00
      94.911     0.999829        99982      5851.43
      95.103     0.999854        99985      6826.67
      95.423     0.999878        99988      8192.00
      95.487     0.999890        99989      9102.22
      95.679     0.999902        99990     10240.00
      95.807     0.999915        99991     11702.86
      95.871     0.999927        99992     13653.33
      95.935     0.999939        99994     16384.00
      95.935     0.999945        99994     18204.44
      96.063     0.999951        99995     20480.00
      96.063     0.999957        99995     23405.71
      96.127     0.999963        99996     27306.67
      96.127     0.999969        99996     32768.00
      96.383     0.999973        99997     36408.89
      96.383     0.999976        99997     40960.00
      96.383     0.999979        99997     46811.43
      96.447     0.999982        99998     54613.33
      96.447     0.999985        99998     65536.00
      96.447     0.999986        99998     72817.78
      96.447     0.999988        99998     81920.00
      96.447     0.999989        99998     93622.86
      98.175     0.999991        99999    109226.67
      98.175     1.000000        99999          inf
#[Mean    =       24.578, StdDeviation   =       12.044]
#[Max     =       98.112, Total count    =        99999]
#[Buckets =           27, SubBuckets     =         2048]
-----------------------------------------------------------------------
  119606 requests in 1.00m, 18.54MB read
Requests/sec:   1993.00  
Transfer/sec:    316.41KB
