Running 5m test @ http://10.10.1.1:9438/Spam?n=10
  9 threads and 18 connections

  Thread calibration: mean lat.: 0.460ms, rate sampling interval: 10ms
  Thread calibration: mean lat.: 0.458ms, rate sampling interval: 10ms
  Thread calibration: mean lat.: 0.425ms, rate sampling interval: 10ms
  Thread calibration: mean lat.: 0.452ms, rate sampling interval: 10ms
  Thread calibration: mean lat.: 0.471ms, rate sampling interval: 10ms
  Thread calibration: mean lat.: 0.417ms, rate sampling interval: 10ms
  Thread calibration: mean lat.: 0.414ms, rate sampling interval: 10ms
  Thread calibration: mean lat.: 0.658ms, rate sampling interval: 10ms
  Thread calibration: mean lat.: 0.431ms, rate sampling interval: 10ms

-----------------------------------------------------------------------
Test Results @ http://10.10.1.1:9438/Spam?n=10 
  Thread Stats   Avg      Stdev     99%   +/- Stdev
    Latency   594.10us    5.68ms   1.86ms   99.78%
    Req/Sec    96.16     99.75   222.00     59.46%
  Latency Distribution (HdrHistogram - Recorded Latency)
 50.000%  413.00us
 75.000%  551.00us
 90.000%  626.00us
 99.000%    1.86ms
 99.900%   13.38ms
 99.990%  320.00ms
 99.999%  538.11ms
100.000%  559.61ms

  Detailed Percentile spectrum:
       Value   Percentile   TotalCount 1/(1-Percentile)

       0.093     0.000000            1         1.00
       0.273     0.100000        24202         1.11
       0.300     0.200000        47853         1.25
       0.327     0.300000        71578         1.43
       0.361     0.400000        95116         1.67
       0.413     0.500000       118936         2.00
       0.446     0.550000       130722         2.22
       0.479     0.600000       142856         2.50
       0.506     0.650000       154577         2.86
       0.529     0.700000       166535         3.33
       0.551     0.750000       178653         4.00
       0.561     0.775000       184264         4.44
       0.572     0.800000       190313         5.00
       0.583     0.825000       196029         5.71
       0.596     0.850000       202279         6.67
       0.610     0.875000       208138         8.00
       0.618     0.887500       211130         8.89
       0.626     0.900000       213829        10.00
       0.637     0.912500       216862        11.43
       0.650     0.925000       219821        13.33
       0.667     0.937500       222713        16.00
       0.678     0.943750       224165        17.78
       0.693     0.950000       225651        20.00
       0.714     0.956250       227108        22.86
       0.747     0.962500       228606        26.67
       0.804     0.968750       230091        32.00
       0.846     0.971875       230821        35.56
       0.904     0.975000       231573        40.00
       0.991     0.978125       232306        45.71
       1.100     0.981250       233045        53.33
       1.247     0.984375       233791        64.00
       1.350     0.985938       234160        71.11
       1.499     0.987500       234533        80.00
       1.705     0.989062       234901        91.43
       1.975     0.990625       235273       106.67
       2.327     0.992188       235643       128.00
       2.549     0.992969       235829       142.22
       2.847     0.993750       236014       160.00
       3.135     0.994531       236200       182.86
       3.537     0.995313       236385       213.33
       4.075     0.996094       236571       256.00
       4.403     0.996484       236664       284.44
       4.791     0.996875       236756       320.00
       5.339     0.997266       236849       365.71
       6.027     0.997656       236942       426.67
       6.995     0.998047       237035       512.00
       7.587     0.998242       237081       568.89
       8.407     0.998437       237127       640.00
       9.543     0.998633       237175       731.43
      11.271     0.998828       237220       853.33
      13.751     0.999023       237267      1024.00
      16.239     0.999121       237290      1137.78
      21.743     0.999219       237313      1280.00
      30.415     0.999316       237336      1462.86
      47.135     0.999414       237359      1706.67
      67.391     0.999512       237383      2048.00
      80.767     0.999561       237394      2275.56
     101.503     0.999609       237406      2560.00
     116.223     0.999658       237417      2925.71
     138.623     0.999707       237429      3413.33
     167.551     0.999756       237441      4096.00
     188.159     0.999780       237446      4551.11
     200.319     0.999805       237452      5120.00
     232.959     0.999829       237458      5851.43
     260.095     0.999854       237464      6826.67
     298.495     0.999878       237470      8192.00
     302.591     0.999890       237472      9102.22
     324.095     0.999902       237475     10240.00
     346.111     0.999915       237478     11702.86
     385.791     0.999927       237481     13653.33
     411.903     0.999939       237484     16384.00
     429.567     0.999945       237485     18204.44
     450.815     0.999951       237487     20480.00
     455.167     0.999957       237488     23405.71
     476.671     0.999963       237490     27306.67
     494.847     0.999969       237491     32768.00
     495.103     0.999973       237492     36408.89
     516.607     0.999976       237494     40960.00
     516.607     0.999979       237494     46811.43
     516.607     0.999982       237494     54613.33
     537.599     0.999985       237495     65536.00
     537.599     0.999986       237495     72817.78
     538.111     0.999988       237496     81920.00
     538.111     0.999989       237496     93622.86
     538.111     0.999991       237496    109226.67
     559.103     0.999992       237497    131072.00
     559.103     0.999993       237497    145635.56
     559.103     0.999994       237497    163840.00
     559.103     0.999995       237497    187245.71
     559.103     0.999995       237497    218453.33
     559.615     0.999996       237498    262144.00
     559.615     1.000000       237498          inf
#[Mean    =        0.594, StdDeviation   =        5.681]
#[Max     =      559.104, Total count    =       237498]
#[Buckets =           27, SubBuckets     =         2048]
-----------------------------------------------------------------------
  245691 requests in 5.00m, 30.23MB read
Requests/sec:    818.97  
Transfer/sec:    103.17KB
