setup: assigned thread_id=1
init: final thread_id=1, base_seed=nil
setup: assigned thread_id=2
init: final thread_id=2, base_seed=nil
setup: assigned thread_id=3
init: final thread_id=3, base_seed=nil
setup: assigned thread_id=4
init: final thread_id=4, base_seed=nil
setup: assigned thread_id=5
init: final thread_id=5, base_seed=nil
setup: assigned thread_id=6
init: final thread_id=6, base_seed=nil
setup: assigned thread_id=7
init: final thread_id=7, base_seed=nil
setup: assigned thread_id=8
init: final thread_id=8, base_seed=nil
setup: assigned thread_id=9
init: final thread_id=9, base_seed=nil
setup: assigned thread_id=10
init: final thread_id=10, base_seed=nil
setup: assigned thread_id=11
init: final thread_id=11, base_seed=nil
setup: assigned thread_id=12
init: final thread_id=12, base_seed=nil
setup: assigned thread_id=13
init: final thread_id=13, base_seed=nil
setup: assigned thread_id=14
init: final thread_id=14, base_seed=nil
setup: assigned thread_id=15
init: final thread_id=15, base_seed=nil
setup: assigned thread_id=16
init: final thread_id=16, base_seed=nil
setup: assigned thread_id=17
init: final thread_id=17, base_seed=nil
setup: assigned thread_id=18
init: final thread_id=18, base_seed=nil
setup: assigned thread_id=19
init: final thread_id=19, base_seed=nil
setup: assigned thread_id=20
init: final thread_id=20, base_seed=nil
script_want_response
Running 5m test @ http://10.10.1.1:5834
  20 threads and 200 connections

  Thread calibration: mean lat.: 15.077ms, rate sampling interval: 54ms
  Thread calibration: mean lat.: 17.127ms, rate sampling interval: 62ms
  Thread calibration: mean lat.: 18.513ms, rate sampling interval: 65ms
  Thread calibration: mean lat.: 13.100ms, rate sampling interval: 47ms
  Thread calibration: mean lat.: 20.543ms, rate sampling interval: 71ms
  Thread calibration: mean lat.: 23.169ms, rate sampling interval: 82ms
  Thread calibration: mean lat.: 24.943ms, rate sampling interval: 85ms
  Thread calibration: mean lat.: 26.511ms, rate sampling interval: 88ms
  Thread calibration: mean lat.: 28.336ms, rate sampling interval: 88ms
  Thread calibration: mean lat.: 30.199ms, rate sampling interval: 90ms
  Thread calibration: mean lat.: 31.651ms, rate sampling interval: 91ms
  Thread calibration: mean lat.: 32.282ms, rate sampling interval: 90ms
  Thread calibration: mean lat.: 32.248ms, rate sampling interval: 88ms
  Thread calibration: mean lat.: 32.524ms, rate sampling interval: 88ms
  Thread calibration: mean lat.: 32.679ms, rate sampling interval: 87ms
  Thread calibration: mean lat.: 32.326ms, rate sampling interval: 86ms
  Thread calibration: mean lat.: 32.185ms, rate sampling interval: 85ms
  Thread calibration: mean lat.: 31.604ms, rate sampling interval: 83ms
  Thread calibration: mean lat.: 30.998ms, rate sampling interval: 82ms
  Thread calibration: mean lat.: 30.245ms, rate sampling interval: 80ms

-----------------------------------------------------------------------
Test Results @ http://10.10.1.1:5834 
  Thread Stats   Avg      Stdev     99%   +/- Stdev
    Latency    33.73ms   19.32ms  64.22ms   81.08%
    Req/Sec   100.20     47.24   217.00     73.45%
  Latency Distribution (HdrHistogram - Recorded Latency)
 50.000%   34.11ms
 75.000%   43.42ms
 90.000%   50.91ms
 99.000%   64.22ms
 99.900%   94.40ms
 99.990%  772.09ms
 99.999%  932.86ms
100.000%  946.69ms

  Detailed Percentile spectrum:
       Value   Percentile   TotalCount 1/(1-Percentile)

       6.391     0.000000            1         1.00
      13.159     0.100000        58047         1.11
      20.479     0.200000       116033         1.25
      25.695     0.300000       174126         1.43
      30.015     0.400000       232048         1.67
      34.111     0.500000       290417         2.00
      35.967     0.550000       319051         2.22
      37.823     0.600000       348257         2.50
      39.615     0.650000       377011         2.86
      41.471     0.700000       406100         3.33
      43.423     0.750000       435440         4.00
      44.415     0.775000       449647         4.44
      45.471     0.800000       464148         5.00
      46.623     0.825000       478843         5.71
      47.871     0.850000       493037         6.67
      49.311     0.875000       507768         8.00
      50.079     0.887500       514982         8.89
      50.911     0.900000       522051        10.00
      51.839     0.912500       529265        11.43
      52.863     0.925000       536677        13.33
      54.015     0.937500       543883        16.00
      54.655     0.943750       547472        17.78
      55.359     0.950000       551087        20.00
      56.159     0.956250       554686        22.86
      57.023     0.962500       558256        26.67
      58.111     0.968750       561947        32.00
      58.687     0.971875       563743        35.56
      59.327     0.975000       565572        40.00
      60.031     0.978125       567330        45.71
      60.831     0.981250       569145        53.33
      61.791     0.984375       570938        64.00
      62.399     0.985938       571886        71.11
      63.007     0.987500       572772        80.00
      63.711     0.989062       573676        91.43
      64.575     0.990625       574578       106.67
      65.599     0.992188       575465       128.00
      66.239     0.992969       575943       142.22
      66.943     0.993750       576396       160.00
      67.647     0.994531       576847       182.86
      68.607     0.995313       577294       213.33
      69.695     0.996094       577737       256.00
      70.399     0.996484       577963       284.44
      71.231     0.996875       578190       320.00
      72.063     0.997266       578411       365.71
      73.471     0.997656       578644       426.67
      75.455     0.998047       578868       512.00
      76.799     0.998242       578980       568.89
      78.975     0.998437       579091       640.00
      82.111     0.998633       579204       731.43
      86.271     0.998828       579317       853.33
      96.127     0.999023       579430      1024.00
     102.655     0.999121       579488      1137.78
     110.079     0.999219       579543      1280.00
     160.255     0.999316       579600      1462.86
     251.903     0.999414       579657      1706.67
     321.023     0.999512       579713      2048.00
     381.695     0.999561       579742      2275.56
     403.967     0.999609       579770      2560.00
     473.343     0.999658       579799      2925.71
     495.359     0.999707       579828      3413.33
     578.047     0.999756       579855      4096.00
     632.831     0.999780       579869      4551.11
     662.527     0.999805       579883      5120.00
     685.055     0.999829       579897      5851.43
     729.087     0.999854       579912      6826.67
     748.031     0.999878       579927      8192.00
     764.927     0.999890       579933      9102.22
     773.631     0.999902       579941     10240.00
     778.239     0.999915       579947     11702.86
     845.311     0.999927       579954     13653.33
     852.479     0.999939       579961     16384.00
     856.575     0.999945       579966     18204.44
     858.111     0.999951       579968     20480.00
     861.695     0.999957       579972     23405.71
     918.527     0.999963       579975     27306.67
     922.111     0.999969       579979     32768.00
     923.135     0.999973       579981     36408.89
     925.183     0.999976       579982     40960.00
     926.719     0.999979       579984     46811.43
     928.255     0.999982       579986     54613.33
     930.815     0.999985       579989     65536.00
     930.815     0.999986       579989     72817.78
     930.815     0.999988       579989     81920.00
     932.863     0.999989       579990     93622.86
     933.375     0.999991       579991    109226.67
     934.911     0.999992       579992    131072.00
     935.423     0.999993       579993    145635.56
     935.423     0.999994       579993    163840.00
     935.423     0.999995       579993    187245.71
     937.471     0.999995       579994    218453.33
     937.471     0.999996       579994    262144.00
     938.495     0.999997       579995    291271.11
     938.495     0.999997       579995    327680.00
     938.495     0.999997       579995    374491.43
     938.495     0.999998       579995    436906.67
     938.495     0.999998       579995    524288.00
     946.687     0.999998       579996    582542.22
     946.687     1.000000       579996          inf
#[Mean    =       33.726, StdDeviation   =       19.320]
#[Max     =      946.176, Total count    =       579996]
#[Buckets =           27, SubBuckets     =         2048]
-----------------------------------------------------------------------
  599705 requests in 5.00m, 93.00MB read
Requests/sec:   1998.88  
Transfer/sec:    317.41KB
