setup: assigned thread_id=1
init: final thread_id=1, base_seed=nil
script_want_response
Running 2m test @ http://10.10.1.1:5834
  1 threads and 10 connections

  Thread calibration: mean lat.: 60.914ms, rate sampling interval: 112ms

-----------------------------------------------------------------------
Test Results @ http://10.10.1.1:5834 
  Thread Stats   Avg      Stdev     99%   +/- Stdev
    Latency     7.32ms  753.25us   9.26ms   72.65%
    Req/Sec   100.20     24.42   180.00     85.18%
  Latency Distribution (HdrHistogram - Recorded Latency)
 50.000%    7.28ms
 75.000%    7.76ms
 90.000%    8.27ms
 99.000%    9.26ms
 99.900%   10.20ms
 99.990%   10.94ms
 99.999%   11.45ms
100.000%   11.45ms

  Detailed Percentile spectrum:
       Value   Percentile   TotalCount 1/(1-Percentile)

       4.383     0.000000            1         1.00
       6.475     0.100000          900         1.11
       6.755     0.200000         1807         1.25
       6.951     0.300000         2703         1.43
       7.115     0.400000         3604         1.67
       7.283     0.500000         4506         2.00
       7.371     0.550000         4955         2.22
       7.459     0.600000         5414         2.50
       7.551     0.650000         5856         2.86
       7.651     0.700000         6311         3.33
       7.763     0.750000         6754         4.00
       7.827     0.775000         6984         4.44
       7.895     0.800000         7203         5.00
       7.971     0.825000         7425         5.71
       8.059     0.850000         7648         6.67
       8.155     0.875000         7882         8.00
       8.207     0.887500         7988         8.89
       8.271     0.900000         8100        10.00
       8.335     0.912500         8213        11.43
       8.423     0.925000         8331        13.33
       8.495     0.937500         8440        16.00
       8.551     0.943750         8497        17.78
       8.615     0.950000         8557        20.00
       8.671     0.956250         8609        22.86
       8.751     0.962500         8665        26.67
       8.831     0.968750         8716        32.00
       8.887     0.971875         8745        35.56
       8.943     0.975000         8773        40.00
       8.991     0.978125         8802        45.71
       9.039     0.981250         8832        53.33
       9.103     0.984375         8859        64.00
       9.151     0.985938         8875        71.11
       9.183     0.987500         8891        80.00
       9.215     0.989062         8902        91.43
       9.271     0.990625         8914       106.67
       9.327     0.992188         8927       128.00
       9.383     0.992969         8935       142.22
       9.407     0.993750         8942       160.00
       9.455     0.994531         8949       182.86
       9.527     0.995313         8957       213.33
       9.591     0.996094         8963       256.00
       9.615     0.996484         8966       284.44
       9.647     0.996875         8969       320.00
       9.751     0.997266         8973       365.71
       9.807     0.997656         8976       426.67
       9.879     0.998047         8980       512.00
       9.943     0.998242         8982       568.89
       9.967     0.998437         8983       640.00
      10.071     0.998633         8985       731.43
      10.175     0.998828         8987       853.33
      10.231     0.999023         8989      1024.00
      10.335     0.999121         8990      1137.78
      10.335     0.999219         8990      1280.00
      10.423     0.999316         8991      1462.86
      10.511     0.999414         8992      1706.67
      10.631     0.999512         8993      2048.00
      10.663     0.999561         8994      2275.56
      10.663     0.999609         8994      2560.00
      10.663     0.999658         8994      2925.71
      10.823     0.999707         8995      3413.33
      10.823     0.999756         8995      4096.00
      10.943     0.999780         8996      4551.11
      10.943     0.999805         8996      5120.00
      10.943     0.999829         8996      5851.43
      10.943     0.999854         8996      6826.67
      10.943     0.999878         8996      8192.00
      11.455     0.999890         8997      9102.22
      11.455     1.000000         8997          inf
#[Mean    =        7.321, StdDeviation   =        0.753]
#[Max     =       11.448, Total count    =         8997]
#[Buckets =           27, SubBuckets     =         2048]
-----------------------------------------------------------------------
  9991 requests in 1.67m, 1.55MB read
Requests/sec:     99.90  
Transfer/sec:     15.86KB
