setup: assigned thread_id=1
init: final thread_id=1, base_seed=nil
setup: assigned thread_id=2
init: final thread_id=2, base_seed=nil
setup: assigned thread_id=3
init: final thread_id=3, base_seed=nil
setup: assigned thread_id=4
init: final thread_id=4, base_seed=nil
setup: assigned thread_id=5
init: final thread_id=5, base_seed=nil
setup: assigned thread_id=6
init: final thread_id=6, base_seed=nil
setup: assigned thread_id=7
init: final thread_id=7, base_seed=nil
setup: assigned thread_id=8
init: final thread_id=8, base_seed=nil
setup: assigned thread_id=9
init: final thread_id=9, base_seed=nil
setup: assigned thread_id=10
init: final thread_id=10, base_seed=nil
setup: assigned thread_id=11
init: final thread_id=11, base_seed=nil
setup: assigned thread_id=12
init: final thread_id=12, base_seed=nil
setup: assigned thread_id=13
init: final thread_id=13, base_seed=nil
setup: assigned thread_id=14
init: final thread_id=14, base_seed=nil
setup: assigned thread_id=15
init: final thread_id=15, base_seed=nil
setup: assigned thread_id=16
init: final thread_id=16, base_seed=nil
setup: assigned thread_id=17
init: final thread_id=17, base_seed=nil
setup: assigned thread_id=18
init: final thread_id=18, base_seed=nil
setup: assigned thread_id=19
init: final thread_id=19, base_seed=nil
setup: assigned thread_id=20
init: final thread_id=20, base_seed=nil
script_want_response
Running 1m test @ http://10.10.1.1:22445
  20 threads and 200 connections

  Thread calibration: mean lat.: 34.333ms, rate sampling interval: 110ms
  Thread calibration: mean lat.: 36.154ms, rate sampling interval: 111ms
  Thread calibration: mean lat.: 38.350ms, rate sampling interval: 111ms
  Thread calibration: mean lat.: 39.835ms, rate sampling interval: 112ms
  Thread calibration: mean lat.: 41.346ms, rate sampling interval: 112ms
  Thread calibration: mean lat.: 42.320ms, rate sampling interval: 113ms
  Thread calibration: mean lat.: 43.696ms, rate sampling interval: 112ms
  Thread calibration: mean lat.: 44.492ms, rate sampling interval: 112ms
  Thread calibration: mean lat.: 45.197ms, rate sampling interval: 112ms
  Thread calibration: mean lat.: 45.394ms, rate sampling interval: 111ms
  Thread calibration: mean lat.: 45.370ms, rate sampling interval: 110ms
  Thread calibration: mean lat.: 45.668ms, rate sampling interval: 109ms
  Thread calibration: mean lat.: 45.355ms, rate sampling interval: 108ms
  Thread calibration: mean lat.: 45.319ms, rate sampling interval: 109ms
  Thread calibration: mean lat.: 44.793ms, rate sampling interval: 106ms
  Thread calibration: mean lat.: 44.678ms, rate sampling interval: 105ms
  Thread calibration: mean lat.: 44.171ms, rate sampling interval: 104ms
  Thread calibration: mean lat.: 43.845ms, rate sampling interval: 102ms
  Thread calibration: mean lat.: 42.609ms, rate sampling interval: 100ms
  Thread calibration: mean lat.: 42.757ms, rate sampling interval: 100ms

-----------------------------------------------------------------------
Test Results @ http://10.10.1.1:22445 
  Thread Stats   Avg      Stdev     99%   +/- Stdev
    Latency    45.68ms   11.42ms  70.40ms   76.70%
    Req/Sec   100.17     18.01   169.00     85.22%
  Latency Distribution (HdrHistogram - Recorded Latency)
 50.000%   47.20ms
 75.000%   52.54ms
 90.000%   57.12ms
 99.000%   70.40ms
 99.900%  117.12ms
 99.990%  163.46ms
 99.999%  168.19ms
100.000%  172.16ms

  Detailed Percentile spectrum:
       Value   Percentile   TotalCount 1/(1-Percentile)

      11.479     0.000000            1         1.00
      30.991     0.100000        10008         1.11
      38.239     0.200000        20038         1.25
      42.143     0.300000        30097         1.43
      44.927     0.400000        40106         1.67
      47.199     0.500000        50030         2.00
      48.223     0.550000        55024         2.22
      49.247     0.600000        60023         2.50
      50.303     0.650000        65020         2.86
      51.359     0.700000        70006         3.33
      52.543     0.750000        75060         4.00
      53.183     0.775000        77589         4.44
      53.823     0.800000        80032         5.00
      54.527     0.825000        82517         5.71
      55.327     0.850000        85058         6.67
      56.159     0.875000        87506         8.00
      56.639     0.887500        88809         8.89
      57.119     0.900000        90020        10.00
      57.695     0.912500        91305        11.43
      58.303     0.925000        92563        13.33
      58.975     0.937500        93759        16.00
      59.359     0.943750        94403        17.78
      59.807     0.950000        95021        20.00
      60.319     0.956250        95649        22.86
      60.959     0.962500        96276        26.67
      61.727     0.968750        96888        32.00
      62.143     0.971875        97188        35.56
      62.783     0.975000        97512        40.00
      63.455     0.978125        97823        45.71
      64.415     0.981250        98137        53.33
      65.663     0.984375        98440        64.00
      66.623     0.985938        98594        71.11
      67.711     0.987500        98757        80.00
      69.183     0.989062        98910        91.43
      71.167     0.990625        99064       106.67
      73.855     0.992188        99220       128.00
      75.263     0.992969        99298       142.22
      76.863     0.993750        99377       160.00
      78.079     0.994531        99454       182.86
      79.743     0.995313        99532       213.33
      81.279     0.996094        99610       256.00
      82.303     0.996484        99651       284.44
      83.263     0.996875        99690       320.00
      84.415     0.997266        99728       365.71
      85.823     0.997656        99767       426.67
      87.487     0.998047        99806       512.00
      88.383     0.998242        99825       568.89
      89.471     0.998437        99844       640.00
      90.879     0.998633        99864       731.43
      93.631     0.998828        99883       853.33
     127.359     0.999023        99903      1024.00
     139.391     0.999121        99913      1137.78
     142.591     0.999219        99922      1280.00
     147.583     0.999316        99932      1462.86
     150.143     0.999414        99942      1706.67
     151.551     0.999512        99952      2048.00
     153.343     0.999561        99957      2275.56
     155.391     0.999609        99961      2560.00
     156.287     0.999658        99967      2925.71
     157.567     0.999707        99971      3413.33
     159.615     0.999756        99976      4096.00
     161.535     0.999780        99979      4551.11
     161.791     0.999805        99981      5120.00
     161.919     0.999829        99983      5851.43
     162.431     0.999854        99986      6826.67
     163.199     0.999878        99988      8192.00
     163.455     0.999890        99990      9102.22
     163.711     0.999902        99992     10240.00
     163.711     0.999915        99992     11702.86
     163.839     0.999927        99993     13653.33
     164.735     0.999939        99994     16384.00
     165.247     0.999945        99995     18204.44
     165.503     0.999951        99996     20480.00
     165.503     0.999957        99996     23405.71
     165.631     0.999963        99997     27306.67
     165.631     0.999969        99997     32768.00
     165.759     0.999973        99998     36408.89
     165.759     0.999976        99998     40960.00
     165.759     0.999979        99998     46811.43
     168.191     0.999982        99999     54613.33
     168.191     0.999985        99999     65536.00
     168.191     0.999986        99999     72817.78
     168.191     0.999988        99999     81920.00
     168.191     0.999989        99999     93622.86
     172.159     0.999991       100000    109226.67
     172.159     1.000000       100000          inf
#[Mean    =       45.683, StdDeviation   =       11.417]
#[Max     =      172.032, Total count    =       100000]
#[Buckets =           27, SubBuckets     =         2048]
-----------------------------------------------------------------------
  119800 requests in 1.00m, 18.58MB read
Requests/sec:   1996.25  
Transfer/sec:    317.01KB
