Running 5m test @ http://10.10.1.1:5671/Spam?n=10
  9 threads and 18 connections

  Thread calibration: mean lat.: 0.437ms, rate sampling interval: 10ms
  Thread calibration: mean lat.: 0.432ms, rate sampling interval: 10ms
  Thread calibration: mean lat.: 0.415ms, rate sampling interval: 10ms
  Thread calibration: mean lat.: 1.948ms, rate sampling interval: 10ms
  Thread calibration: mean lat.: 0.421ms, rate sampling interval: 10ms
  Thread calibration: mean lat.: 0.424ms, rate sampling interval: 10ms
  Thread calibration: mean lat.: 0.430ms, rate sampling interval: 10ms
  Thread calibration: mean lat.: 0.422ms, rate sampling interval: 10ms
  Thread calibration: mean lat.: 2.063ms, rate sampling interval: 10ms

-----------------------------------------------------------------------
Test Results @ http://10.10.1.1:5671/Spam?n=10 
  Thread Stats   Avg      Stdev     99%   +/- Stdev
    Latency     0.88ms    2.62ms  12.94ms   95.82%
    Req/Sec    96.13     97.86   222.00     61.36%
  Latency Distribution (HdrHistogram - Recorded Latency)
 50.000%  392.00us
 75.000%  544.00us
 90.000%  689.00us
 99.000%   12.94ms
 99.900%   34.11ms
 99.990%   55.84ms
 99.999%   82.50ms
100.000%   85.12ms

  Detailed Percentile spectrum:
       Value   Percentile   TotalCount 1/(1-Percentile)

       0.019     0.000000            1         1.00
       0.273     0.100000        24358         1.11
       0.298     0.200000        47952         1.25
       0.323     0.300000        72057         1.43
       0.352     0.400000        95636         1.67
       0.392     0.500000       118764         2.00
       0.421     0.550000       130833         2.22
       0.456     0.600000       142820         2.50
       0.489     0.650000       154450         2.86
       0.518     0.700000       166261         3.33
       0.544     0.750000       178189         4.00
       0.558     0.775000       184475         4.44
       0.572     0.800000       190374         5.00
       0.588     0.825000       196258         5.71
       0.607     0.850000       202094         6.67
       0.633     0.875000       207837         8.00
       0.654     0.887500       210815         8.89
       0.689     0.900000       213790        10.00
       0.782     0.912500       216731        11.43
       1.026     0.925000       219692        13.33
       1.609     0.937500       222663        16.00
       2.077     0.943750       224142        17.78
       2.625     0.950000       225626        20.00
       3.281     0.956250       227113        22.86
       3.987     0.962500       228598        26.67
       4.903     0.968750       230081        32.00
       5.523     0.971875       230822        35.56
       6.279     0.975000       231566        40.00
       7.107     0.978125       232306        45.71
       8.199     0.981250       233048        53.33
       9.487     0.984375       233794        64.00
      10.271     0.985938       234162        71.11
      11.127     0.987500       234534        80.00
      12.191     0.989062       234905        91.43
      13.455     0.990625       235275       106.67
      15.007     0.992188       235648       128.00
      15.863     0.992969       235835       142.22
      16.767     0.993750       236020       160.00
      17.967     0.994531       236204       182.86
      19.343     0.995313       236390       213.33
      21.023     0.996094       236574       256.00
      21.983     0.996484       236669       284.44
      23.087     0.996875       236759       320.00
      24.303     0.997266       236852       365.71
      25.727     0.997656       236945       426.67
      27.663     0.998047       237038       512.00
      28.799     0.998242       237085       568.89
      30.095     0.998437       237130       640.00
      31.567     0.998633       237177       731.43
      32.735     0.998828       237223       853.33
      34.559     0.999023       237270      1024.00
      35.199     0.999121       237293      1137.78
      35.999     0.999219       237316      1280.00
      37.407     0.999316       237339      1462.86
      38.719     0.999414       237362      1706.67
      40.831     0.999512       237386      2048.00
      41.983     0.999561       237397      2275.56
      42.943     0.999609       237409      2560.00
      44.319     0.999658       237420      2925.71
      46.271     0.999707       237432      3413.33
      47.903     0.999756       237444      4096.00
      48.415     0.999780       237449      4551.11
      49.631     0.999805       237455      5120.00
      51.327     0.999829       237461      5851.43
      52.639     0.999854       237467      6826.67
      53.983     0.999878       237473      8192.00
      55.071     0.999890       237475      9102.22
      56.191     0.999902       237478     10240.00
      57.087     0.999915       237481     11702.86
      58.367     0.999927       237484     13653.33
      59.935     0.999939       237487     16384.00
      60.095     0.999945       237488     18204.44
      61.855     0.999951       237490     20480.00
      62.527     0.999957       237491     23405.71
      65.919     0.999963       237493     27306.67
      67.199     0.999969       237494     32768.00
      68.479     0.999973       237495     36408.89
      78.271     0.999976       237496     40960.00
      78.271     0.999979       237496     46811.43
      81.471     0.999982       237497     54613.33
      81.663     0.999985       237498     65536.00
      81.663     0.999986       237498     72817.78
      82.495     0.999988       237499     81920.00
      82.495     0.999989       237499     93622.86
      82.495     0.999991       237499    109226.67
      83.327     0.999992       237500    131072.00
      83.327     0.999993       237500    145635.56
      83.327     0.999994       237500    163840.00
      83.327     0.999995       237500    187245.71
      83.327     0.999995       237500    218453.33
      85.119     0.999996       237501    262144.00
      85.119     1.000000       237501          inf
#[Mean    =        0.881, StdDeviation   =        2.615]
#[Max     =       85.056, Total count    =       237501]
#[Buckets =           27, SubBuckets     =         2048]
-----------------------------------------------------------------------
  245603 requests in 5.00m, 30.22MB read
Requests/sec:    818.65  
Transfer/sec:    103.13KB
