setup: assigned thread_id=1
init: final thread_id=1, base_seed=nil
setup: assigned thread_id=2
init: final thread_id=2, base_seed=nil
setup: assigned thread_id=3
init: final thread_id=3, base_seed=nil
setup: assigned thread_id=4
init: final thread_id=4, base_seed=nil
setup: assigned thread_id=5
init: final thread_id=5, base_seed=nil
setup: assigned thread_id=6
init: final thread_id=6, base_seed=nil
setup: assigned thread_id=7
init: final thread_id=7, base_seed=nil
setup: assigned thread_id=8
init: final thread_id=8, base_seed=nil
setup: assigned thread_id=9
init: final thread_id=9, base_seed=nil
setup: assigned thread_id=10
init: final thread_id=10, base_seed=nil
setup: assigned thread_id=11
init: final thread_id=11, base_seed=nil
setup: assigned thread_id=12
init: final thread_id=12, base_seed=nil
setup: assigned thread_id=13
init: final thread_id=13, base_seed=nil
setup: assigned thread_id=14
init: final thread_id=14, base_seed=nil
setup: assigned thread_id=15
init: final thread_id=15, base_seed=nil
setup: assigned thread_id=16
init: final thread_id=16, base_seed=nil
setup: assigned thread_id=17
init: final thread_id=17, base_seed=nil
setup: assigned thread_id=18
init: final thread_id=18, base_seed=nil
setup: assigned thread_id=19
init: final thread_id=19, base_seed=nil
setup: assigned thread_id=20
init: final thread_id=20, base_seed=nil
setup: assigned thread_id=21
init: final thread_id=21, base_seed=nil
setup: assigned thread_id=22
init: final thread_id=22, base_seed=nil
setup: assigned thread_id=23
init: final thread_id=23, base_seed=nil
setup: assigned thread_id=24
init: final thread_id=24, base_seed=nil
setup: assigned thread_id=25
init: final thread_id=25, base_seed=nil
setup: assigned thread_id=26
init: final thread_id=26, base_seed=nil
setup: assigned thread_id=27
init: final thread_id=27, base_seed=nil
setup: assigned thread_id=28
init: final thread_id=28, base_seed=nil
setup: assigned thread_id=29
init: final thread_id=29, base_seed=nil
setup: assigned thread_id=30
init: final thread_id=30, base_seed=nil
setup: assigned thread_id=31
init: final thread_id=31, base_seed=nil
setup: assigned thread_id=32
init: final thread_id=32, base_seed=nil
setup: assigned thread_id=33
init: final thread_id=33, base_seed=nil
setup: assigned thread_id=34
init: final thread_id=34, base_seed=nil
setup: assigned thread_id=35
init: final thread_id=35, base_seed=nil
setup: assigned thread_id=36
init: final thread_id=36, base_seed=nil
setup: assigned thread_id=37
init: final thread_id=37, base_seed=nil
setup: assigned thread_id=38
init: final thread_id=38, base_seed=nil
setup: assigned thread_id=39
init: final thread_id=39, base_seed=nil
setup: assigned thread_id=40
init: final thread_id=40, base_seed=nil
setup: assigned thread_id=41
init: final thread_id=41, base_seed=nil
setup: assigned thread_id=42
init: final thread_id=42, base_seed=nil
setup: assigned thread_id=43
init: final thread_id=43, base_seed=nil
setup: assigned thread_id=44
init: final thread_id=44, base_seed=nil
setup: assigned thread_id=45
init: final thread_id=45, base_seed=nil
script_want_response
Running 5m test @ http://10.10.1.1:22445
  45 threads and 450 connections

  Thread calibration: mean lat.: 41.499ms, rate sampling interval: 148ms
  Thread calibration: mean lat.: 43.775ms, rate sampling interval: 159ms
  Thread calibration: mean lat.: 45.892ms, rate sampling interval: 150ms
  Thread calibration: mean lat.: 48.453ms, rate sampling interval: 159ms
  Thread calibration: mean lat.: 49.471ms, rate sampling interval: 165ms
  Thread calibration: mean lat.: 53.874ms, rate sampling interval: 180ms
  Thread calibration: mean lat.: 54.571ms, rate sampling interval: 172ms
  Thread calibration: mean lat.: 55.351ms, rate sampling interval: 178ms
  Thread calibration: mean lat.: 56.796ms, rate sampling interval: 177ms
  Thread calibration: mean lat.: 62.067ms, rate sampling interval: 197ms
  Thread calibration: mean lat.: 61.726ms, rate sampling interval: 188ms
  Thread calibration: mean lat.: 63.112ms, rate sampling interval: 189ms
  Thread calibration: mean lat.: 64.245ms, rate sampling interval: 194ms
  Thread calibration: mean lat.: 63.199ms, rate sampling interval: 192ms
  Thread calibration: mean lat.: 64.590ms, rate sampling interval: 200ms
  Thread calibration: mean lat.: 46.653ms, rate sampling interval: 142ms
  Thread calibration: mean lat.: 65.038ms, rate sampling interval: 208ms
  Thread calibration: mean lat.: 45.654ms, rate sampling interval: 149ms
  Thread calibration: mean lat.: 63.019ms, rate sampling interval: 197ms
  Thread calibration: mean lat.: 63.511ms, rate sampling interval: 199ms
  Thread calibration: mean lat.: 64.205ms, rate sampling interval: 214ms
  Thread calibration: mean lat.: 61.274ms, rate sampling interval: 203ms
  Thread calibration: mean lat.: 61.581ms, rate sampling interval: 211ms
  Thread calibration: mean lat.: 59.032ms, rate sampling interval: 187ms
  Thread calibration: mean lat.: 62.383ms, rate sampling interval: 214ms
  Thread calibration: mean lat.: 54.923ms, rate sampling interval: 174ms
  Thread calibration: mean lat.: 56.242ms, rate sampling interval: 190ms
  Thread calibration: mean lat.: 52.818ms, rate sampling interval: 171ms
  Thread calibration: mean lat.: 54.439ms, rate sampling interval: 178ms
  Thread calibration: mean lat.: 55.447ms, rate sampling interval: 168ms
  Thread calibration: mean lat.: 57.140ms, rate sampling interval: 169ms
  Thread calibration: mean lat.: 58.586ms, rate sampling interval: 172ms
  Thread calibration: mean lat.: 60.252ms, rate sampling interval: 168ms
  Thread calibration: mean lat.: 61.180ms, rate sampling interval: 173ms
  Thread calibration: mean lat.: 63.659ms, rate sampling interval: 189ms
  Thread calibration: mean lat.: 63.486ms, rate sampling interval: 172ms
  Thread calibration: mean lat.: 62.805ms, rate sampling interval: 178ms
  Thread calibration: mean lat.: 63.617ms, rate sampling interval: 179ms
  Thread calibration: mean lat.: 63.930ms, rate sampling interval: 178ms
  Thread calibration: mean lat.: 67.530ms, rate sampling interval: 203ms
  Thread calibration: mean lat.: 66.142ms, rate sampling interval: 180ms
  Thread calibration: mean lat.: 66.225ms, rate sampling interval: 190ms
  Thread calibration: mean lat.: 67.716ms, rate sampling interval: 210ms
  Thread calibration: mean lat.: 70.972ms, rate sampling interval: 215ms
  Thread calibration: mean lat.: 69.046ms, rate sampling interval: 223ms

-----------------------------------------------------------------------
Test Results @ http://10.10.1.1:22445 
  Thread Stats   Avg      Stdev     99%   +/- Stdev
    Latency     1.61s     2.78s   11.87s    84.36%
    Req/Sec    63.41     15.43   105.00     80.14%
  Latency Distribution (HdrHistogram - Recorded Latency)
 50.000%  153.98ms
 75.000%    1.67s 
 90.000%    6.23s 
 99.000%   11.87s 
 99.900%   16.27s 
 99.990%   17.65s 
 99.999%   18.22s 
100.000%   18.50s 

  Detailed Percentile spectrum:
       Value   Percentile   TotalCount 1/(1-Percentile)

      11.823     0.000000            1         1.00
      43.551     0.100000        83258         1.11
      55.679     0.200000       166316         1.25
      69.183     0.300000       249566         1.43
     105.151     0.400000       332583         1.67
     153.983     0.500000       415732         2.00
     207.103     0.550000       457192         2.22
     336.639     0.600000       498757         2.50
     607.231     0.650000       540326         2.86
    1079.295     0.700000       581859         3.33
    1670.143     0.750000       623447         4.00
    2185.215     0.775000       644218         4.44
    3074.047     0.800000       665009         5.00
    3874.815     0.825000       685749         5.71
    4587.519     0.850000       706602         6.67
    5402.623     0.875000       727306         8.00
    5816.319     0.887500       737735         8.89
    6234.111     0.900000       748128        10.00
    6619.135     0.912500       758551        11.43
    6995.967     0.925000       768911        13.33
    7385.087     0.937500       779267        16.00
    7598.079     0.943750       784523        17.78
    7806.975     0.950000       789682        20.00
    8040.447     0.956250       794909        22.86
    8310.783     0.962500       800078        26.67
    8609.791     0.968750       805307        32.00
    8781.823     0.971875       807888        35.56
    8986.623     0.975000       810500        40.00
    9215.999     0.978125       813075        45.71
    9502.719     0.981250       815659        53.33
    9904.127     0.984375       818231        64.00
   10207.231     0.985938       819520        71.11
   10690.559     0.987500       820821        80.00
   11419.647     0.989062       822122        91.43
   12214.271     0.990625       823416       106.67
   12869.631     0.992188       824715       128.00
   13180.927     0.992969       825368       142.22
   13508.607     0.993750       826023       160.00
   13836.287     0.994531       826675       182.86
   14196.735     0.995313       827313       213.33
   14557.183     0.996094       827960       256.00
   14737.407     0.996484       828282       284.44
   14917.631     0.996875       828616       320.00
   15130.623     0.997266       828938       365.71
   15335.423     0.997656       829258       426.67
   15589.375     0.998047       829588       512.00
   15712.255     0.998242       829743       568.89
   15851.519     0.998437       829912       640.00
   15990.783     0.998633       830070       731.43
   16138.239     0.998828       830239       853.33
   16285.695     0.999023       830398      1024.00
   16367.615     0.999121       830477      1137.78
   16465.919     0.999219       830555      1280.00
   16564.223     0.999316       830643      1462.86
   16646.143     0.999414       830717      1706.67
   16777.215     0.999512       830802      2048.00
   16842.751     0.999561       830842      2275.56
   16908.287     0.999609       830884      2560.00
   17006.591     0.999658       830926      2925.71
   17088.511     0.999707       830961      3413.33
   17203.199     0.999756       831005      4096.00
   17301.503     0.999780       831031      4551.11
   17350.655     0.999805       831042      5120.00
   17416.191     0.999829       831066      5851.43
   17465.343     0.999854       831085      6826.67
   17563.647     0.999878       831106      8192.00
   17596.415     0.999890       831114      9102.22
   17661.951     0.999902       831124     10240.00
   17711.103     0.999915       831135     11702.86
   17793.023     0.999927       831146     13653.33
   17842.175     0.999939       831159     16384.00
   17842.175     0.999945       831159     18204.44
   17874.943     0.999951       831165     20480.00
   17924.095     0.999957       831169     23405.71
   17956.863     0.999963       831174     27306.67
   18022.399     0.999969       831180     32768.00
   18038.783     0.999973       831184     36408.89
   18038.783     0.999976       831184     40960.00
   18104.319     0.999979       831188     46811.43
   18120.703     0.999982       831190     54613.33
   18137.087     0.999985       831192     65536.00
   18153.471     0.999986       831193     72817.78
   18186.239     0.999988       831195     81920.00
   18219.007     0.999989       831196     93622.86
   18284.543     0.999991       831198    109226.67
   18284.543     0.999992       831198    131072.00
   18300.927     0.999993       831200    145635.56
   18300.927     0.999994       831200    163840.00
   18300.927     0.999995       831200    187245.71
   18399.231     0.999995       831201    218453.33
   18399.231     0.999996       831201    262144.00
   18481.151     0.999997       831203    291271.11
   18481.151     0.999997       831203    327680.00
   18481.151     0.999997       831203    374491.43
   18481.151     0.999998       831203    436906.67
   18481.151     0.999998       831203    524288.00
   18481.151     0.999998       831203    582542.22
   18481.151     0.999998       831203    655360.00
   18481.151     0.999999       831203    748982.86
   18497.535     0.999999       831204    873813.33
   18497.535     1.000000       831204          inf
#[Mean    =     1613.808, StdDeviation   =     2781.078]
#[Max     =    18481.152, Total count    =       831204]
#[Buckets =           27, SubBuckets     =         2048]
-----------------------------------------------------------------------
  860376 requests in 5.00m, 133.42MB read
Requests/sec:   2868.39  
Transfer/sec:    455.48KB
