setup: assigned thread_id=1
init: final thread_id=1, base_seed=nil
script_want_response
Running 2m test @ http://10.10.1.1:22445
  1 threads and 10 connections

  Thread calibration: mean lat.: 14.462ms, rate sampling interval: 31ms

-----------------------------------------------------------------------
Test Results @ http://10.10.1.1:22445 
  Thread Stats   Avg      Stdev     99%   +/- Stdev
    Latency    13.98ms    1.70ms  17.17ms   84.12%
    Req/Sec   101.33    140.10   333.00     73.25%
  Latency Distribution (HdrHistogram - Recorded Latency)
 50.000%   14.02ms
 75.000%   14.73ms
 90.000%   15.44ms
 99.000%   17.17ms
 99.900%   23.52ms
 99.990%   75.97ms
 99.999%   80.83ms
100.000%   80.83ms

  Detailed Percentile spectrum:
       Value   Percentile   TotalCount 1/(1-Percentile)

      11.127     0.000000            1         1.00
      12.359     0.100000          913         1.11
      12.751     0.200000         1820         1.25
      13.167     0.300000         2716         1.43
      13.655     0.400000         3604         1.67
      14.015     0.500000         4501         2.00
      14.175     0.550000         4953         2.22
      14.311     0.600000         5404         2.50
      14.447     0.650000         5851         2.86
      14.583     0.700000         6309         3.33
      14.735     0.750000         6773         4.00
      14.815     0.775000         6987         4.44
      14.903     0.800000         7221         5.00
      14.999     0.825000         7427         5.71
      15.111     0.850000         7655         6.67
      15.255     0.875000         7889         8.00
      15.343     0.887500         7997         8.89
      15.439     0.900000         8105        10.00
      15.551     0.912500         8220        11.43
      15.671     0.925000         8328        13.33
      15.815     0.937500         8439        16.00
      15.887     0.943750         8495        17.78
      15.983     0.950000         8557        20.00
      16.063     0.956250         8613        22.86
      16.167     0.962500         8664        26.67
      16.303     0.968750         8722        32.00
      16.399     0.971875         8749        35.56
      16.495     0.975000         8782        40.00
      16.559     0.978125         8808        45.71
      16.671     0.981250         8833        53.33
      16.799     0.984375         8860        64.00
      16.895     0.985938         8874        71.11
      17.007     0.987500         8891        80.00
      17.087     0.989062         8903        91.43
      17.199     0.990625         8917       106.67
      17.471     0.992188         8931       128.00
      17.567     0.992969         8938       142.22
      17.631     0.993750         8944       160.00
      17.855     0.994531         8952       182.86
      18.031     0.995313         8958       213.33
      18.751     0.996094         8965       256.00
      19.023     0.996484         8969       284.44
      19.215     0.996875         8972       320.00
      19.551     0.997266         8976       365.71
      19.775     0.997656         8979       426.67
      20.479     0.998047         8983       512.00
      20.655     0.998242         8985       568.89
      21.295     0.998437         8986       640.00
      22.751     0.998633         8988       731.43
      23.423     0.998828         8990       853.33
      24.063     0.999023         8992      1024.00
      25.663     0.999121         8993      1137.78
      25.663     0.999219         8993      1280.00
      32.799     0.999316         8994      1462.86
      33.215     0.999414         8995      1706.67
      38.847     0.999512         8996      2048.00
      46.207     0.999561         8997      2275.56
      46.207     0.999609         8997      2560.00
      46.207     0.999658         8997      2925.71
      48.735     0.999707         8998      3413.33
      48.735     0.999756         8998      4096.00
      75.967     0.999780         8999      4551.11
      75.967     0.999805         8999      5120.00
      75.967     0.999829         8999      5851.43
      75.967     0.999854         8999      6826.67
      75.967     0.999878         8999      8192.00
      80.831     0.999890         9000      9102.22
      80.831     1.000000         9000          inf
#[Mean    =       13.979, StdDeviation   =        1.697]
#[Max     =       80.768, Total count    =         9000]
#[Buckets =           27, SubBuckets     =         2048]
-----------------------------------------------------------------------
  9991 requests in 1.67m, 1.55MB read
Requests/sec:     99.89  
Transfer/sec:     15.86KB
