setup: assigned thread_id=1
init: final thread_id=1, base_seed=nil
setup: assigned thread_id=2
init: final thread_id=2, base_seed=nil
setup: assigned thread_id=3
init: final thread_id=3, base_seed=nil
setup: assigned thread_id=4
init: final thread_id=4, base_seed=nil
setup: assigned thread_id=5
init: final thread_id=5, base_seed=nil
setup: assigned thread_id=6
init: final thread_id=6, base_seed=nil
setup: assigned thread_id=7
init: final thread_id=7, base_seed=nil
setup: assigned thread_id=8
init: final thread_id=8, base_seed=nil
setup: assigned thread_id=9
init: final thread_id=9, base_seed=nil
setup: assigned thread_id=10
init: final thread_id=10, base_seed=nil
setup: assigned thread_id=11
init: final thread_id=11, base_seed=nil
setup: assigned thread_id=12
init: final thread_id=12, base_seed=nil
setup: assigned thread_id=13
init: final thread_id=13, base_seed=nil
setup: assigned thread_id=14
init: final thread_id=14, base_seed=nil
setup: assigned thread_id=15
init: final thread_id=15, base_seed=nil
setup: assigned thread_id=16
init: final thread_id=16, base_seed=nil
setup: assigned thread_id=17
init: final thread_id=17, base_seed=nil
setup: assigned thread_id=18
init: final thread_id=18, base_seed=nil
setup: assigned thread_id=19
init: final thread_id=19, base_seed=nil
setup: assigned thread_id=20
init: final thread_id=20, base_seed=nil
script_want_response
Running 1m test @ http://10.10.1.1:18563
  20 threads and 200 connections

  Thread calibration: mean lat.: 19.060ms, rate sampling interval: 61ms
  Thread calibration: mean lat.: 21.333ms, rate sampling interval: 73ms
  Thread calibration: mean lat.: 25.142ms, rate sampling interval: 101ms
  Thread calibration: mean lat.: 29.632ms, rate sampling interval: 121ms
  Thread calibration: mean lat.: 33.174ms, rate sampling interval: 123ms
  Thread calibration: mean lat.: 37.383ms, rate sampling interval: 126ms
  Thread calibration: mean lat.: 40.262ms, rate sampling interval: 127ms
  Thread calibration: mean lat.: 44.084ms, rate sampling interval: 130ms
  Thread calibration: mean lat.: 46.469ms, rate sampling interval: 129ms
  Thread calibration: mean lat.: 49.061ms, rate sampling interval: 129ms
  Thread calibration: mean lat.: 50.095ms, rate sampling interval: 128ms
  Thread calibration: mean lat.: 51.278ms, rate sampling interval: 126ms
  Thread calibration: mean lat.: 51.825ms, rate sampling interval: 131ms
  Thread calibration: mean lat.: 51.721ms, rate sampling interval: 124ms
  Thread calibration: mean lat.: 51.301ms, rate sampling interval: 123ms
  Thread calibration: mean lat.: 50.901ms, rate sampling interval: 121ms
  Thread calibration: mean lat.: 50.259ms, rate sampling interval: 120ms
  Thread calibration: mean lat.: 49.937ms, rate sampling interval: 117ms
  Thread calibration: mean lat.: 49.147ms, rate sampling interval: 114ms
  Thread calibration: mean lat.: 48.516ms, rate sampling interval: 113ms

-----------------------------------------------------------------------
Test Results @ http://10.10.1.1:18563 
  Thread Stats   Avg      Stdev     99%   +/- Stdev
    Latency    38.94ms   15.85ms  70.46ms   62.87%
    Req/Sec   100.08     32.46   172.00     75.93%
  Latency Distribution (HdrHistogram - Recorded Latency)
 50.000%   40.61ms
 75.000%   51.36ms
 90.000%   58.40ms
 99.000%   70.46ms
 99.900%   80.19ms
 99.990%   88.45ms
 99.999%   92.22ms
100.000%   92.29ms

  Detailed Percentile spectrum:
       Value   Percentile   TotalCount 1/(1-Percentile)

       8.279     0.000000            1         1.00
      14.727     0.100000        10000         1.11
      22.671     0.200000        20001         1.25
      30.303     0.300000        30026         1.43
      35.423     0.400000        40001         1.67
      40.607     0.500000        50049         2.00
      43.071     0.550000        55045         2.22
      45.279     0.600000        60054         2.50
      47.359     0.650000        65076         2.86
      49.311     0.700000        70013         3.33
      51.359     0.750000        75042         4.00
      52.351     0.775000        77548         4.44
      53.343     0.800000        80042         5.00
      54.463     0.825000        82556         5.71
      55.615     0.850000        85014         6.67
      56.895     0.875000        87525         8.00
      57.631     0.887500        88788         8.89
      58.399     0.900000        90013        10.00
      59.263     0.912500        91267        11.43
      60.159     0.925000        92546        13.33
      61.215     0.937500        93771        16.00
      61.823     0.943750        94391        17.78
      62.527     0.950000        95004        20.00
      63.359     0.956250        95642        22.86
      64.191     0.962500        96255        26.67
      65.247     0.968750        96881        32.00
      65.855     0.971875        97204        35.56
      66.495     0.975000        97523        40.00
      67.135     0.978125        97831        45.71
      67.903     0.981250        98151        53.33
      68.735     0.984375        98450        64.00
      69.183     0.985938        98612        71.11
      69.631     0.987500        98763        80.00
      70.143     0.989062        98919        91.43
      70.719     0.990625        99069       106.67
      71.423     0.992188        99230       128.00
      71.807     0.992969        99316       142.22
      72.063     0.993750        99385       160.00
      72.447     0.994531        99461       182.86
      72.831     0.995313        99539       213.33
      73.343     0.996094        99613       256.00
      73.663     0.996484        99651       284.44
      74.239     0.996875        99689       320.00
      74.815     0.997266        99729       365.71
      75.583     0.997656        99766       426.67
      76.287     0.998047        99807       512.00
      77.119     0.998242        99827       568.89
      77.695     0.998437        99844       640.00
      78.335     0.998633        99866       731.43
      79.039     0.998828        99884       853.33
      80.319     0.999023        99903      1024.00
      80.895     0.999121        99913      1137.78
      81.535     0.999219        99923      1280.00
      82.495     0.999316        99932      1462.86
      83.327     0.999414        99943      1706.67
      83.839     0.999512        99952      2048.00
      84.159     0.999561        99958      2275.56
      84.415     0.999609        99961      2560.00
      85.183     0.999658        99966      2925.71
      85.695     0.999707        99971      3413.33
      86.143     0.999756        99976      4096.00
      86.527     0.999780        99979      4551.11
      86.719     0.999805        99981      5120.00
      86.911     0.999829        99983      5851.43
      87.615     0.999854        99986      6826.67
      88.063     0.999878        99988      8192.00
      88.447     0.999890        99990      9102.22
      88.703     0.999902        99991     10240.00
      88.831     0.999915        99992     11702.86
      88.895     0.999927        99993     13653.33
      89.663     0.999939        99994     16384.00
      89.727     0.999945        99995     18204.44
      89.855     0.999951        99996     20480.00
      89.855     0.999957        99996     23405.71
      90.815     0.999963        99998     27306.67
      90.815     0.999969        99998     32768.00
      90.815     0.999973        99998     36408.89
      90.815     0.999976        99998     40960.00
      90.815     0.999979        99998     46811.43
      92.223     0.999982        99999     54613.33
      92.223     0.999985        99999     65536.00
      92.223     0.999986        99999     72817.78
      92.223     0.999988        99999     81920.00
      92.223     0.999989        99999     93622.86
      92.287     0.999991       100000    109226.67
      92.287     1.000000       100000          inf
#[Mean    =       38.941, StdDeviation   =       15.850]
#[Max     =       92.224, Total count    =       100000]
#[Buckets =           27, SubBuckets     =         2048]
-----------------------------------------------------------------------
  119702 requests in 1.00m, 18.56MB read
Requests/sec:   1994.66  
Transfer/sec:    316.72KB
