setup: assigned thread_id=1
init: final thread_id=1, base_seed=nil
script_want_response
Running 1m test @ http://10.10.1.1:18563
  1 threads and 10 connections

  Thread calibration: mean lat.: 9.438ms, rate sampling interval: 21ms

-----------------------------------------------------------------------
Test Results @ http://10.10.1.1:18563 
  Thread Stats   Avg      Stdev     99%   +/- Stdev
    Latency     9.57ms  750.70us  11.71ms   69.14%
    Req/Sec   102.30    179.95   500.00     80.03%
  Latency Distribution (HdrHistogram - Recorded Latency)
 50.000%    9.45ms
 75.000%   10.01ms
 90.000%   10.63ms
 99.000%   11.71ms
 99.900%   12.73ms
 99.990%   12.80ms
 99.999%   13.06ms
100.000%   13.06ms

  Detailed Percentile spectrum:
       Value   Percentile   TotalCount 1/(1-Percentile)

       7.779     0.000000            1         1.00
       8.719     0.100000          509         1.11
       8.935     0.200000         1017         1.25
       9.111     0.300000         1519         1.43
       9.271     0.400000         2000         1.67
       9.455     0.500000         2519         2.00
       9.551     0.550000         2764         2.22
       9.639     0.600000         3003         2.50
       9.759     0.650000         3253         2.86
       9.879     0.700000         3513         3.33
      10.007     0.750000         3754         4.00
      10.087     0.775000         3879         4.44
      10.167     0.800000         4006         5.00
      10.263     0.825000         4130         5.71
      10.375     0.850000         4257         6.67
      10.487     0.875000         4375         8.00
      10.559     0.887500         4441         8.89
      10.631     0.900000         4501        10.00
      10.703     0.912500         4575        11.43
      10.791     0.925000         4634        13.33
      10.871     0.937500         4688        16.00
      10.919     0.943750         4720        17.78
      10.967     0.950000         4752        20.00
      11.039     0.956250         4784        22.86
      11.111     0.962500         4818        26.67
      11.191     0.968750         4845        32.00
      11.231     0.971875         4863        35.56
      11.271     0.975000         4877        40.00
      11.343     0.978125         4893        45.71
      11.391     0.981250         4908        53.33
      11.479     0.984375         4923        64.00
      11.527     0.985938         4931        71.11
      11.567     0.987500         4938        80.00
      11.623     0.989062         4947        91.43
      11.751     0.990625         4954       106.67
      11.799     0.992188         4961       128.00
      11.839     0.992969         4965       142.22
      11.879     0.993750         4969       160.00
      11.935     0.994531         4974       182.86
      11.975     0.995313         4977       213.33
      12.055     0.996094         4981       256.00
      12.103     0.996484         4983       284.44
      12.143     0.996875         4985       320.00
      12.215     0.997266         4987       365.71
      12.415     0.997656         4989       426.67
      12.471     0.998047         4991       512.00
      12.519     0.998242         4992       568.89
      12.591     0.998437         4993       640.00
      12.679     0.998633         4994       731.43
      12.727     0.998828         4995       853.33
      12.751     0.999023         4996      1024.00
      12.751     0.999121         4996      1137.78
      12.767     0.999219         4997      1280.00
      12.767     0.999316         4997      1462.86
      12.775     0.999414         4998      1706.67
      12.775     0.999512         4998      2048.00
      12.775     0.999561         4998      2275.56
      12.799     0.999609         4999      2560.00
      12.799     0.999658         4999      2925.71
      12.799     0.999707         4999      3413.33
      12.799     0.999756         4999      4096.00
      12.799     0.999780         4999      4551.11
      13.063     0.999805         5000      5120.00
      13.063     1.000000         5000          inf
#[Mean    =        9.569, StdDeviation   =        0.751]
#[Max     =       13.056, Total count    =         5000]
#[Buckets =           27, SubBuckets     =         2048]
-----------------------------------------------------------------------
  5991 requests in 1.00m, 0.93MB read
Requests/sec:     99.83  
Transfer/sec:     15.86KB
