setup: assigned thread_id=1
init: final thread_id=1, base_seed=nil
setup: assigned thread_id=2
init: final thread_id=2, base_seed=nil
setup: assigned thread_id=3
init: final thread_id=3, base_seed=nil
setup: assigned thread_id=4
init: final thread_id=4, base_seed=nil
setup: assigned thread_id=5
init: final thread_id=5, base_seed=nil
setup: assigned thread_id=6
init: final thread_id=6, base_seed=nil
setup: assigned thread_id=7
init: final thread_id=7, base_seed=nil
setup: assigned thread_id=8
init: final thread_id=8, base_seed=nil
setup: assigned thread_id=9
init: final thread_id=9, base_seed=nil
setup: assigned thread_id=10
init: final thread_id=10, base_seed=nil
setup: assigned thread_id=11
init: final thread_id=11, base_seed=nil
setup: assigned thread_id=12
init: final thread_id=12, base_seed=nil
setup: assigned thread_id=13
init: final thread_id=13, base_seed=nil
setup: assigned thread_id=14
init: final thread_id=14, base_seed=nil
setup: assigned thread_id=15
init: final thread_id=15, base_seed=nil
setup: assigned thread_id=16
init: final thread_id=16, base_seed=nil
setup: assigned thread_id=17
init: final thread_id=17, base_seed=nil
setup: assigned thread_id=18
init: final thread_id=18, base_seed=nil
setup: assigned thread_id=19
init: final thread_id=19, base_seed=nil
setup: assigned thread_id=20
init: final thread_id=20, base_seed=nil
setup: assigned thread_id=21
init: final thread_id=21, base_seed=nil
setup: assigned thread_id=22
init: final thread_id=22, base_seed=nil
setup: assigned thread_id=23
init: final thread_id=23, base_seed=nil
setup: assigned thread_id=24
init: final thread_id=24, base_seed=nil
setup: assigned thread_id=25
init: final thread_id=25, base_seed=nil
setup: assigned thread_id=26
init: final thread_id=26, base_seed=nil
setup: assigned thread_id=27
init: final thread_id=27, base_seed=nil
setup: assigned thread_id=28
init: final thread_id=28, base_seed=nil
setup: assigned thread_id=29
init: final thread_id=29, base_seed=nil
setup: assigned thread_id=30
init: final thread_id=30, base_seed=nil
setup: assigned thread_id=31
init: final thread_id=31, base_seed=nil
setup: assigned thread_id=32
init: final thread_id=32, base_seed=nil
script_want_response
Running 5m test @ http://10.10.1.1:26850
  32 threads and 313 connections

  Thread calibration: mean lat.: 34.115ms, rate sampling interval: 124ms
  Thread calibration: mean lat.: 36.511ms, rate sampling interval: 125ms
  Thread calibration: mean lat.: 38.558ms, rate sampling interval: 128ms
  Thread calibration: mean lat.: 41.793ms, rate sampling interval: 131ms
  Thread calibration: mean lat.: 44.944ms, rate sampling interval: 137ms
  Thread calibration: mean lat.: 46.818ms, rate sampling interval: 139ms
  Thread calibration: mean lat.: 49.948ms, rate sampling interval: 148ms
  Thread calibration: mean lat.: 52.714ms, rate sampling interval: 155ms
  Thread calibration: mean lat.: 54.979ms, rate sampling interval: 157ms
  Thread calibration: mean lat.: 56.217ms, rate sampling interval: 157ms
  Thread calibration: mean lat.: 57.688ms, rate sampling interval: 160ms
  Thread calibration: mean lat.: 59.825ms, rate sampling interval: 159ms
  Thread calibration: mean lat.: 59.685ms, rate sampling interval: 157ms
  Thread calibration: mean lat.: 63.974ms, rate sampling interval: 159ms
  Thread calibration: mean lat.: 61.009ms, rate sampling interval: 156ms
  Thread calibration: mean lat.: 61.507ms, rate sampling interval: 155ms
  Thread calibration: mean lat.: 62.284ms, rate sampling interval: 154ms
  Thread calibration: mean lat.: 62.390ms, rate sampling interval: 153ms
  Thread calibration: mean lat.: 62.363ms, rate sampling interval: 151ms
  Thread calibration: mean lat.: 62.857ms, rate sampling interval: 152ms
  Thread calibration: mean lat.: 63.417ms, rate sampling interval: 153ms
  Thread calibration: mean lat.: 62.787ms, rate sampling interval: 151ms
  Thread calibration: mean lat.: 57.390ms, rate sampling interval: 146ms
  Thread calibration: mean lat.: 57.538ms, rate sampling interval: 151ms
  Thread calibration: mean lat.: 53.936ms, rate sampling interval: 142ms
  Thread calibration: mean lat.: 51.075ms, rate sampling interval: 138ms
  Thread calibration: mean lat.: 48.422ms, rate sampling interval: 135ms
  Thread calibration: mean lat.: 43.079ms, rate sampling interval: 130ms
  Thread calibration: mean lat.: 43.243ms, rate sampling interval: 127ms
  Thread calibration: mean lat.: 36.281ms, rate sampling interval: 92ms
  Thread calibration: mean lat.: 36.470ms, rate sampling interval: 91ms
  Thread calibration: mean lat.: 35.240ms, rate sampling interval: 87ms

-----------------------------------------------------------------------
Test Results @ http://10.10.1.1:26850 
  Thread Stats   Avg      Stdev     99%   +/- Stdev
    Latency    70.18ms   69.19ms 430.59ms   91.30%
    Req/Sec    77.76     24.91   126.00     79.05%
  Latency Distribution (HdrHistogram - Recorded Latency)
 50.000%   54.21ms
 75.000%   70.72ms
 90.000%  122.11ms
 99.000%  430.59ms
 99.900%  563.71ms
 99.990%  605.18ms
 99.999%  618.49ms
100.000%  624.64ms

  Detailed Percentile spectrum:
       Value   Percentile   TotalCount 1/(1-Percentile)

      11.743     0.000000            1         1.00
      25.519     0.100000        72341         1.11
      34.111     0.200000       144887         1.25
      40.831     0.300000       217048         1.43
      47.359     0.400000       289569         1.67
      54.207     0.500000       361808         2.00
      57.535     0.550000       398035         2.22
      60.703     0.600000       434055         2.50
      63.807     0.650000       470446         2.86
      67.007     0.700000       506426         3.33
      70.719     0.750000       542869         4.00
      72.895     0.775000       560623         4.44
      75.583     0.800000       579022         5.00
      79.103     0.825000       596982         5.71
      84.479     0.850000       614977         6.67
      96.447     0.875000       632989         8.00
     107.455     0.887500       642008         8.89
     122.111     0.900000       651035        10.00
     138.751     0.912500       660080        11.43
     155.519     0.925000       669128        13.33
     174.207     0.937500       678152        16.00
     186.239     0.943750       682686        17.78
     200.319     0.950000       687199        20.00
     213.759     0.956250       691737        22.86
     228.991     0.962500       696242        26.67
     249.087     0.968750       700761        32.00
     263.167     0.971875       703039        35.56
     280.831     0.975000       705277        40.00
     302.079     0.978125       707549        45.71
     323.071     0.981250       709804        53.33
     357.631     0.984375       712056        64.00
     375.039     0.985938       713201        71.11
     398.847     0.987500       714325        80.00
     420.607     0.989062       715453        91.43
     438.015     0.990625       716592       106.67
     455.679     0.992188       717718       128.00
     464.127     0.992969       718276       142.22
     474.623     0.993750       718848       160.00
     486.911     0.994531       719410       182.86
     500.223     0.995313       719967       213.33
     512.511     0.996094       720538       256.00
     517.887     0.996484       720822       284.44
     525.311     0.996875       721116       320.00
     531.455     0.997266       721389       365.71
     537.599     0.997656       721666       426.67
     544.255     0.998047       721952       512.00
     547.839     0.998242       722092       568.89
     552.959     0.998437       722231       640.00
     556.543     0.998633       722385       731.43
     560.639     0.998828       722520       853.33
     564.223     0.999023       722661      1024.00
     566.271     0.999121       722735      1137.78
     567.807     0.999219       722806      1280.00
     569.343     0.999316       722863      1462.86
     571.391     0.999414       722936      1706.67
     574.463     0.999512       723005      2048.00
     577.023     0.999561       723040      2275.56
     579.071     0.999609       723081      2560.00
     581.119     0.999658       723117      2925.71
     583.679     0.999707       723149      3413.33
     587.775     0.999756       723184      4096.00
     589.823     0.999780       723201      4551.11
     593.407     0.999805       723216      5120.00
     596.991     0.999829       723235      5851.43
     600.063     0.999854       723253      6826.67
     603.647     0.999878       723271      8192.00
     604.159     0.999890       723281      9102.22
     605.695     0.999902       723287     10240.00
     607.231     0.999915       723296     11702.86
     608.767     0.999927       723306     13653.33
     609.791     0.999939       723313     16384.00
     610.303     0.999945       723318     18204.44
     610.815     0.999951       723324     20480.00
     611.327     0.999957       723328     23405.71
     611.839     0.999963       723331     27306.67
     612.863     0.999969       723335     32768.00
     613.375     0.999973       723339     36408.89
     613.887     0.999976       723342     40960.00
     613.887     0.999979       723342     46811.43
     614.399     0.999982       723345     54613.33
     615.423     0.999985       723346     65536.00
     616.959     0.999986       723349     72817.78
     616.959     0.999988       723349     81920.00
     618.495     0.999989       723350     93622.86
     619.007     0.999991       723351    109226.67
     619.519     0.999992       723352    131072.00
     620.031     0.999993       723353    145635.56
     620.031     0.999994       723353    163840.00
     621.055     0.999995       723354    187245.71
     621.055     0.999995       723354    218453.33
     622.079     0.999996       723355    262144.00
     622.079     0.999997       723355    291271.11
     622.079     0.999997       723355    327680.00
     623.103     0.999997       723356    374491.43
     623.103     0.999998       723356    436906.67
     623.103     0.999998       723356    524288.00
     623.103     0.999998       723356    582542.22
     623.103     0.999998       723356    655360.00
     624.639     0.999999       723357    748982.86
     624.639     1.000000       723357          inf
#[Mean    =       70.180, StdDeviation   =       69.187]
#[Max     =      624.128, Total count    =       723357]
#[Buckets =           27, SubBuckets     =         2048]
-----------------------------------------------------------------------
  748149 requests in 5.00m, 116.01MB read
Requests/sec:   2494.20  
Transfer/sec:    396.04KB
