setup: assigned thread_id=1
init: final thread_id=1, base_seed=nil
script_want_response
Running 1m test @ http://10.10.1.1:26850
  1 threads and 10 connections

  Thread calibration: mean lat.: 13.019ms, rate sampling interval: 27ms

-----------------------------------------------------------------------
Test Results @ http://10.10.1.1:26850 
  Thread Stats   Avg      Stdev     99%   +/- Stdev
    Latency    12.97ms  845.46us  15.57ms   75.08%
    Req/Sec   101.71    153.49   384.00     75.85%
  Latency Distribution (HdrHistogram - Recorded Latency)
 50.000%   12.90ms
 75.000%   13.41ms
 90.000%   13.92ms
 99.000%   15.57ms
 99.900%   18.58ms
 99.990%   20.05ms
 99.999%   20.17ms
100.000%   20.17ms

  Detailed Percentile spectrum:
       Value   Percentile   TotalCount 1/(1-Percentile)

      10.759     0.000000            1         1.00
      12.031     0.100000          508         1.11
      12.311     0.200000         1000         1.25
      12.535     0.300000         1515         1.43
      12.719     0.400000         2009         1.67
      12.903     0.500000         2502         2.00
      12.999     0.550000         2772         2.22
      13.095     0.600000         3019         2.50
      13.191     0.650000         3255         2.86
      13.303     0.700000         3502         3.33
      13.415     0.750000         3758         4.00
      13.479     0.775000         3886         4.44
      13.543     0.800000         4006         5.00
      13.623     0.825000         4135         5.71
      13.703     0.850000         4257         6.67
      13.791     0.875000         4378         8.00
      13.847     0.887500         4441         8.89
      13.919     0.900000         4506        10.00
      13.991     0.912500         4565        11.43
      14.063     0.925000         4626        13.33
      14.183     0.937500         4689        16.00
      14.239     0.943750         4721        17.78
      14.303     0.950000         4753        20.00
      14.367     0.956250         4785        22.86
      14.431     0.962500         4816        26.67
      14.519     0.968750         4846        32.00
      14.583     0.971875         4862        35.56
      14.623     0.975000         4875        40.00
      14.711     0.978125         4892        45.71
      14.815     0.981250         4908        53.33
      14.951     0.984375         4923        64.00
      15.071     0.985938         4930        71.11
      15.223     0.987500         4938        80.00
      15.439     0.989062         4946        91.43
      15.639     0.990625         4954       106.67
      15.895     0.992188         4961       128.00
      16.207     0.992969         4965       142.22
      16.447     0.993750         4969       160.00
      16.975     0.994531         4973       182.86
      17.391     0.995313         4977       213.33
      17.471     0.996094         4981       256.00
      17.583     0.996484         4983       284.44
      17.711     0.996875         4985       320.00
      17.903     0.997266         4987       365.71
      18.095     0.997656         4989       426.67
      18.351     0.998047         4991       512.00
      18.511     0.998242         4992       568.89
      18.527     0.998437         4993       640.00
      18.559     0.998633         4994       731.43
      18.575     0.998828         4995       853.33
      19.167     0.999023         4996      1024.00
      19.167     0.999121         4996      1137.78
      19.263     0.999219         4997      1280.00
      19.263     0.999316         4997      1462.86
      19.327     0.999414         4998      1706.67
      19.327     0.999512         4998      2048.00
      19.327     0.999561         4998      2275.56
      20.047     0.999609         4999      2560.00
      20.047     0.999658         4999      2925.71
      20.047     0.999707         4999      3413.33
      20.047     0.999756         4999      4096.00
      20.047     0.999780         4999      4551.11
      20.175     0.999805         5000      5120.00
      20.175     1.000000         5000          inf
#[Mean    =       12.970, StdDeviation   =        0.845]
#[Max     =       20.160, Total count    =         5000]
#[Buckets =           27, SubBuckets     =         2048]
-----------------------------------------------------------------------
  5990 requests in 1.00m, 0.93MB read
Requests/sec:     99.81  
Transfer/sec:     15.85KB
