setup: assigned thread_id=1
init: final thread_id=1, base_seed=nil
setup: assigned thread_id=2
init: final thread_id=2, base_seed=nil
setup: assigned thread_id=3
init: final thread_id=3, base_seed=nil
setup: assigned thread_id=4
init: final thread_id=4, base_seed=nil
setup: assigned thread_id=5
init: final thread_id=5, base_seed=nil
setup: assigned thread_id=6
init: final thread_id=6, base_seed=nil
setup: assigned thread_id=7
init: final thread_id=7, base_seed=nil
setup: assigned thread_id=8
init: final thread_id=8, base_seed=nil
setup: assigned thread_id=9
init: final thread_id=9, base_seed=nil
setup: assigned thread_id=10
init: final thread_id=10, base_seed=nil
setup: assigned thread_id=11
init: final thread_id=11, base_seed=nil
setup: assigned thread_id=12
init: final thread_id=12, base_seed=nil
setup: assigned thread_id=13
init: final thread_id=13, base_seed=nil
setup: assigned thread_id=14
init: final thread_id=14, base_seed=nil
setup: assigned thread_id=15
init: final thread_id=15, base_seed=nil
setup: assigned thread_id=16
init: final thread_id=16, base_seed=nil
setup: assigned thread_id=17
init: final thread_id=17, base_seed=nil
setup: assigned thread_id=18
init: final thread_id=18, base_seed=nil
setup: assigned thread_id=19
init: final thread_id=19, base_seed=nil
setup: assigned thread_id=20
init: final thread_id=20, base_seed=nil
script_want_response
Running 1m test @ http://10.10.1.1:5834
  20 threads and 200 connections

  Thread calibration: mean lat.: 36.585ms, rate sampling interval: 118ms
  Thread calibration: mean lat.: 38.487ms, rate sampling interval: 118ms
  Thread calibration: mean lat.: 40.516ms, rate sampling interval: 119ms
  Thread calibration: mean lat.: 30.526ms, rate sampling interval: 106ms
  Thread calibration: mean lat.: 43.300ms, rate sampling interval: 121ms
  Thread calibration: mean lat.: 46.467ms, rate sampling interval: 122ms
  Thread calibration: mean lat.: 47.890ms, rate sampling interval: 122ms
  Thread calibration: mean lat.: 51.064ms, rate sampling interval: 124ms
  Thread calibration: mean lat.: 52.683ms, rate sampling interval: 125ms
  Thread calibration: mean lat.: 53.779ms, rate sampling interval: 125ms
  Thread calibration: mean lat.: 54.502ms, rate sampling interval: 124ms
  Thread calibration: mean lat.: 54.473ms, rate sampling interval: 124ms
  Thread calibration: mean lat.: 53.663ms, rate sampling interval: 122ms
  Thread calibration: mean lat.: 53.577ms, rate sampling interval: 121ms
  Thread calibration: mean lat.: 53.502ms, rate sampling interval: 121ms
  Thread calibration: mean lat.: 52.721ms, rate sampling interval: 118ms
  Thread calibration: mean lat.: 52.237ms, rate sampling interval: 118ms
  Thread calibration: mean lat.: 51.707ms, rate sampling interval: 116ms
  Thread calibration: mean lat.: 50.604ms, rate sampling interval: 115ms
  Thread calibration: mean lat.: 49.793ms, rate sampling interval: 113ms

-----------------------------------------------------------------------
Test Results @ http://10.10.1.1:5834 
  Thread Stats   Avg      Stdev     99%   +/- Stdev
    Latency    52.57ms   19.59ms 121.66ms   74.94%
    Req/Sec    99.93     26.67   173.00     80.75%
  Latency Distribution (HdrHistogram - Recorded Latency)
 50.000%   52.93ms
 75.000%   61.28ms
 90.000%   71.93ms
 99.000%  121.66ms
 99.900%  160.38ms
 99.990%  188.29ms
 99.999%  196.35ms
100.000%  200.32ms

  Detailed Percentile spectrum:
       Value   Percentile   TotalCount 1/(1-Percentile)

      12.439     0.000000            1         1.00
      25.391     0.100000        10005         1.11
      38.431     0.200000        20021         1.25
      45.567     0.300000        30001         1.43
      49.727     0.400000        40073         1.67
      52.927     0.500000        50103         2.00
      54.431     0.550000        55089         2.22
      55.935     0.600000        60011         2.50
      57.535     0.650000        65006         2.86
      59.263     0.700000        70056         3.33
      61.279     0.750000        75023         4.00
      62.463     0.775000        77524         4.44
      63.807     0.800000        80037         5.00
      65.311     0.825000        82523         5.71
      67.135     0.850000        85008         6.67
      69.311     0.875000        87509         8.00
      70.591     0.887500        88770         8.89
      71.935     0.900000        90004        10.00
      73.599     0.912500        91269        11.43
      75.711     0.925000        92521        13.33
      78.271     0.937500        93755        16.00
      79.871     0.943750        94382        17.78
      81.791     0.950000        95016        20.00
      84.415     0.956250        95639        22.86
      88.255     0.962500        96251        26.67
      95.679     0.968750        96878        32.00
      99.135     0.971875        97189        35.56
     102.335     0.975000        97501        40.00
     105.791     0.978125        97819        45.71
     109.119     0.981250        98129        53.33
     113.087     0.984375        98438        64.00
     115.327     0.985938        98594        71.11
     118.015     0.987500        98752        80.00
     120.575     0.989062        98910        91.43
     122.431     0.990625        99063       106.67
     124.543     0.992188        99222       128.00
     126.207     0.992969        99299       142.22
     128.063     0.993750        99375       160.00
     131.455     0.994531        99454       182.86
     134.143     0.995313        99532       213.33
     136.575     0.996094        99610       256.00
     138.239     0.996484        99649       284.44
     140.031     0.996875        99688       320.00
     141.311     0.997266        99727       365.71
     142.719     0.997656        99767       426.67
     144.895     0.998047        99805       512.00
     146.047     0.998242        99825       568.89
     148.223     0.998437        99844       640.00
     150.655     0.998633        99864       731.43
     154.239     0.998828        99883       853.33
     160.639     0.999023        99903      1024.00
     163.455     0.999121        99913      1137.78
     165.119     0.999219        99922      1280.00
     168.191     0.999316        99932      1462.86
     170.879     0.999414        99942      1706.67
     175.231     0.999512        99952      2048.00
     178.303     0.999561        99957      2275.56
     179.455     0.999609        99961      2560.00
     181.631     0.999658        99966      2925.71
     183.039     0.999707        99971      3413.33
     184.191     0.999756        99976      4096.00
     184.575     0.999780        99979      4551.11
     184.959     0.999805        99981      5120.00
     185.215     0.999829        99983      5851.43
     187.135     0.999854        99986      6826.67
     187.647     0.999878        99988      8192.00
     188.287     0.999890        99990      9102.22
     188.799     0.999902        99991     10240.00
     188.927     0.999915        99992     11702.86
     189.439     0.999927        99994     13653.33
     189.439     0.999939        99994     16384.00
     190.335     0.999945        99995     18204.44
     193.279     0.999951        99996     20480.00
     193.279     0.999957        99996     23405.71
     194.559     0.999963        99997     27306.67
     194.559     0.999969        99997     32768.00
     194.943     0.999973        99998     36408.89
     194.943     0.999976        99998     40960.00
     194.943     0.999979        99998     46811.43
     196.351     0.999982        99999     54613.33
     196.351     0.999985        99999     65536.00
     196.351     0.999986        99999     72817.78
     196.351     0.999988        99999     81920.00
     196.351     0.999989        99999     93622.86
     200.319     0.999991       100000    109226.67
     200.319     1.000000       100000          inf
#[Mean    =       52.575, StdDeviation   =       19.593]
#[Max     =      200.192, Total count    =       100000]
#[Buckets =           27, SubBuckets     =         2048]
-----------------------------------------------------------------------
  119700 requests in 1.00m, 18.56MB read
Requests/sec:   1994.59  
Transfer/sec:    316.66KB
