Running 5m test @ http://10.10.1.1:9438/Spam?n=50
  9 threads and 18 connections

  Thread calibration: mean lat.: 0.612ms, rate sampling interval: 10ms
  Thread calibration: mean lat.: 0.710ms, rate sampling interval: 10ms
  Thread calibration: mean lat.: 0.685ms, rate sampling interval: 10ms
  Thread calibration: mean lat.: 0.711ms, rate sampling interval: 10ms
  Thread calibration: mean lat.: 2.757ms, rate sampling interval: 14ms
  Thread calibration: mean lat.: 0.618ms, rate sampling interval: 10ms
  Thread calibration: mean lat.: 0.681ms, rate sampling interval: 10ms
  Thread calibration: mean lat.: 0.658ms, rate sampling interval: 10ms
  Thread calibration: mean lat.: 0.699ms, rate sampling interval: 10ms

-----------------------------------------------------------------------
Test Results @ http://10.10.1.1:9438/Spam?n=50 
  Thread Stats   Avg      Stdev     99%   +/- Stdev
    Latency     0.98ms    2.13ms  10.40ms   96.90%
    Req/Sec   475.77     90.67   666.00     87.71%
  Latency Distribution (HdrHistogram - Recorded Latency)
 50.000%  595.00us
 75.000%  843.00us
 90.000%    1.09ms
 99.000%   10.40ms
 99.900%   29.12ms
 99.990%   44.93ms
 99.999%   82.50ms
100.000%  122.43ms

  Detailed Percentile spectrum:
       Value   Percentile   TotalCount 1/(1-Percentile)

       0.014     0.000000            1         1.00
       0.469     0.100000       120025         1.11
       0.494     0.200000       236565         1.25
       0.520     0.300000       356917         1.43
       0.551     0.400000       474488         1.67
       0.595     0.500000       591242         2.00
       0.626     0.550000       650448         2.22
       0.666     0.600000       708109         2.50
       0.718     0.650000       767621         2.86
       0.776     0.700000       826223         3.33
       0.843     0.750000       885352         4.00
       0.882     0.775000       914988         4.44
       0.924     0.800000       944446         5.00
       0.968     0.825000       973885         5.71
       1.012     0.850000      1003178         6.67
       1.050     0.875000      1033110         8.00
       1.069     0.887500      1047925         8.89
       1.089     0.900000      1062183        10.00
       1.112     0.912500      1076862        11.43
       1.150     0.925000      1091697        13.33
       1.211     0.937500      1106338        16.00
       1.288     0.943750      1113731        17.78
       1.441     0.950000      1121101        20.00
       1.697     0.956250      1128458        22.86
       2.205     0.962500      1135826        26.67
       3.069     0.968750      1143208        32.00
       3.633     0.971875      1146885        35.56
       4.291     0.975000      1150588        40.00
       4.999     0.978125      1154269        45.71
       5.875     0.981250      1157952        53.33
       7.123     0.984375      1161644        64.00
       7.867     0.985938      1163483        71.11
       8.735     0.987500      1165338        80.00
       9.727     0.989062      1167172        91.43
      10.935     0.990625      1169016       106.67
      12.471     0.992188      1170854       128.00
      13.335     0.992969      1171783       142.22
      14.295     0.993750      1172699       160.00
      15.423     0.994531      1173626       182.86
      16.719     0.995313      1174544       213.33
      18.223     0.996094      1175465       256.00
      19.167     0.996484      1175933       284.44
      20.207     0.996875      1176394       320.00
      21.231     0.997266      1176851       365.71
      22.511     0.997656      1177315       426.67
      24.079     0.998047      1177773       512.00
      24.847     0.998242      1178000       568.89
      25.759     0.998437      1178232       640.00
      26.783     0.998633      1178461       731.43
      27.935     0.998828      1178691       853.33
      29.263     0.999023      1178922      1024.00
      30.015     0.999121      1179036      1137.78
      30.847     0.999219      1179153      1280.00
      31.807     0.999316      1179269      1462.86
      32.927     0.999414      1179384      1706.67
      34.239     0.999512      1179497      2048.00
      35.039     0.999561      1179555      2275.56
      35.711     0.999609      1179615      2560.00
      36.575     0.999658      1179670      2925.71
      37.759     0.999707      1179729      3413.33
      38.943     0.999756      1179790      4096.00
      39.583     0.999780      1179815      4551.11
      40.447     0.999805      1179843      5120.00
      41.087     0.999829      1179872      5851.43
      42.271     0.999854      1179903      6826.67
      43.615     0.999878      1179929      8192.00
      44.351     0.999890      1179944      9102.22
      45.087     0.999902      1179958     10240.00
      46.431     0.999915      1179973     11702.86
      47.455     0.999927      1179987     13653.33
      48.671     0.999939      1180001     16384.00
      50.527     0.999945      1180009     18204.44
      51.391     0.999951      1180016     20480.00
      53.599     0.999957      1180023     23405.71
      55.775     0.999963      1180030     27306.67
      57.471     0.999969      1180037     32768.00
      59.103     0.999973      1180041     36408.89
      62.367     0.999976      1180045     40960.00
      64.767     0.999979      1180048     46811.43
      69.887     0.999982      1180052     54613.33
      71.999     0.999985      1180055     65536.00
      74.111     0.999986      1180057     72817.78
      77.759     0.999988      1180059     81920.00
      82.495     0.999989      1180061     93622.86
      88.767     0.999991      1180063    109226.67
      92.223     0.999992      1180064    131072.00
      95.487     0.999993      1180065    145635.56
      99.839     0.999994      1180066    163840.00
     103.231     0.999995      1180067    187245.71
     106.623     0.999995      1180068    218453.33
     109.951     0.999996      1180069    262144.00
     109.951     0.999997      1180069    291271.11
     112.319     0.999997      1180070    327680.00
     112.319     0.999997      1180070    374491.43
     115.711     0.999998      1180071    436906.67
     115.711     0.999998      1180071    524288.00
     115.711     0.999998      1180071    582542.22
     119.167     0.999998      1180072    655360.00
     119.167     0.999999      1180072    748982.86
     119.167     0.999999      1180072    873813.33
     119.167     0.999999      1180072   1048576.00
     119.167     0.999999      1180072   1165084.44
     122.431     0.999999      1180073   1310720.00
     122.431     1.000000      1180073          inf
#[Mean    =        0.980, StdDeviation   =        2.126]
#[Max     =      122.368, Total count    =      1180073]
#[Buckets =           27, SubBuckets     =         2048]
-----------------------------------------------------------------------
  1220939 requests in 5.00m, 150.20MB read
Requests/sec:   4069.79  
Transfer/sec:    512.70KB
