setup: assigned thread_id=1
init: final thread_id=1, base_seed=nil
setup: assigned thread_id=2
init: final thread_id=2, base_seed=nil
setup: assigned thread_id=3
init: final thread_id=3, base_seed=nil
setup: assigned thread_id=4
init: final thread_id=4, base_seed=nil
setup: assigned thread_id=5
init: final thread_id=5, base_seed=nil
setup: assigned thread_id=6
init: final thread_id=6, base_seed=nil
setup: assigned thread_id=7
init: final thread_id=7, base_seed=nil
setup: assigned thread_id=8
init: final thread_id=8, base_seed=nil
setup: assigned thread_id=9
init: final thread_id=9, base_seed=nil
setup: assigned thread_id=10
init: final thread_id=10, base_seed=nil
setup: assigned thread_id=11
init: final thread_id=11, base_seed=nil
setup: assigned thread_id=12
init: final thread_id=12, base_seed=nil
setup: assigned thread_id=13
init: final thread_id=13, base_seed=nil
setup: assigned thread_id=14
init: final thread_id=14, base_seed=nil
setup: assigned thread_id=15
init: final thread_id=15, base_seed=nil
setup: assigned thread_id=16
init: final thread_id=16, base_seed=nil
setup: assigned thread_id=17
init: final thread_id=17, base_seed=nil
setup: assigned thread_id=18
init: final thread_id=18, base_seed=nil
setup: assigned thread_id=19
init: final thread_id=19, base_seed=nil
setup: assigned thread_id=20
init: final thread_id=20, base_seed=nil
script_want_response
Running 5m test @ http://10.10.1.1:5834
  20 threads and 200 connections

  Thread calibration: mean lat.: 37.704ms, rate sampling interval: 109ms
  Thread calibration: mean lat.: 39.008ms, rate sampling interval: 114ms
  Thread calibration: mean lat.: 43.173ms, rate sampling interval: 129ms
  Thread calibration: mean lat.: 46.445ms, rate sampling interval: 137ms
  Thread calibration: mean lat.: 50.286ms, rate sampling interval: 141ms
  Thread calibration: mean lat.: 52.288ms, rate sampling interval: 140ms
  Thread calibration: mean lat.: 53.980ms, rate sampling interval: 143ms
  Thread calibration: mean lat.: 57.196ms, rate sampling interval: 145ms
  Thread calibration: mean lat.: 58.345ms, rate sampling interval: 151ms
  Thread calibration: mean lat.: 60.176ms, rate sampling interval: 161ms
  Thread calibration: mean lat.: 60.637ms, rate sampling interval: 158ms
  Thread calibration: mean lat.: 61.518ms, rate sampling interval: 162ms
  Thread calibration: mean lat.: 61.563ms, rate sampling interval: 161ms
  Thread calibration: mean lat.: 61.526ms, rate sampling interval: 160ms
  Thread calibration: mean lat.: 61.285ms, rate sampling interval: 158ms
  Thread calibration: mean lat.: 61.069ms, rate sampling interval: 155ms
  Thread calibration: mean lat.: 60.627ms, rate sampling interval: 153ms
  Thread calibration: mean lat.: 60.163ms, rate sampling interval: 152ms
  Thread calibration: mean lat.: 62.034ms, rate sampling interval: 161ms
  Thread calibration: mean lat.: 58.912ms, rate sampling interval: 149ms

-----------------------------------------------------------------------
Test Results @ http://10.10.1.1:5834 
  Thread Stats   Avg      Stdev     99%   +/- Stdev
    Latency    63.57ms   60.87ms 372.73ms   94.29%
    Req/Sec    99.45     26.84   147.00     59.49%
  Latency Distribution (HdrHistogram - Recorded Latency)
 50.000%   52.96ms
 75.000%   62.05ms
 90.000%   77.06ms
 99.000%  372.73ms
 99.900%  505.09ms
 99.990%  561.66ms
 99.999%    4.88s 
100.000%    4.89s 

  Detailed Percentile spectrum:
       Value   Percentile   TotalCount 1/(1-Percentile)

      12.343     0.000000            1         1.00
      35.039     0.100000        57907         1.11
      43.135     0.200000       115670         1.25
      47.103     0.300000       173399         1.43
      50.143     0.400000       231142         1.67
      52.959     0.500000       288916         2.00
      54.431     0.550000       317949         2.22
      55.999     0.600000       347055         2.50
      57.727     0.650000       375820         2.86
      59.711     0.700000       404654         3.33
      62.047     0.750000       433370         4.00
      63.455     0.775000       447866         4.44
      65.055     0.800000       462349         5.00
      66.879     0.825000       476685         5.71
      69.119     0.850000       491133         6.67
      72.063     0.875000       505522         8.00
      74.111     0.887500       512823         8.89
      77.055     0.900000       519919        10.00
      82.879     0.912500       527107        11.43
      97.855     0.925000       534311        13.33
     115.519     0.937500       541514        16.00
     126.079     0.943750       545126        17.78
     137.727     0.950000       548744        20.00
     152.191     0.956250       552361        22.86
     165.119     0.962500       555950        26.67
     185.727     0.968750       559564        32.00
     199.551     0.971875       561369        35.56
     216.575     0.975000       563171        40.00
     239.359     0.978125       564973        45.71
     263.679     0.981250       566774        53.33
     296.447     0.984375       568579        64.00
     316.671     0.985938       569485        71.11
     338.687     0.987500       570389        80.00
     361.983     0.989062       571291        91.43
     378.623     0.990625       572189       106.67
     398.079     0.992188       573097       128.00
     408.063     0.992969       573547       142.22
     418.047     0.993750       574018       160.00
     425.727     0.994531       574446       182.86
     437.759     0.995313       574901       213.33
     444.927     0.996094       575354       256.00
     448.767     0.996484       575594       284.44
     452.095     0.996875       575810       320.00
     456.191     0.997266       576031       365.71
     464.127     0.997656       576251       426.67
     474.367     0.998047       576483       512.00
     478.463     0.998242       576591       568.89
     485.119     0.998437       576703       640.00
     491.775     0.998633       576817       731.43
     498.943     0.998828       576928       853.33
     506.111     0.999023       577044      1024.00
     508.927     0.999121       577098      1137.78
     512.255     0.999219       577154      1280.00
     516.607     0.999316       577213      1462.86
     519.935     0.999414       577268      1706.67
     524.287     0.999512       577323      2048.00
     527.359     0.999561       577351      2275.56
     535.551     0.999609       577381      2560.00
     539.647     0.999658       577410      2925.71
     542.207     0.999707       577436      3413.33
     545.279     0.999756       577464      4096.00
     552.959     0.999780       577482      4551.11
     555.519     0.999805       577497      5120.00
     557.055     0.999829       577506      5851.43
     559.103     0.999854       577522      6826.67
     560.639     0.999878       577537      8192.00
     561.151     0.999890       577541      9102.22
     562.175     0.999902       577552     10240.00
     562.687     0.999915       577555     11702.86
     563.199     0.999927       577563     13653.33
     564.223     0.999939       577570     16384.00
     564.735     0.999945       577574     18204.44
     565.247     0.999951       577577     20480.00
     566.783     0.999957       577581     23405.71
    4452.351     0.999963       577583     27306.67
    4468.735     0.999969       577587     32768.00
    4870.143     0.999973       577589     36408.89
    4874.239     0.999976       577593     40960.00
    4874.239     0.999979       577593     46811.43
    4878.335     0.999982       577596     54613.33
    4878.335     0.999985       577596     65536.00
    4882.431     0.999986       577600     72817.78
    4882.431     0.999988       577600     81920.00
    4882.431     0.999989       577600     93622.86
    4882.431     0.999991       577600    109226.67
    4882.431     0.999992       577600    131072.00
    4886.527     0.999993       577602    145635.56
    4886.527     0.999994       577602    163840.00
    4886.527     0.999995       577602    187245.71
    4886.527     0.999995       577602    218453.33
    4886.527     0.999996       577602    262144.00
    4890.623     0.999997       577603    291271.11
    4890.623     0.999997       577603    327680.00
    4890.623     0.999997       577603    374491.43
    4890.623     0.999998       577603    436906.67
    4890.623     0.999998       577603    524288.00
    4894.719     0.999998       577604    582542.22
    4894.719     1.000000       577604          inf
#[Mean    =       63.568, StdDeviation   =       60.866]
#[Max     =     4890.624, Total count    =       577604]
#[Buckets =           27, SubBuckets     =         2048]
-----------------------------------------------------------------------
  597307 requests in 5.00m, 92.61MB read
Requests/sec:   1990.89  
Transfer/sec:    316.09KB
