setup: assigned thread_id=1
init: final thread_id=1, base_seed=nil
script_want_response
Running 2m test @ http://10.10.1.1:5834
  1 threads and 10 connections

  Thread calibration: mean lat.: 13.386ms, rate sampling interval: 29ms

-----------------------------------------------------------------------
Test Results @ http://10.10.1.1:5834 
  Thread Stats   Avg      Stdev     99%   +/- Stdev
    Latency    13.53ms    3.35ms  18.11ms   98.70%
    Req/Sec   101.57    148.06   357.00     74.86%
  Latency Distribution (HdrHistogram - Recorded Latency)
 50.000%   13.21ms
 75.000%   13.84ms
 90.000%   14.61ms
 99.000%   18.11ms
 99.900%  103.49ms
 99.990%  111.74ms
 99.999%  111.81ms
100.000%  111.81ms

  Detailed Percentile spectrum:
       Value   Percentile   TotalCount 1/(1-Percentile)

      11.543     0.000000            1         1.00
      12.447     0.100000          924         1.11
      12.671     0.200000         1835         1.25
      12.847     0.300000         2733         1.43
      13.031     0.400000         3635         1.67
      13.207     0.500000         4536         2.00
      13.311     0.550000         4950         2.22
      13.415     0.600000         5414         2.50
      13.535     0.650000         5861         2.86
      13.679     0.700000         6305         3.33
      13.839     0.750000         6752         4.00
      13.943     0.775000         6979         4.44
      14.071     0.800000         7203         5.00
      14.199     0.825000         7431         5.71
      14.327     0.850000         7656         6.67
      14.463     0.875000         7882         8.00
      14.535     0.887500         7991         8.89
      14.615     0.900000         8105        10.00
      14.695     0.912500         8219        11.43
      14.783     0.925000         8332        13.33
      14.879     0.937500         8438        16.00
      14.935     0.943750         8494        17.78
      14.999     0.950000         8550        20.00
      15.079     0.956250         8608        22.86
      15.191     0.962500         8666        26.67
      15.303     0.968750         8719        32.00
      15.367     0.971875         8749        35.56
      15.463     0.975000         8776        40.00
      15.551     0.978125         8804        45.71
      15.719     0.981250         8832        53.33
      16.103     0.984375         8860        64.00
      16.543     0.985938         8874        71.11
      17.167     0.987500         8889        80.00
      17.823     0.989062         8902        91.43
      18.191     0.990625         8917       106.67
      18.815     0.992188         8930       128.00
      19.087     0.992969         8937       142.22
      19.439     0.993750         8944       160.00
      20.671     0.994531         8951       182.86
      21.135     0.995313         8958       213.33
      21.695     0.996094         8965       256.00
      21.775     0.996484         8969       284.44
      22.287     0.996875         8972       320.00
      23.599     0.997266         8976       365.71
      24.543     0.997656         8979       426.67
      25.311     0.998047         8983       512.00
      26.879     0.998242         8985       568.89
      27.007     0.998437         8986       640.00
      28.319     0.998633         8988       731.43
      30.927     0.998828         8990       853.33
     103.935     0.999023         8992      1024.00
     105.599     0.999121         8993      1137.78
     105.599     0.999219         8993      1280.00
     106.367     0.999316         8994      1462.86
     107.967     0.999414         8995      1706.67
     108.223     0.999512         8996      2048.00
     110.015     0.999561         8997      2275.56
     110.015     0.999609         8997      2560.00
     110.015     0.999658         8997      2925.71
     110.463     0.999707         8998      3413.33
     110.463     0.999756         8998      4096.00
     111.743     0.999780         8999      4551.11
     111.743     0.999805         8999      5120.00
     111.743     0.999829         8999      5851.43
     111.743     0.999854         8999      6826.67
     111.743     0.999878         8999      8192.00
     111.807     0.999890         9000      9102.22
     111.807     1.000000         9000          inf
#[Mean    =       13.531, StdDeviation   =        3.350]
#[Max     =      111.744, Total count    =         9000]
#[Buckets =           27, SubBuckets     =         2048]
-----------------------------------------------------------------------
  9990 requests in 1.67m, 1.55MB read
Requests/sec:     99.89  
Transfer/sec:     15.87KB
