setup: assigned thread_id=1
init: final thread_id=1, base_seed=nil
setup: assigned thread_id=2
init: final thread_id=2, base_seed=nil
setup: assigned thread_id=3
init: final thread_id=3, base_seed=nil
setup: assigned thread_id=4
init: final thread_id=4, base_seed=nil
setup: assigned thread_id=5
init: final thread_id=5, base_seed=nil
setup: assigned thread_id=6
init: final thread_id=6, base_seed=nil
setup: assigned thread_id=7
init: final thread_id=7, base_seed=nil
setup: assigned thread_id=8
init: final thread_id=8, base_seed=nil
setup: assigned thread_id=9
init: final thread_id=9, base_seed=nil
setup: assigned thread_id=10
init: final thread_id=10, base_seed=nil
setup: assigned thread_id=11
init: final thread_id=11, base_seed=nil
setup: assigned thread_id=12
init: final thread_id=12, base_seed=nil
setup: assigned thread_id=13
init: final thread_id=13, base_seed=nil
setup: assigned thread_id=14
init: final thread_id=14, base_seed=nil
setup: assigned thread_id=15
init: final thread_id=15, base_seed=nil
setup: assigned thread_id=16
init: final thread_id=16, base_seed=nil
setup: assigned thread_id=17
init: final thread_id=17, base_seed=nil
setup: assigned thread_id=18
init: final thread_id=18, base_seed=nil
setup: assigned thread_id=19
init: final thread_id=19, base_seed=nil
setup: assigned thread_id=20
init: final thread_id=20, base_seed=nil
script_want_response
Running 1m test @ http://10.10.1.1:23821
  20 threads and 200 connections

  Thread calibration: mean lat.: 13.230ms, rate sampling interval: 48ms
  Thread calibration: mean lat.: 13.998ms, rate sampling interval: 51ms
  Thread calibration: mean lat.: 15.857ms, rate sampling interval: 56ms
  Thread calibration: mean lat.: 16.192ms, rate sampling interval: 58ms
  Thread calibration: mean lat.: 17.224ms, rate sampling interval: 61ms
  Thread calibration: mean lat.: 20.504ms, rate sampling interval: 68ms
  Thread calibration: mean lat.: 22.554ms, rate sampling interval: 70ms
  Thread calibration: mean lat.: 19.594ms, rate sampling interval: 63ms
  Thread calibration: mean lat.: 22.329ms, rate sampling interval: 67ms
  Thread calibration: mean lat.: 23.823ms, rate sampling interval: 72ms
  Thread calibration: mean lat.: 26.362ms, rate sampling interval: 72ms
  Thread calibration: mean lat.: 26.493ms, rate sampling interval: 71ms
  Thread calibration: mean lat.: 26.867ms, rate sampling interval: 71ms
  Thread calibration: mean lat.: 27.304ms, rate sampling interval: 70ms
  Thread calibration: mean lat.: 27.432ms, rate sampling interval: 70ms
  Thread calibration: mean lat.: 27.018ms, rate sampling interval: 68ms
  Thread calibration: mean lat.: 26.541ms, rate sampling interval: 67ms
  Thread calibration: mean lat.: 25.913ms, rate sampling interval: 66ms
  Thread calibration: mean lat.: 25.435ms, rate sampling interval: 64ms
  Thread calibration: mean lat.: 24.619ms, rate sampling interval: 62ms

-----------------------------------------------------------------------
Test Results @ http://10.10.1.1:23821 
  Thread Stats   Avg      Stdev     99%   +/- Stdev
    Latency    25.86ms   12.14ms  70.40ms   72.80%
    Req/Sec   100.41     63.36   208.00     67.88%
  Latency Distribution (HdrHistogram - Recorded Latency)
 50.000%   24.99ms
 75.000%   31.76ms
 90.000%   39.39ms
 99.000%   70.40ms
 99.900%   87.93ms
 99.990%   98.43ms
 99.999%   99.78ms
100.000%  100.16ms

  Detailed Percentile spectrum:
       Value   Percentile   TotalCount 1/(1-Percentile)

       6.055     0.000000            1         1.00
      10.279     0.100000        10004         1.11
      16.319     0.200000        20015         1.25
      19.935     0.300000        30020         1.43
      22.607     0.400000        40039         1.67
      24.991     0.500000        50003         2.00
      26.207     0.550000        54995         2.22
      27.503     0.600000        60027         2.50
      28.799     0.650000        64995         2.86
      30.159     0.700000        69992         3.33
      31.759     0.750000        75002         4.00
      32.639     0.775000        77508         4.44
      33.631     0.800000        80018         5.00
      34.751     0.825000        82519         5.71
      36.031     0.850000        84997         6.67
      37.535     0.875000        87510         8.00
      38.367     0.887500        88749         8.89
      39.391     0.900000        89998        10.00
      40.543     0.912500        91250        11.43
      41.951     0.925000        92501        13.33
      43.743     0.937500        93742        16.00
      44.831     0.943750        94373        17.78
      46.111     0.950000        95001        20.00
      47.583     0.956250        95614        22.86
      49.567     0.962500        96241        26.67
      52.031     0.968750        96863        32.00
      53.503     0.971875        97173        35.56
      54.847     0.975000        97492        40.00
      56.415     0.978125        97800        45.71
      58.623     0.981250        98111        53.33
      62.687     0.984375        98425        64.00
      65.119     0.985938        98581        71.11
      67.711     0.987500        98736        80.00
      69.439     0.989062        98892        91.43
      71.231     0.990625        99049       106.67
      73.151     0.992188        99205       128.00
      74.367     0.992969        99285       142.22
      75.519     0.993750        99361       160.00
      76.735     0.994531        99444       182.86
      78.143     0.995313        99521       213.33
      79.615     0.996094        99595       256.00
      80.575     0.996484        99634       284.44
      81.471     0.996875        99673       320.00
      82.559     0.997266        99712       365.71
      83.519     0.997656        99751       426.67
      84.735     0.998047        99792       512.00
      85.311     0.998242        99811       568.89
      85.951     0.998437        99829       640.00
      86.527     0.998633        99849       731.43
      87.103     0.998828        99868       853.33
      88.063     0.999023        99889      1024.00
      89.727     0.999121        99898      1137.78
      90.815     0.999219        99907      1280.00
      92.223     0.999316        99917      1462.86
      93.439     0.999414        99927      1706.67
      94.527     0.999512        99937      2048.00
      94.975     0.999561        99944      2275.56
      95.231     0.999609        99948      2560.00
      95.551     0.999658        99951      2925.71
      96.191     0.999707        99956      3413.33
      96.575     0.999756        99961      4096.00
      96.959     0.999780        99964      4551.11
      97.215     0.999805        99966      5120.00
      97.535     0.999829        99968      5851.43
      97.855     0.999854        99971      6826.67
      98.111     0.999878        99973      8192.00
      98.431     0.999890        99975      9102.22
      98.687     0.999902        99976     10240.00
      98.815     0.999915        99977     11702.86
      98.943     0.999927        99978     13653.33
      99.071     0.999939        99979     16384.00
      99.135     0.999945        99980     18204.44
      99.199     0.999951        99982     20480.00
      99.199     0.999957        99982     23405.71
      99.199     0.999963        99982     27306.67
      99.199     0.999969        99982     32768.00
      99.519     0.999973        99983     36408.89
      99.519     0.999976        99983     40960.00
      99.519     0.999979        99983     46811.43
      99.775     0.999982        99984     54613.33
      99.775     0.999985        99984     65536.00
      99.775     0.999986        99984     72817.78
      99.775     0.999988        99984     81920.00
      99.775     0.999989        99984     93622.86
     100.159     0.999991        99985    109226.67
     100.159     1.000000        99985          inf
#[Mean    =       25.856, StdDeviation   =       12.138]
#[Max     =      100.096, Total count    =        99985]
#[Buckets =           27, SubBuckets     =         2048]
-----------------------------------------------------------------------
  119506 requests in 1.00m, 18.53MB read
Requests/sec:   1991.38  
Transfer/sec:    316.23KB
