setup: assigned thread_id=1
init: final thread_id=1, base_seed=nil
setup: assigned thread_id=2
init: final thread_id=2, base_seed=nil
script_want_response
Running 5m test @ http://10.10.1.1:23821
  2 threads and 13 connections

  Thread calibration: mean lat.: 7.562ms, rate sampling interval: 17ms
  Thread calibration: mean lat.: 7.353ms, rate sampling interval: 16ms

-----------------------------------------------------------------------
Test Results @ http://10.10.1.1:23821 
  Thread Stats   Avg      Stdev     99%   +/- Stdev
    Latency     7.65ms    1.18ms   9.93ms   92.97%
    Req/Sec   257.52    139.70   400.00     70.93%
  Latency Distribution (HdrHistogram - Recorded Latency)
 50.000%    7.50ms
 75.000%    8.00ms
 90.000%    8.55ms
 99.000%    9.93ms
 99.900%   18.66ms
 99.990%   49.76ms
 99.999%   64.25ms
100.000%   64.74ms

  Detailed Percentile spectrum:
       Value   Percentile   TotalCount 1/(1-Percentile)

       5.899     0.000000            1         1.00
       6.839     0.100000        14506         1.11
       7.039     0.200000        29308         1.25
       7.195     0.300000        43697         1.43
       7.347     0.400000        58267         1.67
       7.499     0.500000        72522         2.00
       7.583     0.550000        79875         2.22
       7.671     0.600000        87015         2.50
       7.771     0.650000        94504         2.86
       7.875     0.700000       101584         3.33
       7.999     0.750000       108886         4.00
       8.067     0.775000       112502         4.44
       8.139     0.800000       116034         5.00
       8.223     0.825000       119717         5.71
       8.319     0.850000       123414         6.67
       8.423     0.875000       126956         8.00
       8.487     0.887500       128881         8.89
       8.551     0.900000       130536        10.00
       8.631     0.912500       132499        11.43
       8.711     0.925000       134160        13.33
       8.807     0.937500       135978        16.00
       8.863     0.943750       136899        17.78
       8.927     0.950000       137831        20.00
       8.999     0.956250       138722        22.86
       9.079     0.962500       139605        26.67
       9.175     0.968750       140511        32.00
       9.231     0.971875       140976        35.56
       9.295     0.975000       141388        40.00
       9.375     0.978125       141831        45.71
       9.471     0.981250       142300        53.33
       9.591     0.984375       142748        64.00
       9.655     0.985938       142960        71.11
       9.743     0.987500       143188        80.00
       9.847     0.989062       143412        91.43
       9.983     0.990625       143645       106.67
      10.151     0.992188       143865       128.00
      10.271     0.992969       143978       142.22
      10.431     0.993750       144092       160.00
      10.671     0.994531       144205       182.86
      11.111     0.995313       144318       213.33
      11.751     0.996094       144430       256.00
      12.151     0.996484       144487       284.44
      12.719     0.996875       144543       320.00
      13.311     0.997266       144600       365.71
      14.063     0.997656       144657       426.67
      14.831     0.998047       144713       512.00
      15.335     0.998242       144742       568.89
      15.823     0.998437       144770       640.00
      16.463     0.998633       144798       731.43
      17.279     0.998828       144827       853.33
      18.943     0.999023       144855      1024.00
      19.871     0.999121       144869      1137.78
      23.807     0.999219       144884      1280.00
      25.487     0.999316       144897      1462.86
      27.519     0.999414       144912      1706.67
      31.631     0.999512       144926      2048.00
      33.343     0.999561       144933      2275.56
      34.591     0.999609       144940      2560.00
      36.287     0.999658       144947      2925.71
      39.359     0.999707       144954      3413.33
      42.207     0.999756       144961      4096.00
      42.783     0.999780       144965      4551.11
      43.615     0.999805       144968      5120.00
      45.343     0.999829       144972      5851.43
      46.879     0.999854       144975      6826.67
      48.767     0.999878       144979      8192.00
      49.759     0.999890       144982      9102.22
      49.759     0.999902       144982     10240.00
      51.455     0.999915       144984     11702.86
      52.927     0.999927       144986     13653.33
      53.599     0.999939       144988     16384.00
      54.015     0.999945       144989     18204.44
      54.015     0.999951       144989     20480.00
      56.959     0.999957       144990     23405.71
      62.047     0.999963       144991     27306.67
      62.783     0.999969       144992     32768.00
      63.615     0.999973       144993     36408.89
      63.615     0.999976       144993     40960.00
      63.615     0.999979       144993     46811.43
      63.775     0.999982       144994     54613.33
      63.775     0.999985       144994     65536.00
      64.255     0.999986       144995     72817.78
      64.255     0.999988       144995     81920.00
      64.255     0.999989       144995     93622.86
      64.255     0.999991       144995    109226.67
      64.255     0.999992       144995    131072.00
      64.735     0.999993       144996    145635.56
      64.735     1.000000       144996          inf
#[Mean    =        7.653, StdDeviation   =        1.184]
#[Max     =       64.704, Total count    =       144996]
#[Buckets =           27, SubBuckets     =         2048]
-----------------------------------------------------------------------
  149990 requests in 5.00m, 23.26MB read
Requests/sec:    499.95  
Transfer/sec:     79.38KB
