setup: assigned thread_id=1
init: final thread_id=1, base_seed=nil
script_want_response
Running 1m test @ http://10.10.1.1:23821
  1 threads and 10 connections

  Thread calibration: mean lat.: 62.021ms, rate sampling interval: 108ms

-----------------------------------------------------------------------
Test Results @ http://10.10.1.1:23821 
  Thread Stats   Avg      Stdev     99%   +/- Stdev
    Latency     7.61ms    0.89ms   9.85ms   72.55%
    Req/Sec   100.06     19.99   177.00     88.96%
  Latency Distribution (HdrHistogram - Recorded Latency)
 50.000%    7.57ms
 75.000%    8.11ms
 90.000%    8.73ms
 99.000%    9.85ms
 99.900%   11.48ms
 99.990%   17.93ms
 99.999%   17.93ms
100.000%   17.93ms

  Detailed Percentile spectrum:
       Value   Percentile   TotalCount 1/(1-Percentile)

       4.699     0.000000            1         1.00
       6.591     0.100000          501         1.11
       6.939     0.200000         1001         1.25
       7.171     0.300000         1506         1.43
       7.375     0.400000         2004         1.67
       7.571     0.500000         2510         2.00
       7.671     0.550000         2759         2.22
       7.763     0.600000         3005         2.50
       7.859     0.650000         3251         2.86
       7.975     0.700000         3500         3.33
       8.115     0.750000         3750         4.00
       8.187     0.775000         3880         4.44
       8.263     0.800000         4006         5.00
       8.367     0.825000         4129         5.71
       8.479     0.850000         4255         6.67
       8.607     0.875000         4379         8.00
       8.671     0.887500         4445         8.89
       8.735     0.900000         4499        10.00
       8.815     0.912500         4563        11.43
       8.911     0.925000         4624        13.33
       9.031     0.937500         4687        16.00
       9.095     0.943750         4721        17.78
       9.143     0.950000         4749        20.00
       9.199     0.956250         4782        22.86
       9.271     0.962500         4813        26.67
       9.343     0.968750         4844        32.00
       9.399     0.971875         4859        35.56
       9.479     0.975000         4876        40.00
       9.535     0.978125         4889        45.71
       9.615     0.981250         4905        53.33
       9.703     0.984375         4920        64.00
       9.743     0.985938         4928        71.11
       9.767     0.987500         4936        80.00
       9.839     0.989062         4945        91.43
       9.879     0.990625         4952       106.67
       9.975     0.992188         4960       128.00
      10.031     0.992969         4964       142.22
      10.127     0.993750         4967       160.00
      10.175     0.994531         4972       182.86
      10.199     0.995313         4975       213.33
      10.455     0.996094         4979       256.00
      10.551     0.996484         4981       284.44
      10.567     0.996875         4983       320.00
      10.631     0.997266         4985       365.71
      10.695     0.997656         4987       426.67
      10.903     0.998047         4989       512.00
      11.039     0.998242         4990       568.89
      11.255     0.998437         4991       640.00
      11.399     0.998633         4992       731.43
      11.479     0.998828         4993       853.33
      11.583     0.999023         4994      1024.00
      11.583     0.999121         4994      1137.78
      11.679     0.999219         4995      1280.00
      11.679     0.999316         4995      1462.86
      12.143     0.999414         4996      1706.67
      12.143     0.999512         4996      2048.00
      12.143     0.999561         4996      2275.56
      13.167     0.999609         4997      2560.00
      13.167     0.999658         4997      2925.71
      13.167     0.999707         4997      3413.33
      13.167     0.999756         4997      4096.00
      13.167     0.999780         4997      4551.11
      17.935     0.999805         4998      5120.00
      17.935     1.000000         4998          inf
#[Mean    =        7.614, StdDeviation   =        0.887]
#[Max     =       17.920, Total count    =         4998]
#[Buckets =           27, SubBuckets     =         2048]
-----------------------------------------------------------------------
  5993 requests in 1.00m, 0.93MB read
Requests/sec:     99.87  
Transfer/sec:     15.86KB
