setup: assigned thread_id=1
init: final thread_id=1, base_seed=nil
setup: assigned thread_id=2
init: final thread_id=2, base_seed=nil
setup: assigned thread_id=3
init: final thread_id=3, base_seed=nil
setup: assigned thread_id=4
init: final thread_id=4, base_seed=nil
setup: assigned thread_id=5
init: final thread_id=5, base_seed=nil
setup: assigned thread_id=6
init: final thread_id=6, base_seed=nil
setup: assigned thread_id=7
init: final thread_id=7, base_seed=nil
setup: assigned thread_id=8
init: final thread_id=8, base_seed=nil
setup: assigned thread_id=9
init: final thread_id=9, base_seed=nil
setup: assigned thread_id=10
init: final thread_id=10, base_seed=nil
setup: assigned thread_id=11
init: final thread_id=11, base_seed=nil
setup: assigned thread_id=12
init: final thread_id=12, base_seed=nil
setup: assigned thread_id=13
init: final thread_id=13, base_seed=nil
setup: assigned thread_id=14
init: final thread_id=14, base_seed=nil
setup: assigned thread_id=15
init: final thread_id=15, base_seed=nil
setup: assigned thread_id=16
init: final thread_id=16, base_seed=nil
setup: assigned thread_id=17
init: final thread_id=17, base_seed=nil
setup: assigned thread_id=18
init: final thread_id=18, base_seed=nil
setup: assigned thread_id=19
init: final thread_id=19, base_seed=nil
setup: assigned thread_id=20
init: final thread_id=20, base_seed=nil
script_want_response
Running 1m test @ http://10.10.1.1:8918
  20 threads and 200 connections

  Thread calibration: mean lat.: 10.599ms, rate sampling interval: 31ms
  Thread calibration: mean lat.: 12.146ms, rate sampling interval: 43ms
  Thread calibration: mean lat.: 13.817ms, rate sampling interval: 48ms
  Thread calibration: mean lat.: 14.850ms, rate sampling interval: 49ms
  Thread calibration: mean lat.: 16.623ms, rate sampling interval: 61ms
  Thread calibration: mean lat.: 18.387ms, rate sampling interval: 64ms
  Thread calibration: mean lat.: 20.277ms, rate sampling interval: 66ms
  Thread calibration: mean lat.: 21.725ms, rate sampling interval: 69ms
  Thread calibration: mean lat.: 23.149ms, rate sampling interval: 68ms
  Thread calibration: mean lat.: 24.821ms, rate sampling interval: 69ms
  Thread calibration: mean lat.: 25.531ms, rate sampling interval: 70ms
  Thread calibration: mean lat.: 25.785ms, rate sampling interval: 68ms
  Thread calibration: mean lat.: 26.207ms, rate sampling interval: 68ms
  Thread calibration: mean lat.: 26.476ms, rate sampling interval: 67ms
  Thread calibration: mean lat.: 26.655ms, rate sampling interval: 66ms
  Thread calibration: mean lat.: 26.518ms, rate sampling interval: 66ms
  Thread calibration: mean lat.: 26.126ms, rate sampling interval: 63ms
  Thread calibration: mean lat.: 25.908ms, rate sampling interval: 62ms
  Thread calibration: mean lat.: 25.324ms, rate sampling interval: 61ms
  Thread calibration: mean lat.: 24.641ms, rate sampling interval: 59ms

-----------------------------------------------------------------------
Test Results @ http://10.10.1.1:8918 
  Thread Stats   Avg      Stdev     99%   +/- Stdev
    Latency    24.10ms   11.77ms  65.86ms   69.75%
    Req/Sec   100.57     74.86   300.00     65.85%
  Latency Distribution (HdrHistogram - Recorded Latency)
 50.000%   23.66ms
 75.000%   30.11ms
 90.000%   36.96ms
 99.000%   65.86ms
 99.900%   80.64ms
 99.990%   86.01ms
 99.999%   86.85ms
100.000%   87.29ms

  Detailed Percentile spectrum:
       Value   Percentile   TotalCount 1/(1-Percentile)

       5.835     0.000000            1         1.00
       9.239     0.100000        10035         1.11
      12.959     0.200000        20001         1.25
      17.935     0.300000        30010         1.43
      21.103     0.400000        40006         1.67
      23.663     0.500000        50017         2.00
      24.863     0.550000        55027         2.22
      26.063     0.600000        60023         2.50
      27.311     0.650000        65008         2.86
      28.639     0.700000        70044         3.33
      30.111     0.750000        75040         4.00
      30.911     0.775000        77546         4.44
      31.759     0.800000        80024         5.00
      32.735     0.825000        82533         5.71
      33.855     0.850000        85028         6.67
      35.199     0.875000        87517         8.00
      36.031     0.887500        88753         8.89
      36.959     0.900000        90000        10.00
      38.111     0.912500        91270        11.43
      39.519     0.925000        92503        13.33
      41.375     0.937500        93754        16.00
      42.463     0.943750        94384        17.78
      43.743     0.950000        95004        20.00
      45.439     0.956250        95634        22.86
      47.551     0.962500        96252        26.67
      50.591     0.968750        96882        32.00
      52.255     0.971875        97192        35.56
      54.335     0.975000        97501        40.00
      56.479     0.978125        97815        45.71
      58.655     0.981250        98126        53.33
      61.023     0.984375        98441        64.00
      62.303     0.985938        98594        71.11
      63.583     0.987500        98751        80.00
      64.927     0.989062        98908        91.43
      66.431     0.990625        99063       106.67
      68.095     0.992188        99221       128.00
      68.991     0.992969        99299       142.22
      70.207     0.993750        99375       160.00
      71.359     0.994531        99453       182.86
      72.639     0.995313        99531       213.33
      73.855     0.996094        99610       256.00
      74.367     0.996484        99649       284.44
      75.071     0.996875        99692       320.00
      75.775     0.997266        99729       365.71
      76.479     0.997656        99767       426.67
      77.311     0.998047        99804       512.00
      77.887     0.998242        99825       568.89
      78.655     0.998437        99843       640.00
      79.551     0.998633        99864       731.43
      80.063     0.998828        99882       853.33
      80.703     0.999023        99903      1024.00
      81.087     0.999121        99914      1137.78
      81.407     0.999219        99923      1280.00
      82.047     0.999316        99931      1462.86
      82.303     0.999414        99941      1706.67
      82.751     0.999512        99952      2048.00
      83.199     0.999561        99956      2275.56
      83.391     0.999609        99961      2560.00
      83.839     0.999658        99965      2925.71
      84.351     0.999707        99971      3413.33
      84.735     0.999756        99976      4096.00
      84.863     0.999780        99978      4551.11
      85.055     0.999805        99982      5120.00
      85.055     0.999829        99982      5851.43
      85.631     0.999854        99985      6826.67
      85.887     0.999878        99987      8192.00
      86.015     0.999890        99991      9102.22
      86.015     0.999902        99991     10240.00
      86.015     0.999915        99991     11702.86
      86.079     0.999927        99992     13653.33
      86.207     0.999939        99993     16384.00
      86.271     0.999945        99995     18204.44
      86.271     0.999951        99995     20480.00
      86.271     0.999957        99995     23405.71
      86.335     0.999963        99996     27306.67
      86.335     0.999969        99996     32768.00
      86.847     0.999973        99998     36408.89
      86.847     0.999976        99998     40960.00
      86.847     0.999979        99998     46811.43
      86.847     0.999982        99998     54613.33
      86.847     0.999985        99998     65536.00
      86.847     0.999986        99998     72817.78
      86.847     0.999988        99998     81920.00
      86.847     0.999989        99998     93622.86
      87.295     0.999991        99999    109226.67
      87.295     1.000000        99999          inf
#[Mean    =       24.098, StdDeviation   =       11.773]
#[Max     =       87.232, Total count    =        99999]
#[Buckets =           27, SubBuckets     =         2048]
-----------------------------------------------------------------------
  119807 requests in 1.00m, 18.58MB read
Requests/sec:   1996.32  
Transfer/sec:    316.96KB
