setup: assigned thread_id=1
init: final thread_id=1, base_seed=nil
setup: assigned thread_id=2
init: final thread_id=2, base_seed=nil
setup: assigned thread_id=3
init: final thread_id=3, base_seed=nil
setup: assigned thread_id=4
init: final thread_id=4, base_seed=nil
setup: assigned thread_id=5
init: final thread_id=5, base_seed=nil
setup: assigned thread_id=6
init: final thread_id=6, base_seed=nil
setup: assigned thread_id=7
init: final thread_id=7, base_seed=nil
setup: assigned thread_id=8
init: final thread_id=8, base_seed=nil
setup: assigned thread_id=9
init: final thread_id=9, base_seed=nil
setup: assigned thread_id=10
init: final thread_id=10, base_seed=nil
setup: assigned thread_id=11
init: final thread_id=11, base_seed=nil
setup: assigned thread_id=12
init: final thread_id=12, base_seed=nil
setup: assigned thread_id=13
init: final thread_id=13, base_seed=nil
setup: assigned thread_id=14
init: final thread_id=14, base_seed=nil
setup: assigned thread_id=15
init: final thread_id=15, base_seed=nil
setup: assigned thread_id=16
init: final thread_id=16, base_seed=nil
setup: assigned thread_id=17
init: final thread_id=17, base_seed=nil
setup: assigned thread_id=18
init: final thread_id=18, base_seed=nil
setup: assigned thread_id=19
init: final thread_id=19, base_seed=nil
setup: assigned thread_id=20
init: final thread_id=20, base_seed=nil
script_want_response
Running 5m test @ http://10.10.1.1:8918
  20 threads and 200 connections

  Thread calibration: mean lat.: 12.098ms, rate sampling interval: 42ms
  Thread calibration: mean lat.: 13.963ms, rate sampling interval: 49ms
  Thread calibration: mean lat.: 15.252ms, rate sampling interval: 53ms
  Thread calibration: mean lat.: 17.196ms, rate sampling interval: 61ms
  Thread calibration: mean lat.: 19.043ms, rate sampling interval: 66ms
  Thread calibration: mean lat.: 20.681ms, rate sampling interval: 71ms
  Thread calibration: mean lat.: 23.110ms, rate sampling interval: 78ms
  Thread calibration: mean lat.: 24.739ms, rate sampling interval: 82ms
  Thread calibration: mean lat.: 25.955ms, rate sampling interval: 81ms
  Thread calibration: mean lat.: 28.166ms, rate sampling interval: 84ms
  Thread calibration: mean lat.: 29.047ms, rate sampling interval: 86ms
  Thread calibration: mean lat.: 30.411ms, rate sampling interval: 87ms
  Thread calibration: mean lat.: 30.487ms, rate sampling interval: 87ms
  Thread calibration: mean lat.: 31.231ms, rate sampling interval: 87ms
  Thread calibration: mean lat.: 31.138ms, rate sampling interval: 85ms
  Thread calibration: mean lat.: 32.490ms, rate sampling interval: 88ms
  Thread calibration: mean lat.: 30.757ms, rate sampling interval: 83ms
  Thread calibration: mean lat.: 30.109ms, rate sampling interval: 81ms
  Thread calibration: mean lat.: 28.827ms, rate sampling interval: 78ms
  Thread calibration: mean lat.: 28.008ms, rate sampling interval: 76ms

-----------------------------------------------------------------------
Test Results @ http://10.10.1.1:8918 
  Thread Stats   Avg      Stdev     99%   +/- Stdev
    Latency    33.07ms   13.92ms  63.39ms   64.69%
    Req/Sec   100.28     51.96   238.00     72.95%
  Latency Distribution (HdrHistogram - Recorded Latency)
 50.000%   33.50ms
 75.000%   43.26ms
 90.000%   50.91ms
 99.000%   63.39ms
 99.900%   72.45ms
 99.990%   81.41ms
 99.999%  124.29ms
100.000%  139.65ms

  Detailed Percentile spectrum:
       Value   Percentile   TotalCount 1/(1-Percentile)

       6.411     0.000000            1         1.00
      12.255     0.100000        58045         1.11
      20.159     0.200000       116105         1.25
      25.407     0.300000       174160         1.43
      29.567     0.400000       232115         1.67
      33.503     0.500000       290234         2.00
      35.455     0.550000       319306         2.22
      37.375     0.600000       348444         2.50
      39.263     0.650000       377244         2.86
      41.215     0.700000       406189         3.33
      43.263     0.750000       435008         4.00
      44.351     0.775000       449556         4.44
      45.503     0.800000       464338         5.00
      46.687     0.825000       478776         5.71
      47.935     0.850000       493200         6.67
      49.343     0.875000       507666         8.00
      50.111     0.887500       514964         8.89
      50.911     0.900000       522027        10.00
      51.871     0.912500       529454        11.43
      52.895     0.925000       536625        13.33
      54.079     0.937500       543903        16.00
      54.719     0.943750       547453        17.78
      55.423     0.950000       551031        20.00
      56.223     0.956250       554717        22.86
      57.087     0.962500       558318        26.67
      58.047     0.968750       561916        32.00
      58.623     0.971875       563764        35.56
      59.231     0.975000       565552        40.00
      59.935     0.978125       567372        45.71
      60.703     0.981250       569166        53.33
      61.567     0.984375       570960        64.00
      62.015     0.985938       571848        71.11
      62.495     0.987500       572768        80.00
      63.039     0.989062       573692        91.43
      63.647     0.990625       574585       106.67
      64.383     0.992188       575486       128.00
      64.831     0.992969       575949       142.22
      65.343     0.993750       576390       160.00
      65.983     0.994531       576859       182.86
      66.623     0.995313       577279       213.33
      67.327     0.996094       577732       256.00
      67.775     0.996484       577977       284.44
      68.223     0.996875       578184       320.00
      68.799     0.997266       578428       365.71
      69.375     0.997656       578647       426.67
      70.015     0.998047       578867       512.00
      70.399     0.998242       578980       568.89
      70.783     0.998437       579091       640.00
      71.295     0.998633       579214       731.43
      71.807     0.998828       579319       853.33
      72.511     0.999023       579439      1024.00
      72.831     0.999121       579486      1137.78
      73.343     0.999219       579544      1280.00
      73.983     0.999316       579607      1462.86
      74.367     0.999414       579657      1706.67
      75.199     0.999512       579714      2048.00
      75.647     0.999561       579743      2275.56
      76.031     0.999609       579770      2560.00
      76.543     0.999658       579797      2925.71
      77.311     0.999707       579827      3413.33
      78.271     0.999756       579854      4096.00
      78.783     0.999780       579869      4551.11
      79.039     0.999805       579882      5120.00
      79.487     0.999829       579896      5851.43
      79.999     0.999854       579911      6826.67
      80.767     0.999878       579927      8192.00
      81.023     0.999890       579932      9102.22
      81.471     0.999902       579940     10240.00
      82.495     0.999915       579946     11702.86
      83.391     0.999927       579953     13653.33
      84.543     0.999939       579960     16384.00
      85.311     0.999945       579964     18204.44
      85.631     0.999951       579967     20480.00
     105.407     0.999957       579971     23405.71
     113.855     0.999963       579974     27306.67
     116.159     0.999969       579979     32768.00
     116.799     0.999973       579980     36408.89
     116.991     0.999976       579981     40960.00
     117.247     0.999979       579983     46811.43
     118.335     0.999982       579985     54613.33
     120.383     0.999985       579987     65536.00
     123.647     0.999986       579988     72817.78
     123.647     0.999988       579988     81920.00
     124.287     0.999989       579989     93622.86
     124.671     0.999991       579990    109226.67
     126.591     0.999992       579991    131072.00
     129.279     0.999993       579992    145635.56
     129.279     0.999994       579992    163840.00
     129.279     0.999995       579992    187245.71
     130.175     0.999995       579993    218453.33
     130.175     0.999996       579993    262144.00
     131.455     0.999997       579994    291271.11
     131.455     0.999997       579994    327680.00
     131.455     0.999997       579994    374491.43
     131.455     0.999998       579994    436906.67
     131.455     0.999998       579994    524288.00
     139.647     0.999998       579995    582542.22
     139.647     1.000000       579995          inf
#[Mean    =       33.066, StdDeviation   =       13.917]
#[Max     =      139.520, Total count    =       579995]
#[Buckets =           27, SubBuckets     =         2048]
-----------------------------------------------------------------------
  599704 requests in 5.00m, 93.00MB read
Requests/sec:   1998.83  
Transfer/sec:    317.41KB
