setup: assigned thread_id=1
init: final thread_id=1, base_seed=nil
script_want_response
Running 1m test @ http://10.10.1.1:8918
  1 threads and 10 connections

  Thread calibration: mean lat.: 60.804ms, rate sampling interval: 105ms

-----------------------------------------------------------------------
Test Results @ http://10.10.1.1:8918 
  Thread Stats   Avg      Stdev     99%   +/- Stdev
    Latency     7.09ms  842.41us   9.45ms   74.53%
    Req/Sec   100.37     14.26   161.00     90.11%
  Latency Distribution (HdrHistogram - Recorded Latency)
 50.000%    7.03ms
 75.000%    7.55ms
 90.000%    8.13ms
 99.000%    9.45ms
 99.900%   10.15ms
 99.990%   10.86ms
 99.999%   10.86ms
100.000%   10.86ms

  Detailed Percentile spectrum:
       Value   Percentile   TotalCount 1/(1-Percentile)

       4.283     0.000000            1         1.00
       6.175     0.100000          500         1.11
       6.471     0.200000         1006         1.25
       6.671     0.300000         1503         1.43
       6.855     0.400000         2004         1.67
       7.035     0.500000         2505         2.00
       7.123     0.550000         2750         2.22
       7.219     0.600000         3009         2.50
       7.319     0.650000         3257         2.86
       7.423     0.700000         3500         3.33
       7.547     0.750000         3752         4.00
       7.611     0.775000         3879         4.44
       7.687     0.800000         4005         5.00
       7.771     0.825000         4129         5.71
       7.867     0.850000         4251         6.67
       7.979     0.875000         4378         8.00
       8.047     0.887500         4440         8.89
       8.135     0.900000         4500        10.00
       8.231     0.912500         4566        11.43
       8.359     0.925000         4626        13.33
       8.447     0.937500         4687        16.00
       8.535     0.943750         4718        17.78
       8.607     0.950000         4754        20.00
       8.671     0.956250         4783        22.86
       8.783     0.962500         4814        26.67
       8.935     0.968750         4845        32.00
       9.007     0.971875         4860        35.56
       9.071     0.975000         4876        40.00
       9.151     0.978125         4891        45.71
       9.223     0.981250         4908        53.33
       9.303     0.984375         4921        64.00
       9.351     0.985938         4930        71.11
       9.383     0.987500         4937        80.00
       9.431     0.989062         4946        91.43
       9.479     0.990625         4953       106.67
       9.559     0.992188         4960       128.00
       9.639     0.992969         4965       142.22
       9.687     0.993750         4969       160.00
       9.759     0.994531         4972       182.86
       9.783     0.995313         4976       213.33
       9.839     0.996094         4983       256.00
       9.839     0.996484         4983       284.44
       9.879     0.996875         4984       320.00
       9.911     0.997266         4986       365.71
       9.999     0.997656         4989       426.67
      10.023     0.998047         4990       512.00
      10.031     0.998242         4991       568.89
      10.039     0.998437         4992       640.00
      10.071     0.998633         4993       731.43
      10.151     0.998828         4994       853.33
      10.167     0.999023         4995      1024.00
      10.167     0.999121         4995      1137.78
      10.175     0.999219         4996      1280.00
      10.175     0.999316         4996      1462.86
      10.535     0.999414         4997      1706.67
      10.535     0.999512         4997      2048.00
      10.535     0.999561         4997      2275.56
      10.703     0.999609         4998      2560.00
      10.703     0.999658         4998      2925.71
      10.703     0.999707         4998      3413.33
      10.703     0.999756         4998      4096.00
      10.703     0.999780         4998      4551.11
      10.863     0.999805         4999      5120.00
      10.863     1.000000         4999          inf
#[Mean    =        7.090, StdDeviation   =        0.842]
#[Max     =       10.856, Total count    =         4999]
#[Buckets =           27, SubBuckets     =         2048]
-----------------------------------------------------------------------
  5991 requests in 1.00m, 0.93MB read
Requests/sec:     99.83  
Transfer/sec:     15.86KB
