setup: assigned thread_id=1
init: final thread_id=1, base_seed=nil
setup: assigned thread_id=2
init: final thread_id=2, base_seed=nil
setup: assigned thread_id=3
init: final thread_id=3, base_seed=nil
setup: assigned thread_id=4
init: final thread_id=4, base_seed=nil
setup: assigned thread_id=5
init: final thread_id=5, base_seed=nil
setup: assigned thread_id=6
init: final thread_id=6, base_seed=nil
setup: assigned thread_id=7
init: final thread_id=7, base_seed=nil
setup: assigned thread_id=8
init: final thread_id=8, base_seed=nil
setup: assigned thread_id=9
init: final thread_id=9, base_seed=nil
setup: assigned thread_id=10
init: final thread_id=10, base_seed=nil
setup: assigned thread_id=11
init: final thread_id=11, base_seed=nil
setup: assigned thread_id=12
init: final thread_id=12, base_seed=nil
setup: assigned thread_id=13
init: final thread_id=13, base_seed=nil
setup: assigned thread_id=14
init: final thread_id=14, base_seed=nil
setup: assigned thread_id=15
init: final thread_id=15, base_seed=nil
setup: assigned thread_id=16
init: final thread_id=16, base_seed=nil
setup: assigned thread_id=17
init: final thread_id=17, base_seed=nil
setup: assigned thread_id=18
init: final thread_id=18, base_seed=nil
setup: assigned thread_id=19
init: final thread_id=19, base_seed=nil
setup: assigned thread_id=20
init: final thread_id=20, base_seed=nil
setup: assigned thread_id=21
init: final thread_id=21, base_seed=nil
setup: assigned thread_id=22
init: final thread_id=22, base_seed=nil
setup: assigned thread_id=23
init: final thread_id=23, base_seed=nil
setup: assigned thread_id=24
init: final thread_id=24, base_seed=nil
setup: assigned thread_id=25
init: final thread_id=25, base_seed=nil
setup: assigned thread_id=26
init: final thread_id=26, base_seed=nil
setup: assigned thread_id=27
init: final thread_id=27, base_seed=nil
setup: assigned thread_id=28
init: final thread_id=28, base_seed=nil
setup: assigned thread_id=29
init: final thread_id=29, base_seed=nil
setup: assigned thread_id=30
init: final thread_id=30, base_seed=nil
setup: assigned thread_id=31
init: final thread_id=31, base_seed=nil
setup: assigned thread_id=32
init: final thread_id=32, base_seed=nil
script_want_response
Running 5m test @ http://10.10.1.1:23821
  32 threads and 313 connections

  Thread calibration: mean lat.: 32.536ms, rate sampling interval: 109ms
  Thread calibration: mean lat.: 34.788ms, rate sampling interval: 121ms
  Thread calibration: mean lat.: 37.081ms, rate sampling interval: 123ms
  Thread calibration: mean lat.: 40.956ms, rate sampling interval: 137ms
  Thread calibration: mean lat.: 43.949ms, rate sampling interval: 144ms
  Thread calibration: mean lat.: 45.433ms, rate sampling interval: 140ms
  Thread calibration: mean lat.: 48.668ms, rate sampling interval: 147ms
  Thread calibration: mean lat.: 50.470ms, rate sampling interval: 146ms
  Thread calibration: mean lat.: 53.319ms, rate sampling interval: 152ms
  Thread calibration: mean lat.: 55.299ms, rate sampling interval: 155ms
  Thread calibration: mean lat.: 55.398ms, rate sampling interval: 151ms
  Thread calibration: mean lat.: 57.655ms, rate sampling interval: 159ms
  Thread calibration: mean lat.: 57.772ms, rate sampling interval: 153ms
  Thread calibration: mean lat.: 59.012ms, rate sampling interval: 156ms
  Thread calibration: mean lat.: 58.907ms, rate sampling interval: 156ms
  Thread calibration: mean lat.: 59.187ms, rate sampling interval: 155ms
  Thread calibration: mean lat.: 59.286ms, rate sampling interval: 163ms
  Thread calibration: mean lat.: 59.901ms, rate sampling interval: 159ms
  Thread calibration: mean lat.: 59.212ms, rate sampling interval: 161ms
  Thread calibration: mean lat.: 58.926ms, rate sampling interval: 161ms
  Thread calibration: mean lat.: 58.912ms, rate sampling interval: 161ms
  Thread calibration: mean lat.: 58.598ms, rate sampling interval: 161ms
  Thread calibration: mean lat.: 56.158ms, rate sampling interval: 158ms
  Thread calibration: mean lat.: 52.055ms, rate sampling interval: 157ms
  Thread calibration: mean lat.: 48.869ms, rate sampling interval: 146ms
  Thread calibration: mean lat.: 47.734ms, rate sampling interval: 145ms
  Thread calibration: mean lat.: 47.584ms, rate sampling interval: 149ms
  Thread calibration: mean lat.: 41.543ms, rate sampling interval: 124ms
  Thread calibration: mean lat.: 40.896ms, rate sampling interval: 122ms
  Thread calibration: mean lat.: 39.511ms, rate sampling interval: 119ms
  Thread calibration: mean lat.: 34.461ms, rate sampling interval: 103ms
  Thread calibration: mean lat.: 33.554ms, rate sampling interval: 100ms

-----------------------------------------------------------------------
Test Results @ http://10.10.1.1:23821 
  Thread Stats   Avg      Stdev     99%   +/- Stdev
    Latency    71.48ms   35.14ms 183.93ms   73.03%
    Req/Sec    77.81     21.97   129.00     79.45%
  Latency Distribution (HdrHistogram - Recorded Latency)
 50.000%   66.37ms
 75.000%   88.25ms
 90.000%  115.97ms
 99.000%  183.93ms
 99.900%  237.57ms
 99.990%  293.89ms
 99.999%  338.69ms
100.000%  364.54ms

  Detailed Percentile spectrum:
       Value   Percentile   TotalCount 1/(1-Percentile)

      11.535     0.000000            1         1.00
      32.351     0.100000        72472         1.11
      42.847     0.200000       144909         1.25
      50.751     0.300000       217414         1.43
      58.367     0.400000       289710         1.67
      66.367     0.500000       362023         2.00
      70.271     0.550000       398700         2.22
      74.111     0.600000       434619         2.50
      78.143     0.650000       470655         2.86
      82.815     0.700000       507118         3.33
      88.255     0.750000       543073         4.00
      91.519     0.775000       561249         4.44
      95.039     0.800000       579314         5.00
      99.007     0.825000       597268         5.71
     103.679     0.850000       615425         6.67
     109.119     0.875000       633511         8.00
     112.191     0.887500       642436         8.89
     115.967     0.900000       651539        10.00
     120.319     0.912500       660552        11.43
     126.271     0.925000       669579        13.33
     133.375     0.937500       678660        16.00
     137.471     0.943750       683122        17.78
     141.567     0.950000       687638        20.00
     145.791     0.956250       692271        22.86
     149.759     0.962500       696741        26.67
     154.111     0.968750       701296        32.00
     156.543     0.971875       703501        35.56
     159.615     0.975000       705781        40.00
     163.455     0.978125       708018        45.71
     167.807     0.981250       710252        53.33
     172.543     0.984375       712507        64.00
     175.359     0.985938       713668        71.11
     178.431     0.987500       714790        80.00
     181.759     0.989062       715898        91.43
     185.727     0.990625       717040       106.67
     190.591     0.992188       718181       128.00
     193.279     0.992969       718732       142.22
     196.735     0.993750       719300       160.00
     200.447     0.994531       719863       182.86
     205.311     0.995313       720416       213.33
     210.687     0.996094       720995       256.00
     213.375     0.996484       721267       284.44
     216.063     0.996875       721557       320.00
     218.751     0.997266       721835       365.71
     221.567     0.997656       722114       426.67
     224.767     0.998047       722404       512.00
     226.815     0.998242       722545       568.89
     228.991     0.998437       722684       640.00
     231.807     0.998633       722826       731.43
     234.495     0.998828       722963       853.33
     238.463     0.999023       723102      1024.00
     241.151     0.999121       723176      1137.78
     243.583     0.999219       723243      1280.00
     246.399     0.999316       723316      1462.86
     249.983     0.999414       723386      1706.67
     254.463     0.999512       723462      2048.00
     256.639     0.999561       723490      2275.56
     260.863     0.999609       723528      2560.00
     263.935     0.999658       723561      2925.71
     266.495     0.999707       723596      3413.33
     271.359     0.999756       723632      4096.00
     274.687     0.999780       723650      4551.11
     278.527     0.999805       723669      5120.00
     280.831     0.999829       723685      5851.43
     284.927     0.999854       723702      6826.67
     290.303     0.999878       723720      8192.00
     292.351     0.999890       723729      9102.22
     294.399     0.999902       723738     10240.00
     297.727     0.999915       723747     11702.86
     301.823     0.999927       723755     13653.33
     304.895     0.999939       723764     16384.00
     306.431     0.999945       723769     18204.44
     307.711     0.999951       723773     20480.00
     310.527     0.999957       723779     23405.71
     313.087     0.999963       723783     27306.67
     314.111     0.999969       723786     32768.00
     319.743     0.999973       723789     36408.89
     321.279     0.999976       723791     40960.00
     326.911     0.999979       723793     46811.43
     331.263     0.999982       723795     54613.33
     332.799     0.999985       723797     65536.00
     335.615     0.999986       723799     72817.78
     338.175     0.999988       723800     81920.00
     338.687     0.999989       723801     93622.86
     341.503     0.999991       723802    109226.67
     343.039     0.999992       723803    131072.00
     350.207     0.999993       723804    145635.56
     350.207     0.999994       723804    163840.00
     350.719     0.999995       723805    187245.71
     350.719     0.999995       723805    218453.33
     356.351     0.999996       723806    262144.00
     356.351     0.999997       723806    291271.11
     356.351     0.999997       723806    327680.00
     358.911     0.999997       723807    374491.43
     358.911     0.999998       723807    436906.67
     358.911     0.999998       723807    524288.00
     358.911     0.999998       723807    582542.22
     358.911     0.999998       723807    655360.00
     364.543     0.999999       723808    748982.86
     364.543     1.000000       723808          inf
#[Mean    =       71.482, StdDeviation   =       35.144]
#[Max     =      364.288, Total count    =       723808]
#[Buckets =           27, SubBuckets     =         2048]
-----------------------------------------------------------------------
  748295 requests in 5.00m, 116.04MB read
Requests/sec:   2494.83  
Transfer/sec:    396.16KB
