setup: assigned thread_id=1
init: final thread_id=1, base_seed=nil
script_want_response
Running 1m test @ http://10.10.1.1:23821
  1 threads and 10 connections

  Thread calibration: mean lat.: 13.154ms, rate sampling interval: 28ms

-----------------------------------------------------------------------
Test Results @ http://10.10.1.1:23821 
  Thread Stats   Avg      Stdev     99%   +/- Stdev
    Latency    13.08ms    1.28ms  15.46ms   90.46%
    Req/Sec   101.63    151.07   370.00     75.35%
  Latency Distribution (HdrHistogram - Recorded Latency)
 50.000%   12.89ms
 75.000%   13.46ms
 90.000%   14.18ms
 99.000%   15.46ms
 99.900%   32.74ms
 99.990%   36.48ms
 99.999%   37.60ms
100.000%   37.60ms

  Detailed Percentile spectrum:
       Value   Percentile   TotalCount 1/(1-Percentile)

      11.207     0.000000            1         1.00
      12.135     0.100000          510         1.11
      12.359     0.200000         1003         1.25
      12.543     0.300000         1523         1.43
      12.711     0.400000         2011         1.67
      12.887     0.500000         2517         2.00
      12.975     0.550000         2755         2.22
      13.079     0.600000         3015         2.50
      13.183     0.650000         3265         2.86
      13.311     0.700000         3504         3.33
      13.463     0.750000         3760         4.00
      13.559     0.775000         3881         4.44
      13.647     0.800000         4004         5.00
      13.751     0.825000         4126         5.71
      13.879     0.850000         4255         6.67
      14.039     0.875000         4377         8.00
      14.119     0.887500         4446         8.89
      14.183     0.900000         4504        10.00
      14.271     0.912500         4570        11.43
      14.359     0.925000         4627        13.33
      14.463     0.937500         4688        16.00
      14.511     0.943750         4720        17.78
      14.591     0.950000         4754        20.00
      14.655     0.956250         4785        22.86
      14.703     0.962500         4813        26.67
      14.815     0.968750         4844        32.00
      14.887     0.971875         4860        35.56
      14.943     0.975000         4876        40.00
      14.999     0.978125         4892        45.71
      15.079     0.981250         4907        53.33
      15.167     0.984375         4923        64.00
      15.215     0.985938         4930        71.11
      15.319     0.987500         4938        80.00
      15.407     0.989062         4946        91.43
      15.551     0.990625         4955       106.67
      15.727     0.992188         4961       128.00
      15.831     0.992969         4965       142.22
      16.079     0.993750         4969       160.00
      16.431     0.994531         4973       182.86
      17.599     0.995313         4977       213.33
      17.967     0.996094         4981       256.00
      18.511     0.996484         4983       284.44
      18.991     0.996875         4985       320.00
      22.095     0.997266         4987       365.71
      28.431     0.997656         4989       426.67
      29.807     0.998047         4991       512.00
      30.367     0.998242         4992       568.89
      30.959     0.998437         4993       640.00
      31.455     0.998633         4994       731.43
      32.735     0.998828         4995       853.33
      33.247     0.999023         4996      1024.00
      33.247     0.999121         4996      1137.78
      34.335     0.999219         4997      1280.00
      34.335     0.999316         4997      1462.86
      34.879     0.999414         4998      1706.67
      34.879     0.999512         4998      2048.00
      34.879     0.999561         4998      2275.56
      36.479     0.999609         4999      2560.00
      36.479     0.999658         4999      2925.71
      36.479     0.999707         4999      3413.33
      36.479     0.999756         4999      4096.00
      36.479     0.999780         4999      4551.11
      37.599     0.999805         5000      5120.00
      37.599     1.000000         5000          inf
#[Mean    =       13.075, StdDeviation   =        1.282]
#[Max     =       37.568, Total count    =         5000]
#[Buckets =           27, SubBuckets     =         2048]
-----------------------------------------------------------------------
  5990 requests in 1.00m, 0.93MB read
Requests/sec:     99.81  
Transfer/sec:     15.86KB
