setup: assigned thread_id=1
init: final thread_id=1, base_seed=nil
setup: assigned thread_id=2
init: final thread_id=2, base_seed=nil
setup: assigned thread_id=3
init: final thread_id=3, base_seed=nil
setup: assigned thread_id=4
init: final thread_id=4, base_seed=nil
setup: assigned thread_id=5
init: final thread_id=5, base_seed=nil
setup: assigned thread_id=6
init: final thread_id=6, base_seed=nil
setup: assigned thread_id=7
init: final thread_id=7, base_seed=nil
setup: assigned thread_id=8
init: final thread_id=8, base_seed=nil
setup: assigned thread_id=9
init: final thread_id=9, base_seed=nil
setup: assigned thread_id=10
init: final thread_id=10, base_seed=nil
setup: assigned thread_id=11
init: final thread_id=11, base_seed=nil
setup: assigned thread_id=12
init: final thread_id=12, base_seed=nil
setup: assigned thread_id=13
init: final thread_id=13, base_seed=nil
setup: assigned thread_id=14
init: final thread_id=14, base_seed=nil
setup: assigned thread_id=15
init: final thread_id=15, base_seed=nil
setup: assigned thread_id=16
init: final thread_id=16, base_seed=nil
setup: assigned thread_id=17
init: final thread_id=17, base_seed=nil
setup: assigned thread_id=18
init: final thread_id=18, base_seed=nil
setup: assigned thread_id=19
init: final thread_id=19, base_seed=nil
setup: assigned thread_id=20
init: final thread_id=20, base_seed=nil
script_want_response
Running 1m test @ http://10.10.1.1:13237
  20 threads and 200 connections

  Thread calibration: mean lat.: 9.800ms, rate sampling interval: 27ms
  Thread calibration: mean lat.: 10.515ms, rate sampling interval: 30ms
  Thread calibration: mean lat.: 11.688ms, rate sampling interval: 37ms
  Thread calibration: mean lat.: 13.353ms, rate sampling interval: 44ms
  Thread calibration: mean lat.: 14.398ms, rate sampling interval: 49ms
  Thread calibration: mean lat.: 16.448ms, rate sampling interval: 58ms
  Thread calibration: mean lat.: 17.788ms, rate sampling interval: 60ms
  Thread calibration: mean lat.: 18.800ms, rate sampling interval: 63ms
  Thread calibration: mean lat.: 20.691ms, rate sampling interval: 66ms
  Thread calibration: mean lat.: 21.394ms, rate sampling interval: 65ms
  Thread calibration: mean lat.: 22.531ms, rate sampling interval: 65ms
  Thread calibration: mean lat.: 23.490ms, rate sampling interval: 65ms
  Thread calibration: mean lat.: 24.119ms, rate sampling interval: 66ms
  Thread calibration: mean lat.: 24.267ms, rate sampling interval: 65ms
  Thread calibration: mean lat.: 24.077ms, rate sampling interval: 63ms
  Thread calibration: mean lat.: 23.935ms, rate sampling interval: 63ms
  Thread calibration: mean lat.: 23.514ms, rate sampling interval: 61ms
  Thread calibration: mean lat.: 23.227ms, rate sampling interval: 59ms
  Thread calibration: mean lat.: 22.786ms, rate sampling interval: 58ms
  Thread calibration: mean lat.: 22.118ms, rate sampling interval: 57ms

-----------------------------------------------------------------------
Test Results @ http://10.10.1.1:13237 
  Thread Stats   Avg      Stdev     99%   +/- Stdev
    Latency    22.69ms   12.01ms  65.66ms   72.02%
    Req/Sec   100.75     89.03   370.00     60.98%
  Latency Distribution (HdrHistogram - Recorded Latency)
 50.000%   21.53ms
 75.000%   28.50ms
 90.000%   36.48ms
 99.000%   65.66ms
 99.900%   87.36ms
 99.990%   92.10ms
 99.999%   95.23ms
100.000%  174.08ms

  Detailed Percentile spectrum:
       Value   Percentile   TotalCount 1/(1-Percentile)

       5.759     0.000000            1         1.00
       9.055     0.100000        10007         1.11
      11.743     0.200000        20015         1.25
      15.223     0.300000        30016         1.43
      18.783     0.400000        40045         1.67
      21.535     0.500000        50019         2.00
      22.847     0.550000        55051         2.22
      24.143     0.600000        60019         2.50
      25.471     0.650000        65004         2.86
      26.911     0.700000        70036         3.33
      28.495     0.750000        75009         4.00
      29.391     0.775000        77500         4.44
      30.383     0.800000        79995         5.00
      31.535     0.825000        82512         5.71
      32.863     0.850000        85020         6.67
      34.431     0.875000        87495         8.00
      35.391     0.887500        88766         8.89
      36.479     0.900000        90010        10.00
      37.759     0.912500        91251        11.43
      39.359     0.925000        92509        13.33
      41.311     0.937500        93758        16.00
      42.495     0.943750        94384        17.78
      43.839     0.950000        95005        20.00
      45.439     0.956250        95627        22.86
      47.487     0.962500        96249        26.67
      50.015     0.968750        96872        32.00
      51.519     0.971875        97182        35.56
      53.119     0.975000        97496        40.00
      54.943     0.978125        97809        45.71
      56.831     0.981250        98119        53.33
      59.647     0.984375        98430        64.00
      61.151     0.985938        98588        71.11
      62.879     0.987500        98744        80.00
      64.607     0.989062        98901        91.43
      66.431     0.990625        99061       106.67
      68.479     0.992188        99211       128.00
      70.143     0.992969        99290       142.22
      71.743     0.993750        99368       160.00
      73.727     0.994531        99448       182.86
      75.583     0.995313        99525       213.33
      77.951     0.996094        99602       256.00
      79.231     0.996484        99642       284.44
      80.127     0.996875        99681       320.00
      81.279     0.997266        99721       365.71
      82.367     0.997656        99758       426.67
      83.647     0.998047        99799       512.00
      84.095     0.998242        99817       568.89
      84.863     0.998437        99837       640.00
      85.695     0.998633        99856       731.43
      86.975     0.998828        99875       853.33
      87.423     0.999023        99895      1024.00
      87.807     0.999121        99905      1137.78
      88.191     0.999219        99916      1280.00
      88.639     0.999316        99924      1462.86
      89.215     0.999414        99937      1706.67
      89.727     0.999512        99944      2048.00
      89.983     0.999561        99949      2275.56
      90.239     0.999609        99954      2560.00
      90.559     0.999658        99958      2925.71
      90.751     0.999707        99964      3413.33
      91.071     0.999756        99969      4096.00
      91.135     0.999780        99971      4551.11
      91.263     0.999805        99973      5120.00
      91.775     0.999829        99975      5851.43
      91.967     0.999854        99979      6826.67
      92.031     0.999878        99980      8192.00
      92.095     0.999890        99985      9102.22
      92.095     0.999902        99985     10240.00
      92.095     0.999915        99985     11702.86
      92.095     0.999927        99985     13653.33
      92.159     0.999939        99986     16384.00
      92.223     0.999945        99987     18204.44
      92.479     0.999951        99988     20480.00
      92.479     0.999957        99988     23405.71
      93.247     0.999963        99990     27306.67
      93.247     0.999969        99990     32768.00
      93.247     0.999973        99990     36408.89
      93.247     0.999976        99990     40960.00
      93.247     0.999979        99990     46811.43
      95.231     0.999982        99991     54613.33
      95.231     0.999985        99991     65536.00
      95.231     0.999986        99991     72817.78
      95.231     0.999988        99991     81920.00
      95.231     0.999989        99991     93622.86
     174.079     0.999991        99992    109226.67
     174.079     1.000000        99992          inf
#[Mean    =       22.692, StdDeviation   =       12.012]
#[Max     =      173.952, Total count    =        99992]
#[Buckets =           27, SubBuckets     =         2048]
-----------------------------------------------------------------------
  119811 requests in 1.00m, 18.58MB read
Requests/sec:   1996.32  
Transfer/sec:    317.06KB
