Running 5m test @ http://10.10.1.1:15564/Spam?n=100
  9 threads and 18 connections

  Thread calibration: mean lat.: 2.595ms, rate sampling interval: 10ms
  Thread calibration: mean lat.: 0.732ms, rate sampling interval: 10ms
  Thread calibration: mean lat.: 0.905ms, rate sampling interval: 10ms
  Thread calibration: mean lat.: 2.542ms, rate sampling interval: 10ms
  Thread calibration: mean lat.: 0.855ms, rate sampling interval: 10ms
  Thread calibration: mean lat.: 0.855ms, rate sampling interval: 10ms
  Thread calibration: mean lat.: 0.750ms, rate sampling interval: 10ms
  Thread calibration: mean lat.: 0.728ms, rate sampling interval: 10ms
  Thread calibration: mean lat.: 0.733ms, rate sampling interval: 10ms

-----------------------------------------------------------------------
Test Results @ http://10.10.1.1:15564/Spam?n=100 
  Thread Stats   Avg      Stdev     99%   +/- Stdev
    Latency     0.98ms    2.57ms   4.62ms   98.63%
    Req/Sec   478.67     80.18   666.00     89.08%
  Latency Distribution (HdrHistogram - Recorded Latency)
 50.000%  694.00us
 75.000%    0.99ms
 90.000%    1.24ms
 99.000%    4.62ms
 99.900%   35.33ms
 99.990%  112.25ms
 99.999%  165.25ms
100.000%  195.33ms

  Detailed Percentile spectrum:
       Value   Percentile   TotalCount 1/(1-Percentile)

       0.038     0.000000            1         1.00
       0.514     0.100000       120482         1.11
       0.547     0.200000       237995         1.25
       0.583     0.300000       355928         1.43
       0.629     0.400000       475010         1.67
       0.694     0.500000       593731         2.00
       0.738     0.550000       651781         2.22
       0.789     0.600000       711740         2.50
       0.845     0.650000       771032         2.86
       0.913     0.700000       829771         3.33
       0.994     0.750000       889169         4.00
       1.038     0.775000       918923         4.44
       1.082     0.800000       948541         5.00
       1.122     0.825000       978410         5.71
       1.160     0.850000      1007900         6.67
       1.195     0.875000      1037246         8.00
       1.216     0.887500      1052297         8.89
       1.240     0.900000      1066844        10.00
       1.271     0.912500      1081667        11.43
       1.316     0.925000      1096373        13.33
       1.386     0.937500      1110961        16.00
       1.439     0.943750      1118427        17.78
       1.517     0.950000      1125798        20.00
       1.639     0.956250      1133188        22.86
       1.816     0.962500      1140603        26.67
       2.077     0.968750      1147990        32.00
       2.243     0.971875      1151710        35.56
       2.413     0.975000      1155412        40.00
       2.605     0.978125      1159120        45.71
       2.853     0.981250      1162797        53.33
       3.219     0.984375      1166503        64.00
       3.485     0.985938      1168342        71.11
       3.839     0.987500      1170202        80.00
       4.291     0.989062      1172054        91.43
       4.871     0.990625      1173902       106.67
       5.615     0.992188      1175749       128.00
       6.103     0.992969      1176683       142.22
       6.639     0.993750      1177602       160.00
       7.359     0.994531      1178524       182.86
       8.335     0.995313      1179452       213.33
       9.663     0.996094      1180381       256.00
      10.559     0.996484      1180841       284.44
      11.687     0.996875      1181301       320.00
      13.255     0.997266      1181764       365.71
      15.311     0.997656      1182227       426.67
      18.799     0.998047      1182690       512.00
      20.991     0.998242      1182923       568.89
      23.727     0.998437      1183153       640.00
      27.039     0.998633      1183384       731.43
      31.055     0.998828      1183617       853.33
      35.903     0.999023      1183847      1024.00
      39.103     0.999121      1183963      1137.78
      42.431     0.999219      1184079      1280.00
      46.527     0.999316      1184194      1462.86
      51.391     0.999414      1184311      1706.67
      57.311     0.999512      1184426      2048.00
      60.959     0.999561      1184484      2275.56
      64.831     0.999609      1184542      2560.00
      69.503     0.999658      1184600      2925.71
      75.519     0.999707      1184657      3413.33
      81.023     0.999756      1184715      4096.00
      84.607     0.999780      1184744      4551.11
      88.703     0.999805      1184773      5120.00
      94.143     0.999829      1184802      5851.43
     100.415     0.999854      1184831      6826.67
     106.047     0.999878      1184860      8192.00
     109.055     0.999890      1184874      9102.22
     114.239     0.999902      1184889     10240.00
     119.231     0.999915      1184903     11702.86
     123.583     0.999927      1184918     13653.33
     129.023     0.999939      1184932     16384.00
     131.967     0.999945      1184939     18204.44
     135.167     0.999951      1184947     20480.00
     136.831     0.999957      1184954     23405.71
     141.695     0.999963      1184961     27306.67
     144.127     0.999969      1184968     32768.00
     147.199     0.999973      1184972     36408.89
     150.015     0.999976      1184976     40960.00
     151.423     0.999979      1184979     46811.43
     154.623     0.999982      1184983     54613.33
     158.335     0.999985      1184986     65536.00
     159.231     0.999986      1184988     72817.78
     161.791     0.999988      1184990     81920.00
     165.247     0.999989      1184992     93622.86
     166.143     0.999991      1184994    109226.67
     169.855     0.999992      1184995    131072.00
     170.239     0.999993      1184996    145635.56
     172.543     0.999994      1184997    163840.00
     173.311     0.999995      1184998    187245.71
     176.767     0.999995      1184999    218453.33
     180.223     0.999996      1185000    262144.00
     180.223     0.999997      1185000    291271.11
     184.191     0.999997      1185001    327680.00
     184.191     0.999997      1185001    374491.43
     187.775     0.999998      1185002    436906.67
     187.775     0.999998      1185002    524288.00
     187.775     0.999998      1185002    582542.22
     191.231     0.999998      1185003    655360.00
     191.231     0.999999      1185003    748982.86
     191.231     0.999999      1185003    873813.33
     191.231     0.999999      1185003   1048576.00
     191.231     0.999999      1185003   1165084.44
     195.327     0.999999      1185004   1310720.00
     195.327     1.000000      1185004          inf
#[Mean    =        0.976, StdDeviation   =        2.569]
#[Max     =      195.200, Total count    =      1185004]
#[Buckets =           27, SubBuckets     =         2048]
-----------------------------------------------------------------------
  1225866 requests in 5.00m, 151.98MB read
Requests/sec:   4086.18  
Transfer/sec:    518.75KB
