setup: assigned thread_id=1
init: final thread_id=1, base_seed=nil
script_want_response
Running 2m test @ http://10.10.1.1:13237
  1 threads and 10 connections

  Thread calibration: mean lat.: 60.978ms, rate sampling interval: 109ms

-----------------------------------------------------------------------
Test Results @ http://10.10.1.1:13237 
  Thread Stats   Avg      Stdev     99%   +/- Stdev
    Latency     7.61ms    1.02ms  10.09ms   70.40%
    Req/Sec    99.83     22.49   183.00     89.82%
  Latency Distribution (HdrHistogram - Recorded Latency)
 50.000%    7.47ms
 75.000%    8.30ms
 90.000%    8.96ms
 99.000%   10.09ms
 99.900%   11.64ms
 99.990%   18.09ms
 99.999%   18.77ms
100.000%   18.77ms

  Detailed Percentile spectrum:
       Value   Percentile   TotalCount 1/(1-Percentile)

       4.523     0.000000            1         1.00
       6.487     0.100000          906         1.11
       6.783     0.200000         1806         1.25
       7.011     0.300000         2704         1.43
       7.239     0.400000         3611         1.67
       7.467     0.500000         4506         2.00
       7.599     0.550000         4959         2.22
       7.759     0.600000         5406         2.50
       7.927     0.650000         5851         2.86
       8.107     0.700000         6306         3.33
       8.295     0.750000         6765         4.00
       8.399     0.775000         6991         4.44
       8.495     0.800000         7199         5.00
       8.599     0.825000         7427         5.71
       8.703     0.850000         7649         6.67
       8.823     0.875000         7886         8.00
       8.879     0.887500         7988         8.89
       8.959     0.900000         8109        10.00
       9.023     0.912500         8223        11.43
       9.111     0.925000         8328        13.33
       9.191     0.937500         8444        16.00
       9.239     0.943750         8501        17.78
       9.287     0.950000         8552        20.00
       9.359     0.956250         8607        22.86
       9.439     0.962500         8664        26.67
       9.511     0.968750         8718        32.00
       9.551     0.971875         8749        35.56
       9.607     0.975000         8778        40.00
       9.679     0.978125         8804        45.71
       9.743     0.981250         8830        53.33
       9.839     0.984375         8858        64.00
       9.895     0.985938         8873        71.11
       9.951     0.987500         8886        80.00
      10.063     0.989062         8901        91.43
      10.119     0.990625         8914       106.67
      10.183     0.992188         8929       128.00
      10.239     0.992969         8935       142.22
      10.303     0.993750         8942       160.00
      10.359     0.994531         8950       182.86
      10.463     0.995313         8956       213.33
      10.663     0.996094         8963       256.00
      10.751     0.996484         8967       284.44
      10.807     0.996875         8970       320.00
      10.927     0.997266         8974       365.71
      10.951     0.997656         8977       426.67
      11.071     0.998047         8981       512.00
      11.263     0.998242         8983       568.89
      11.303     0.998437         8984       640.00
      11.519     0.998633         8986       731.43
      11.591     0.998828         8988       853.33
      11.751     0.999023         8990      1024.00
      11.799     0.999121         8991      1137.78
      11.799     0.999219         8991      1280.00
      12.215     0.999316         8992      1462.86
      15.927     0.999414         8993      1706.67
      16.119     0.999512         8994      2048.00
      16.367     0.999561         8995      2275.56
      16.367     0.999609         8995      2560.00
      16.367     0.999658         8995      2925.71
      17.967     0.999707         8996      3413.33
      17.967     0.999756         8996      4096.00
      18.095     0.999780         8997      4551.11
      18.095     0.999805         8997      5120.00
      18.095     0.999829         8997      5851.43
      18.095     0.999854         8997      6826.67
      18.095     0.999878         8997      8192.00
      18.767     0.999890         8998      9102.22
      18.767     1.000000         8998          inf
#[Mean    =        7.607, StdDeviation   =        1.020]
#[Max     =       18.752, Total count    =         8998]
#[Buckets =           27, SubBuckets     =         2048]
-----------------------------------------------------------------------
  9991 requests in 1.67m, 1.55MB read
Requests/sec:     99.90  
Transfer/sec:     15.86KB
