setup: assigned thread_id=1
init: final thread_id=1, base_seed=nil
script_want_response
Running 2m test @ http://10.10.1.1:21091
  1 threads and 10 connections

  Thread calibration: mean lat.: 60.976ms, rate sampling interval: 109ms

-----------------------------------------------------------------------
Test Results @ http://10.10.1.1:21091 
  Thread Stats   Avg      Stdev     99%   +/- Stdev
    Latency     7.74ms    0.86ms   9.96ms   72.07%
    Req/Sec    99.80     20.85   183.00     86.42%
  Latency Distribution (HdrHistogram - Recorded Latency)
 50.000%    7.68ms
 75.000%    8.28ms
 90.000%    8.81ms
 99.000%    9.96ms
 99.900%   11.11ms
 99.990%   14.50ms
 99.999%   15.59ms
100.000%   15.59ms

  Detailed Percentile spectrum:
       Value   Percentile   TotalCount 1/(1-Percentile)

       4.587     0.000000            1         1.00
       6.731     0.100000          903         1.11
       7.055     0.200000         1806         1.25
       7.279     0.300000         2709         1.43
       7.471     0.400000         3605         1.67
       7.683     0.500000         4509         2.00
       7.795     0.550000         4961         2.22
       7.899     0.600000         5413         2.50
       8.011     0.650000         5849         2.86
       8.135     0.700000         6299         3.33
       8.279     0.750000         6770         4.00
       8.343     0.775000         6979         4.44
       8.423     0.800000         7203         5.00
       8.503     0.825000         7433         5.71
       8.591     0.850000         7667         6.67
       8.687     0.875000         7874         8.00
       8.743     0.887500         7994         8.89
       8.815     0.900000         8108        10.00
       8.887     0.912500         8219        11.43
       8.967     0.925000         8324        13.33
       9.079     0.937500         8447        16.00
       9.127     0.943750         8495        17.78
       9.183     0.950000         8552        20.00
       9.247     0.956250         8612        22.86
       9.319     0.962500         8661        26.67
       9.399     0.968750         8719        32.00
       9.455     0.971875         8747        35.56
       9.543     0.975000         8775        40.00
       9.583     0.978125         8802        45.71
       9.663     0.981250         8830        53.33
       9.743     0.984375         8859        64.00
       9.775     0.985938         8872        71.11
       9.831     0.987500         8887        80.00
       9.895     0.989062         8900        91.43
       9.975     0.990625         8914       106.67
      10.127     0.992188         8928       128.00
      10.183     0.992969         8937       142.22
      10.207     0.993750         8942       160.00
      10.279     0.994531         8949       182.86
      10.343     0.995313         8956       213.33
      10.415     0.996094         8963       256.00
      10.455     0.996484         8968       284.44
      10.495     0.996875         8970       320.00
      10.655     0.997266         8974       365.71
      10.775     0.997656         8977       426.67
      10.951     0.998047         8982       512.00
      10.959     0.998242         8983       568.89
      10.991     0.998437         8984       640.00
      11.055     0.998633         8986       731.43
      11.111     0.998828         8989       853.33
      11.143     0.999023         8990      1024.00
      11.343     0.999121         8991      1137.78
      11.343     0.999219         8991      1280.00
      11.487     0.999316         8992      1462.86
      11.951     0.999414         8993      1706.67
      12.127     0.999512         8994      2048.00
      12.431     0.999561         8995      2275.56
      12.431     0.999609         8995      2560.00
      12.431     0.999658         8995      2925.71
      14.359     0.999707         8996      3413.33
      14.359     0.999756         8996      4096.00
      14.503     0.999780         8997      4551.11
      14.503     0.999805         8997      5120.00
      14.503     0.999829         8997      5851.43
      14.503     0.999854         8997      6826.67
      14.503     0.999878         8997      8192.00
      15.591     0.999890         8998      9102.22
      15.591     1.000000         8998          inf
#[Mean    =        7.735, StdDeviation   =        0.863]
#[Max     =       15.584, Total count    =         8998]
#[Buckets =           27, SubBuckets     =         2048]
-----------------------------------------------------------------------
  9991 requests in 1.67m, 1.55MB read
Requests/sec:     99.90  
Transfer/sec:     15.86KB
