setup: assigned thread_id=1
init: final thread_id=1, base_seed=nil
setup: assigned thread_id=2
init: final thread_id=2, base_seed=nil
setup: assigned thread_id=3
init: final thread_id=3, base_seed=nil
setup: assigned thread_id=4
init: final thread_id=4, base_seed=nil
setup: assigned thread_id=5
init: final thread_id=5, base_seed=nil
setup: assigned thread_id=6
init: final thread_id=6, base_seed=nil
setup: assigned thread_id=7
init: final thread_id=7, base_seed=nil
setup: assigned thread_id=8
init: final thread_id=8, base_seed=nil
setup: assigned thread_id=9
init: final thread_id=9, base_seed=nil
setup: assigned thread_id=10
init: final thread_id=10, base_seed=nil
setup: assigned thread_id=11
init: final thread_id=11, base_seed=nil
setup: assigned thread_id=12
init: final thread_id=12, base_seed=nil
setup: assigned thread_id=13
init: final thread_id=13, base_seed=nil
setup: assigned thread_id=14
init: final thread_id=14, base_seed=nil
setup: assigned thread_id=15
init: final thread_id=15, base_seed=nil
setup: assigned thread_id=16
init: final thread_id=16, base_seed=nil
setup: assigned thread_id=17
init: final thread_id=17, base_seed=nil
setup: assigned thread_id=18
init: final thread_id=18, base_seed=nil
setup: assigned thread_id=19
init: final thread_id=19, base_seed=nil
setup: assigned thread_id=20
init: final thread_id=20, base_seed=nil
script_want_response
Running 1m test @ http://10.10.1.1:27222
  20 threads and 200 connections

  Thread calibration: mean lat.: 10.082ms, rate sampling interval: 27ms
  Thread calibration: mean lat.: 11.078ms, rate sampling interval: 33ms
  Thread calibration: mean lat.: 12.492ms, rate sampling interval: 42ms
  Thread calibration: mean lat.: 13.636ms, rate sampling interval: 49ms
  Thread calibration: mean lat.: 15.350ms, rate sampling interval: 54ms
  Thread calibration: mean lat.: 16.966ms, rate sampling interval: 60ms
  Thread calibration: mean lat.: 18.536ms, rate sampling interval: 66ms
  Thread calibration: mean lat.: 20.759ms, rate sampling interval: 68ms
  Thread calibration: mean lat.: 21.931ms, rate sampling interval: 69ms
  Thread calibration: mean lat.: 22.669ms, rate sampling interval: 70ms
  Thread calibration: mean lat.: 24.560ms, rate sampling interval: 71ms
  Thread calibration: mean lat.: 25.142ms, rate sampling interval: 71ms
  Thread calibration: mean lat.: 25.940ms, rate sampling interval: 71ms
  Thread calibration: mean lat.: 26.081ms, rate sampling interval: 69ms
  Thread calibration: mean lat.: 26.140ms, rate sampling interval: 70ms
  Thread calibration: mean lat.: 25.906ms, rate sampling interval: 68ms
  Thread calibration: mean lat.: 25.796ms, rate sampling interval: 67ms
  Thread calibration: mean lat.: 26.113ms, rate sampling interval: 67ms
  Thread calibration: mean lat.: 25.485ms, rate sampling interval: 65ms
  Thread calibration: mean lat.: 25.107ms, rate sampling interval: 64ms

-----------------------------------------------------------------------
Test Results @ http://10.10.1.1:27222 
  Thread Stats   Avg      Stdev     99%   +/- Stdev
    Latency    22.18ms   11.46ms  61.28ms   69.79%
    Req/Sec   100.63     82.94   370.00     62.66%
  Latency Distribution (HdrHistogram - Recorded Latency)
 50.000%   21.17ms
 75.000%   27.76ms
 90.000%   35.55ms
 99.000%   61.28ms
 99.900%   82.11ms
 99.990%   92.16ms
 99.999%   95.29ms
100.000%   95.93ms

  Detailed Percentile spectrum:
       Value   Percentile   TotalCount 1/(1-Percentile)

       5.971     0.000000            1         1.00
       8.943     0.100000        10035         1.11
      11.263     0.200000        20002         1.25
      15.127     0.300000        30000         1.43
      18.607     0.400000        40055         1.67
      21.167     0.500000        49998         2.00
      22.383     0.550000        55007         2.22
      23.615     0.600000        60056         2.50
      24.879     0.650000        65009         2.86
      26.239     0.700000        70022         3.33
      27.759     0.750000        75012         4.00
      28.655     0.775000        77520         4.44
      29.615     0.800000        80028         5.00
      30.687     0.825000        82514         5.71
      31.935     0.850000        85004         6.67
      33.535     0.875000        87547         8.00
      34.431     0.887500        88745         8.89
      35.551     0.900000        90004        10.00
      36.927     0.912500        91263        11.43
      38.463     0.925000        92498        13.33
      40.479     0.937500        93752        16.00
      41.727     0.943750        94373        17.78
      43.295     0.950000        95002        20.00
      45.183     0.956250        95621        22.86
      47.359     0.962500        96248        26.67
      49.599     0.968750        96868        32.00
      50.911     0.971875        97179        35.56
      52.159     0.975000        97494        40.00
      53.599     0.978125        97806        45.71
      55.359     0.981250        98121        53.33
      57.439     0.984375        98430        64.00
      58.399     0.985938        98585        71.11
      59.551     0.987500        98745        80.00
      60.575     0.989062        98900        91.43
      61.919     0.990625        99057       106.67
      63.167     0.992188        99213       128.00
      63.903     0.992969        99290       142.22
      64.543     0.993750        99371       160.00
      65.471     0.994531        99447       182.86
      66.495     0.995313        99527       213.33
      67.647     0.996094        99601       256.00
      68.479     0.996484        99643       284.44
      69.247     0.996875        99683       320.00
      70.335     0.997266        99720       365.71
      71.743     0.997656        99759       426.67
      73.599     0.998047        99797       512.00
      75.647     0.998242        99816       568.89
      76.991     0.998437        99835       640.00
      78.591     0.998633        99855       731.43
      80.063     0.998828        99874       853.33
      82.495     0.999023        99894      1024.00
      83.839     0.999121        99905      1137.78
      84.863     0.999219        99914      1280.00
      85.439     0.999316        99923      1462.86
      86.847     0.999414        99933      1706.67
      87.679     0.999512        99943      2048.00
      87.871     0.999561        99948      2275.56
      88.703     0.999609        99952      2560.00
      90.367     0.999658        99957      2925.71
      90.815     0.999707        99965      3413.33
      90.879     0.999756        99967      4096.00
      91.199     0.999780        99971      4551.11
      91.263     0.999805        99972      5120.00
      91.711     0.999829        99975      5851.43
      91.775     0.999854        99977      6826.67
      92.031     0.999878        99979      8192.00
      92.159     0.999890        99981      9102.22
      92.543     0.999902        99982     10240.00
      92.607     0.999915        99983     11702.86
      92.799     0.999927        99984     13653.33
      92.991     0.999939        99985     16384.00
      93.823     0.999945        99986     18204.44
      94.015     0.999951        99987     20480.00
      94.015     0.999957        99987     23405.71
      94.143     0.999963        99988     27306.67
      94.143     0.999969        99988     32768.00
      95.039     0.999973        99989     36408.89
      95.039     0.999976        99989     40960.00
      95.039     0.999979        99989     46811.43
      95.295     0.999982        99990     54613.33
      95.295     0.999985        99990     65536.00
      95.295     0.999986        99990     72817.78
      95.295     0.999988        99990     81920.00
      95.295     0.999989        99990     93622.86
      95.935     0.999991        99991    109226.67
      95.935     1.000000        99991          inf
#[Mean    =       22.175, StdDeviation   =       11.460]
#[Max     =       95.872, Total count    =        99991]
#[Buckets =           27, SubBuckets     =         2048]
-----------------------------------------------------------------------
  119807 requests in 1.00m, 18.58MB read
Requests/sec:   1996.42  
Transfer/sec:    316.97KB
