setup: assigned thread_id=1
init: final thread_id=1, base_seed=nil
script_want_response
Running 1m test @ http://10.10.1.1:27222
  1 threads and 10 connections

  Thread calibration: mean lat.: 61.125ms, rate sampling interval: 110ms

-----------------------------------------------------------------------
Test Results @ http://10.10.1.1:27222 
  Thread Stats   Avg      Stdev     99%   +/- Stdev
    Latency     7.24ms    0.87ms   9.45ms   72.18%
    Req/Sec    99.70     22.44   181.00     87.00%
  Latency Distribution (HdrHistogram - Recorded Latency)
 50.000%    7.17ms
 75.000%    7.75ms
 90.000%    8.44ms
 99.000%    9.45ms
 99.900%   10.36ms
 99.990%   11.29ms
 99.999%   11.29ms
100.000%   11.29ms

  Detailed Percentile spectrum:
       Value   Percentile   TotalCount 1/(1-Percentile)

       4.147     0.000000            1         1.00
       6.287     0.100000          504         1.11
       6.591     0.200000         1005         1.25
       6.799     0.300000         1509         1.43
       6.979     0.400000         2008         1.67
       7.167     0.500000         2501         2.00
       7.263     0.550000         2750         2.22
       7.367     0.600000         3007         2.50
       7.479     0.650000         3249         2.86
       7.611     0.700000         3501         3.33
       7.747     0.750000         3755         4.00
       7.823     0.775000         3874         4.44
       7.911     0.800000         4000         5.00
       8.027     0.825000         4124         5.71
       8.147     0.850000         4248         6.67
       8.295     0.875000         4381         8.00
       8.367     0.887500         4438         8.89
       8.439     0.900000         4506        10.00
       8.503     0.912500         4560        11.43
       8.583     0.925000         4623        13.33
       8.687     0.937500         4688        16.00
       8.727     0.943750         4717        17.78
       8.799     0.950000         4750        20.00
       8.855     0.956250         4780        22.86
       8.927     0.962500         4810        26.67
       9.015     0.968750         4841        32.00
       9.071     0.971875         4858        35.56
       9.111     0.975000         4873        40.00
       9.167     0.978125         4888        45.71
       9.247     0.981250         4905        53.33
       9.303     0.984375         4919        64.00
       9.343     0.985938         4929        71.11
       9.375     0.987500         4935        80.00
       9.423     0.989062         4943        91.43
       9.519     0.990625         4951       106.67
       9.607     0.992188         4958       128.00
       9.655     0.992969         4963       142.22
       9.711     0.993750         4967       160.00
       9.767     0.994531         4970       182.86
       9.831     0.995313         4974       213.33
       9.895     0.996094         4978       256.00
       9.975     0.996484         4980       284.44
       9.999     0.996875         4982       320.00
      10.023     0.997266         4984       365.71
      10.111     0.997656         4986       426.67
      10.135     0.998047         4988       512.00
      10.231     0.998242         4989       568.89
      10.239     0.998437         4990       640.00
      10.351     0.998633         4991       731.43
      10.359     0.998828         4992       853.33
      10.375     0.999023         4993      1024.00
      10.375     0.999121         4993      1137.78
      10.455     0.999219         4994      1280.00
      10.455     0.999316         4994      1462.86
      10.463     0.999414         4995      1706.67
      10.463     0.999512         4995      2048.00
      10.463     0.999561         4995      2275.56
      10.799     0.999609         4996      2560.00
      10.799     0.999658         4996      2925.71
      10.799     0.999707         4996      3413.33
      10.799     0.999756         4996      4096.00
      10.799     0.999780         4996      4551.11
      11.287     0.999805         4997      5120.00
      11.287     1.000000         4997          inf
#[Mean    =        7.244, StdDeviation   =        0.874]
#[Max     =       11.280, Total count    =         4997]
#[Buckets =           27, SubBuckets     =         2048]
-----------------------------------------------------------------------
  5991 requests in 1.00m, 0.93MB read
Requests/sec:     99.83  
Transfer/sec:     15.85KB
