setup: assigned thread_id=1
init: final thread_id=1, base_seed=nil
setup: assigned thread_id=2
init: final thread_id=2, base_seed=nil
setup: assigned thread_id=3
init: final thread_id=3, base_seed=nil
setup: assigned thread_id=4
init: final thread_id=4, base_seed=nil
setup: assigned thread_id=5
init: final thread_id=5, base_seed=nil
setup: assigned thread_id=6
init: final thread_id=6, base_seed=nil
setup: assigned thread_id=7
init: final thread_id=7, base_seed=nil
setup: assigned thread_id=8
init: final thread_id=8, base_seed=nil
setup: assigned thread_id=9
init: final thread_id=9, base_seed=nil
setup: assigned thread_id=10
init: final thread_id=10, base_seed=nil
setup: assigned thread_id=11
init: final thread_id=11, base_seed=nil
setup: assigned thread_id=12
init: final thread_id=12, base_seed=nil
setup: assigned thread_id=13
init: final thread_id=13, base_seed=nil
setup: assigned thread_id=14
init: final thread_id=14, base_seed=nil
setup: assigned thread_id=15
init: final thread_id=15, base_seed=nil
setup: assigned thread_id=16
init: final thread_id=16, base_seed=nil
setup: assigned thread_id=17
init: final thread_id=17, base_seed=nil
setup: assigned thread_id=18
init: final thread_id=18, base_seed=nil
setup: assigned thread_id=19
init: final thread_id=19, base_seed=nil
setup: assigned thread_id=20
init: final thread_id=20, base_seed=nil
script_want_response
Running 1m test @ http://10.10.1.1:34668
  20 threads and 200 connections

  Thread calibration: mean lat.: 10.163ms, rate sampling interval: 32ms
  Thread calibration: mean lat.: 11.201ms, rate sampling interval: 39ms
  Thread calibration: mean lat.: 12.624ms, rate sampling interval: 46ms
  Thread calibration: mean lat.: 13.626ms, rate sampling interval: 48ms
  Thread calibration: mean lat.: 15.252ms, rate sampling interval: 52ms
  Thread calibration: mean lat.: 16.761ms, rate sampling interval: 56ms
  Thread calibration: mean lat.: 18.334ms, rate sampling interval: 59ms
  Thread calibration: mean lat.: 19.998ms, rate sampling interval: 63ms
  Thread calibration: mean lat.: 21.343ms, rate sampling interval: 66ms
  Thread calibration: mean lat.: 22.660ms, rate sampling interval: 67ms
  Thread calibration: mean lat.: 23.627ms, rate sampling interval: 67ms
  Thread calibration: mean lat.: 24.562ms, rate sampling interval: 68ms
  Thread calibration: mean lat.: 25.153ms, rate sampling interval: 68ms
  Thread calibration: mean lat.: 25.182ms, rate sampling interval: 68ms
  Thread calibration: mean lat.: 25.806ms, rate sampling interval: 68ms
  Thread calibration: mean lat.: 25.931ms, rate sampling interval: 67ms
  Thread calibration: mean lat.: 25.497ms, rate sampling interval: 66ms
  Thread calibration: mean lat.: 25.565ms, rate sampling interval: 65ms
  Thread calibration: mean lat.: 24.692ms, rate sampling interval: 63ms
  Thread calibration: mean lat.: 24.199ms, rate sampling interval: 63ms

-----------------------------------------------------------------------
Test Results @ http://10.10.1.1:34668 
  Thread Stats   Avg      Stdev     99%   +/- Stdev
    Latency    23.72ms   11.54ms  60.80ms   68.73%
    Req/Sec   100.64     76.90   312.00     62.37%
  Latency Distribution (HdrHistogram - Recorded Latency)
 50.000%   23.04ms
 75.000%   29.92ms
 90.000%   37.31ms
 99.000%   60.80ms
 99.900%   81.79ms
 99.990%   88.38ms
 99.999%   89.92ms
100.000%   90.11ms

  Detailed Percentile spectrum:
       Value   Percentile   TotalCount 1/(1-Percentile)

       5.723     0.000000            1         1.00
       8.711     0.100000        10035         1.11
      13.087     0.200000        20008         1.25
      17.583     0.300000        30018         1.43
      20.463     0.400000        40054         1.67
      23.039     0.500000        50030         2.00
      24.287     0.550000        55020         2.22
      25.551     0.600000        60060         2.50
      26.895     0.650000        65002         2.86
      28.367     0.700000        70037         3.33
      29.919     0.750000        75006         4.00
      30.799     0.775000        77518         4.44
      31.743     0.800000        80027         5.00
      32.831     0.825000        82516         5.71
      34.015     0.850000        85032         6.67
      35.487     0.875000        87517         8.00
      36.351     0.887500        88759         8.89
      37.311     0.900000        90006        10.00
      38.431     0.912500        91261        11.43
      39.711     0.925000        92528        13.33
      41.375     0.937500        93765        16.00
      42.655     0.943750        94385        17.78
      44.095     0.950000        95005        20.00
      45.695     0.956250        95630        22.86
      47.487     0.962500        96252        26.67
      49.503     0.968750        96873        32.00
      50.591     0.971875        97185        35.56
      51.839     0.975000        97502        40.00
      53.215     0.978125        97811        45.71
      54.783     0.981250        98127        53.33
      56.447     0.984375        98436        64.00
      57.311     0.985938        98598        71.11
      58.495     0.987500        98748        80.00
      59.871     0.989062        98904        91.43
      61.407     0.990625        99061       106.67
      63.103     0.992188        99218       128.00
      64.031     0.992969        99295       142.22
      65.023     0.993750        99376       160.00
      66.047     0.994531        99456       182.86
      67.199     0.995313        99532       213.33
      68.415     0.996094        99610       256.00
      69.183     0.996484        99649       284.44
      70.015     0.996875        99686       320.00
      70.911     0.997266        99724       365.71
      72.575     0.997656        99764       426.67
      74.751     0.998047        99802       512.00
      76.415     0.998242        99823       568.89
      77.375     0.998437        99842       640.00
      78.783     0.998633        99861       731.43
      80.191     0.998828        99881       853.33
      81.983     0.999023        99900      1024.00
      82.559     0.999121        99910      1137.78
      83.263     0.999219        99919      1280.00
      84.095     0.999316        99929      1462.86
      84.735     0.999414        99942      1706.67
      85.183     0.999512        99949      2048.00
      85.759     0.999561        99954      2275.56
      86.079     0.999609        99958      2560.00
      86.335     0.999658        99963      2925.71
      86.591     0.999707        99968      3413.33
      87.039     0.999756        99973      4096.00
      87.231     0.999780        99977      4551.11
      87.359     0.999805        99978      5120.00
      87.551     0.999829        99981      5851.43
      87.999     0.999854        99983      6826.67
      88.319     0.999878        99985      8192.00
      88.383     0.999890        99987      9102.22
      88.511     0.999902        99988     10240.00
      88.703     0.999915        99989     11702.86
      88.767     0.999927        99991     13653.33
      88.767     0.999939        99991     16384.00
      88.831     0.999945        99992     18204.44
      88.895     0.999951        99993     20480.00
      88.895     0.999957        99993     23405.71
      89.343     0.999963        99994     27306.67
      89.343     0.999969        99994     32768.00
      89.535     0.999973        99995     36408.89
      89.535     0.999976        99995     40960.00
      89.535     0.999979        99995     46811.43
      89.919     0.999982        99996     54613.33
      89.919     0.999985        99996     65536.00
      89.919     0.999986        99996     72817.78
      89.919     0.999988        99996     81920.00
      89.919     0.999989        99996     93622.86
      90.111     0.999991        99997    109226.67
      90.111     1.000000        99997          inf
#[Mean    =       23.720, StdDeviation   =       11.540]
#[Max     =       90.048, Total count    =        99997]
#[Buckets =           27, SubBuckets     =         2048]
-----------------------------------------------------------------------
  119808 requests in 1.00m, 18.58MB read
Requests/sec:   1996.35  
Transfer/sec:    317.09KB
