setup: assigned thread_id=1
init: final thread_id=1, base_seed=nil
setup: assigned thread_id=2
init: final thread_id=2, base_seed=nil
setup: assigned thread_id=3
init: final thread_id=3, base_seed=nil
setup: assigned thread_id=4
init: final thread_id=4, base_seed=nil
setup: assigned thread_id=5
init: final thread_id=5, base_seed=nil
setup: assigned thread_id=6
init: final thread_id=6, base_seed=nil
setup: assigned thread_id=7
init: final thread_id=7, base_seed=nil
setup: assigned thread_id=8
init: final thread_id=8, base_seed=nil
setup: assigned thread_id=9
init: final thread_id=9, base_seed=nil
setup: assigned thread_id=10
init: final thread_id=10, base_seed=nil
setup: assigned thread_id=11
init: final thread_id=11, base_seed=nil
setup: assigned thread_id=12
init: final thread_id=12, base_seed=nil
setup: assigned thread_id=13
init: final thread_id=13, base_seed=nil
setup: assigned thread_id=14
init: final thread_id=14, base_seed=nil
setup: assigned thread_id=15
init: final thread_id=15, base_seed=nil
setup: assigned thread_id=16
init: final thread_id=16, base_seed=nil
setup: assigned thread_id=17
init: final thread_id=17, base_seed=nil
setup: assigned thread_id=18
init: final thread_id=18, base_seed=nil
setup: assigned thread_id=19
init: final thread_id=19, base_seed=nil
setup: assigned thread_id=20
init: final thread_id=20, base_seed=nil
script_want_response
Running 5m test @ http://10.10.1.1:34668
  20 threads and 200 connections

  Thread calibration: mean lat.: 12.225ms, rate sampling interval: 41ms
  Thread calibration: mean lat.: 13.773ms, rate sampling interval: 51ms
  Thread calibration: mean lat.: 15.485ms, rate sampling interval: 56ms
  Thread calibration: mean lat.: 17.308ms, rate sampling interval: 63ms
  Thread calibration: mean lat.: 19.522ms, rate sampling interval: 73ms
  Thread calibration: mean lat.: 21.468ms, rate sampling interval: 82ms
  Thread calibration: mean lat.: 24.350ms, rate sampling interval: 86ms
  Thread calibration: mean lat.: 25.729ms, rate sampling interval: 86ms
  Thread calibration: mean lat.: 27.127ms, rate sampling interval: 88ms
  Thread calibration: mean lat.: 28.423ms, rate sampling interval: 87ms
  Thread calibration: mean lat.: 29.785ms, rate sampling interval: 88ms
  Thread calibration: mean lat.: 30.655ms, rate sampling interval: 89ms
  Thread calibration: mean lat.: 31.365ms, rate sampling interval: 90ms
  Thread calibration: mean lat.: 31.109ms, rate sampling interval: 87ms
  Thread calibration: mean lat.: 31.373ms, rate sampling interval: 86ms
  Thread calibration: mean lat.: 31.165ms, rate sampling interval: 85ms
  Thread calibration: mean lat.: 31.045ms, rate sampling interval: 83ms
  Thread calibration: mean lat.: 30.587ms, rate sampling interval: 82ms
  Thread calibration: mean lat.: 29.928ms, rate sampling interval: 81ms
  Thread calibration: mean lat.: 29.076ms, rate sampling interval: 79ms

-----------------------------------------------------------------------
Test Results @ http://10.10.1.1:34668 
  Thread Stats   Avg      Stdev     99%   +/- Stdev
    Latency    34.09ms   14.58ms  64.99ms   64.13%
    Req/Sec   100.27     49.61   243.00     73.00%
  Latency Distribution (HdrHistogram - Recorded Latency)
 50.000%   34.88ms
 75.000%   44.74ms
 90.000%   52.80ms
 99.000%   64.99ms
 99.900%   78.27ms
 99.990%   97.47ms
 99.999%  105.66ms
100.000%  115.46ms

  Detailed Percentile spectrum:
       Value   Percentile   TotalCount 1/(1-Percentile)

       6.351     0.000000            1         1.00
      12.175     0.100000        58063         1.11
      19.999     0.200000       116066         1.25
      26.191     0.300000       174075         1.43
      30.719     0.400000       232131         1.67
      34.879     0.500000       290216         2.00
      36.831     0.550000       319075         2.22
      38.751     0.600000       348054         2.50
      40.703     0.650000       377174         2.86
      42.655     0.700000       406048         3.33
      44.735     0.750000       435395         4.00
      45.791     0.775000       449737         4.44
      46.911     0.800000       464024         5.00
      48.159     0.825000       478652         5.71
      49.535     0.850000       493074         6.67
      51.039     0.875000       507569         8.00
      51.871     0.887500       514761         8.89
      52.799     0.900000       522222        10.00
      53.727     0.912500       529277        11.43
      54.783     0.925000       536559        13.33
      55.967     0.937500       543748        16.00
      56.639     0.943750       547426        17.78
      57.311     0.950000       551123        20.00
      58.047     0.956250       554731        22.86
      58.879     0.962500       558335        26.67
      59.807     0.968750       561930        32.00
      60.319     0.971875       563699        35.56
      60.895     0.975000       565547        40.00
      61.503     0.978125       567388        45.71
      62.175     0.981250       569156        53.33
      62.975     0.984375       570939        64.00
      63.455     0.985938       571856        71.11
      63.967     0.987500       572762        80.00
      64.575     0.989062       573654        91.43
      65.311     0.990625       574571       106.67
      66.175     0.992188       575465       128.00
      66.751     0.992969       575951       142.22
      67.327     0.993750       576411       160.00
      67.967     0.994531       576830       182.86
      68.799     0.995313       577295       213.33
      69.759     0.996094       577740       256.00
      70.335     0.996484       577970       284.44
      70.975     0.996875       578189       320.00
      71.679     0.997266       578414       365.71
      72.511     0.997656       578655       426.67
      73.599     0.998047       578871       512.00
      74.175     0.998242       578984       568.89
      74.879     0.998437       579094       640.00
      75.839     0.998633       579204       731.43
      77.119     0.998828       579323       853.33
      78.463     0.999023       579432      1024.00
      79.551     0.999121       579489      1137.78
      80.511     0.999219       579542      1280.00
      81.471     0.999316       579600      1462.86
      82.815     0.999414       579657      1706.67
      84.735     0.999512       579713      2048.00
      85.759     0.999561       579741      2275.56
      86.975     0.999609       579773      2560.00
      87.999     0.999658       579797      2925.71
      89.791     0.999707       579827      3413.33
      91.775     0.999756       579854      4096.00
      92.991     0.999780       579868      4551.11
      93.631     0.999805       579882      5120.00
      94.335     0.999829       579896      5851.43
      95.679     0.999854       579912      6826.67
      96.383     0.999878       579925      8192.00
      96.959     0.999890       579933      9102.22
      97.599     0.999902       579939     10240.00
      98.239     0.999915       579946     11702.86
      98.815     0.999927       579953     13653.33
      99.967     0.999939       579960     16384.00
     100.479     0.999945       579964     18204.44
     100.863     0.999951       579967     20480.00
     101.375     0.999957       579972     23405.71
     101.631     0.999963       579975     27306.67
     102.335     0.999969       579979     32768.00
     102.783     0.999973       579980     36408.89
     103.039     0.999976       579981     40960.00
     103.231     0.999979       579983     46811.43
     103.551     0.999982       579986     54613.33
     104.767     0.999985       579987     65536.00
     105.023     0.999986       579988     72817.78
     105.023     0.999988       579988     81920.00
     105.663     0.999989       579989     93622.86
     107.647     0.999991       579990    109226.67
     107.903     0.999992       579991    131072.00
     107.967     0.999993       579992    145635.56
     107.967     0.999994       579992    163840.00
     107.967     0.999995       579992    187245.71
     109.119     0.999995       579993    218453.33
     109.119     0.999996       579993    262144.00
     111.999     0.999997       579994    291271.11
     111.999     0.999997       579994    327680.00
     111.999     0.999997       579994    374491.43
     111.999     0.999998       579994    436906.67
     111.999     0.999998       579994    524288.00
     115.455     0.999998       579995    582542.22
     115.455     1.000000       579995          inf
#[Mean    =       34.089, StdDeviation   =       14.579]
#[Max     =      115.392, Total count    =       579995]
#[Buckets =           27, SubBuckets     =         2048]
-----------------------------------------------------------------------
  599802 requests in 5.00m, 93.01MB read
Requests/sec:   1999.17  
Transfer/sec:    317.44KB
