setup: assigned thread_id=1
init: final thread_id=1, base_seed=nil
script_want_response
Running 1m test @ http://10.10.1.1:34668
  1 threads and 10 connections

  Thread calibration: mean lat.: 61.445ms, rate sampling interval: 115ms

-----------------------------------------------------------------------
Test Results @ http://10.10.1.1:34668 
  Thread Stats   Avg      Stdev     99%   +/- Stdev
    Latency     7.46ms    1.17ms  10.58ms   72.09%
    Req/Sec    99.73     28.17   175.00     84.10%
  Latency Distribution (HdrHistogram - Recorded Latency)
 50.000%    7.25ms
 75.000%    8.11ms
 90.000%    9.18ms
 99.000%   10.58ms
 99.900%   11.66ms
 99.990%   13.34ms
 99.999%   13.34ms
100.000%   13.34ms

  Detailed Percentile spectrum:
       Value   Percentile   TotalCount 1/(1-Percentile)

       4.179     0.000000            1         1.00
       6.195     0.100000          502         1.11
       6.567     0.200000         1005         1.25
       6.803     0.300000         1500         1.43
       7.019     0.400000         2012         1.67
       7.251     0.500000         2500         2.00
       7.383     0.550000         2754         2.22
       7.527     0.600000         3002         2.50
       7.691     0.650000         3249         2.86
       7.879     0.700000         3503         3.33
       8.107     0.750000         3750         4.00
       8.247     0.775000         3876         4.44
       8.399     0.800000         4004         5.00
       8.551     0.825000         4125         5.71
       8.727     0.850000         4253         6.67
       8.943     0.875000         4380         8.00
       9.047     0.887500         4437         8.89
       9.175     0.900000         4502        10.00
       9.303     0.912500         4563        11.43
       9.439     0.925000         4629        13.33
       9.567     0.937500         4689        16.00
       9.655     0.943750         4719        17.78
       9.743     0.950000         4752        20.00
       9.823     0.956250         4785        22.86
       9.927     0.962500         4811        26.67
      10.015     0.968750         4842        32.00
      10.103     0.971875         4858        35.56
      10.199     0.975000         4874        40.00
      10.263     0.978125         4889        45.71
      10.319     0.981250         4905        53.33
      10.399     0.984375         4920        64.00
      10.463     0.985938         4929        71.11
      10.527     0.987500         4936        80.00
      10.567     0.989062         4944        91.43
      10.599     0.990625         4952       106.67
      10.703     0.992188         4959       128.00
      10.735     0.992969         4963       142.22
      10.775     0.993750         4967       160.00
      10.855     0.994531         4971       182.86
      10.919     0.995313         4977       213.33
      10.943     0.996094         4979       256.00
      11.071     0.996484         4981       284.44
      11.119     0.996875         4983       320.00
      11.135     0.997266         4985       365.71
      11.351     0.997656         4987       426.67
      11.407     0.998047         4989       512.00
      11.415     0.998242         4990       568.89
      11.479     0.998437         4991       640.00
      11.599     0.998633         4992       731.43
      11.663     0.998828         4993       853.33
      11.903     0.999023         4994      1024.00
      11.903     0.999121         4994      1137.78
      12.135     0.999219         4995      1280.00
      12.135     0.999316         4995      1462.86
      12.207     0.999414         4996      1706.67
      12.207     0.999512         4996      2048.00
      12.207     0.999561         4996      2275.56
      12.623     0.999609         4997      2560.00
      12.623     0.999658         4997      2925.71
      12.623     0.999707         4997      3413.33
      12.623     0.999756         4997      4096.00
      12.623     0.999780         4997      4551.11
      13.343     0.999805         4998      5120.00
      13.343     1.000000         4998          inf
#[Mean    =        7.465, StdDeviation   =        1.173]
#[Max     =       13.336, Total count    =         4998]
#[Buckets =           27, SubBuckets     =         2048]
-----------------------------------------------------------------------
  5991 requests in 1.00m, 0.93MB read
Requests/sec:     99.83  
Transfer/sec:     15.86KB
