setup: assigned thread_id=1
init: final thread_id=1, base_seed=nil
setup: assigned thread_id=2
init: final thread_id=2, base_seed=nil
setup: assigned thread_id=3
init: final thread_id=3, base_seed=nil
setup: assigned thread_id=4
init: final thread_id=4, base_seed=nil
setup: assigned thread_id=5
init: final thread_id=5, base_seed=nil
setup: assigned thread_id=6
init: final thread_id=6, base_seed=nil
setup: assigned thread_id=7
init: final thread_id=7, base_seed=nil
setup: assigned thread_id=8
init: final thread_id=8, base_seed=nil
setup: assigned thread_id=9
init: final thread_id=9, base_seed=nil
setup: assigned thread_id=10
init: final thread_id=10, base_seed=nil
setup: assigned thread_id=11
init: final thread_id=11, base_seed=nil
setup: assigned thread_id=12
init: final thread_id=12, base_seed=nil
setup: assigned thread_id=13
init: final thread_id=13, base_seed=nil
setup: assigned thread_id=14
init: final thread_id=14, base_seed=nil
setup: assigned thread_id=15
init: final thread_id=15, base_seed=nil
setup: assigned thread_id=16
init: final thread_id=16, base_seed=nil
setup: assigned thread_id=17
init: final thread_id=17, base_seed=nil
setup: assigned thread_id=18
init: final thread_id=18, base_seed=nil
setup: assigned thread_id=19
init: final thread_id=19, base_seed=nil
setup: assigned thread_id=20
init: final thread_id=20, base_seed=nil
script_want_response
Running 1m test @ http://10.10.1.1:26683
  20 threads and 200 connections

  Thread calibration: mean lat.: 25.469ms, rate sampling interval: 95ms
  Thread calibration: mean lat.: 28.072ms, rate sampling interval: 107ms
  Thread calibration: mean lat.: 31.418ms, rate sampling interval: 125ms
  Thread calibration: mean lat.: 35.636ms, rate sampling interval: 135ms
  Thread calibration: mean lat.: 39.264ms, rate sampling interval: 138ms
  Thread calibration: mean lat.: 43.029ms, rate sampling interval: 143ms
  Thread calibration: mean lat.: 47.465ms, rate sampling interval: 149ms
  Thread calibration: mean lat.: 51.292ms, rate sampling interval: 152ms
  Thread calibration: mean lat.: 53.508ms, rate sampling interval: 152ms
  Thread calibration: mean lat.: 55.185ms, rate sampling interval: 152ms
  Thread calibration: mean lat.: 56.221ms, rate sampling interval: 152ms
  Thread calibration: mean lat.: 57.873ms, rate sampling interval: 153ms
  Thread calibration: mean lat.: 59.006ms, rate sampling interval: 153ms
  Thread calibration: mean lat.: 59.530ms, rate sampling interval: 153ms
  Thread calibration: mean lat.: 59.549ms, rate sampling interval: 153ms
  Thread calibration: mean lat.: 60.028ms, rate sampling interval: 154ms
  Thread calibration: mean lat.: 59.533ms, rate sampling interval: 153ms
  Thread calibration: mean lat.: 59.089ms, rate sampling interval: 153ms
  Thread calibration: mean lat.: 58.445ms, rate sampling interval: 152ms
  Thread calibration: mean lat.: 57.811ms, rate sampling interval: 151ms

-----------------------------------------------------------------------
Test Results @ http://10.10.1.1:26683 
  Thread Stats   Avg      Stdev     99%   +/- Stdev
    Latency    40.45ms   14.21ms  69.57ms   68.16%
    Req/Sec    99.86     25.59   139.00     48.43%
  Latency Distribution (HdrHistogram - Recorded Latency)
 50.000%   42.08ms
 75.000%   50.97ms
 90.000%   56.96ms
 99.000%   69.57ms
 99.900%   96.77ms
 99.990%  110.65ms
 99.999%  135.81ms
100.000%  137.09ms

  Detailed Percentile spectrum:
       Value   Percentile   TotalCount 1/(1-Percentile)

       9.311     0.000000            1         1.00
      18.543     0.100000        10005         1.11
      28.559     0.200000        20012         1.25
      33.599     0.300000        30054         1.43
      37.727     0.400000        40041         1.67
      42.079     0.500000        50035         2.00
      44.095     0.550000        55073         2.22
      45.919     0.600000        60013         2.50
      47.679     0.650000        65082         2.86
      49.311     0.700000        70096         3.33
      50.975     0.750000        75083         4.00
      51.807     0.775000        77525         4.44
      52.735     0.800000        80089         5.00
      53.663     0.825000        82551         5.71
      54.655     0.850000        85028         6.67
      55.743     0.875000        87524         8.00
      56.351     0.887500        88776         8.89
      56.959     0.900000        90023        10.00
      57.663     0.912500        91284        11.43
      58.399     0.925000        92523        13.33
      59.263     0.937500        93773        16.00
      59.711     0.943750        94408        17.78
      60.223     0.950000        95017        20.00
      60.831     0.956250        95655        22.86
      61.471     0.962500        96275        26.67
      62.271     0.968750        96892        32.00
      62.751     0.971875        97194        35.56
      63.391     0.975000        97502        40.00
      64.063     0.978125        97816        45.71
      64.895     0.981250        98125        53.33
      65.983     0.984375        98444        64.00
      66.815     0.985938        98604        71.11
      67.647     0.987500        98751        80.00
      68.735     0.989062        98910        91.43
      70.143     0.990625        99064       106.67
      71.679     0.992188        99219       128.00
      72.639     0.992969        99299       142.22
      73.727     0.993750        99378       160.00
      74.687     0.994531        99454       182.86
      76.159     0.995313        99535       213.33
      77.951     0.996094        99613       256.00
      79.423     0.996484        99649       284.44
      80.575     0.996875        99688       320.00
      82.175     0.997266        99728       365.71
      84.287     0.997656        99766       426.67
      86.847     0.998047        99806       512.00
      88.063     0.998242        99826       568.89
      89.215     0.998437        99844       640.00
      91.135     0.998633        99864       731.43
      93.695     0.998828        99883       853.33
      97.023     0.999023        99903      1024.00
      98.815     0.999121        99913      1137.78
      99.903     0.999219        99922      1280.00
     100.991     0.999316        99932      1462.86
     102.783     0.999414        99942      1706.67
     104.383     0.999512        99952      2048.00
     105.407     0.999561        99957      2275.56
     105.855     0.999609        99961      2560.00
     106.495     0.999658        99966      2925.71
     106.815     0.999707        99971      3413.33
     107.391     0.999756        99976      4096.00
     107.839     0.999780        99979      4551.11
     108.223     0.999805        99981      5120.00
     108.415     0.999829        99983      5851.43
     109.183     0.999854        99986      6826.67
     110.399     0.999878        99989      8192.00
     110.655     0.999890        99991      9102.22
     110.655     0.999902        99991     10240.00
     110.847     0.999915        99992     11702.86
     111.039     0.999927        99993     13653.33
     111.167     0.999939        99994     16384.00
     111.359     0.999945        99995     18204.44
     111.423     0.999951        99996     20480.00
     111.423     0.999957        99996     23405.71
     134.143     0.999963        99997     27306.67
     134.143     0.999969        99997     32768.00
     134.527     0.999973        99998     36408.89
     134.527     0.999976        99998     40960.00
     134.527     0.999979        99998     46811.43
     135.807     0.999982        99999     54613.33
     135.807     0.999985        99999     65536.00
     135.807     0.999986        99999     72817.78
     135.807     0.999988        99999     81920.00
     135.807     0.999989        99999     93622.86
     137.087     0.999991       100000    109226.67
     137.087     1.000000       100000          inf
#[Mean    =       40.448, StdDeviation   =       14.212]
#[Max     =      136.960, Total count    =       100000]
#[Buckets =           27, SubBuckets     =         2048]
-----------------------------------------------------------------------
  119801 requests in 1.00m, 18.58MB read
Requests/sec:   1996.20  
Transfer/sec:    316.98KB
