Running 5m test @ http://10.10.1.1:24708/Spam?n=10
  9 threads and 18 connections

  Thread calibration: mean lat.: 0.543ms, rate sampling interval: 10ms
  Thread calibration: mean lat.: 2.686ms, rate sampling interval: 10ms
  Thread calibration: mean lat.: 0.504ms, rate sampling interval: 10ms
  Thread calibration: mean lat.: 0.518ms, rate sampling interval: 10ms
  Thread calibration: mean lat.: 0.534ms, rate sampling interval: 10ms
  Thread calibration: mean lat.: 0.477ms, rate sampling interval: 10ms
  Thread calibration: mean lat.: 0.569ms, rate sampling interval: 10ms
  Thread calibration: mean lat.: 0.481ms, rate sampling interval: 10ms
  Thread calibration: mean lat.: 0.480ms, rate sampling interval: 10ms

-----------------------------------------------------------------------
Test Results @ http://10.10.1.1:24708/Spam?n=10 
  Thread Stats   Avg      Stdev     99%   +/- Stdev
    Latency     0.94ms    2.50ms  14.06ms   96.56%
    Req/Sec    10.58     44.36   222.00     94.30%
  Latency Distribution (HdrHistogram - Recorded Latency)
 50.000%  515.00us
 75.000%  663.00us
 90.000%  800.00us
 99.000%   14.06ms
 99.900%   30.94ms
 99.990%   44.70ms
 99.999%   53.02ms
100.000%   53.02ms

  Detailed Percentile spectrum:
       Value   Percentile   TotalCount 1/(1-Percentile)

       0.228     0.000000            1         1.00
       0.344     0.100000         2638         1.11
       0.385     0.200000         5243         1.25
       0.422     0.300000         7877         1.43
       0.464     0.400000        10470         1.67
       0.515     0.500000        13076         2.00
       0.546     0.550000        14375         2.22
       0.577     0.600000        15658         2.50
       0.608     0.650000        16984         2.86
       0.636     0.700000        18267         3.33
       0.663     0.750000        19586         4.00
       0.677     0.775000        20244         4.44
       0.692     0.800000        20908         5.00
       0.709     0.825000        21537         5.71
       0.729     0.850000        22206         6.67
       0.756     0.875000        22839         8.00
       0.774     0.887500        23165         8.89
       0.800     0.900000        23489        10.00
       0.841     0.912500        23808        11.43
       0.944     0.925000        24134        13.33
       1.200     0.937500        24462        16.00
       1.447     0.943750        24623        17.78
       1.910     0.950000        24786        20.00
       2.557     0.956250        24949        22.86
       3.129     0.962500        25112        26.67
       3.857     0.968750        25275        32.00
       4.383     0.971875        25357        35.56
       4.795     0.975000        25438        40.00
       6.011     0.978125        25520        45.71
       7.463     0.981250        25601        53.33
       9.815     0.984375        25683        64.00
      11.223     0.985938        25724        71.11
      12.127     0.987500        25764        80.00
      13.287     0.989062        25805        91.43
      14.743     0.990625        25846       106.67
      16.183     0.992188        25887       128.00
      17.119     0.992969        25907       142.22
      18.319     0.993750        25927       160.00
      19.599     0.994531        25948       182.86
      20.735     0.995313        25968       213.33
      21.999     0.996094        25989       256.00
      22.799     0.996484        26000       284.44
      23.359     0.996875        26009       320.00
      23.823     0.997266        26019       365.71
      24.831     0.997656        26029       426.67
      26.543     0.998047        26040       512.00
      27.151     0.998242        26045       568.89
      28.383     0.998437        26050       640.00
      28.783     0.998633        26055       731.43
      29.695     0.998828        26060       853.33
      31.055     0.999023        26065      1024.00
      32.399     0.999121        26068      1137.78
      33.375     0.999219        26070      1280.00
      34.591     0.999316        26073      1462.86
      35.551     0.999414        26075      1706.67
      36.575     0.999512        26079      2048.00
      36.575     0.999561        26079      2275.56
      37.215     0.999609        26080      2560.00
      37.695     0.999658        26082      2925.71
      39.007     0.999707        26083      3413.33
      42.751     0.999756        26084      4096.00
      42.975     0.999780        26085      4551.11
      42.975     0.999805        26085      5120.00
      43.775     0.999829        26086      5851.43
      44.703     0.999854        26087      6826.67
      44.703     0.999878        26087      8192.00
      50.623     0.999890        26088      9102.22
      50.623     0.999902        26088     10240.00
      50.623     0.999915        26088     11702.86
      51.007     0.999927        26089     13653.33
      51.007     0.999939        26089     16384.00
      51.007     0.999945        26089     18204.44
      51.007     0.999951        26089     20480.00
      51.007     0.999957        26089     23405.71
      53.023     0.999963        26090     27306.67
      53.023     1.000000        26090          inf
#[Mean    =        0.941, StdDeviation   =        2.504]
#[Max     =       52.992, Total count    =        26090]
#[Buckets =           27, SubBuckets     =         2048]
-----------------------------------------------------------------------
  26991 requests in 5.00m, 3.32MB read
Requests/sec:     89.97  
Transfer/sec:     11.33KB
