setup: assigned thread_id=1
init: final thread_id=1, base_seed=nil
setup: assigned thread_id=2
init: final thread_id=2, base_seed=nil
setup: assigned thread_id=3
init: final thread_id=3, base_seed=nil
setup: assigned thread_id=4
init: final thread_id=4, base_seed=nil
setup: assigned thread_id=5
init: final thread_id=5, base_seed=nil
setup: assigned thread_id=6
init: final thread_id=6, base_seed=nil
setup: assigned thread_id=7
init: final thread_id=7, base_seed=nil
setup: assigned thread_id=8
init: final thread_id=8, base_seed=nil
setup: assigned thread_id=9
init: final thread_id=9, base_seed=nil
setup: assigned thread_id=10
init: final thread_id=10, base_seed=nil
setup: assigned thread_id=11
init: final thread_id=11, base_seed=nil
setup: assigned thread_id=12
init: final thread_id=12, base_seed=nil
setup: assigned thread_id=13
init: final thread_id=13, base_seed=nil
setup: assigned thread_id=14
init: final thread_id=14, base_seed=nil
setup: assigned thread_id=15
init: final thread_id=15, base_seed=nil
setup: assigned thread_id=16
init: final thread_id=16, base_seed=nil
setup: assigned thread_id=17
init: final thread_id=17, base_seed=nil
setup: assigned thread_id=18
init: final thread_id=18, base_seed=nil
setup: assigned thread_id=19
init: final thread_id=19, base_seed=nil
setup: assigned thread_id=20
init: final thread_id=20, base_seed=nil
setup: assigned thread_id=21
init: final thread_id=21, base_seed=nil
setup: assigned thread_id=22
init: final thread_id=22, base_seed=nil
setup: assigned thread_id=23
init: final thread_id=23, base_seed=nil
setup: assigned thread_id=24
init: final thread_id=24, base_seed=nil
setup: assigned thread_id=25
init: final thread_id=25, base_seed=nil
setup: assigned thread_id=26
init: final thread_id=26, base_seed=nil
setup: assigned thread_id=27
init: final thread_id=27, base_seed=nil
setup: assigned thread_id=28
init: final thread_id=28, base_seed=nil
setup: assigned thread_id=29
init: final thread_id=29, base_seed=nil
setup: assigned thread_id=30
init: final thread_id=30, base_seed=nil
setup: assigned thread_id=31
init: final thread_id=31, base_seed=nil
setup: assigned thread_id=32
init: final thread_id=32, base_seed=nil
setup: assigned thread_id=33
init: final thread_id=33, base_seed=nil
setup: assigned thread_id=34
init: final thread_id=34, base_seed=nil
setup: assigned thread_id=35
init: final thread_id=35, base_seed=nil
setup: assigned thread_id=36
init: final thread_id=36, base_seed=nil
setup: assigned thread_id=37
init: final thread_id=37, base_seed=nil
setup: assigned thread_id=38
init: final thread_id=38, base_seed=nil
setup: assigned thread_id=39
init: final thread_id=39, base_seed=nil
setup: assigned thread_id=40
init: final thread_id=40, base_seed=nil
setup: assigned thread_id=41
init: final thread_id=41, base_seed=nil
setup: assigned thread_id=42
init: final thread_id=42, base_seed=nil
setup: assigned thread_id=43
init: final thread_id=43, base_seed=nil
setup: assigned thread_id=44
init: final thread_id=44, base_seed=nil
setup: assigned thread_id=45
init: final thread_id=45, base_seed=nil
script_want_response
Running 5m test @ http://10.10.1.1:26683
  45 threads and 450 connections

  Thread calibration: mean lat.: 23.223ms, rate sampling interval: 89ms
  Thread calibration: mean lat.: 26.098ms, rate sampling interval: 95ms
  Thread calibration: mean lat.: 27.310ms, rate sampling interval: 97ms
  Thread calibration: mean lat.: 30.104ms, rate sampling interval: 103ms
  Thread calibration: mean lat.: 33.110ms, rate sampling interval: 106ms
  Thread calibration: mean lat.: 36.295ms, rate sampling interval: 112ms
  Thread calibration: mean lat.: 39.547ms, rate sampling interval: 116ms
  Thread calibration: mean lat.: 40.284ms, rate sampling interval: 112ms
  Thread calibration: mean lat.: 42.429ms, rate sampling interval: 114ms
  Thread calibration: mean lat.: 44.802ms, rate sampling interval: 118ms
  Thread calibration: mean lat.: 45.801ms, rate sampling interval: 116ms
  Thread calibration: mean lat.: 46.310ms, rate sampling interval: 115ms
  Thread calibration: mean lat.: 48.053ms, rate sampling interval: 118ms
  Thread calibration: mean lat.: 48.316ms, rate sampling interval: 119ms
  Thread calibration: mean lat.: 47.872ms, rate sampling interval: 116ms
  Thread calibration: mean lat.: 48.111ms, rate sampling interval: 116ms
  Thread calibration: mean lat.: 47.582ms, rate sampling interval: 115ms
  Thread calibration: mean lat.: 47.825ms, rate sampling interval: 116ms
  Thread calibration: mean lat.: 47.761ms, rate sampling interval: 115ms
  Thread calibration: mean lat.: 46.607ms, rate sampling interval: 117ms
  Thread calibration: mean lat.: 43.149ms, rate sampling interval: 110ms
  Thread calibration: mean lat.: 43.410ms, rate sampling interval: 111ms
  Thread calibration: mean lat.: 42.166ms, rate sampling interval: 110ms
  Thread calibration: mean lat.: 40.117ms, rate sampling interval: 104ms
  Thread calibration: mean lat.: 38.389ms, rate sampling interval: 105ms
  Thread calibration: mean lat.: 37.431ms, rate sampling interval: 102ms
  Thread calibration: mean lat.: 36.017ms, rate sampling interval: 96ms
  Thread calibration: mean lat.: 35.414ms, rate sampling interval: 95ms
  Thread calibration: mean lat.: 37.268ms, rate sampling interval: 94ms
  Thread calibration: mean lat.: 37.982ms, rate sampling interval: 94ms
  Thread calibration: mean lat.: 38.696ms, rate sampling interval: 96ms
  Thread calibration: mean lat.: 38.484ms, rate sampling interval: 94ms
  Thread calibration: mean lat.: 39.165ms, rate sampling interval: 95ms
  Thread calibration: mean lat.: 38.390ms, rate sampling interval: 94ms
  Thread calibration: mean lat.: 38.467ms, rate sampling interval: 93ms
  Thread calibration: mean lat.: 38.033ms, rate sampling interval: 93ms
  Thread calibration: mean lat.: 38.002ms, rate sampling interval: 92ms
  Thread calibration: mean lat.: 37.269ms, rate sampling interval: 90ms
  Thread calibration: mean lat.: 36.380ms, rate sampling interval: 89ms
  Thread calibration: mean lat.: 35.653ms, rate sampling interval: 86ms
  Thread calibration: mean lat.: 34.910ms, rate sampling interval: 85ms
  Thread calibration: mean lat.: 49.521ms, rate sampling interval: 121ms
  Thread calibration: mean lat.: 49.715ms, rate sampling interval: 119ms
  Thread calibration: mean lat.: 32.379ms, rate sampling interval: 78ms
  Thread calibration: mean lat.: 50.003ms, rate sampling interval: 117ms

-----------------------------------------------------------------------
Test Results @ http://10.10.1.1:26683 
  Thread Stats   Avg      Stdev     99%   +/- Stdev
    Latency   106.07ms  111.54ms 573.95ms   90.09%
    Req/Sec    65.91     38.94   128.00     60.35%
  Latency Distribution (HdrHistogram - Recorded Latency)
 50.000%   72.70ms
 75.000%   98.50ms
 90.000%  215.68ms
 99.000%  573.95ms
 99.900%  653.82ms
 99.990%  693.76ms
 99.999%  712.19ms
100.000%  716.29ms

  Detailed Percentile spectrum:
       Value   Percentile   TotalCount 1/(1-Percentile)

       9.471     0.000000            1         1.00
      36.479     0.100000        86110         1.11
      47.551     0.200000       172495         1.25
      56.127     0.300000       258473         1.43
      65.023     0.400000       344612         1.67
      72.703     0.500000       431312         2.00
      76.351     0.550000       474115         2.22
      80.255     0.600000       517098         2.50
      84.735     0.650000       560116         2.86
      90.367     0.700000       603002         3.33
      98.495     0.750000       645890         4.00
     104.255     0.775000       667431         4.44
     111.359     0.800000       689021         5.00
     122.175     0.825000       710448         5.71
     141.439     0.850000       731913         6.67
     174.847     0.875000       753436         8.00
     192.767     0.887500       764209         8.89
     215.679     0.900000       774975        10.00
     247.935     0.912500       785736        11.43
     283.903     0.925000       796538        13.33
     323.839     0.937500       807257        16.00
     354.303     0.943750       812670        17.78
     390.143     0.950000       818017        20.00
     423.423     0.956250       823411        22.86
     454.911     0.962500       828810        26.67
     488.191     0.968750       834169        32.00
     504.575     0.971875       836857        35.56
     517.375     0.975000       839559        40.00
     527.871     0.978125       842277        45.71
     538.111     0.981250       845012        53.33
     548.351     0.984375       847634        64.00
     553.983     0.985938       849006        71.11
     560.639     0.987500       850354        80.00
     568.319     0.989062       851647        91.43
     578.047     0.990625       853063       106.67
     589.311     0.992188       854398       128.00
     594.431     0.992969       855054       142.22
     600.063     0.993750       855699       160.00
     605.695     0.994531       856353       182.86
     612.351     0.995313       857027       213.33
     621.567     0.996094       857730       256.00
     625.663     0.996484       858063       284.44
     630.271     0.996875       858386       320.00
     634.879     0.997266       858732       365.71
     638.975     0.997656       859067       426.67
     642.559     0.998047       859389       512.00
     644.607     0.998242       859579       568.89
     646.655     0.998437       859722       640.00
     649.215     0.998633       859917       731.43
     651.263     0.998828       860057       853.33
     654.335     0.999023       860238      1024.00
     656.383     0.999121       860329      1137.78
     657.919     0.999219       860396      1280.00
     659.967     0.999316       860473      1462.86
     662.527     0.999414       860572      1706.67
     664.575     0.999512       860643      2048.00
     666.111     0.999561       860684      2275.56
     668.159     0.999609       860731      2560.00
     670.207     0.999658       860768      2925.71
     672.255     0.999707       860809      3413.33
     674.303     0.999756       860856      4096.00
     675.327     0.999780       860871      4551.11
     677.887     0.999805       860894      5120.00
     680.959     0.999829       860918      5851.43
     685.567     0.999854       860934      6826.67
     691.199     0.999878       860955      8192.00
     693.247     0.999890       860972      9102.22
     693.759     0.999902       860979     10240.00
     694.783     0.999915       860989     11702.86
     695.807     0.999927       860999     13653.33
     697.343     0.999939       861010     16384.00
     698.879     0.999945       861015     18204.44
     699.391     0.999951       861021     20480.00
     699.903     0.999957       861024     23405.71
     703.999     0.999963       861029     27306.67
     708.607     0.999969       861034     32768.00
     709.119     0.999973       861037     36408.89
     709.631     0.999976       861040     40960.00
     711.167     0.999979       861044     46811.43
     711.679     0.999982       861049     54613.33
     711.679     0.999985       861049     65536.00
     711.679     0.999986       861049     72817.78
     712.191     0.999988       861053     81920.00
     712.191     0.999989       861053     93622.86
     712.191     0.999991       861053    109226.67
     712.703     0.999992       861054    131072.00
     713.215     0.999993       861057    145635.56
     713.215     0.999994       861057    163840.00
     713.215     0.999995       861057    187245.71
     713.215     0.999995       861057    218453.33
     713.215     0.999996       861057    262144.00
     713.727     0.999997       861058    291271.11
     713.727     0.999997       861058    327680.00
     713.727     0.999997       861058    374491.43
     715.775     0.999998       861059    436906.67
     715.775     0.999998       861059    524288.00
     715.775     0.999998       861059    582542.22
     715.775     0.999998       861059    655360.00
     715.775     0.999999       861059    748982.86
     716.287     0.999999       861060    873813.33
     716.287     1.000000       861060          inf
#[Mean    =      106.068, StdDeviation   =      111.542]
#[Max     =      715.776, Total count    =       861060]
#[Buckets =           27, SubBuckets     =         2048]
-----------------------------------------------------------------------
  890157 requests in 5.00m, 138.03MB read
Requests/sec:   2966.99  
Transfer/sec:    471.10KB
