setup: assigned thread_id=1
init: final thread_id=1, base_seed=nil
script_want_response
Running 2m test @ http://10.10.1.1:26683
  1 threads and 10 connections

  Thread calibration: mean lat.: 10.868ms, rate sampling interval: 23ms

-----------------------------------------------------------------------
Test Results @ http://10.10.1.1:26683 
  Thread Stats   Avg      Stdev     99%   +/- Stdev
    Latency    10.64ms    1.82ms  12.90ms   97.43%
    Req/Sec   101.92    171.79   454.00     79.08%
  Latency Distribution (HdrHistogram - Recorded Latency)
 50.000%   10.47ms
 75.000%   11.18ms
 90.000%   11.79ms
 99.000%   12.90ms
 99.900%   15.98ms
 99.990%  104.19ms
 99.999%  106.82ms
100.000%  106.82ms

  Detailed Percentile spectrum:
       Value   Percentile   TotalCount 1/(1-Percentile)

       8.287     0.000000            1         1.00
       9.639     0.100000          924         1.11
       9.863     0.200000         1819         1.25
      10.063     0.300000         2734         1.43
      10.255     0.400000         3626         1.67
      10.471     0.500000         4508         2.00
      10.591     0.550000         4959         2.22
      10.727     0.600000         5421         2.50
      10.871     0.650000         5866         2.86
      11.015     0.700000         6319         3.33
      11.175     0.750000         6759         4.00
      11.263     0.775000         7003         4.44
      11.343     0.800000         7213         5.00
      11.439     0.825000         7429         5.71
      11.551     0.850000         7658         6.67
      11.663     0.875000         7881         8.00
      11.727     0.887500         7991         8.89
      11.791     0.900000         8101        10.00
      11.863     0.912500         8217        11.43
      11.951     0.925000         8327        13.33
      12.055     0.937500         8438        16.00
      12.103     0.943750         8499        17.78
      12.151     0.950000         8556        20.00
      12.215     0.956250         8610        22.86
      12.287     0.962500         8663        26.67
      12.367     0.968750         8719        32.00
      12.407     0.971875         8748        35.56
      12.463     0.975000         8777        40.00
      12.527     0.978125         8808        45.71
      12.607     0.981250         8833        53.33
      12.687     0.984375         8862        64.00
      12.735     0.985938         8875        71.11
      12.791     0.987500         8888        80.00
      12.863     0.989062         8903        91.43
      12.967     0.990625         8917       106.67
      13.079     0.992188         8930       128.00
      13.119     0.992969         8938       142.22
      13.199     0.993750         8944       160.00
      13.375     0.994531         8951       182.86
      13.519     0.995313         8958       213.33
      13.671     0.996094         8965       256.00
      13.807     0.996484         8969       284.44
      13.879     0.996875         8972       320.00
      14.015     0.997266         8976       365.71
      14.191     0.997656         8979       426.67
      14.303     0.998047         8983       512.00
      14.383     0.998242         8985       568.89
      14.791     0.998437         8986       640.00
      15.143     0.998633         8988       731.43
      15.767     0.998828         8990       853.33
      15.991     0.999023         8992      1024.00
      16.527     0.999121         8993      1137.78
      16.527     0.999219         8993      1280.00
      16.639     0.999316         8994      1462.86
      18.239     0.999414         8995      1706.67
      39.519     0.999512         8996      2048.00
      41.535     0.999561         8997      2275.56
      41.535     0.999609         8997      2560.00
      41.535     0.999658         8997      2925.71
      67.647     0.999707         8998      3413.33
      67.647     0.999756         8998      4096.00
     104.191     0.999780         8999      4551.11
     104.191     0.999805         8999      5120.00
     104.191     0.999829         8999      5851.43
     104.191     0.999854         8999      6826.67
     104.191     0.999878         8999      8192.00
     106.815     0.999890         9000      9102.22
     106.815     1.000000         9000          inf
#[Mean    =       10.645, StdDeviation   =        1.819]
#[Max     =      106.752, Total count    =         9000]
#[Buckets =           27, SubBuckets     =         2048]
-----------------------------------------------------------------------
  9991 requests in 1.67m, 1.55MB read
Requests/sec:     99.90  
Transfer/sec:     15.87KB
