setup: assigned thread_id=1
init: final thread_id=1, base_seed=nil
setup: assigned thread_id=2
init: final thread_id=2, base_seed=nil
setup: assigned thread_id=3
init: final thread_id=3, base_seed=nil
setup: assigned thread_id=4
init: final thread_id=4, base_seed=nil
setup: assigned thread_id=5
init: final thread_id=5, base_seed=nil
setup: assigned thread_id=6
init: final thread_id=6, base_seed=nil
setup: assigned thread_id=7
init: final thread_id=7, base_seed=nil
setup: assigned thread_id=8
init: final thread_id=8, base_seed=nil
setup: assigned thread_id=9
init: final thread_id=9, base_seed=nil
setup: assigned thread_id=10
init: final thread_id=10, base_seed=nil
setup: assigned thread_id=11
init: final thread_id=11, base_seed=nil
setup: assigned thread_id=12
init: final thread_id=12, base_seed=nil
setup: assigned thread_id=13
init: final thread_id=13, base_seed=nil
setup: assigned thread_id=14
init: final thread_id=14, base_seed=nil
setup: assigned thread_id=15
init: final thread_id=15, base_seed=nil
setup: assigned thread_id=16
init: final thread_id=16, base_seed=nil
setup: assigned thread_id=17
init: final thread_id=17, base_seed=nil
setup: assigned thread_id=18
init: final thread_id=18, base_seed=nil
setup: assigned thread_id=19
init: final thread_id=19, base_seed=nil
setup: assigned thread_id=20
init: final thread_id=20, base_seed=nil
script_want_response
Running 1m test @ http://10.10.1.1:26850
  20 threads and 200 connections

  Thread calibration: mean lat.: 49.691ms, rate sampling interval: 142ms
  Thread calibration: mean lat.: 51.443ms, rate sampling interval: 143ms
  Thread calibration: mean lat.: 52.893ms, rate sampling interval: 142ms
  Thread calibration: mean lat.: 53.431ms, rate sampling interval: 142ms
  Thread calibration: mean lat.: 54.043ms, rate sampling interval: 140ms
  Thread calibration: mean lat.: 55.979ms, rate sampling interval: 140ms
  Thread calibration: mean lat.: 57.156ms, rate sampling interval: 141ms
  Thread calibration: mean lat.: 57.863ms, rate sampling interval: 140ms
  Thread calibration: mean lat.: 58.206ms, rate sampling interval: 141ms
  Thread calibration: mean lat.: 59.076ms, rate sampling interval: 139ms
  Thread calibration: mean lat.: 58.555ms, rate sampling interval: 139ms
  Thread calibration: mean lat.: 58.545ms, rate sampling interval: 138ms
  Thread calibration: mean lat.: 58.949ms, rate sampling interval: 136ms
  Thread calibration: mean lat.: 59.212ms, rate sampling interval: 136ms
  Thread calibration: mean lat.: 58.781ms, rate sampling interval: 135ms
  Thread calibration: mean lat.: 58.859ms, rate sampling interval: 135ms
  Thread calibration: mean lat.: 57.990ms, rate sampling interval: 133ms
  Thread calibration: mean lat.: 57.970ms, rate sampling interval: 133ms
  Thread calibration: mean lat.: 57.895ms, rate sampling interval: 131ms
  Thread calibration: mean lat.: 55.994ms, rate sampling interval: 129ms

-----------------------------------------------------------------------
Test Results @ http://10.10.1.1:26850 
  Thread Stats   Avg      Stdev     99%   +/- Stdev
    Latency    62.30ms   19.12ms 146.18ms   84.62%
    Req/Sec    99.81     29.22   155.00     76.65%
  Latency Distribution (HdrHistogram - Recorded Latency)
 50.000%   62.88ms
 75.000%   68.99ms
 90.000%   74.88ms
 99.000%  146.18ms
 99.900%  238.85ms
 99.990%  273.15ms
 99.999%  288.77ms
100.000%  296.70ms

  Detailed Percentile spectrum:
       Value   Percentile   TotalCount 1/(1-Percentile)

      13.983     0.000000            1         1.00
      42.879     0.100000         9990         1.11
      51.743     0.200000        19980         1.25
      56.959     0.300000        30019         1.43
      60.287     0.400000        40020         1.67
      62.879     0.500000        49972         2.00
      64.095     0.550000        54953         2.22
      65.279     0.600000        59972         2.50
      66.495     0.650000        65138         2.86
      67.711     0.700000        70099         3.33
      68.991     0.750000        74981         4.00
      69.759     0.775000        77587         4.44
      70.527     0.800000        79953         5.00
      71.359     0.825000        82387         5.71
      72.383     0.850000        85041         6.67
      73.471     0.875000        87483         8.00
      74.111     0.887500        88690         8.89
      74.879     0.900000        89904        10.00
      75.839     0.912500        91174        11.43
      77.055     0.925000        92401        13.33
      78.847     0.937500        93633        16.00
      80.127     0.943750        94243        17.78
      81.727     0.950000        94868        20.00
      83.903     0.956250        95486        22.86
      86.399     0.962500        96102        26.67
      89.471     0.968750        96731        32.00
      91.391     0.971875        97041        35.56
      93.695     0.975000        97352        40.00
      97.471     0.978125        97663        45.71
     106.239     0.981250        97977        53.33
     122.687     0.984375        98287        64.00
     129.919     0.985938        98442        71.11
     136.831     0.987500        98599        80.00
     142.463     0.989062        98754        91.43
     148.607     0.990625        98911       106.67
     157.183     0.992188        99067       128.00
     160.639     0.992969        99144       142.22
     164.223     0.993750        99223       160.00
     167.807     0.994531        99300       182.86
     172.799     0.995313        99378       213.33
     177.151     0.996094        99458       256.00
     181.119     0.996484        99495       284.44
     185.215     0.996875        99535       320.00
     189.951     0.997266        99574       365.71
     196.095     0.997656        99613       426.67
     202.367     0.998047        99652       512.00
     207.871     0.998242        99671       568.89
     212.607     0.998437        99690       640.00
     221.055     0.998633        99711       731.43
     227.967     0.998828        99729       853.33
     239.487     0.999023        99749      1024.00
     242.559     0.999121        99760      1137.78
     246.271     0.999219        99768      1280.00
     252.671     0.999316        99778      1462.86
     255.743     0.999414        99788      1706.67
     256.895     0.999512        99798      2048.00
     259.071     0.999561        99804      2275.56
     259.583     0.999609        99808      2560.00
     260.607     0.999658        99813      2925.71
     261.375     0.999707        99817      3413.33
     263.679     0.999756        99822      4096.00
     264.703     0.999780        99825      4551.11
     267.519     0.999805        99827      5120.00
     267.775     0.999829        99829      5851.43
     270.335     0.999854        99832      6826.67
     271.615     0.999878        99834      8192.00
     273.151     0.999890        99836      9102.22
     274.431     0.999902        99837     10240.00
     275.711     0.999915        99838     11702.86
     275.967     0.999927        99839     13653.33
     283.135     0.999939        99840     16384.00
     284.159     0.999945        99841     18204.44
     284.415     0.999951        99842     20480.00
     284.415     0.999957        99842     23405.71
     284.671     0.999963        99843     27306.67
     284.671     0.999969        99843     32768.00
     287.743     0.999973        99844     36408.89
     287.743     0.999976        99844     40960.00
     287.743     0.999979        99844     46811.43
     288.767     0.999982        99845     54613.33
     288.767     0.999985        99845     65536.00
     288.767     0.999986        99845     72817.78
     288.767     0.999988        99845     81920.00
     288.767     0.999989        99845     93622.86
     296.703     0.999991        99846    109226.67
     296.703     1.000000        99846          inf
#[Mean    =       62.305, StdDeviation   =       19.125]
#[Max     =      296.448, Total count    =        99846]
#[Buckets =           27, SubBuckets     =         2048]
-----------------------------------------------------------------------
  119669 requests in 1.00m, 18.56MB read
Requests/sec:   1995.00  
Transfer/sec:    316.78KB
