setup: assigned thread_id=1
init: final thread_id=1, base_seed=nil
setup: assigned thread_id=2
init: final thread_id=2, base_seed=nil
setup: assigned thread_id=3
init: final thread_id=3, base_seed=nil
setup: assigned thread_id=4
init: final thread_id=4, base_seed=nil
setup: assigned thread_id=5
init: final thread_id=5, base_seed=nil
setup: assigned thread_id=6
init: final thread_id=6, base_seed=nil
setup: assigned thread_id=7
init: final thread_id=7, base_seed=nil
setup: assigned thread_id=8
init: final thread_id=8, base_seed=nil
setup: assigned thread_id=9
init: final thread_id=9, base_seed=nil
setup: assigned thread_id=10
init: final thread_id=10, base_seed=nil
setup: assigned thread_id=11
init: final thread_id=11, base_seed=nil
setup: assigned thread_id=12
init: final thread_id=12, base_seed=nil
setup: assigned thread_id=13
init: final thread_id=13, base_seed=nil
setup: assigned thread_id=14
init: final thread_id=14, base_seed=nil
setup: assigned thread_id=15
init: final thread_id=15, base_seed=nil
setup: assigned thread_id=16
init: final thread_id=16, base_seed=nil
setup: assigned thread_id=17
init: final thread_id=17, base_seed=nil
setup: assigned thread_id=18
init: final thread_id=18, base_seed=nil
setup: assigned thread_id=19
init: final thread_id=19, base_seed=nil
setup: assigned thread_id=20
init: final thread_id=20, base_seed=nil
setup: assigned thread_id=21
init: final thread_id=21, base_seed=nil
setup: assigned thread_id=22
init: final thread_id=22, base_seed=nil
setup: assigned thread_id=23
init: final thread_id=23, base_seed=nil
setup: assigned thread_id=24
init: final thread_id=24, base_seed=nil
setup: assigned thread_id=25
init: final thread_id=25, base_seed=nil
setup: assigned thread_id=26
init: final thread_id=26, base_seed=nil
setup: assigned thread_id=27
init: final thread_id=27, base_seed=nil
setup: assigned thread_id=28
init: final thread_id=28, base_seed=nil
setup: assigned thread_id=29
init: final thread_id=29, base_seed=nil
setup: assigned thread_id=30
init: final thread_id=30, base_seed=nil
setup: assigned thread_id=31
init: final thread_id=31, base_seed=nil
setup: assigned thread_id=32
init: final thread_id=32, base_seed=nil
setup: assigned thread_id=33
init: final thread_id=33, base_seed=nil
setup: assigned thread_id=34
init: final thread_id=34, base_seed=nil
setup: assigned thread_id=35
init: final thread_id=35, base_seed=nil
setup: assigned thread_id=36
init: final thread_id=36, base_seed=nil
setup: assigned thread_id=37
init: final thread_id=37, base_seed=nil
setup: assigned thread_id=38
init: final thread_id=38, base_seed=nil
setup: assigned thread_id=39
init: final thread_id=39, base_seed=nil
setup: assigned thread_id=40
init: final thread_id=40, base_seed=nil
setup: assigned thread_id=41
init: final thread_id=41, base_seed=nil
setup: assigned thread_id=42
init: final thread_id=42, base_seed=nil
setup: assigned thread_id=43
init: final thread_id=43, base_seed=nil
setup: assigned thread_id=44
init: final thread_id=44, base_seed=nil
setup: assigned thread_id=45
init: final thread_id=45, base_seed=nil
script_want_response
Running 5m test @ http://10.10.1.1:26850
  45 threads and 450 connections

  Thread calibration: mean lat.: 446.199ms, rate sampling interval: 1741ms
  Thread calibration: mean lat.: 349.111ms, rate sampling interval: 1435ms
  Thread calibration: mean lat.: 428.643ms, rate sampling interval: 1562ms
  Thread calibration: mean lat.: 403.629ms, rate sampling interval: 1574ms
  Thread calibration: mean lat.: 359.035ms, rate sampling interval: 1364ms
  Thread calibration: mean lat.: 418.858ms, rate sampling interval: 1647ms
  Thread calibration: mean lat.: 362.678ms, rate sampling interval: 1519ms
  Thread calibration: mean lat.: 448.509ms, rate sampling interval: 1837ms
  Thread calibration: mean lat.: 396.766ms, rate sampling interval: 1504ms
  Thread calibration: mean lat.: 397.815ms, rate sampling interval: 1655ms
  Thread calibration: mean lat.: 473.580ms, rate sampling interval: 1914ms
  Thread calibration: mean lat.: 422.342ms, rate sampling interval: 1606ms
  Thread calibration: mean lat.: 423.344ms, rate sampling interval: 1678ms
  Thread calibration: mean lat.: 446.464ms, rate sampling interval: 1752ms
  Thread calibration: mean lat.: 501.974ms, rate sampling interval: 1880ms
  Thread calibration: mean lat.: 425.591ms, rate sampling interval: 1686ms
  Thread calibration: mean lat.: 411.898ms, rate sampling interval: 1565ms
  Thread calibration: mean lat.: 490.281ms, rate sampling interval: 2054ms
  Thread calibration: mean lat.: 394.168ms, rate sampling interval: 1414ms
  Thread calibration: mean lat.: 456.367ms, rate sampling interval: 1743ms
  Thread calibration: mean lat.: 421.571ms, rate sampling interval: 1702ms
  Thread calibration: mean lat.: 424.828ms, rate sampling interval: 1689ms
  Thread calibration: mean lat.: 449.290ms, rate sampling interval: 1732ms
  Thread calibration: mean lat.: 464.018ms, rate sampling interval: 1618ms
  Thread calibration: mean lat.: 483.324ms, rate sampling interval: 1922ms
  Thread calibration: mean lat.: 437.506ms, rate sampling interval: 1648ms
  Thread calibration: mean lat.: 466.539ms, rate sampling interval: 1748ms
  Thread calibration: mean lat.: 455.664ms, rate sampling interval: 1807ms
  Thread calibration: mean lat.: 468.856ms, rate sampling interval: 1671ms
  Thread calibration: mean lat.: 505.361ms, rate sampling interval: 1823ms
  Thread calibration: mean lat.: 457.275ms, rate sampling interval: 1659ms
  Thread calibration: mean lat.: 481.970ms, rate sampling interval: 1868ms
  Thread calibration: mean lat.: 447.059ms, rate sampling interval: 1842ms
  Thread calibration: mean lat.: 451.346ms, rate sampling interval: 1375ms
  Thread calibration: mean lat.: 442.463ms, rate sampling interval: 1745ms
  Thread calibration: mean lat.: 520.690ms, rate sampling interval: 1930ms
  Thread calibration: mean lat.: 430.328ms, rate sampling interval: 1696ms
  Thread calibration: mean lat.: 453.114ms, rate sampling interval: 1704ms
  Thread calibration: mean lat.: 361.579ms, rate sampling interval: 1364ms
  Thread calibration: mean lat.: 467.952ms, rate sampling interval: 1770ms
  Thread calibration: mean lat.: 470.195ms, rate sampling interval: 1744ms
  Thread calibration: mean lat.: 436.197ms, rate sampling interval: 1740ms
  Thread calibration: mean lat.: 426.134ms, rate sampling interval: 1650ms
  Thread calibration: mean lat.: 432.803ms, rate sampling interval: 1791ms
  Thread calibration: mean lat.: 424.537ms, rate sampling interval: 1723ms

-----------------------------------------------------------------------
Test Results @ http://10.10.1.1:26850 
  Thread Stats   Avg      Stdev     99%   +/- Stdev
    Latency    26.06s    17.92s    1.00m    54.77%
    Req/Sec    50.97      5.20    61.00     79.09%
  Latency Distribution (HdrHistogram - Recorded Latency)
 50.000%   23.74s 
 75.000%   42.47s 
 90.000%    0.86m 
 99.000%    1.00m 
 99.900%    1.06m 
 99.990%    1.11m 
 99.999%    1.15m 
100.000%    1.16m 

  Detailed Percentile spectrum:
       Value   Percentile   TotalCount 1/(1-Percentile)

     180.863     0.000000            1         1.00
    3465.215     0.100000        67125         1.11
    7258.111     0.200000       134257         1.25
   12156.927     0.300000       201454         1.43
   17481.727     0.400000       268554         1.67
   23740.415     0.500000       335623         2.00
   27197.439     0.550000       369218         2.22
   30523.391     0.600000       402753         2.50
   34144.255     0.650000       436353         2.86
   38240.255     0.700000       469974         3.33
   42467.327     0.750000       503429         4.00
   44466.175     0.775000       520260         4.44
   46137.343     0.800000       537109         5.00
   47710.207     0.825000       553862         5.71
   49119.231     0.850000       570836         6.67
   50429.951     0.875000       587392         8.00
   51118.079     0.887500       595895         8.89
   51806.207     0.900000       604117        10.00
   52592.639     0.912500       612739        11.43
   53379.071     0.925000       620915        13.33
   54231.039     0.937500       629371        16.00
   54657.023     0.943750       633501        17.78
   55115.775     0.950000       637668        20.00
   55607.295     0.956250       641894        22.86
   56131.583     0.962500       646145        26.67
   56688.639     0.968750       650315        32.00
   57016.319     0.971875       652444        35.56
   57376.767     0.975000       654638        40.00
   57737.215     0.978125       656637        45.71
   58163.199     0.981250       658754        53.33
   58621.951     0.984375       660769        64.00
   58884.095     0.985938       661797        71.11
   59179.007     0.987500       662855        80.00
   59506.687     0.989062       663956        91.43
   59834.367     0.990625       664956       106.67
   60260.351     0.992188       666047       128.00
   60456.959     0.992969       666500       142.22
   60719.103     0.993750       667082       160.00
   60981.247     0.994531       667615       182.86
   61276.159     0.995313       668101       213.33
   61603.839     0.996094       668613       256.00
   61800.447     0.996484       668899       284.44
   61997.055     0.996875       669145       320.00
   62193.663     0.997266       669408       365.71
   62423.039     0.997656       669645       426.67
   62717.951     0.998047       669922       512.00
   62849.023     0.998242       670043       568.89
   63012.863     0.998437       670183       640.00
   63209.471     0.998633       670311       731.43
   63438.847     0.998828       670439       853.33
   63700.991     0.999023       670576      1024.00
   63832.063     0.999121       670637      1137.78
   63995.903     0.999219       670695      1280.00
   64192.511     0.999316       670763      1462.86
   64421.887     0.999414       670833      1706.67
   64651.263     0.999512       670892      2048.00
   64782.335     0.999561       670927      2275.56
   64913.407     0.999609       670963      2560.00
   65077.247     0.999658       670994      2925.71
   65241.087     0.999707       671022      3413.33
   65437.695     0.999756       671055      4096.00
   65568.767     0.999780       671077      4551.11
   65699.839     0.999805       671090      5120.00
   65798.143     0.999829       671107      5851.43
   65929.215     0.999854       671121      6826.67
   66125.823     0.999878       671138      8192.00
   66224.127     0.999890       671147      9102.22
   66355.199     0.999902       671154     10240.00
   66519.039     0.999915       671164     11702.86
   66617.343     0.999927       671170     13653.33
   66813.951     0.999939       671178     16384.00
   66945.023     0.999945       671184     18204.44
   67010.559     0.999951       671186     20480.00
   67174.399     0.999957       671192     23405.71
   67371.007     0.999963       671196     27306.67
   67567.615     0.999969       671198     32768.00
   67829.759     0.999973       671200     36408.89
   68157.439     0.999976       671203     40960.00
   68419.583     0.999979       671204     46811.43
   68616.191     0.999982       671206     54613.33
   68878.335     0.999985       671208     65536.00
   68943.871     0.999986       671209     72817.78
   69009.407     0.999988       671210     81920.00
   69140.479     0.999989       671211     93622.86
   69206.015     0.999991       671212    109226.67
   69402.623     0.999992       671213    131072.00
   69533.695     0.999993       671215    145635.56
   69533.695     0.999994       671215    163840.00
   69533.695     0.999995       671215    187245.71
   69533.695     0.999995       671215    218453.33
   69730.303     0.999996       671217    262144.00
   69730.303     0.999997       671217    291271.11
   69730.303     0.999997       671217    327680.00
   69730.303     0.999997       671217    374491.43
   69730.303     0.999998       671217    436906.67
   69730.303     0.999998       671217    524288.00
   69730.303     0.999998       671217    582542.22
   69730.303     0.999998       671217    655360.00
   69861.375     0.999999       671218    748982.86
   69861.375     1.000000       671218          inf
#[Mean    =    26057.665, StdDeviation   =    17918.002]
#[Max     =    69795.840, Total count    =       671218]
#[Buckets =           27, SubBuckets     =         2048]
-----------------------------------------------------------------------
  697483 requests in 5.00m, 108.14MB read
  Socket errors: connect 0, read 0, write 0, timeout 12457
Requests/sec:   2325.18  
Transfer/sec:    369.17KB
