setup: assigned thread_id=1
init: final thread_id=1, base_seed=nil
script_want_response
Running 1m test @ http://10.10.1.1:26850
  1 threads and 10 connections

  Thread calibration: mean lat.: 15.394ms, rate sampling interval: 33ms

-----------------------------------------------------------------------
Test Results @ http://10.10.1.1:26850 
  Thread Stats   Avg      Stdev     99%   +/- Stdev
    Latency    15.36ms    3.69ms  20.67ms   98.60%
    Req/Sec   101.44    135.88   312.00     70.48%
  Latency Distribution (HdrHistogram - Recorded Latency)
 50.000%   14.96ms
 75.000%   15.61ms
 90.000%   16.43ms
 99.000%   20.67ms
 99.900%   91.01ms
 99.990%   94.59ms
 99.999%   96.13ms
100.000%   96.13ms

  Detailed Percentile spectrum:
       Value   Percentile   TotalCount 1/(1-Percentile)

      13.031     0.000000            1         1.00
      14.183     0.100000          512         1.11
      14.407     0.200000         1007         1.25
      14.599     0.300000         1511         1.43
      14.783     0.400000         2023         1.67
      14.959     0.500000         2505         2.00
      15.063     0.550000         2761         2.22
      15.175     0.600000         3009         2.50
      15.295     0.650000         3254         2.86
      15.439     0.700000         3508         3.33
      15.607     0.750000         3757         4.00
      15.711     0.775000         3881         4.44
      15.831     0.800000         4008         5.00
      15.959     0.825000         4132         5.71
      16.103     0.850000         4259         6.67
      16.239     0.875000         4379         8.00
      16.343     0.887500         4442         8.89
      16.431     0.900000         4508        10.00
      16.527     0.912500         4572        11.43
      16.623     0.925000         4625        13.33
      16.767     0.937500         4691        16.00
      16.847     0.943750         4723        17.78
      16.927     0.950000         4750        20.00
      17.023     0.956250         4784        22.86
      17.119     0.962500         4813        26.67
      17.279     0.968750         4845        32.00
      17.391     0.971875         4861        35.56
      17.519     0.975000         4875        40.00
      17.695     0.978125         4891        45.71
      18.095     0.981250         4909        53.33
      18.415     0.984375         4922        64.00
      19.023     0.985938         4930        71.11
      19.631     0.987500         4938        80.00
      20.335     0.989062         4946        91.43
      20.991     0.990625         4954       106.67
      21.823     0.992188         4961       128.00
      22.607     0.992969         4965       142.22
      23.071     0.993750         4969       160.00
      23.759     0.994531         4973       182.86
      25.343     0.995313         4977       213.33
      27.263     0.996094         4981       256.00
      27.807     0.996484         4983       284.44
      29.471     0.996875         4985       320.00
      30.799     0.997266         4987       365.71
      46.047     0.997656         4989       426.67
      87.295     0.998047         4991       512.00
      87.423     0.998242         4992       568.89
      89.215     0.998437         4993       640.00
      89.791     0.998633         4994       731.43
      91.007     0.998828         4995       853.33
      91.455     0.999023         4996      1024.00
      91.455     0.999121         4996      1137.78
      92.927     0.999219         4997      1280.00
      92.927     0.999316         4997      1462.86
      94.463     0.999414         4998      1706.67
      94.463     0.999512         4998      2048.00
      94.463     0.999561         4998      2275.56
      94.591     0.999609         4999      2560.00
      94.591     0.999658         4999      2925.71
      94.591     0.999707         4999      3413.33
      94.591     0.999756         4999      4096.00
      94.591     0.999780         4999      4551.11
      96.127     0.999805         5000      5120.00
      96.127     1.000000         5000          inf
#[Mean    =       15.364, StdDeviation   =        3.694]
#[Max     =       96.064, Total count    =         5000]
#[Buckets =           27, SubBuckets     =         2048]
-----------------------------------------------------------------------
  5990 requests in 1.00m, 0.93MB read
Requests/sec:     99.81  
Transfer/sec:     15.85KB
