setup: assigned thread_id=1
init: final thread_id=1, base_seed=nil
script_want_response
Running 2m test @ http://10.10.1.1:5834
  1 threads and 10 connections

  Thread calibration: mean lat.: 27.313ms, rate sampling interval: 36ms

-----------------------------------------------------------------------
Test Results @ http://10.10.1.1:5834 
  Thread Stats   Avg      Stdev     99%   +/- Stdev
    Latency    20.15ms   52.57ms  29.79ms   99.38%
    Req/Sec   101.06    124.77   285.00     69.94%
  Latency Distribution (HdrHistogram - Recorded Latency)
 50.000%   16.22ms
 75.000%   16.85ms
 90.000%   17.77ms
 99.000%   29.79ms
 99.900%  952.32ms
 99.990%    1.12s 
 99.999%    1.20s 
100.000%    1.20s 

  Detailed Percentile spectrum:
       Value   Percentile   TotalCount 1/(1-Percentile)

      14.375     0.000000            1         1.00
      15.423     0.100000          924         1.11
      15.663     0.200000         1815         1.25
      15.855     0.300000         2736         1.43
      16.031     0.400000         3600         1.67
      16.215     0.500000         4516         2.00
      16.319     0.550000         4985         2.22
      16.431     0.600000         5457         2.50
      16.543     0.650000         5883         2.86
      16.687     0.700000         6327         3.33
      16.847     0.750000         6756         4.00
      16.943     0.775000         6986         4.44
      17.087     0.800000         7225         5.00
      17.215     0.825000         7433         5.71
      17.375     0.850000         7653         6.67
      17.567     0.875000         7890         8.00
      17.663     0.887500         8001         8.89
      17.775     0.900000         8113        10.00
      17.871     0.912500         8219        11.43
      17.999     0.925000         8329        13.33
      18.175     0.937500         8441        16.00
      18.271     0.943750         8507        17.78
      18.367     0.950000         8555        20.00
      18.495     0.956250         8612        22.86
      18.719     0.962500         8663        26.67
      19.071     0.968750         8720        32.00
      19.407     0.971875         8747        35.56
      19.935     0.975000         8775        40.00
      21.519     0.978125         8804        45.71
      23.071     0.981250         8833        53.33
      24.319     0.984375         8860        64.00
      25.327     0.985938         8875        71.11
      27.135     0.987500         8888        80.00
      28.559     0.989062         8902        91.43
      30.735     0.990625         8916       106.67
      34.399     0.992188         8930       128.00
      38.847     0.992969         8937       142.22
      70.655     0.993750         8944       160.00
     160.255     0.994531         8951       182.86
     280.319     0.995313         8958       213.33
     440.063     0.996094         8965       256.00
     523.007     0.996484         8969       284.44
     606.719     0.996875         8972       320.00
     690.175     0.997266         8976       365.71
     699.903     0.997656         8979       426.67
     783.359     0.998047         8983       512.00
     858.623     0.998242         8985       568.89
     866.303     0.998437         8986       640.00
     941.055     0.998633         8988       731.43
     948.735     0.998828         8990       853.33
    1026.047     0.999023         8993      1024.00
    1026.047     0.999121         8993      1137.78
    1026.047     0.999219         8993      1280.00
    1032.191     0.999316         8994      1462.86
    1036.287     0.999414         8995      1706.67
    1110.015     0.999512         8996      2048.00
    1111.039     0.999561         8997      2275.56
    1111.039     0.999609         8997      2560.00
    1111.039     0.999658         8997      2925.71
    1118.207     0.999707         8998      3413.33
    1118.207     0.999756         8998      4096.00
    1120.255     0.999780         8999      4551.11
    1120.255     0.999805         8999      5120.00
    1120.255     0.999829         8999      5851.43
    1120.255     0.999854         8999      6826.67
    1120.255     0.999878         8999      8192.00
    1202.175     0.999890         9000      9102.22
    1202.175     1.000000         9000          inf
#[Mean    =       20.148, StdDeviation   =       52.565]
#[Max     =     1201.152, Total count    =         9000]
#[Buckets =           27, SubBuckets     =         2048]
-----------------------------------------------------------------------
  9990 requests in 1.67m, 1.55MB read
Requests/sec:     99.89  
Transfer/sec:     15.87KB
