setup: assigned thread_id=1
init: final thread_id=1, base_seed=nil
script_want_response
Running 2m test @ http://10.10.1.1:30743
  1 threads and 10 connections

  Thread calibration: mean lat.: 65.308ms, rate sampling interval: 153ms

-----------------------------------------------------------------------
Test Results @ http://10.10.1.1:30743 
  Thread Stats   Avg      Stdev     99%   +/- Stdev
    Latency     8.98ms    1.04ms  11.64ms   74.22%
    Req/Sec    99.80     30.77   131.00     60.82%
  Latency Distribution (HdrHistogram - Recorded Latency)
 50.000%    8.87ms
 75.000%    9.52ms
 90.000%   10.34ms
 99.000%   11.64ms
 99.900%   15.50ms
 99.990%   19.49ms
 99.999%   20.75ms
100.000%   20.75ms

  Detailed Percentile spectrum:
       Value   Percentile   TotalCount 1/(1-Percentile)

       5.327     0.000000            1         1.00
       7.879     0.100000          902         1.11
       8.223     0.200000         1805         1.25
       8.455     0.300000         2702         1.43
       8.655     0.400000         3602         1.67
       8.871     0.500000         4521         2.00
       8.975     0.550000         4969         2.22
       9.087     0.600000         5425         2.50
       9.215     0.650000         5867         2.86
       9.359     0.700000         6315         3.33
       9.519     0.750000         6760         4.00
       9.615     0.775000         6986         4.44
       9.727     0.800000         7211         5.00
       9.863     0.825000         7438         5.71
      10.007     0.850000         7658         6.67
      10.167     0.875000         7887         8.00
      10.255     0.887500         7993         8.89
      10.343     0.900000         8101        10.00
      10.431     0.912500         8213        11.43
      10.543     0.925000         8332        13.33
      10.647     0.937500         8441        16.00
      10.711     0.943750         8496        17.78
      10.783     0.950000         8554        20.00
      10.863     0.956250         8611        22.86
      10.951     0.962500         8669        26.67
      11.039     0.968750         8722        32.00
      11.103     0.971875         8750        35.56
      11.175     0.975000         8776        40.00
      11.255     0.978125         8807        45.71
      11.351     0.981250         8832        53.33
      11.431     0.984375         8861        64.00
      11.479     0.985938         8875        71.11
      11.535     0.987500         8889        80.00
      11.599     0.989062         8903        91.43
      11.671     0.990625         8916       106.67
      11.783     0.992188         8931       128.00
      11.823     0.992969         8937       142.22
      11.887     0.993750         8944       160.00
      11.975     0.994531         8951       182.86
      12.095     0.995313         8959       213.33
      12.167     0.996094         8965       256.00
      12.263     0.996484         8969       284.44
      12.327     0.996875         8972       320.00
      12.415     0.997266         8977       365.71
      12.471     0.997656         8979       426.67
      13.207     0.998047         8983       512.00
      14.135     0.998242         8985       568.89
      14.399     0.998437         8986       640.00
      14.575     0.998633         8988       731.43
      15.159     0.998828         8990       853.33
      15.599     0.999023         8992      1024.00
      15.711     0.999121         8993      1137.78
      15.711     0.999219         8993      1280.00
      15.887     0.999316         8994      1462.86
      17.039     0.999414         8995      1706.67
      17.551     0.999512         8996      2048.00
      17.583     0.999561         8997      2275.56
      17.583     0.999609         8997      2560.00
      17.583     0.999658         8997      2925.71
      18.671     0.999707         8998      3413.33
      18.671     0.999756         8998      4096.00
      19.487     0.999780         8999      4551.11
      19.487     0.999805         8999      5120.00
      19.487     0.999829         8999      5851.43
      19.487     0.999854         8999      6826.67
      19.487     0.999878         8999      8192.00
      20.751     0.999890         9000      9102.22
      20.751     1.000000         9000          inf
#[Mean    =        8.977, StdDeviation   =        1.040]
#[Max     =       20.736, Total count    =         9000]
#[Buckets =           27, SubBuckets     =         2048]
-----------------------------------------------------------------------
  9991 requests in 1.67m, 1.55MB read
Requests/sec:     99.90  
Transfer/sec:     15.86KB

=== rps=2000 c=200 t=20 url=http://10.10.1.1:30743 ===
setup: assigned thread_id=1
init: final thread_id=1, base_seed=nil
setup: assigned thread_id=2
init: final thread_id=2, base_seed=nil
setup: assigned thread_id=3
init: final thread_id=3, base_seed=nil
setup: assigned thread_id=4
init: final thread_id=4, base_seed=nil
setup: assigned thread_id=5
init: final thread_id=5, base_seed=nil
setup: assigned thread_id=6
init: final thread_id=6, base_seed=nil
setup: assigned thread_id=7
init: final thread_id=7, base_seed=nil
setup: assigned thread_id=8
init: final thread_id=8, base_seed=nil
setup: assigned thread_id=9
init: final thread_id=9, base_seed=nil
setup: assigned thread_id=10
init: final thread_id=10, base_seed=nil
setup: assigned thread_id=11
init: final thread_id=11, base_seed=nil
setup: assigned thread_id=12
init: final thread_id=12, base_seed=nil
setup: assigned thread_id=13
init: final thread_id=13, base_seed=nil
setup: assigned thread_id=14
init: final thread_id=14, base_seed=nil
setup: assigned thread_id=15
init: final thread_id=15, base_seed=nil
setup: assigned thread_id=16
init: final thread_id=16, base_seed=nil
setup: assigned thread_id=17
init: final thread_id=17, base_seed=nil
setup: assigned thread_id=18
init: final thread_id=18, base_seed=nil
setup: assigned thread_id=19
init: final thread_id=19, base_seed=nil
setup: assigned thread_id=20
init: final thread_id=20, base_seed=nil
script_want_response
Running 1m test @ http://10.10.1.1:30743
  20 threads and 200 connections

  Thread calibration: mean lat.: 10.250ms, rate sampling interval: 24ms
  Thread calibration: mean lat.: 10.157ms, rate sampling interval: 24ms
  Thread calibration: mean lat.: 10.539ms, rate sampling interval: 26ms
  Thread calibration: mean lat.: 10.745ms, rate sampling interval: 26ms
  Thread calibration: mean lat.: 10.635ms, rate sampling interval: 25ms
  Thread calibration: mean lat.: 11.099ms, rate sampling interval: 27ms
  Thread calibration: mean lat.: 11.308ms, rate sampling interval: 27ms
  Thread calibration: mean lat.: 11.251ms, rate sampling interval: 27ms
  Thread calibration: mean lat.: 11.449ms, rate sampling interval: 27ms
  Thread calibration: mean lat.: 11.761ms, rate sampling interval: 27ms
  Thread calibration: mean lat.: 10.021ms, rate sampling interval: 23ms
  Thread calibration: mean lat.: 11.567ms, rate sampling interval: 27ms
  Thread calibration: mean lat.: 11.535ms, rate sampling interval: 27ms
  Thread calibration: mean lat.: 11.697ms, rate sampling interval: 27ms
  Thread calibration: mean lat.: 11.445ms, rate sampling interval: 27ms
  Thread calibration: mean lat.: 10.785ms, rate sampling interval: 26ms
  Thread calibration: mean lat.: 10.588ms, rate sampling interval: 25ms
  Thread calibration: mean lat.: 10.366ms, rate sampling interval: 24ms
  Thread calibration: mean lat.: 10.249ms, rate sampling interval: 24ms
  Thread calibration: mean lat.: 10.125ms, rate sampling interval: 24ms

-----------------------------------------------------------------------
Test Results @ http://10.10.1.1:30743 
  Thread Stats   Avg      Stdev     99%   +/- Stdev
    Latency    12.00ms    2.89ms  20.22ms   85.66%
    Req/Sec   101.80    133.71   434.00     82.55%
  Latency Distribution (HdrHistogram - Recorded Latency)
 50.000%   11.57ms
 75.000%   13.07ms
 90.000%   14.68ms
 99.000%   20.22ms
 99.900%   49.66ms
 99.990%   67.07ms
 99.999%   71.04ms
100.000%  112.83ms

  Detailed Percentile spectrum:
       Value   Percentile   TotalCount 1/(1-Percentile)

       7.015     0.000000            1         1.00
       9.495     0.100000        10037         1.11
      10.103     0.200000        19998         1.25
      10.615     0.300000        30000         1.43
      11.095     0.400000        40048         1.67
      11.575     0.500000        50087         2.00
      11.831     0.550000        55059         2.22
      12.103     0.600000        60072         2.50
      12.391     0.650000        64979         2.86
      12.711     0.700000        69996         3.33
      13.071     0.750000        74951         4.00
      13.263     0.775000        77455         4.44
      13.487     0.800000        80002         5.00
      13.727     0.825000        82433         5.71
      13.999     0.850000        84979         6.67
      14.319     0.875000        87465         8.00
      14.495     0.887500        88717         8.89
      14.679     0.900000        89928        10.00
      14.903     0.912500        91211        11.43
      15.167     0.925000        92453        13.33
      15.471     0.937500        93684        16.00
      15.639     0.943750        94301        17.78
      15.847     0.950000        94938        20.00
      16.095     0.956250        95550        22.86
      16.383     0.962500        96173        26.67
      16.719     0.968750        96797        32.00
      16.959     0.971875        97111        35.56
      17.263     0.975000        97433        40.00
      17.599     0.978125        97734        45.71
      18.047     0.981250        98057        53.33
      18.495     0.984375        98358        64.00
      18.831     0.985938        98516        71.11
      19.279     0.987500        98674        80.00
      19.855     0.989062        98828        91.43
      20.511     0.990625        98983       106.67
      21.391     0.992188        99138       128.00
      21.855     0.992969        99218       142.22
      22.591     0.993750        99295       160.00
      23.455     0.994531        99372       182.86
      24.511     0.995313        99450       213.33
      25.855     0.996094        99528       256.00
      26.543     0.996484        99567       284.44
      27.199     0.996875        99606       320.00
      28.287     0.997266        99645       365.71
      30.063     0.997656        99684       426.67
      31.999     0.998047        99723       512.00
      33.663     0.998242        99743       568.89
      35.839     0.998437        99762       640.00
      44.575     0.998633        99782       731.43
      47.007     0.998828        99801       853.33
      49.887     0.999023        99821      1024.00
      52.671     0.999121        99831      1137.78
      53.535     0.999219        99840      1280.00
      55.455     0.999316        99850      1462.86
      56.863     0.999414        99860      1706.67
      59.423     0.999512        99870      2048.00
      59.615     0.999561        99875      2275.56
      60.543     0.999609        99879      2560.00
      61.503     0.999658        99884      2925.71
      61.759     0.999707        99889      3413.33
      63.135     0.999756        99895      4096.00
      64.799     0.999780        99897      4551.11
      65.023     0.999805        99900      5120.00
      65.247     0.999829        99901      5851.43
      66.175     0.999854        99904      6826.67
      66.879     0.999878        99906      8192.00
      67.071     0.999890        99908      9102.22
      67.199     0.999902        99910     10240.00
      67.199     0.999915        99910     11702.86
      67.327     0.999927        99911     13653.33
      67.967     0.999939        99912     16384.00
      68.479     0.999945        99913     18204.44
      68.607     0.999951        99915     20480.00
      68.607     0.999957        99915     23405.71
      68.607     0.999963        99915     27306.67
      68.607     0.999969        99915     32768.00
      70.911     0.999973        99916     36408.89
      70.911     0.999976        99916     40960.00
      70.911     0.999979        99916     46811.43
      71.039     0.999982        99917     54613.33
      71.039     0.999985        99917     65536.00
      71.039     0.999986        99917     72817.78
      71.039     0.999988        99917     81920.00
      71.039     0.999989        99917     93622.86
     112.831     0.999991        99918    109226.67
     112.831     1.000000        99918          inf
#[Mean    =       11.999, StdDeviation   =        2.887]
#[Max     =      112.768, Total count    =        99918]
#[Buckets =           27, SubBuckets     =         2048]
-----------------------------------------------------------------------
  119639 requests in 1.00m, 18.55MB read
Requests/sec:   1996.37  
Transfer/sec:    316.97KB

=== rps=2200 c=242 t=25 url=http://10.10.1.1:30743 ===
setup: assigned thread_id=1
init: final thread_id=1, base_seed=nil
setup: assigned thread_id=2
init: final thread_id=2, base_seed=nil
setup: assigned thread_id=3
init: final thread_id=3, base_seed=nil
setup: assigned thread_id=4
init: final thread_id=4, base_seed=nil
setup: assigned thread_id=5
init: final thread_id=5, base_seed=nil
setup: assigned thread_id=6
init: final thread_id=6, base_seed=nil
setup: assigned thread_id=7
init: final thread_id=7, base_seed=nil
setup: assigned thread_id=8
init: final thread_id=8, base_seed=nil
setup: assigned thread_id=9
init: final thread_id=9, base_seed=nil
setup: assigned thread_id=10
init: final thread_id=10, base_seed=nil
setup: assigned thread_id=11
init: final thread_id=11, base_seed=nil
setup: assigned thread_id=12
init: final thread_id=12, base_seed=nil
setup: assigned thread_id=13
init: final thread_id=13, base_seed=nil
setup: assigned thread_id=14
init: final thread_id=14, base_seed=nil
setup: assigned thread_id=15
init: final thread_id=15, base_seed=nil
setup: assigned thread_id=16
init: final thread_id=16, base_seed=nil
setup: assigned thread_id=17
init: final thread_id=17, base_seed=nil
setup: assigned thread_id=18
init: final thread_id=18, base_seed=nil
setup: assigned thread_id=19
init: final thread_id=19, base_seed=nil
setup: assigned thread_id=20
init: final thread_id=20, base_seed=nil
setup: assigned thread_id=21
init: final thread_id=21, base_seed=nil
setup: assigned thread_id=22
init: final thread_id=22, base_seed=nil
setup: assigned thread_id=23
init: final thread_id=23, base_seed=nil
setup: assigned thread_id=24
init: final thread_id=24, base_seed=nil
setup: assigned thread_id=25
init: final thread_id=25, base_seed=nil
script_want_response
Running 1m test @ http://10.10.1.1:30743
  25 threads and 242 connections

  Thread calibration: mean lat.: 20.075ms, rate sampling interval: 50ms
  Thread calibration: mean lat.: 19.976ms, rate sampling interval: 51ms
  Thread calibration: mean lat.: 19.705ms, rate sampling interval: 52ms
  Thread calibration: mean lat.: 19.527ms, rate sampling interval: 51ms
  Thread calibration: mean lat.: 18.913ms, rate sampling interval: 49ms
  Thread calibration: mean lat.: 17.696ms, rate sampling interval: 46ms
  Thread calibration: mean lat.: 17.410ms, rate sampling interval: 45ms
  Thread calibration: mean lat.: 16.725ms, rate sampling interval: 43ms
  Thread calibration: mean lat.: 16.008ms, rate sampling interval: 41ms
  Thread calibration: mean lat.: 14.775ms, rate sampling interval: 37ms
  Thread calibration: mean lat.: 13.816ms, rate sampling interval: 36ms
  Thread calibration: mean lat.: 13.622ms, rate sampling interval: 36ms
  Thread calibration: mean lat.: 13.899ms, rate sampling interval: 37ms
  Thread calibration: mean lat.: 14.690ms, rate sampling interval: 40ms
  Thread calibration: mean lat.: 15.076ms, rate sampling interval: 41ms
  Thread calibration: mean lat.: 15.063ms, rate sampling interval: 41ms
  Thread calibration: mean lat.: 16.566ms, rate sampling interval: 45ms
  Thread calibration: mean lat.: 16.966ms, rate sampling interval: 47ms
  Thread calibration: mean lat.: 17.458ms, rate sampling interval: 47ms
  Thread calibration: mean lat.: 17.945ms, rate sampling interval: 48ms
  Thread calibration: mean lat.: 18.605ms, rate sampling interval: 50ms
  Thread calibration: mean lat.: 18.957ms, rate sampling interval: 50ms
  Thread calibration: mean lat.: 19.660ms, rate sampling interval: 52ms
  Thread calibration: mean lat.: 20.059ms, rate sampling interval: 52ms
  Thread calibration: mean lat.: 20.356ms, rate sampling interval: 53ms

-----------------------------------------------------------------------
Test Results @ http://10.10.1.1:30743 
  Thread Stats   Avg      Stdev     99%   +/- Stdev
    Latency    17.54ms    7.76ms  59.04ms   92.98%
    Req/Sec    88.71     73.04   219.00     48.07%
  Latency Distribution (HdrHistogram - Recorded Latency)
 50.000%   16.26ms
 75.000%   19.73ms
 90.000%   23.18ms
 99.000%   59.04ms
 99.900%   89.15ms
 99.990%  103.74ms
 99.999%  109.50ms
100.000%  110.08ms

  Detailed Percentile spectrum:
       Value   Percentile   TotalCount 1/(1-Percentile)

       7.195     0.000000            1         1.00
      11.551     0.100000        11049         1.11
      12.711     0.200000        22045         1.25
      13.831     0.300000        32977         1.43
      15.007     0.400000        44005         1.67
      16.263     0.500000        54965         2.00
      16.895     0.550000        60495         2.22
      17.535     0.600000        65996         2.50
      18.223     0.650000        71556         2.86
      18.943     0.700000        77019         3.33
      19.727     0.750000        82490         4.00
      20.175     0.775000        85291         4.44
      20.639     0.800000        87989         5.00
      21.151     0.825000        90740         5.71
      21.727     0.850000        93463         6.67
      22.399     0.875000        96230         8.00
      22.767     0.887500        97572         8.89
      23.183     0.900000        98929        10.00
      23.679     0.912500       100330        11.43
      24.271     0.925000       101692        13.33
      25.023     0.937500       103073        16.00
      25.503     0.943750       103742        17.78
      26.079     0.950000       104425        20.00
      26.767     0.956250       105106        22.86
      27.679     0.962500       105796        26.67
      28.943     0.968750       106484        32.00
      29.887     0.971875       106829        35.56
      31.215     0.975000       107167        40.00
      33.567     0.978125       107518        45.71
      37.599     0.981250       107854        53.33
      42.367     0.984375       108198        64.00
      44.959     0.985938       108369        71.11
      49.119     0.987500       108545        80.00
      55.935     0.989062       108713        91.43
      60.575     0.990625       108887       106.67
      64.991     0.992188       109056       128.00
      67.007     0.992969       109144       142.22
      68.927     0.993750       109229       160.00
      70.399     0.994531       109314       182.86
      72.511     0.995313       109400       213.33
      74.815     0.996094       109487       256.00
      76.095     0.996484       109528       284.44
      77.503     0.996875       109574       320.00
      78.655     0.997266       109617       365.71
      80.447     0.997656       109658       426.67
      81.855     0.998047       109700       512.00
      82.751     0.998242       109721       568.89
      83.903     0.998437       109743       640.00
      85.759     0.998633       109764       731.43
      86.975     0.998828       109786       853.33
      89.535     0.999023       109807      1024.00
      90.303     0.999121       109818      1137.78
      91.071     0.999219       109830      1280.00
      92.223     0.999316       109839      1462.86
      93.439     0.999414       109851      1706.67
      94.655     0.999512       109861      2048.00
      95.231     0.999561       109866      2275.56
      95.999     0.999609       109872      2560.00
      96.767     0.999658       109877      2925.71
      97.151     0.999707       109882      3413.33
      99.199     0.999756       109888      4096.00
      99.455     0.999780       109891      4551.11
      99.903     0.999805       109894      5120.00
     100.223     0.999829       109896      5851.43
     100.671     0.999854       109898      6826.67
     100.991     0.999878       109901      8192.00
     101.759     0.999890       109902      9102.22
     103.807     0.999902       109904     10240.00
     104.127     0.999915       109905     11702.86
     104.255     0.999927       109906     13653.33
     106.559     0.999939       109908     16384.00
     106.559     0.999945       109908     18204.44
     107.263     0.999951       109909     20480.00
     107.711     0.999957       109910     23405.71
     107.711     0.999963       109910     27306.67
     108.031     0.999969       109911     32768.00
     108.031     0.999973       109911     36408.89
     108.223     0.999976       109912     40960.00
     108.223     0.999979       109912     46811.43
     108.223     0.999982       109912     54613.33
     109.503     0.999985       109913     65536.00
     109.503     0.999986       109913     72817.78
     109.503     0.999988       109913     81920.00
     109.503     0.999989       109913     93622.86
     109.503     0.999991       109913    109226.67
     110.079     0.999992       109914    131072.00
     110.079     1.000000       109914          inf
#[Mean    =       17.542, StdDeviation   =        7.761]
#[Max     =      110.016, Total count    =       109914]
#[Buckets =           27, SubBuckets     =         2048]
-----------------------------------------------------------------------
  131754 requests in 1.00m, 20.43MB read
Requests/sec:   2197.93  
Transfer/sec:    349.05KB

=== rps=2400 c=288 t=29 url=http://10.10.1.1:30743 ===
setup: assigned thread_id=1
init: final thread_id=1, base_seed=nil
setup: assigned thread_id=2
init: final thread_id=2, base_seed=nil
setup: assigned thread_id=3
init: final thread_id=3, base_seed=nil
setup: assigned thread_id=4
init: final thread_id=4, base_seed=nil
setup: assigned thread_id=5
init: final thread_id=5, base_seed=nil
setup: assigned thread_id=6
init: final thread_id=6, base_seed=nil
setup: assigned thread_id=7
init: final thread_id=7, base_seed=nil
setup: assigned thread_id=8
init: final thread_id=8, base_seed=nil
setup: assigned thread_id=9
init: final thread_id=9, base_seed=nil
setup: assigned thread_id=10
init: final thread_id=10, base_seed=nil
setup: assigned thread_id=11
init: final thread_id=11, base_seed=nil
setup: assigned thread_id=12
init: final thread_id=12, base_seed=nil
setup: assigned thread_id=13
init: final thread_id=13, base_seed=nil
setup: assigned thread_id=14
init: final thread_id=14, base_seed=nil
setup: assigned thread_id=15
init: final thread_id=15, base_seed=nil
setup: assigned thread_id=16
init: final thread_id=16, base_seed=nil
setup: assigned thread_id=17
init: final thread_id=17, base_seed=nil
setup: assigned thread_id=18
init: final thread_id=18, base_seed=nil
setup: assigned thread_id=19
init: final thread_id=19, base_seed=nil
setup: assigned thread_id=20
init: final thread_id=20, base_seed=nil
setup: assigned thread_id=21
init: final thread_id=21, base_seed=nil
setup: assigned thread_id=22
init: final thread_id=22, base_seed=nil
setup: assigned thread_id=23
init: final thread_id=23, base_seed=nil
setup: assigned thread_id=24
init: final thread_id=24, base_seed=nil
setup: assigned thread_id=25
init: final thread_id=25, base_seed=nil
setup: assigned thread_id=26
init: final thread_id=26, base_seed=nil
setup: assigned thread_id=27
init: final thread_id=27, base_seed=nil
setup: assigned thread_id=28
init: final thread_id=28, base_seed=nil
setup: assigned thread_id=29
init: final thread_id=29, base_seed=nil
script_want_response
Running 1m test @ http://10.10.1.1:30743
  29 threads and 288 connections

  Thread calibration: mean lat.: 22.338ms, rate sampling interval: 54ms
  Thread calibration: mean lat.: 22.629ms, rate sampling interval: 54ms
  Thread calibration: mean lat.: 22.553ms, rate sampling interval: 53ms
  Thread calibration: mean lat.: 21.947ms, rate sampling interval: 52ms
  Thread calibration: mean lat.: 21.488ms, rate sampling interval: 50ms
  Thread calibration: mean lat.: 21.225ms, rate sampling interval: 50ms
  Thread calibration: mean lat.: 20.785ms, rate sampling interval: 49ms
  Thread calibration: mean lat.: 20.007ms, rate sampling interval: 49ms
  Thread calibration: mean lat.: 19.447ms, rate sampling interval: 47ms
  Thread calibration: mean lat.: 19.116ms, rate sampling interval: 46ms
  Thread calibration: mean lat.: 17.927ms, rate sampling interval: 46ms
  Thread calibration: mean lat.: 17.510ms, rate sampling interval: 46ms
  Thread calibration: mean lat.: 17.536ms, rate sampling interval: 47ms
  Thread calibration: mean lat.: 17.667ms, rate sampling interval: 47ms
  Thread calibration: mean lat.: 18.335ms, rate sampling interval: 51ms
  Thread calibration: mean lat.: 18.260ms, rate sampling interval: 51ms
  Thread calibration: mean lat.: 19.925ms, rate sampling interval: 54ms
  Thread calibration: mean lat.: 20.478ms, rate sampling interval: 55ms
  Thread calibration: mean lat.: 21.430ms, rate sampling interval: 55ms
  Thread calibration: mean lat.: 21.626ms, rate sampling interval: 55ms
  Thread calibration: mean lat.: 21.788ms, rate sampling interval: 55ms
  Thread calibration: mean lat.: 21.505ms, rate sampling interval: 55ms
  Thread calibration: mean lat.: 21.984ms, rate sampling interval: 55ms
  Thread calibration: mean lat.: 21.203ms, rate sampling interval: 53ms
  Thread calibration: mean lat.: 21.235ms, rate sampling interval: 53ms
  Thread calibration: mean lat.: 20.791ms, rate sampling interval: 52ms
  Thread calibration: mean lat.: 19.967ms, rate sampling interval: 51ms
  Thread calibration: mean lat.: 19.562ms, rate sampling interval: 50ms
  Thread calibration: mean lat.: 18.727ms, rate sampling interval: 47ms

-----------------------------------------------------------------------
Test Results @ http://10.10.1.1:30743 
  Thread Stats   Avg      Stdev     99%   +/- Stdev
    Latency    20.77ms    7.37ms  49.60ms   87.21%
    Req/Sec    82.50     59.57   183.00     52.48%
  Latency Distribution (HdrHistogram - Recorded Latency)
 50.000%   19.61ms
 75.000%   23.25ms
 90.000%   27.06ms
 99.000%   49.60ms
 99.900%   97.02ms
 99.990%  119.17ms
 99.999%  121.41ms
100.000%  121.66ms

  Detailed Percentile spectrum:
       Value   Percentile   TotalCount 1/(1-Percentile)

       9.215     0.000000            1         1.00
      14.423     0.100000        11932         1.11
      15.959     0.200000        23763         1.25
      17.231     0.300000        35637         1.43
      18.431     0.400000        47635         1.67
      19.615     0.500000        59490         2.00
      20.239     0.550000        65371         2.22
      20.911     0.600000        71368         2.50
      21.631     0.650000        77264         2.86
      22.415     0.700000        83216         3.33
      23.247     0.750000        89094         4.00
      23.711     0.775000        92053         4.44
      24.239     0.800000        95074         5.00
      24.799     0.825000        98016         5.71
      25.439     0.850000       100962         6.67
      26.159     0.875000       103933         8.00
      26.575     0.887500       105436         8.89
      27.055     0.900000       106899        10.00
      27.615     0.912500       108400        11.43
      28.271     0.925000       109886        13.33
      29.103     0.937500       111365        16.00
      29.599     0.943750       112108        17.78
      30.191     0.950000       112843        20.00
      30.911     0.956250       113581        22.86
      31.887     0.962500       114329        26.67
      33.247     0.968750       115073        32.00
      34.111     0.971875       115442        35.56
      35.199     0.975000       115815        40.00
      36.607     0.978125       116182        45.71
      38.431     0.981250       116556        53.33
      40.991     0.984375       116920        64.00
      43.039     0.985938       117107        71.11
      45.535     0.987500       117294        80.00
      48.095     0.989062       117478        91.43
      50.399     0.990625       117663       106.67
      53.663     0.992188       117849       128.00
      55.167     0.992969       117940       142.22
      57.311     0.993750       118033       160.00
      61.279     0.994531       118126       182.86
      66.175     0.995313       118219       213.33
      71.167     0.996094       118313       256.00
      72.639     0.996484       118360       284.44
      74.431     0.996875       118404       320.00
      76.479     0.997266       118452       365.71
      78.783     0.997656       118500       426.67
      83.199     0.998047       118544       512.00
      88.191     0.998242       118568       568.89
      91.135     0.998437       118590       640.00
      93.567     0.998633       118613       731.43
      95.551     0.998828       118638       853.33
      97.535     0.999023       118660      1024.00
      98.687     0.999121       118671      1137.78
     101.439     0.999219       118683      1280.00
     104.191     0.999316       118694      1462.86
     108.735     0.999414       118706      1706.67
     111.743     0.999512       118718      2048.00
     113.727     0.999561       118723      2275.56
     114.431     0.999609       118729      2560.00
     116.031     0.999658       118735      2925.71
     117.183     0.999707       118744      3413.33
     117.375     0.999756       118747      4096.00
     117.439     0.999780       118749      4551.11
     117.823     0.999805       118752      5120.00
     118.079     0.999829       118755      5851.43
     118.399     0.999854       118759      6826.67
     118.527     0.999878       118761      8192.00
     118.975     0.999890       118762      9102.22
     119.167     0.999902       118764     10240.00
     119.359     0.999915       118766     11702.86
     119.423     0.999927       118767     13653.33
     119.615     0.999939       118768     16384.00
     119.807     0.999945       118769     18204.44
     119.871     0.999951       118770     20480.00
     119.871     0.999957       118770     23405.71
     120.383     0.999963       118771     27306.67
     121.087     0.999969       118772     32768.00
     121.087     0.999973       118772     36408.89
     121.343     0.999976       118773     40960.00
     121.343     0.999979       118773     46811.43
     121.343     0.999982       118773     54613.33
     121.407     0.999985       118774     65536.00
     121.407     0.999986       118774     72817.78
     121.407     0.999988       118774     81920.00
     121.407     0.999989       118774     93622.86
     121.407     0.999991       118774    109226.67
     121.663     0.999992       118775    131072.00
     121.663     1.000000       118775          inf
#[Mean    =       20.772, StdDeviation   =        7.368]
#[Max     =      121.600, Total count    =       118775]
#[Buckets =           27, SubBuckets     =         2048]
-----------------------------------------------------------------------
  142343 requests in 1.00m, 22.07MB read
Requests/sec:   2374.68  
Transfer/sec:    377.08KB

=== rps=2600 c=338 t=34 url=http://10.10.1.1:30743 ===
