setup: assigned thread_id=1
init: final thread_id=1, base_seed=nil
setup: assigned thread_id=2
init: final thread_id=2, base_seed=nil
setup: assigned thread_id=3
init: final thread_id=3, base_seed=nil
setup: assigned thread_id=4
init: final thread_id=4, base_seed=nil
setup: assigned thread_id=5
init: final thread_id=5, base_seed=nil
setup: assigned thread_id=6
init: final thread_id=6, base_seed=nil
setup: assigned thread_id=7
init: final thread_id=7, base_seed=nil
setup: assigned thread_id=8
init: final thread_id=8, base_seed=nil
setup: assigned thread_id=9
init: final thread_id=9, base_seed=nil
setup: assigned thread_id=10
init: final thread_id=10, base_seed=nil
setup: assigned thread_id=11
init: final thread_id=11, base_seed=nil
setup: assigned thread_id=12
init: final thread_id=12, base_seed=nil
setup: assigned thread_id=13
init: final thread_id=13, base_seed=nil
setup: assigned thread_id=14
init: final thread_id=14, base_seed=nil
setup: assigned thread_id=15
init: final thread_id=15, base_seed=nil
setup: assigned thread_id=16
init: final thread_id=16, base_seed=nil
setup: assigned thread_id=17
init: final thread_id=17, base_seed=nil
setup: assigned thread_id=18
init: final thread_id=18, base_seed=nil
setup: assigned thread_id=19
init: final thread_id=19, base_seed=nil
setup: assigned thread_id=20
init: final thread_id=20, base_seed=nil
script_want_response
Running 1m test @ http://10.10.1.1:18768
  20 threads and 200 connections

  Thread calibration: mean lat.: 10.994ms, rate sampling interval: 39ms
  Thread calibration: mean lat.: 12.496ms, rate sampling interval: 46ms
  Thread calibration: mean lat.: 14.235ms, rate sampling interval: 52ms
  Thread calibration: mean lat.: 15.599ms, rate sampling interval: 56ms
  Thread calibration: mean lat.: 18.374ms, rate sampling interval: 64ms
  Thread calibration: mean lat.: 19.880ms, rate sampling interval: 65ms
  Thread calibration: mean lat.: 21.709ms, rate sampling interval: 70ms
  Thread calibration: mean lat.: 23.937ms, rate sampling interval: 71ms
  Thread calibration: mean lat.: 24.764ms, rate sampling interval: 71ms
  Thread calibration: mean lat.: 26.305ms, rate sampling interval: 73ms
  Thread calibration: mean lat.: 27.753ms, rate sampling interval: 74ms
  Thread calibration: mean lat.: 23.935ms, rate sampling interval: 71ms
  Thread calibration: mean lat.: 27.961ms, rate sampling interval: 73ms
  Thread calibration: mean lat.: 28.270ms, rate sampling interval: 73ms
  Thread calibration: mean lat.: 27.978ms, rate sampling interval: 71ms
  Thread calibration: mean lat.: 27.893ms, rate sampling interval: 70ms
  Thread calibration: mean lat.: 27.408ms, rate sampling interval: 68ms
  Thread calibration: mean lat.: 26.916ms, rate sampling interval: 66ms
  Thread calibration: mean lat.: 26.161ms, rate sampling interval: 65ms
  Thread calibration: mean lat.: 25.624ms, rate sampling interval: 64ms

-----------------------------------------------------------------------
Test Results @ http://10.10.1.1:18768 
  Thread Stats   Avg      Stdev     99%   +/- Stdev
    Latency    25.57ms   12.70ms  68.86ms   70.95%
    Req/Sec   100.40     65.55   256.00     67.89%
  Latency Distribution (HdrHistogram - Recorded Latency)
 50.000%   25.15ms
 75.000%   31.97ms
 90.000%   39.58ms
 99.000%   68.86ms
 99.900%   90.43ms
 99.990%   99.01ms
 99.999%  100.54ms
100.000%  100.80ms

  Detailed Percentile spectrum:
       Value   Percentile   TotalCount 1/(1-Percentile)

       5.907     0.000000            1         1.00
       8.951     0.100000        10001         1.11
      14.359     0.200000        20003         1.25
      18.943     0.300000        30015         1.43
      22.255     0.400000        40003         1.67
      25.151     0.500000        50032         2.00
      26.463     0.550000        55046         2.22
      27.743     0.600000        60040         2.50
      29.071     0.650000        65022         2.86
      30.431     0.700000        70000         3.33
      31.967     0.750000        75002         4.00
      32.831     0.775000        77517         4.44
      33.759     0.800000        80024         5.00
      34.847     0.825000        82553         5.71
      36.095     0.850000        85020         6.67
      37.567     0.875000        87509         8.00
      38.495     0.887500        88764         8.89
      39.583     0.900000        90004        10.00
      40.863     0.912500        91262        11.43
      42.495     0.925000        92505        13.33
      44.415     0.937500        93762        16.00
      45.663     0.943750        94370        17.78
      47.135     0.950000        94999        20.00
      48.767     0.956250        95625        22.86
      50.623     0.962500        96258        26.67
      53.055     0.968750        96869        32.00
      55.007     0.971875        97184        35.56
      57.023     0.975000        97496        40.00
      59.423     0.978125        97807        45.71
      61.791     0.981250        98125        53.33
      63.999     0.984375        98433        64.00
      65.055     0.985938        98587        71.11
      66.303     0.987500        98745        80.00
      67.839     0.989062        98903        91.43
      69.503     0.990625        99057       106.67
      71.359     0.992188        99213       128.00
      72.639     0.992969        99295       142.22
      74.047     0.993750        99369       160.00
      75.711     0.994531        99448       182.86
      77.887     0.995313        99525       213.33
      80.447     0.996094        99604       256.00
      81.599     0.996484        99645       284.44
      83.135     0.996875        99681       320.00
      84.287     0.997266        99720       365.71
      85.887     0.997656        99760       426.67
      86.975     0.998047        99800       512.00
      87.679     0.998242        99819       568.89
      88.383     0.998437        99837       640.00
      89.151     0.998633        99860       731.43
      89.727     0.998828        99876       853.33
      90.559     0.999023        99896      1024.00
      91.519     0.999121        99906      1137.78
      92.287     0.999219        99915      1280.00
      92.991     0.999316        99925      1462.86
      93.439     0.999414        99935      1706.67
      94.527     0.999512        99945      2048.00
      95.103     0.999561        99950      2275.56
      95.999     0.999609        99954      2560.00
      96.511     0.999658        99960      2925.71
      96.959     0.999707        99964      3413.33
      97.279     0.999756        99969      4096.00
      97.919     0.999780        99972      4551.11
      98.175     0.999805        99975      5120.00
      98.367     0.999829        99977      5851.43
      98.559     0.999854        99979      6826.67
      98.815     0.999878        99981      8192.00
      99.007     0.999890        99983      9102.22
      99.071     0.999902        99984     10240.00
      99.263     0.999915        99986     11702.86
      99.263     0.999927        99986     13653.33
      99.903     0.999939        99987     16384.00
     100.095     0.999945        99988     18204.44
     100.223     0.999951        99989     20480.00
     100.223     0.999957        99989     23405.71
     100.287     0.999963        99990     27306.67
     100.287     0.999969        99990     32768.00
     100.543     0.999973        99992     36408.89
     100.543     0.999976        99992     40960.00
     100.543     0.999979        99992     46811.43
     100.543     0.999982        99992     54613.33
     100.543     0.999985        99992     65536.00
     100.543     0.999986        99992     72817.78
     100.543     0.999988        99992     81920.00
     100.543     0.999989        99992     93622.86
     100.799     0.999991        99993    109226.67
     100.799     1.000000        99993          inf
#[Mean    =       25.566, StdDeviation   =       12.699]
#[Max     =      100.736, Total count    =        99993]
#[Buckets =           27, SubBuckets     =         2048]
-----------------------------------------------------------------------
  119701 requests in 1.00m, 18.56MB read
Requests/sec:   1994.61  
Transfer/sec:    316.75KB
