setup: assigned thread_id=1
init: final thread_id=1, base_seed=nil
setup: assigned thread_id=2
init: final thread_id=2, base_seed=nil
setup: assigned thread_id=3
init: final thread_id=3, base_seed=nil
setup: assigned thread_id=4
init: final thread_id=4, base_seed=nil
setup: assigned thread_id=5
init: final thread_id=5, base_seed=nil
setup: assigned thread_id=6
init: final thread_id=6, base_seed=nil
setup: assigned thread_id=7
init: final thread_id=7, base_seed=nil
setup: assigned thread_id=8
init: final thread_id=8, base_seed=nil
setup: assigned thread_id=9
init: final thread_id=9, base_seed=nil
setup: assigned thread_id=10
init: final thread_id=10, base_seed=nil
setup: assigned thread_id=11
init: final thread_id=11, base_seed=nil
setup: assigned thread_id=12
init: final thread_id=12, base_seed=nil
setup: assigned thread_id=13
init: final thread_id=13, base_seed=nil
setup: assigned thread_id=14
init: final thread_id=14, base_seed=nil
setup: assigned thread_id=15
init: final thread_id=15, base_seed=nil
setup: assigned thread_id=16
init: final thread_id=16, base_seed=nil
setup: assigned thread_id=17
init: final thread_id=17, base_seed=nil
setup: assigned thread_id=18
init: final thread_id=18, base_seed=nil
setup: assigned thread_id=19
init: final thread_id=19, base_seed=nil
setup: assigned thread_id=20
init: final thread_id=20, base_seed=nil
script_want_response
Running 5m test @ http://10.10.1.1:18768
  20 threads and 200 connections

  Thread calibration: mean lat.: 14.989ms, rate sampling interval: 55ms
  Thread calibration: mean lat.: 16.560ms, rate sampling interval: 59ms
  Thread calibration: mean lat.: 18.388ms, rate sampling interval: 64ms
  Thread calibration: mean lat.: 20.544ms, rate sampling interval: 74ms
  Thread calibration: mean lat.: 23.196ms, rate sampling interval: 85ms
  Thread calibration: mean lat.: 26.115ms, rate sampling interval: 93ms
  Thread calibration: mean lat.: 28.341ms, rate sampling interval: 94ms
  Thread calibration: mean lat.: 30.294ms, rate sampling interval: 96ms
  Thread calibration: mean lat.: 32.713ms, rate sampling interval: 98ms
  Thread calibration: mean lat.: 33.704ms, rate sampling interval: 100ms
  Thread calibration: mean lat.: 35.869ms, rate sampling interval: 100ms
  Thread calibration: mean lat.: 34.893ms, rate sampling interval: 101ms
  Thread calibration: mean lat.: 35.986ms, rate sampling interval: 101ms
  Thread calibration: mean lat.: 36.306ms, rate sampling interval: 99ms
  Thread calibration: mean lat.: 36.271ms, rate sampling interval: 98ms
  Thread calibration: mean lat.: 36.041ms, rate sampling interval: 97ms
  Thread calibration: mean lat.: 35.617ms, rate sampling interval: 96ms
  Thread calibration: mean lat.: 35.034ms, rate sampling interval: 95ms
  Thread calibration: mean lat.: 34.535ms, rate sampling interval: 94ms
  Thread calibration: mean lat.: 33.607ms, rate sampling interval: 92ms

-----------------------------------------------------------------------
Test Results @ http://10.10.1.1:18768 
  Thread Stats   Avg      Stdev     99%   +/- Stdev
    Latency   206.78ms  267.39ms   1.20s    88.69%
    Req/Sec   100.01     36.52   185.00     76.12%
  Latency Distribution (HdrHistogram - Recorded Latency)
 50.000%   89.54ms
 75.000%  273.41ms
 90.000%  517.89ms
 99.000%    1.20s 
 99.900%    1.32s 
 99.990%    1.36s 
 99.999%    1.38s 
100.000%    1.38s 

  Detailed Percentile spectrum:
       Value   Percentile   TotalCount 1/(1-Percentile)

       6.647     0.000000            1         1.00
      26.079     0.100000        57884         1.11
      38.847     0.200000       115781         1.25
      50.655     0.300000       173593         1.43
      66.687     0.400000       231549         1.67
      89.535     0.500000       289314         2.00
     104.703     0.550000       318238         2.22
     124.927     0.600000       347099         2.50
     159.999     0.650000       376088         2.86
     210.303     0.700000       404987         3.33
     273.407     0.750000       433997         4.00
     300.287     0.775000       448416         4.44
     330.239     0.800000       462922         5.00
     364.287     0.825000       477349         5.71
     396.799     0.850000       491728         6.67
     444.415     0.875000       506187         8.00
     475.903     0.887500       513434         8.89
     517.887     0.900000       520650        10.00
     596.991     0.912500       527889        11.43
     708.607     0.925000       535114        13.33
     798.207     0.937500       542403        16.00
     840.191     0.943750       545961        17.78
     888.319     0.950000       549578        20.00
     936.959     0.956250       553210        22.86
     986.623     0.962500       556809        26.67
    1035.775     0.968750       560449        32.00
    1058.815     0.971875       562306        35.56
    1082.367     0.975000       564053        40.00
    1107.967     0.978125       565881        45.71
    1131.519     0.981250       567682        53.33
    1156.095     0.984375       569461        64.00
    1167.359     0.985938       570366        71.11
    1181.695     0.987500       571325        80.00
    1196.031     0.989062       572217        91.43
    1207.295     0.990625       573084       106.67
    1219.583     0.992188       574045       128.00
    1225.727     0.992969       574450       142.22
    1234.943     0.993750       574909       160.00
    1245.183     0.994531       575340       182.86
    1255.423     0.995313       575806       213.33
    1264.639     0.996094       576253       256.00
    1270.783     0.996484       576504       284.44
    1275.903     0.996875       576688       320.00
    1282.047     0.997266       576916       365.71
    1290.239     0.997656       577154       426.67
    1298.431     0.998047       577375       512.00
    1301.503     0.998242       577493       568.89
    1305.599     0.998437       577622       640.00
    1308.671     0.998633       577720       731.43
    1312.767     0.998828       577834       853.33
    1316.863     0.999023       577938      1024.00
    1319.935     0.999121       578007      1137.78
    1323.007     0.999219       578056      1280.00
    1326.079     0.999316       578100      1462.86
    1331.199     0.999414       578160      1706.67
    1336.319     0.999512       578218      2048.00
    1339.391     0.999561       578241      2275.56
    1343.487     0.999609       578278      2560.00
    1346.559     0.999658       578305      2925.71
    1349.631     0.999707       578332      3413.33
    1353.727     0.999756       578360      4096.00
    1354.751     0.999780       578370      4551.11
    1356.799     0.999805       578388      5120.00
    1358.847     0.999829       578401      5851.43
    1360.895     0.999854       578415      6826.67
    1361.919     0.999878       578427      8192.00
    1362.943     0.999890       578437      9102.22
    1363.967     0.999902       578443     10240.00
    1364.991     0.999915       578446     11702.86
    1366.015     0.999927       578453     13653.33
    1368.063     0.999939       578462     16384.00
    1369.087     0.999945       578466     18204.44
    1369.087     0.999951       578466     20480.00
    1370.111     0.999957       578471     23405.71
    1373.183     0.999963       578474     27306.67
    1375.231     0.999969       578479     32768.00
    1375.231     0.999973       578479     36408.89
    1376.255     0.999976       578482     40960.00
    1376.255     0.999979       578482     46811.43
    1377.279     0.999982       578484     54613.33
    1378.303     0.999985       578486     65536.00
    1379.327     0.999986       578488     72817.78
    1379.327     0.999988       578488     81920.00
    1379.327     0.999989       578488     93622.86
    1380.351     0.999991       578489    109226.67
    1382.399     0.999992       578492    131072.00
    1382.399     0.999993       578492    145635.56
    1382.399     0.999994       578492    163840.00
    1382.399     0.999995       578492    187245.71
    1382.399     0.999995       578492    218453.33
    1382.399     0.999996       578492    262144.00
    1383.423     0.999997       578493    291271.11
    1383.423     0.999997       578493    327680.00
    1383.423     0.999997       578493    374491.43
    1383.423     0.999998       578493    436906.67
    1383.423     0.999998       578493    524288.00
    1384.447     0.999998       578494    582542.22
    1384.447     1.000000       578494          inf
#[Mean    =      206.776, StdDeviation   =      267.388]
#[Max     =     1383.424, Total count    =       578494]
#[Buckets =           27, SubBuckets     =         2048]
-----------------------------------------------------------------------
  598319 requests in 5.00m, 92.79MB read
Requests/sec:   1994.48  
Transfer/sec:    316.72KB
