setup: assigned thread_id=1
init: final thread_id=1, base_seed=nil
script_want_response
Running 1m test @ http://10.10.1.1:18768
  1 threads and 10 connections

  Thread calibration: mean lat.: 61.442ms, rate sampling interval: 115ms

-----------------------------------------------------------------------
Test Results @ http://10.10.1.1:18768 
  Thread Stats   Avg      Stdev     99%   +/- Stdev
    Latency     7.27ms    0.93ms   9.53ms   71.54%
    Req/Sec    99.77     28.09   175.00     83.64%
  Latency Distribution (HdrHistogram - Recorded Latency)
 50.000%    7.14ms
 75.000%    7.83ms
 90.000%    8.62ms
 99.000%    9.53ms
 99.900%   10.22ms
 99.990%   10.87ms
 99.999%   11.09ms
100.000%   11.09ms

  Detailed Percentile spectrum:
       Value   Percentile   TotalCount 1/(1-Percentile)

       4.367     0.000000            1         1.00
       6.267     0.100000          503         1.11
       6.563     0.200000         1004         1.25
       6.747     0.300000         1500         1.43
       6.947     0.400000         2009         1.67
       7.143     0.500000         2507         2.00
       7.259     0.550000         2756         2.22
       7.387     0.600000         3001         2.50
       7.507     0.650000         3255         2.86
       7.643     0.700000         3508         3.33
       7.827     0.750000         3751         4.00
       7.927     0.775000         3875         4.44
       8.043     0.800000         4000         5.00
       8.159     0.825000         4127         5.71
       8.287     0.850000         4252         6.67
       8.447     0.875000         4378         8.00
       8.527     0.887500         4442         8.89
       8.623     0.900000         4504        10.00
       8.695     0.912500         4564        11.43
       8.783     0.925000         4631        13.33
       8.879     0.937500         4692        16.00
       8.919     0.943750         4724        17.78
       8.967     0.950000         4755        20.00
       9.023     0.956250         4783        22.86
       9.111     0.962500         4815        26.67
       9.183     0.968750         4845        32.00
       9.239     0.971875         4861        35.56
       9.287     0.975000         4877        40.00
       9.319     0.978125         4891        45.71
       9.383     0.981250         4907        53.33
       9.431     0.984375         4923        64.00
       9.455     0.985938         4930        71.11
       9.471     0.987500         4938        80.00
       9.527     0.989062         4950        91.43
       9.567     0.990625         4954       106.67
       9.623     0.992188         4962       128.00
       9.639     0.992969         4966       142.22
       9.655     0.993750         4969       160.00
       9.671     0.994531         4973       182.86
       9.703     0.995313         4977       213.33
       9.767     0.996094         4981       256.00
       9.791     0.996484         4983       284.44
       9.815     0.996875         4985       320.00
       9.823     0.997266         4987       365.71
       9.935     0.997656         4989       426.67
       9.959     0.998047         4991       512.00
       9.967     0.998242         4992       568.89
      10.007     0.998437         4993       640.00
      10.039     0.998633         4994       731.43
      10.223     0.998828         4995       853.33
      10.311     0.999023         4997      1024.00
      10.311     0.999121         4997      1137.78
      10.311     0.999219         4997      1280.00
      10.311     0.999316         4997      1462.86
      10.367     0.999414         4998      1706.67
      10.367     0.999512         4998      2048.00
      10.367     0.999561         4998      2275.56
      10.871     0.999609         4999      2560.00
      10.871     0.999658         4999      2925.71
      10.871     0.999707         4999      3413.33
      10.871     0.999756         4999      4096.00
      10.871     0.999780         4999      4551.11
      11.087     0.999805         5000      5120.00
      11.087     1.000000         5000          inf
#[Mean    =        7.271, StdDeviation   =        0.929]
#[Max     =       11.080, Total count    =         5000]
#[Buckets =           27, SubBuckets     =         2048]
-----------------------------------------------------------------------
  5991 requests in 1.00m, 0.93MB read
Requests/sec:     99.83  
Transfer/sec:     15.86KB
