setup: assigned thread_id=1
init: final thread_id=1, base_seed=nil
setup: assigned thread_id=2
init: final thread_id=2, base_seed=nil
setup: assigned thread_id=3
init: final thread_id=3, base_seed=nil
setup: assigned thread_id=4
init: final thread_id=4, base_seed=nil
setup: assigned thread_id=5
init: final thread_id=5, base_seed=nil
setup: assigned thread_id=6
init: final thread_id=6, base_seed=nil
setup: assigned thread_id=7
init: final thread_id=7, base_seed=nil
setup: assigned thread_id=8
init: final thread_id=8, base_seed=nil
setup: assigned thread_id=9
init: final thread_id=9, base_seed=nil
setup: assigned thread_id=10
init: final thread_id=10, base_seed=nil
setup: assigned thread_id=11
init: final thread_id=11, base_seed=nil
setup: assigned thread_id=12
init: final thread_id=12, base_seed=nil
setup: assigned thread_id=13
init: final thread_id=13, base_seed=nil
setup: assigned thread_id=14
init: final thread_id=14, base_seed=nil
setup: assigned thread_id=15
init: final thread_id=15, base_seed=nil
setup: assigned thread_id=16
init: final thread_id=16, base_seed=nil
setup: assigned thread_id=17
init: final thread_id=17, base_seed=nil
setup: assigned thread_id=18
init: final thread_id=18, base_seed=nil
setup: assigned thread_id=19
init: final thread_id=19, base_seed=nil
setup: assigned thread_id=20
init: final thread_id=20, base_seed=nil
script_want_response
Running 1m test @ http://10.10.1.1:31669
  20 threads and 200 connections

  Thread calibration: mean lat.: 9.900ms, rate sampling interval: 31ms
  Thread calibration: mean lat.: 10.648ms, rate sampling interval: 34ms
  Thread calibration: mean lat.: 11.770ms, rate sampling interval: 38ms
  Thread calibration: mean lat.: 13.338ms, rate sampling interval: 43ms
  Thread calibration: mean lat.: 15.231ms, rate sampling interval: 54ms
  Thread calibration: mean lat.: 17.562ms, rate sampling interval: 60ms
  Thread calibration: mean lat.: 19.877ms, rate sampling interval: 65ms
  Thread calibration: mean lat.: 20.822ms, rate sampling interval: 63ms
  Thread calibration: mean lat.: 22.146ms, rate sampling interval: 64ms
  Thread calibration: mean lat.: 23.511ms, rate sampling interval: 65ms
  Thread calibration: mean lat.: 24.191ms, rate sampling interval: 65ms
  Thread calibration: mean lat.: 25.700ms, rate sampling interval: 67ms
  Thread calibration: mean lat.: 25.869ms, rate sampling interval: 66ms
  Thread calibration: mean lat.: 26.510ms, rate sampling interval: 65ms
  Thread calibration: mean lat.: 26.384ms, rate sampling interval: 65ms
  Thread calibration: mean lat.: 25.788ms, rate sampling interval: 63ms
  Thread calibration: mean lat.: 25.823ms, rate sampling interval: 63ms
  Thread calibration: mean lat.: 25.320ms, rate sampling interval: 61ms
  Thread calibration: mean lat.: 24.503ms, rate sampling interval: 59ms
  Thread calibration: mean lat.: 23.890ms, rate sampling interval: 58ms

-----------------------------------------------------------------------
Test Results @ http://10.10.1.1:31669 
  Thread Stats   Avg      Stdev     99%   +/- Stdev
    Latency    23.83ms   12.13ms  65.02ms   70.61%
    Req/Sec   100.65     81.84   322.00     61.44%
  Latency Distribution (HdrHistogram - Recorded Latency)
 50.000%   22.85ms
 75.000%   29.77ms
 90.000%   38.11ms
 99.000%   65.02ms
 99.900%   84.35ms
 99.990%   88.38ms
 99.999%   91.26ms
100.000%  140.03ms

  Detailed Percentile spectrum:
       Value   Percentile   TotalCount 1/(1-Percentile)

       5.755     0.000000            1         1.00
       8.799     0.100000        10026         1.11
      13.031     0.200000        20013         1.25
      17.167     0.300000        30000         1.43
      20.239     0.400000        39997         1.67
      22.847     0.500000        49997         2.00
      24.095     0.550000        55021         2.22
      25.343     0.600000        60015         2.50
      26.719     0.650000        65021         2.86
      28.159     0.700000        70020         3.33
      29.775     0.750000        75011         4.00
      30.671     0.775000        77497         4.44
      31.695     0.800000        80006         5.00
      32.863     0.825000        82530         5.71
      34.175     0.850000        85021         6.67
      35.871     0.875000        87517         8.00
      36.927     0.887500        88765         8.89
      38.111     0.900000        90012        10.00
      39.551     0.912500        91263        11.43
      41.311     0.925000        92491        13.33
      43.423     0.937500        93758        16.00
      44.511     0.943750        94385        17.78
      45.695     0.950000        95000        20.00
      47.103     0.956250        95619        22.86
      48.895     0.962500        96244        26.67
      51.167     0.968750        96867        32.00
      52.607     0.971875        97178        35.56
      54.271     0.975000        97492        40.00
      56.063     0.978125        97803        45.71
      57.727     0.981250        98116        53.33
      59.839     0.984375        98429        64.00
      61.055     0.985938        98584        71.11
      62.431     0.987500        98744        80.00
      63.967     0.989062        98901        91.43
      66.111     0.990625        99057       106.67
      68.159     0.992188        99211       128.00
      69.439     0.992969        99290       142.22
      70.591     0.993750        99367       160.00
      71.999     0.994531        99447       182.86
      73.471     0.995313        99525       213.33
      75.263     0.996094        99600       256.00
      76.479     0.996484        99639       284.44
      77.439     0.996875        99679       320.00
      78.207     0.997266        99717       365.71
      79.423     0.997656        99756       426.67
      80.895     0.998047        99795       512.00
      81.663     0.998242        99816       568.89
      82.367     0.998437        99834       640.00
      83.071     0.998633        99855       731.43
      83.519     0.998828        99873       853.33
      84.415     0.999023        99894      1024.00
      84.671     0.999121        99904      1137.78
      84.927     0.999219        99912      1280.00
      85.183     0.999316        99922      1462.86
      85.439     0.999414        99933      1706.67
      85.887     0.999512        99944      2048.00
      86.015     0.999561        99947      2275.56
      86.463     0.999609        99952      2560.00
      86.783     0.999658        99957      2925.71
      86.975     0.999707        99961      3413.33
      87.231     0.999756        99966      4096.00
      87.359     0.999780        99969      4551.11
      87.487     0.999805        99971      5120.00
      87.679     0.999829        99973      5851.43
      87.807     0.999854        99977      6826.67
      87.871     0.999878        99978      8192.00
      88.383     0.999890        99980      9102.22
      88.447     0.999902        99981     10240.00
      88.511     0.999915        99982     11702.86
      89.215     0.999927        99983     13653.33
      89.407     0.999939        99984     16384.00
      90.047     0.999945        99985     18204.44
      90.303     0.999951        99986     20480.00
      90.303     0.999957        99986     23405.71
      90.495     0.999963        99987     27306.67
      90.495     0.999969        99987     32768.00
      91.135     0.999973        99988     36408.89
      91.135     0.999976        99988     40960.00
      91.135     0.999979        99988     46811.43
      91.263     0.999982        99989     54613.33
      91.263     0.999985        99989     65536.00
      91.263     0.999986        99989     72817.78
      91.263     0.999988        99989     81920.00
      91.263     0.999989        99989     93622.86
     140.031     0.999991        99990    109226.67
     140.031     1.000000        99990          inf
#[Mean    =       23.829, StdDeviation   =       12.129]
#[Max     =      139.904, Total count    =        99990]
#[Buckets =           27, SubBuckets     =         2048]
-----------------------------------------------------------------------
  119808 requests in 1.00m, 18.58MB read
Requests/sec:   1996.42  
Transfer/sec:    317.02KB
