setup: assigned thread_id=1
init: final thread_id=1, base_seed=nil
setup: assigned thread_id=2
init: final thread_id=2, base_seed=nil
setup: assigned thread_id=3
init: final thread_id=3, base_seed=nil
setup: assigned thread_id=4
init: final thread_id=4, base_seed=nil
setup: assigned thread_id=5
init: final thread_id=5, base_seed=nil
setup: assigned thread_id=6
init: final thread_id=6, base_seed=nil
setup: assigned thread_id=7
init: final thread_id=7, base_seed=nil
setup: assigned thread_id=8
init: final thread_id=8, base_seed=nil
setup: assigned thread_id=9
init: final thread_id=9, base_seed=nil
setup: assigned thread_id=10
init: final thread_id=10, base_seed=nil
setup: assigned thread_id=11
init: final thread_id=11, base_seed=nil
setup: assigned thread_id=12
init: final thread_id=12, base_seed=nil
setup: assigned thread_id=13
init: final thread_id=13, base_seed=nil
setup: assigned thread_id=14
init: final thread_id=14, base_seed=nil
setup: assigned thread_id=15
init: final thread_id=15, base_seed=nil
setup: assigned thread_id=16
init: final thread_id=16, base_seed=nil
setup: assigned thread_id=17
init: final thread_id=17, base_seed=nil
setup: assigned thread_id=18
init: final thread_id=18, base_seed=nil
setup: assigned thread_id=19
init: final thread_id=19, base_seed=nil
setup: assigned thread_id=20
init: final thread_id=20, base_seed=nil
script_want_response
Running 5m test @ http://10.10.1.1:31669
  20 threads and 200 connections

  Thread calibration: mean lat.: 11.748ms, rate sampling interval: 34ms
  Thread calibration: mean lat.: 12.993ms, rate sampling interval: 43ms
  Thread calibration: mean lat.: 14.455ms, rate sampling interval: 51ms
  Thread calibration: mean lat.: 16.042ms, rate sampling interval: 58ms
  Thread calibration: mean lat.: 18.004ms, rate sampling interval: 62ms
  Thread calibration: mean lat.: 20.079ms, rate sampling interval: 67ms
  Thread calibration: mean lat.: 21.557ms, rate sampling interval: 70ms
  Thread calibration: mean lat.: 23.641ms, rate sampling interval: 77ms
  Thread calibration: mean lat.: 25.091ms, rate sampling interval: 79ms
  Thread calibration: mean lat.: 26.333ms, rate sampling interval: 80ms
  Thread calibration: mean lat.: 27.269ms, rate sampling interval: 81ms
  Thread calibration: mean lat.: 28.172ms, rate sampling interval: 83ms
  Thread calibration: mean lat.: 29.030ms, rate sampling interval: 84ms
  Thread calibration: mean lat.: 29.691ms, rate sampling interval: 84ms
  Thread calibration: mean lat.: 29.970ms, rate sampling interval: 85ms
  Thread calibration: mean lat.: 29.883ms, rate sampling interval: 83ms
  Thread calibration: mean lat.: 29.342ms, rate sampling interval: 82ms
  Thread calibration: mean lat.: 29.615ms, rate sampling interval: 82ms
  Thread calibration: mean lat.: 28.943ms, rate sampling interval: 81ms
  Thread calibration: mean lat.: 28.378ms, rate sampling interval: 79ms

-----------------------------------------------------------------------
Test Results @ http://10.10.1.1:31669 
  Thread Stats   Avg      Stdev     99%   +/- Stdev
    Latency    29.41ms   14.27ms  57.66ms   70.74%
    Req/Sec   100.41     60.93   294.00     70.24%
  Latency Distribution (HdrHistogram - Recorded Latency)
 50.000%   29.39ms
 75.000%   38.33ms
 90.000%   45.25ms
 99.000%   57.66ms
 99.900%   75.84ms
 99.990%  501.50ms
 99.999%  594.43ms
100.000%  680.96ms

  Detailed Percentile spectrum:
       Value   Percentile   TotalCount 1/(1-Percentile)

       6.263     0.000000            1         1.00
      11.375     0.100000        58006         1.11
      17.279     0.200000       116000         1.25
      22.223     0.300000       174094         1.43
      25.935     0.400000       232010         1.67
      29.391     0.500000       290100         2.00
      31.119     0.550000       319174         2.22
      32.863     0.600000       348283         2.50
      34.623     0.650000       377189         2.86
      36.447     0.700000       406207         3.33
      38.335     0.750000       435264         4.00
      39.327     0.775000       449906         4.44
      40.319     0.800000       464032         5.00
      41.407     0.825000       478804         5.71
      42.527     0.850000       493045         6.67
      43.807     0.875000       507569         8.00
      44.511     0.887500       515025         8.89
      45.247     0.900000       522159        10.00
      46.079     0.912500       529511        11.43
      46.975     0.925000       536607        13.33
      48.031     0.937500       543865        16.00
      48.607     0.943750       547496        17.78
      49.247     0.950000       551112        20.00
      49.951     0.956250       554726        22.86
      50.751     0.962500       558344        26.67
      51.711     0.968750       561912        32.00
      52.255     0.971875       563736        35.56
      52.831     0.975000       565496        40.00
      53.535     0.978125       567318        45.71
      54.303     0.981250       569138        53.33
      55.295     0.984375       570965        64.00
      55.839     0.985938       571880        71.11
      56.447     0.987500       572747        80.00
      57.215     0.989062       573676        91.43
      58.015     0.990625       574571       106.67
      59.103     0.992188       575469       128.00
      59.775     0.992969       575930       142.22
      60.447     0.993750       576370       160.00
      61.279     0.994531       576824       182.86
      62.239     0.995313       577282       213.33
      63.391     0.996094       577737       256.00
      64.095     0.996484       577954       284.44
      64.831     0.996875       578185       320.00
      65.791     0.997266       578409       365.71
      66.943     0.997656       578636       426.67
      68.351     0.998047       578875       512.00
      69.119     0.998242       578978       568.89
      70.143     0.998437       579088       640.00
      71.615     0.998633       579205       731.43
      73.471     0.998828       579318       853.33
      76.415     0.999023       579429      1024.00
      78.783     0.999121       579484      1137.78
      86.655     0.999219       579540      1280.00
     102.527     0.999316       579597      1462.86
     110.527     0.999414       579655      1706.67
     123.071     0.999512       579710      2048.00
     133.247     0.999561       579740      2275.56
     140.799     0.999609       579767      2560.00
     153.215     0.999658       579795      2925.71
     192.255     0.999707       579824      3413.33
     263.167     0.999756       579852      4096.00
     278.015     0.999780       579866      4551.11
     305.151     0.999805       579880      5120.00
     357.119     0.999829       579894      5851.43
     438.271     0.999854       579909      6826.67
     455.423     0.999878       579923      8192.00
     462.847     0.999890       579930      9102.22
     504.319     0.999902       579937     10240.00
     514.559     0.999915       579944     11702.86
     550.911     0.999927       579951     13653.33
     566.783     0.999939       579958     16384.00
     567.807     0.999945       579962     18204.44
     571.391     0.999951       579966     20480.00
     573.439     0.999957       579969     23405.71
     574.463     0.999963       579973     27306.67
     575.487     0.999969       579976     32768.00
     580.607     0.999973       579978     36408.89
     581.631     0.999976       579979     40960.00
     582.143     0.999979       579981     46811.43
     586.751     0.999982       579983     54613.33
     590.335     0.999985       579985     65536.00
     593.407     0.999986       579986     72817.78
     593.407     0.999988       579986     81920.00
     594.431     0.999989       579987     93622.86
     598.015     0.999991       579988    109226.67
     607.231     0.999992       579990    131072.00
     607.231     0.999993       579990    145635.56
     607.231     0.999994       579990    163840.00
     607.231     0.999995       579990    187245.71
     610.303     0.999995       579991    218453.33
     610.303     0.999996       579991    262144.00
     677.887     0.999997       579992    291271.11
     677.887     0.999997       579992    327680.00
     677.887     0.999997       579992    374491.43
     677.887     0.999998       579992    436906.67
     677.887     0.999998       579992    524288.00
     680.959     0.999998       579993    582542.22
     680.959     1.000000       579993          inf
#[Mean    =       29.415, StdDeviation   =       14.275]
#[Max     =      680.448, Total count    =       579993]
#[Buckets =           27, SubBuckets     =         2048]
-----------------------------------------------------------------------
  599806 requests in 5.00m, 93.02MB read
Requests/sec:   1999.22  
Transfer/sec:    317.47KB
