setup: assigned thread_id=1
init: final thread_id=1, base_seed=nil
script_want_response
Running 2m test @ http://10.10.1.1:31669
  1 threads and 10 connections

  Thread calibration: mean lat.: 60.631ms, rate sampling interval: 104ms

-----------------------------------------------------------------------
Test Results @ http://10.10.1.1:31669 
  Thread Stats   Avg      Stdev     99%   +/- Stdev
    Latency     7.35ms  797.77us   9.46ms   73.72%
    Req/Sec   100.42     12.45   145.00     89.70%
  Latency Distribution (HdrHistogram - Recorded Latency)
 50.000%    7.29ms
 75.000%    7.79ms
 90.000%    8.41ms
 99.000%    9.46ms
 99.900%   10.58ms
 99.990%   13.93ms
 99.999%   14.13ms
100.000%   14.13ms

  Detailed Percentile spectrum:
       Value   Percentile   TotalCount 1/(1-Percentile)

       4.587     0.000000            1         1.00
       6.499     0.100000          907         1.11
       6.759     0.200000         1805         1.25
       6.959     0.300000         2707         1.43
       7.127     0.400000         3604         1.67
       7.287     0.500000         4520         2.00
       7.371     0.550000         4968         2.22
       7.451     0.600000         5407         2.50
       7.547     0.650000         5872         2.86
       7.655     0.700000         6310         3.33
       7.787     0.750000         6765         4.00
       7.863     0.775000         6978         4.44
       7.935     0.800000         7202         5.00
       8.023     0.825000         7426         5.71
       8.127     0.850000         7654         6.67
       8.271     0.875000         7886         8.00
       8.335     0.887500         8000         8.89
       8.415     0.900000         8111        10.00
       8.495     0.912500         8225        11.43
       8.575     0.925000         8331        13.33
       8.679     0.937500         8444        16.00
       8.735     0.943750         8502        17.78
       8.783     0.950000         8553        20.00
       8.855     0.956250         8607        22.86
       8.935     0.962500         8667        26.67
       9.015     0.968750         8723        32.00
       9.047     0.971875         8749        35.56
       9.103     0.975000         8776        40.00
       9.151     0.978125         8804        45.71
       9.215     0.981250         8832        53.33
       9.287     0.984375         8860        64.00
       9.327     0.985938         8875        71.11
       9.383     0.987500         8888        80.00
       9.431     0.989062         8903        91.43
       9.487     0.990625         8916       106.67
       9.535     0.992188         8931       128.00
       9.575     0.992969         8940       142.22
       9.615     0.993750         8944       160.00
       9.639     0.994531         8951       182.86
       9.671     0.995313         8958       213.33
       9.767     0.996094         8965       256.00
       9.815     0.996484         8969       284.44
       9.839     0.996875         8972       320.00
       9.879     0.997266         8976       365.71
       9.967     0.997656         8979       426.67
      10.079     0.998047         8983       512.00
      10.095     0.998242         8985       568.89
      10.119     0.998437         8986       640.00
      10.431     0.998633         8989       731.43
      10.439     0.998828         8990       853.33
      10.631     0.999023         8992      1024.00
      10.767     0.999121         8993      1137.78
      10.767     0.999219         8993      1280.00
      10.791     0.999316         8994      1462.86
      10.975     0.999414         8995      1706.67
      11.383     0.999512         8996      2048.00
      12.399     0.999561         8997      2275.56
      12.399     0.999609         8997      2560.00
      12.399     0.999658         8997      2925.71
      12.759     0.999707         8998      3413.33
      12.759     0.999756         8998      4096.00
      13.927     0.999780         8999      4551.11
      13.927     0.999805         8999      5120.00
      13.927     0.999829         8999      5851.43
      13.927     0.999854         8999      6826.67
      13.927     0.999878         8999      8192.00
      14.127     0.999890         9000      9102.22
      14.127     1.000000         9000          inf
#[Mean    =        7.355, StdDeviation   =        0.798]
#[Max     =       14.120, Total count    =         9000]
#[Buckets =           27, SubBuckets     =         2048]
-----------------------------------------------------------------------
  9991 requests in 1.67m, 1.55MB read
Requests/sec:     99.90  
Transfer/sec:     15.86KB
