setup: assigned thread_id=1
init: final thread_id=1, base_seed=nil
setup: assigned thread_id=2
init: final thread_id=2, base_seed=nil
setup: assigned thread_id=3
init: final thread_id=3, base_seed=nil
setup: assigned thread_id=4
init: final thread_id=4, base_seed=nil
setup: assigned thread_id=5
init: final thread_id=5, base_seed=nil
setup: assigned thread_id=6
init: final thread_id=6, base_seed=nil
setup: assigned thread_id=7
init: final thread_id=7, base_seed=nil
setup: assigned thread_id=8
init: final thread_id=8, base_seed=nil
setup: assigned thread_id=9
init: final thread_id=9, base_seed=nil
setup: assigned thread_id=10
init: final thread_id=10, base_seed=nil
setup: assigned thread_id=11
init: final thread_id=11, base_seed=nil
setup: assigned thread_id=12
init: final thread_id=12, base_seed=nil
setup: assigned thread_id=13
init: final thread_id=13, base_seed=nil
setup: assigned thread_id=14
init: final thread_id=14, base_seed=nil
setup: assigned thread_id=15
init: final thread_id=15, base_seed=nil
setup: assigned thread_id=16
init: final thread_id=16, base_seed=nil
setup: assigned thread_id=17
init: final thread_id=17, base_seed=nil
setup: assigned thread_id=18
init: final thread_id=18, base_seed=nil
setup: assigned thread_id=19
init: final thread_id=19, base_seed=nil
setup: assigned thread_id=20
init: final thread_id=20, base_seed=nil
script_want_response
Running 1m test @ http://10.10.1.1:10918
  20 threads and 200 connections

  Thread calibration: mean lat.: 22.348ms, rate sampling interval: 83ms
  Thread calibration: mean lat.: 25.428ms, rate sampling interval: 105ms
  Thread calibration: mean lat.: 28.214ms, rate sampling interval: 115ms
  Thread calibration: mean lat.: 32.297ms, rate sampling interval: 120ms
  Thread calibration: mean lat.: 35.525ms, rate sampling interval: 124ms
  Thread calibration: mean lat.: 39.885ms, rate sampling interval: 126ms
  Thread calibration: mean lat.: 43.259ms, rate sampling interval: 128ms
  Thread calibration: mean lat.: 45.445ms, rate sampling interval: 128ms
  Thread calibration: mean lat.: 47.958ms, rate sampling interval: 128ms
  Thread calibration: mean lat.: 47.369ms, rate sampling interval: 129ms
  Thread calibration: mean lat.: 50.019ms, rate sampling interval: 129ms
  Thread calibration: mean lat.: 50.708ms, rate sampling interval: 128ms
  Thread calibration: mean lat.: 51.822ms, rate sampling interval: 127ms
  Thread calibration: mean lat.: 51.766ms, rate sampling interval: 126ms
  Thread calibration: mean lat.: 51.505ms, rate sampling interval: 123ms
  Thread calibration: mean lat.: 51.583ms, rate sampling interval: 122ms
  Thread calibration: mean lat.: 51.385ms, rate sampling interval: 121ms
  Thread calibration: mean lat.: 50.749ms, rate sampling interval: 119ms
  Thread calibration: mean lat.: 50.183ms, rate sampling interval: 118ms
  Thread calibration: mean lat.: 49.318ms, rate sampling interval: 116ms

-----------------------------------------------------------------------
Test Results @ http://10.10.1.1:10918 
  Thread Stats   Avg      Stdev     99%   +/- Stdev
    Latency    40.42ms   15.39ms  71.42ms   67.77%
    Req/Sec   100.01     26.64   169.00     81.40%
  Latency Distribution (HdrHistogram - Recorded Latency)
 50.000%   41.69ms
 75.000%   51.78ms
 90.000%   58.78ms
 99.000%   71.42ms
 99.900%   96.51ms
 99.990%  108.86ms
 99.999%  112.57ms
100.000%  112.70ms

  Detailed Percentile spectrum:
       Value   Percentile   TotalCount 1/(1-Percentile)

       7.887     0.000000            1         1.00
      16.463     0.100000        10010         1.11
      27.663     0.200000        20011         1.25
      33.055     0.300000        30048         1.43
      37.215     0.400000        40015         1.67
      41.695     0.500000        50028         2.00
      43.903     0.550000        55019         2.22
      45.983     0.600000        60056         2.50
      47.903     0.650000        65001         2.86
      49.791     0.700000        70039         3.33
      51.775     0.750000        75074         4.00
      52.735     0.775000        77542         4.44
      53.759     0.800000        80024         5.00
      54.847     0.825000        82552         5.71
      55.999     0.850000        85019         6.67
      57.311     0.875000        87553         8.00
      57.983     0.887500        88758         8.89
      58.783     0.900000        90039        10.00
      59.615     0.912500        91278        11.43
      60.639     0.925000        92533        13.33
      61.791     0.937500        93759        16.00
      62.463     0.943750        94385        17.78
      63.199     0.950000        95022        20.00
      63.967     0.956250        95642        22.86
      64.895     0.962500        96263        26.67
      65.983     0.968750        96879        32.00
      66.623     0.971875        97215        35.56
      67.199     0.975000        97518        40.00
      67.967     0.978125        97830        45.71
      68.735     0.981250        98141        53.33
      69.567     0.984375        98443        64.00
      70.079     0.985938        98615        71.11
      70.591     0.987500        98767        80.00
      71.039     0.989062        98908        91.43
      71.743     0.990625        99074       106.67
      72.447     0.992188        99219       128.00
      73.023     0.992969        99301       142.22
      73.663     0.993750        99380       160.00
      74.303     0.994531        99458       182.86
      75.519     0.995313        99536       213.33
      76.863     0.996094        99612       256.00
      78.015     0.996484        99652       284.44
      80.703     0.996875        99689       320.00
      83.647     0.997266        99727       365.71
      86.591     0.997656        99766       426.67
      89.279     0.998047        99805       512.00
      90.175     0.998242        99826       568.89
      91.583     0.998437        99844       640.00
      92.863     0.998633        99865       731.43
      94.335     0.998828        99884       853.33
      96.703     0.999023        99903      1024.00
      97.855     0.999121        99913      1137.78
      98.623     0.999219        99923      1280.00
     100.223     0.999316        99933      1462.86
     101.119     0.999414        99942      1706.67
     102.015     0.999512        99952      2048.00
     102.527     0.999561        99957      2275.56
     103.295     0.999609        99961      2560.00
     104.447     0.999658        99967      2925.71
     105.023     0.999707        99971      3413.33
     106.303     0.999756        99976      4096.00
     106.687     0.999780        99979      4551.11
     106.751     0.999805        99981      5120.00
     107.263     0.999829        99984      5851.43
     107.455     0.999854        99986      6826.67
     108.607     0.999878        99988      8192.00
     108.863     0.999890        99991      9102.22
     108.863     0.999902        99991     10240.00
     109.247     0.999915        99992     11702.86
     109.695     0.999927        99993     13653.33
     109.823     0.999939        99994     16384.00
     110.335     0.999945        99995     18204.44
     110.527     0.999951        99996     20480.00
     110.527     0.999957        99996     23405.71
     110.847     0.999963        99997     27306.67
     110.847     0.999969        99997     32768.00
     111.167     0.999973        99998     36408.89
     111.167     0.999976        99998     40960.00
     111.167     0.999979        99998     46811.43
     112.575     0.999982        99999     54613.33
     112.575     0.999985        99999     65536.00
     112.575     0.999986        99999     72817.78
     112.575     0.999988        99999     81920.00
     112.575     0.999989        99999     93622.86
     112.703     0.999991       100000    109226.67
     112.703     1.000000       100000          inf
#[Mean    =       40.423, StdDeviation   =       15.389]
#[Max     =      112.640, Total count    =       100000]
#[Buckets =           27, SubBuckets     =         2048]
-----------------------------------------------------------------------
  119804 requests in 1.00m, 18.58MB read
Requests/sec:   1996.32  
Transfer/sec:    316.96KB
