setup: assigned thread_id=1
init: final thread_id=1, base_seed=nil
setup: assigned thread_id=2
init: final thread_id=2, base_seed=nil
setup: assigned thread_id=3
init: final thread_id=3, base_seed=nil
setup: assigned thread_id=4
init: final thread_id=4, base_seed=nil
setup: assigned thread_id=5
init: final thread_id=5, base_seed=nil
setup: assigned thread_id=6
init: final thread_id=6, base_seed=nil
setup: assigned thread_id=7
init: final thread_id=7, base_seed=nil
setup: assigned thread_id=8
init: final thread_id=8, base_seed=nil
setup: assigned thread_id=9
init: final thread_id=9, base_seed=nil
setup: assigned thread_id=10
init: final thread_id=10, base_seed=nil
setup: assigned thread_id=11
init: final thread_id=11, base_seed=nil
setup: assigned thread_id=12
init: final thread_id=12, base_seed=nil
setup: assigned thread_id=13
init: final thread_id=13, base_seed=nil
setup: assigned thread_id=14
init: final thread_id=14, base_seed=nil
setup: assigned thread_id=15
init: final thread_id=15, base_seed=nil
setup: assigned thread_id=16
init: final thread_id=16, base_seed=nil
setup: assigned thread_id=17
init: final thread_id=17, base_seed=nil
setup: assigned thread_id=18
init: final thread_id=18, base_seed=nil
setup: assigned thread_id=19
init: final thread_id=19, base_seed=nil
setup: assigned thread_id=20
init: final thread_id=20, base_seed=nil
script_want_response
Running 5m test @ http://10.10.1.1:10918
  20 threads and 200 connections

  Thread calibration: mean lat.: 24.607ms, rate sampling interval: 100ms
  Thread calibration: mean lat.: 26.533ms, rate sampling interval: 100ms
  Thread calibration: mean lat.: 30.760ms, rate sampling interval: 118ms
  Thread calibration: mean lat.: 33.324ms, rate sampling interval: 119ms
  Thread calibration: mean lat.: 17.633ms, rate sampling interval: 66ms
  Thread calibration: mean lat.: 37.095ms, rate sampling interval: 122ms
  Thread calibration: mean lat.: 36.231ms, rate sampling interval: 120ms
  Thread calibration: mean lat.: 44.163ms, rate sampling interval: 123ms
  Thread calibration: mean lat.: 46.015ms, rate sampling interval: 124ms
  Thread calibration: mean lat.: 46.202ms, rate sampling interval: 124ms
  Thread calibration: mean lat.: 46.737ms, rate sampling interval: 123ms
  Thread calibration: mean lat.: 47.247ms, rate sampling interval: 121ms
  Thread calibration: mean lat.: 47.960ms, rate sampling interval: 121ms
  Thread calibration: mean lat.: 48.481ms, rate sampling interval: 120ms
  Thread calibration: mean lat.: 48.617ms, rate sampling interval: 119ms
  Thread calibration: mean lat.: 48.310ms, rate sampling interval: 117ms
  Thread calibration: mean lat.: 48.251ms, rate sampling interval: 115ms
  Thread calibration: mean lat.: 49.936ms, rate sampling interval: 116ms
  Thread calibration: mean lat.: 46.441ms, rate sampling interval: 109ms
  Thread calibration: mean lat.: 45.685ms, rate sampling interval: 108ms

-----------------------------------------------------------------------
Test Results @ http://10.10.1.1:10918 
  Thread Stats   Avg      Stdev     99%   +/- Stdev
    Latency    43.18ms   16.18ms  73.86ms   67.58%
    Req/Sec   100.02     29.21   173.00     79.70%
  Latency Distribution (HdrHistogram - Recorded Latency)
 50.000%   44.03ms
 75.000%   55.52ms
 90.000%   62.56ms
 99.000%   73.86ms
 99.900%  108.42ms
 99.990%  147.58ms
 99.999%  172.29ms
100.000%  179.46ms

  Detailed Percentile spectrum:
       Value   Percentile   TotalCount 1/(1-Percentile)

       8.431     0.000000            1         1.00
      18.319     0.100000        58045         1.11
      30.143     0.200000       116078         1.25
      35.455     0.300000       174124         1.43
      39.583     0.400000       232370         1.67
      44.031     0.500000       290358         2.00
      46.591     0.550000       319242         2.22
      49.119     0.600000       348010         2.50
      51.359     0.650000       377340         2.86
      53.439     0.700000       406252         3.33
      55.519     0.750000       435334         4.00
      56.575     0.775000       449689         4.44
      57.663     0.800000       464349         5.00
      58.783     0.825000       478799         5.71
      59.935     0.850000       493064         6.67
      61.183     0.875000       507683         8.00
      61.855     0.887500       514984         8.89
      62.559     0.900000       522005        10.00
      63.359     0.912500       529527        11.43
      64.223     0.925000       536688        13.33
      65.247     0.937500       543938        16.00
      65.791     0.943750       547392        17.78
      66.431     0.950000       551089        20.00
      67.135     0.956250       554824        22.86
      67.839     0.962500       558280        26.67
      68.735     0.968750       561965        32.00
      69.247     0.971875       563829        35.56
      69.823     0.975000       565656        40.00
      70.399     0.978125       567363        45.71
      71.103     0.981250       569217        53.33
      71.871     0.984375       570974        64.00
      72.383     0.985938       571926        71.11
      72.895     0.987500       572824        80.00
      73.407     0.989062       573659        91.43
      74.111     0.990625       574579       106.67
      74.943     0.992188       575527       128.00
      75.391     0.992969       575975       142.22
      75.903     0.993750       576391       160.00
      76.607     0.994531       576868       182.86
      77.375     0.995313       577282       213.33
      78.527     0.996094       577752       256.00
      79.167     0.996484       577978       284.44
      80.063     0.996875       578195       320.00
      81.599     0.997266       578420       365.71
      84.351     0.997656       578641       426.67
      89.343     0.998047       578869       512.00
      91.903     0.998242       578983       568.89
      95.551     0.998437       579096       640.00
     100.159     0.998633       579210       731.43
     104.127     0.998828       579322       853.33
     108.927     0.999023       579434      1024.00
     111.359     0.999121       579493      1137.78
     113.087     0.999219       579547      1280.00
     115.711     0.999316       579605      1462.86
     118.271     0.999414       579661      1706.67
     122.431     0.999512       579717      2048.00
     126.271     0.999561       579746      2275.56
     128.383     0.999609       579774      2560.00
     131.199     0.999658       579804      2925.71
     134.271     0.999707       579831      3413.33
     136.447     0.999756       579860      4096.00
     137.727     0.999780       579873      4551.11
     138.495     0.999805       579887      5120.00
     140.031     0.999829       579901      5851.43
     142.463     0.999854       579917      6826.67
     144.255     0.999878       579930      8192.00
     145.919     0.999890       579937      9102.22
     147.839     0.999902       579944     10240.00
     152.063     0.999915       579951     11702.86
     159.103     0.999927       579958     13653.33
     163.071     0.999939       579965     16384.00
     163.839     0.999945       579969     18204.44
     164.735     0.999951       579972     20480.00
     166.015     0.999957       579976     23405.71
     166.911     0.999963       579980     27306.67
     168.831     0.999969       579983     32768.00
     169.471     0.999973       579985     36408.89
     169.599     0.999976       579987     40960.00
     169.727     0.999979       579988     46811.43
     171.135     0.999982       579990     54613.33
     171.647     0.999985       579992     65536.00
     171.903     0.999986       579993     72817.78
     171.903     0.999988       579993     81920.00
     172.287     0.999989       579994     93622.86
     172.671     0.999991       579996    109226.67
     172.671     0.999992       579996    131072.00
     172.799     0.999993       579997    145635.56
     172.799     0.999994       579997    163840.00
     172.799     0.999995       579997    187245.71
     173.311     0.999995       579998    218453.33
     173.311     0.999996       579998    262144.00
     175.231     0.999997       579999    291271.11
     175.231     0.999997       579999    327680.00
     175.231     0.999997       579999    374491.43
     175.231     0.999998       579999    436906.67
     175.231     0.999998       579999    524288.00
     179.455     0.999998       580000    582542.22
     179.455     1.000000       580000          inf
#[Mean    =       43.183, StdDeviation   =       16.183]
#[Max     =      179.328, Total count    =       580000]
#[Buckets =           27, SubBuckets     =         2048]
-----------------------------------------------------------------------
  599505 requests in 5.00m, 92.96MB read
Requests/sec:   1998.22  
Transfer/sec:    317.28KB
