setup: assigned thread_id=1
init: final thread_id=1, base_seed=nil
script_want_response
Running 1m test @ http://10.10.1.1:10918
  1 threads and 10 connections

  Thread calibration: mean lat.: 9.866ms, rate sampling interval: 21ms

-----------------------------------------------------------------------
Test Results @ http://10.10.1.1:10918 
  Thread Stats   Avg      Stdev     99%   +/- Stdev
    Latency     9.63ms  789.36us  11.76ms   70.20%
    Req/Sec   102.15    181.49   500.00     80.02%
  Latency Distribution (HdrHistogram - Recorded Latency)
 50.000%    9.49ms
 75.000%   10.09ms
 90.000%   10.77ms
 99.000%   11.76ms
 99.900%   12.92ms
 99.990%   13.57ms
 99.999%   13.94ms
100.000%   13.94ms

  Detailed Percentile spectrum:
       Value   Percentile   TotalCount 1/(1-Percentile)

       7.763     0.000000            1         1.00
       8.751     0.100000          510         1.11
       8.975     0.200000         1010         1.25
       9.159     0.300000         1521         1.43
       9.311     0.400000         2009         1.67
       9.487     0.500000         2518         2.00
       9.583     0.550000         2772         2.22
       9.671     0.600000         3000         2.50
       9.791     0.650000         3253         2.86
       9.943     0.700000         3512         3.33
      10.087     0.750000         3759         4.00
      10.167     0.775000         3884         4.44
      10.247     0.800000         4001         5.00
      10.375     0.825000         4129         5.71
      10.503     0.850000         4253         6.67
      10.631     0.875000         4377         8.00
      10.703     0.887500         4441         8.89
      10.775     0.900000         4500        10.00
      10.855     0.912500         4571        11.43
      10.935     0.925000         4626        13.33
      11.023     0.937500         4688        16.00
      11.079     0.943750         4721        17.78
      11.127     0.950000         4752        20.00
      11.183     0.956250         4784        22.86
      11.271     0.962500         4817        26.67
      11.351     0.968750         4845        32.00
      11.399     0.971875         4864        35.56
      11.447     0.975000         4876        40.00
      11.511     0.978125         4892        45.71
      11.567     0.981250         4907        53.33
      11.639     0.984375         4923        64.00
      11.663     0.985938         4930        71.11
      11.695     0.987500         4938        80.00
      11.727     0.989062         4946        91.43
      11.791     0.990625         4954       106.67
      11.847     0.992188         4961       128.00
      11.863     0.992969         4965       142.22
      11.879     0.993750         4970       160.00
      11.935     0.994531         4973       182.86
      11.999     0.995313         4977       213.33
      12.063     0.996094         4981       256.00
      12.111     0.996484         4983       284.44
      12.127     0.996875         4985       320.00
      12.175     0.997266         4987       365.71
      12.303     0.997656         4989       426.67
      12.431     0.998047         4991       512.00
      12.487     0.998242         4992       568.89
      12.551     0.998437         4993       640.00
      12.863     0.998633         4994       731.43
      12.919     0.998828         4995       853.33
      13.103     0.999023         4996      1024.00
      13.103     0.999121         4996      1137.78
      13.215     0.999219         4997      1280.00
      13.215     0.999316         4997      1462.86
      13.519     0.999414         4998      1706.67
      13.519     0.999512         4998      2048.00
      13.519     0.999561         4998      2275.56
      13.575     0.999609         4999      2560.00
      13.575     0.999658         4999      2925.71
      13.575     0.999707         4999      3413.33
      13.575     0.999756         4999      4096.00
      13.575     0.999780         4999      4551.11
      13.943     0.999805         5000      5120.00
      13.943     1.000000         5000          inf
#[Mean    =        9.627, StdDeviation   =        0.789]
#[Max     =       13.936, Total count    =         5000]
#[Buckets =           27, SubBuckets     =         2048]
-----------------------------------------------------------------------
  5991 requests in 1.00m, 0.93MB read
Requests/sec:     99.83  
Transfer/sec:     15.86KB
