setup: assigned thread_id=1
init: final thread_id=1, base_seed=nil
setup: assigned thread_id=2
init: final thread_id=2, base_seed=nil
setup: assigned thread_id=3
init: final thread_id=3, base_seed=nil
setup: assigned thread_id=4
init: final thread_id=4, base_seed=nil
setup: assigned thread_id=5
init: final thread_id=5, base_seed=nil
setup: assigned thread_id=6
init: final thread_id=6, base_seed=nil
setup: assigned thread_id=7
init: final thread_id=7, base_seed=nil
setup: assigned thread_id=8
init: final thread_id=8, base_seed=nil
setup: assigned thread_id=9
init: final thread_id=9, base_seed=nil
setup: assigned thread_id=10
init: final thread_id=10, base_seed=nil
setup: assigned thread_id=11
init: final thread_id=11, base_seed=nil
setup: assigned thread_id=12
init: final thread_id=12, base_seed=nil
setup: assigned thread_id=13
init: final thread_id=13, base_seed=nil
setup: assigned thread_id=14
init: final thread_id=14, base_seed=nil
setup: assigned thread_id=15
init: final thread_id=15, base_seed=nil
setup: assigned thread_id=16
init: final thread_id=16, base_seed=nil
setup: assigned thread_id=17
init: final thread_id=17, base_seed=nil
setup: assigned thread_id=18
init: final thread_id=18, base_seed=nil
setup: assigned thread_id=19
init: final thread_id=19, base_seed=nil
setup: assigned thread_id=20
init: final thread_id=20, base_seed=nil
setup: assigned thread_id=21
init: final thread_id=21, base_seed=nil
setup: assigned thread_id=22
init: final thread_id=22, base_seed=nil
setup: assigned thread_id=23
init: final thread_id=23, base_seed=nil
setup: assigned thread_id=24
init: final thread_id=24, base_seed=nil
setup: assigned thread_id=25
init: final thread_id=25, base_seed=nil
setup: assigned thread_id=26
init: final thread_id=26, base_seed=nil
setup: assigned thread_id=27
init: final thread_id=27, base_seed=nil
setup: assigned thread_id=28
init: final thread_id=28, base_seed=nil
setup: assigned thread_id=29
init: final thread_id=29, base_seed=nil
setup: assigned thread_id=30
init: final thread_id=30, base_seed=nil
setup: assigned thread_id=31
init: final thread_id=31, base_seed=nil
setup: assigned thread_id=32
init: final thread_id=32, base_seed=nil
setup: assigned thread_id=33
init: final thread_id=33, base_seed=nil
setup: assigned thread_id=34
init: final thread_id=34, base_seed=nil
setup: assigned thread_id=35
init: final thread_id=35, base_seed=nil
setup: assigned thread_id=36
init: final thread_id=36, base_seed=nil
setup: assigned thread_id=37
init: final thread_id=37, base_seed=nil
setup: assigned thread_id=38
init: final thread_id=38, base_seed=nil
setup: assigned thread_id=39
init: final thread_id=39, base_seed=nil
setup: assigned thread_id=40
init: final thread_id=40, base_seed=nil
setup: assigned thread_id=41
init: final thread_id=41, base_seed=nil
setup: assigned thread_id=42
init: final thread_id=42, base_seed=nil
setup: assigned thread_id=43
init: final thread_id=43, base_seed=nil
setup: assigned thread_id=44
init: final thread_id=44, base_seed=nil
setup: assigned thread_id=45
init: final thread_id=45, base_seed=nil
script_want_response
Running 5m test @ http://10.10.1.1:34208
  45 threads and 450 connections

  Thread calibration: mean lat.: 679.818ms, rate sampling interval: 2500ms
  Thread calibration: mean lat.: 607.290ms, rate sampling interval: 2134ms
  Thread calibration: mean lat.: 614.598ms, rate sampling interval: 2217ms
  Thread calibration: mean lat.: 673.534ms, rate sampling interval: 2306ms
  Thread calibration: mean lat.: 687.106ms, rate sampling interval: 2488ms
  Thread calibration: mean lat.: 681.089ms, rate sampling interval: 2441ms
  Thread calibration: mean lat.: 613.709ms, rate sampling interval: 2166ms
  Thread calibration: mean lat.: 606.542ms, rate sampling interval: 2201ms
  Thread calibration: mean lat.: 636.107ms, rate sampling interval: 2318ms
  Thread calibration: mean lat.: 636.761ms, rate sampling interval: 2222ms
  Thread calibration: mean lat.: 730.897ms, rate sampling interval: 2553ms
  Thread calibration: mean lat.: 680.816ms, rate sampling interval: 2373ms
  Thread calibration: mean lat.: 730.715ms, rate sampling interval: 2629ms
  Thread calibration: mean lat.: 804.102ms, rate sampling interval: 2660ms
  Thread calibration: mean lat.: 760.714ms, rate sampling interval: 2506ms
  Thread calibration: mean lat.: 798.308ms, rate sampling interval: 2693ms
  Thread calibration: mean lat.: 764.285ms, rate sampling interval: 2613ms
  Thread calibration: mean lat.: 739.295ms, rate sampling interval: 2580ms
  Thread calibration: mean lat.: 716.791ms, rate sampling interval: 2457ms
  Thread calibration: mean lat.: 709.923ms, rate sampling interval: 2275ms
  Thread calibration: mean lat.: 766.036ms, rate sampling interval: 2785ms
  Thread calibration: mean lat.: 727.467ms, rate sampling interval: 2648ms
  Thread calibration: mean lat.: 630.581ms, rate sampling interval: 2162ms
  Thread calibration: mean lat.: 664.796ms, rate sampling interval: 2502ms
  Thread calibration: mean lat.: 630.075ms, rate sampling interval: 2174ms
  Thread calibration: mean lat.: 633.385ms, rate sampling interval: 2234ms
  Thread calibration: mean lat.: 672.784ms, rate sampling interval: 2453ms
  Thread calibration: mean lat.: 661.910ms, rate sampling interval: 2369ms
  Thread calibration: mean lat.: 664.389ms, rate sampling interval: 2314ms
  Thread calibration: mean lat.: 673.751ms, rate sampling interval: 2387ms
  Thread calibration: mean lat.: 679.259ms, rate sampling interval: 2373ms
  Thread calibration: mean lat.: 659.226ms, rate sampling interval: 2330ms
  Thread calibration: mean lat.: 700.374ms, rate sampling interval: 2412ms
  Thread calibration: mean lat.: 700.561ms, rate sampling interval: 2574ms
  Thread calibration: mean lat.: 634.131ms, rate sampling interval: 2230ms
  Thread calibration: mean lat.: 738.805ms, rate sampling interval: 2611ms
  Thread calibration: mean lat.: 628.811ms, rate sampling interval: 2252ms
  Thread calibration: mean lat.: 731.668ms, rate sampling interval: 2639ms
  Thread calibration: mean lat.: 658.867ms, rate sampling interval: 2230ms
  Thread calibration: mean lat.: 712.531ms, rate sampling interval: 2633ms
  Thread calibration: mean lat.: 643.015ms, rate sampling interval: 2252ms
  Thread calibration: mean lat.: 658.257ms, rate sampling interval: 2267ms
  Thread calibration: mean lat.: 711.461ms, rate sampling interval: 2619ms
  Thread calibration: mean lat.: 645.697ms, rate sampling interval: 2316ms
  Thread calibration: mean lat.: 683.603ms, rate sampling interval: 2357ms

-----------------------------------------------------------------------
Test Results @ http://10.10.1.1:34208 
  Thread Stats   Avg      Stdev     99%   +/- Stdev
    Latency    31.17s    17.51s    1.00m    55.45%
    Req/Sec    49.70      3.27    56.00     78.03%
  Latency Distribution (HdrHistogram - Recorded Latency)
 50.000%   31.78s 
 75.000%   47.55s 
 90.000%    0.89m 
 99.000%    1.00m 
 99.900%    1.06m 
 99.990%    1.09m 
 99.999%    1.11m 
100.000%    1.12m 

  Detailed Percentile spectrum:
       Value   Percentile   TotalCount 1/(1-Percentile)

     799.743     0.000000            1         1.00
    6406.143     0.100000        65484         1.11
   12402.687     0.200000       130925         1.25
   18481.151     0.300000       196454         1.43
   24788.991     0.400000       261854         1.67
   31784.959     0.500000       327356         2.00
   35520.511     0.550000       360042         2.22
   39157.759     0.600000       392879         2.50
   42336.255     0.650000       425698         2.86
   45154.303     0.700000       458440         3.33
   47546.367     0.750000       491355         4.00
   48594.943     0.775000       507368         4.44
   49643.519     0.800000       523815         5.00
   50659.327     0.825000       540499         5.71
   51609.599     0.850000       556526         6.67
   52559.871     0.875000       572830         8.00
   53051.391     0.887500       581015         8.89
   53575.679     0.900000       589596        10.00
   54067.199     0.912500       597439        11.43
   54624.255     0.925000       605709        13.33
   55214.079     0.937500       613740        16.00
   55541.759     0.943750       617919        17.78
   55902.207     0.950000       622196        20.00
   56262.655     0.956250       626071        22.86
   56688.639     0.962500       630178        26.67
   57180.159     0.968750       634319        32.00
   57442.303     0.971875       636262        35.56
   57737.215     0.975000       638278        40.00
   58064.895     0.978125       640277        45.71
   58458.111     0.981250       642472        53.33
   58851.327     0.984375       644401        64.00
   59080.703     0.985938       645391        71.11
   59342.847     0.987500       646439        80.00
   59637.759     0.989062       647505        91.43
   59965.439     0.990625       648542       106.67
   60325.887     0.992188       649582       128.00
   60522.495     0.992969       650064       142.22
   60719.103     0.993750       650520       160.00
   60981.247     0.994531       651067       182.86
   61243.391     0.995313       651557       213.33
   61538.303     0.996094       652055       256.00
   61702.143     0.996484       652319       284.44
   61865.983     0.996875       652559       320.00
   62062.591     0.997266       652812       365.71
   62291.967     0.997656       653090       426.67
   62521.343     0.998047       653334       512.00
   62652.415     0.998242       653449       568.89
   62816.255     0.998437       653592       640.00
   62980.095     0.998633       653716       731.43
   63143.935     0.998828       653836       853.33
   63340.543     0.999023       653966      1024.00
   63471.615     0.999121       654028      1137.78
   63569.919     0.999219       654090      1280.00
   63700.991     0.999316       654156      1462.86
   63864.831     0.999414       654226      1706.67
   64028.671     0.999512       654282      2048.00
   64094.207     0.999561       654308      2275.56
   64225.279     0.999609       654340      2560.00
   64323.583     0.999658       654373      2925.71
   64454.655     0.999707       654404      3413.33
   64585.727     0.999756       654436      4096.00
   64684.031     0.999780       654455      4551.11
   64749.567     0.999805       654468      5120.00
   64880.639     0.999829       654488      5851.43
   64946.175     0.999854       654499      6826.67
   65110.015     0.999878       654519      8192.00
   65175.551     0.999890       654525      9102.22
   65306.623     0.999902       654537     10240.00
   65339.391     0.999915       654542     11702.86
   65503.231     0.999927       654551     13653.33
   65535.999     0.999939       654557     16384.00
   65568.767     0.999945       654561     18204.44
   65699.839     0.999951       654565     20480.00
   65732.607     0.999957       654569     23405.71
   65798.143     0.999963       654571     27306.67
   65896.447     0.999969       654576     32768.00
   65929.215     0.999973       654578     36408.89
   65961.983     0.999976       654579     40960.00
   66093.055     0.999979       654582     46811.43
   66191.359     0.999982       654583     54613.33
   66322.431     0.999985       654585     65536.00
   66355.199     0.999986       654586     72817.78
   66519.039     0.999988       654587     81920.00
   66551.807     0.999989       654588     93622.86
   66584.575     0.999991       654589    109226.67
   66781.183     0.999992       654591    131072.00
   66781.183     0.999993       654591    145635.56
   66781.183     0.999994       654591    163840.00
   66781.183     0.999995       654591    187245.71
   67010.559     0.999995       654592    218453.33
   67010.559     0.999996       654592    262144.00
   67010.559     0.999997       654592    291271.11
   67043.327     0.999997       654593    327680.00
   67043.327     0.999997       654593    374491.43
   67043.327     0.999998       654593    436906.67
   67043.327     0.999998       654593    524288.00
   67043.327     0.999998       654593    582542.22
   67305.471     0.999998       654594    655360.00
   67305.471     1.000000       654594          inf
#[Mean    =    31167.966, StdDeviation   =    17509.468]
#[Max     =    67239.936, Total count    =       654594]
#[Buckets =           27, SubBuckets     =         2048]
-----------------------------------------------------------------------
  680184 requests in 5.00m, 105.48MB read
  Socket errors: connect 0, read 0, write 0, timeout 16842
Requests/sec:   2267.68  
Transfer/sec:    360.10KB
