setup: assigned thread_id=1
init: final thread_id=1, base_seed=nil
script_want_response
Running 1m test @ http://10.10.1.1:34208
  1 threads and 10 connections

  Thread calibration: mean lat.: 15.404ms, rate sampling interval: 33ms

-----------------------------------------------------------------------
Test Results @ http://10.10.1.1:34208 
  Thread Stats   Avg      Stdev     99%   +/- Stdev
    Latency    15.46ms    2.79ms  21.60ms   98.28%
    Req/Sec   101.36    135.52   312.00     71.16%
  Latency Distribution (HdrHistogram - Recorded Latency)
 50.000%   15.15ms
 75.000%   15.82ms
 90.000%   16.58ms
 99.000%   21.60ms
 99.900%   48.38ms
 99.990%  105.09ms
 99.999%  108.16ms
100.000%  108.16ms

  Detailed Percentile spectrum:
       Value   Percentile   TotalCount 1/(1-Percentile)

      13.263     0.000000            1         1.00
      14.239     0.100000          504         1.11
      14.519     0.200000         1026         1.25
      14.751     0.300000         1518         1.43
      14.943     0.400000         2011         1.67
      15.151     0.500000         2520         2.00
      15.255     0.550000         2766         2.22
      15.367     0.600000         3002         2.50
      15.503     0.650000         3259         2.86
      15.663     0.700000         3507         3.33
      15.823     0.750000         3755         4.00
      15.919     0.775000         3883         4.44
      16.031     0.800000         4001         5.00
      16.143     0.825000         4128         5.71
      16.271     0.850000         4255         6.67
      16.399     0.875000         4376         8.00
      16.495     0.887500         4446         8.89
      16.575     0.900000         4503        10.00
      16.655     0.912500         4569        11.43
      16.783     0.925000         4626        13.33
      16.911     0.937500         4691        16.00
      16.991     0.943750         4729        17.78
      17.055     0.950000         4751        20.00
      17.135     0.956250         4782        22.86
      17.247     0.962500         4816        26.67
      17.375     0.968750         4844        32.00
      17.455     0.971875         4860        35.56
      17.615     0.975000         4876        40.00
      17.823     0.978125         4892        45.71
      17.983     0.981250         4907        53.33
      18.511     0.984375         4922        64.00
      19.807     0.985938         4930        71.11
      20.367     0.987500         4938        80.00
      21.135     0.989062         4946        91.43
      21.871     0.990625         4954       106.67
      22.959     0.992188         4961       128.00
      23.535     0.992969         4965       142.22
      24.463     0.993750         4969       160.00
      25.151     0.994531         4973       182.86
      26.783     0.995313         4977       213.33
      28.207     0.996094         4981       256.00
      30.095     0.996484         4983       284.44
      30.303     0.996875         4985       320.00
      31.167     0.997266         4987       365.71
      31.727     0.997656         4989       426.67
      33.247     0.998047         4991       512.00
      34.943     0.998242         4992       568.89
      35.103     0.998437         4993       640.00
      36.927     0.998633         4994       731.43
      48.383     0.998828         4995       853.33
      51.583     0.999023         4996      1024.00
      51.583     0.999121         4996      1137.78
      53.727     0.999219         4997      1280.00
      53.727     0.999316         4997      1462.86
     103.039     0.999414         4998      1706.67
     103.039     0.999512         4998      2048.00
     103.039     0.999561         4998      2275.56
     105.087     0.999609         4999      2560.00
     105.087     0.999658         4999      2925.71
     105.087     0.999707         4999      3413.33
     105.087     0.999756         4999      4096.00
     105.087     0.999780         4999      4551.11
     108.159     0.999805         5000      5120.00
     108.159     1.000000         5000          inf
#[Mean    =       15.455, StdDeviation   =        2.787]
#[Max     =      108.096, Total count    =         5000]
#[Buckets =           27, SubBuckets     =         2048]
-----------------------------------------------------------------------
  5990 requests in 1.00m, 0.93MB read
Requests/sec:     99.82  
Transfer/sec:     15.85KB
