setup: assigned thread_id=1
init: final thread_id=1, base_seed=nil
setup: assigned thread_id=2
init: final thread_id=2, base_seed=nil
setup: assigned thread_id=3
init: final thread_id=3, base_seed=nil
setup: assigned thread_id=4
init: final thread_id=4, base_seed=nil
setup: assigned thread_id=5
init: final thread_id=5, base_seed=nil
setup: assigned thread_id=6
init: final thread_id=6, base_seed=nil
setup: assigned thread_id=7
init: final thread_id=7, base_seed=nil
setup: assigned thread_id=8
init: final thread_id=8, base_seed=nil
setup: assigned thread_id=9
init: final thread_id=9, base_seed=nil
setup: assigned thread_id=10
init: final thread_id=10, base_seed=nil
setup: assigned thread_id=11
init: final thread_id=11, base_seed=nil
setup: assigned thread_id=12
init: final thread_id=12, base_seed=nil
setup: assigned thread_id=13
init: final thread_id=13, base_seed=nil
setup: assigned thread_id=14
init: final thread_id=14, base_seed=nil
setup: assigned thread_id=15
init: final thread_id=15, base_seed=nil
setup: assigned thread_id=16
init: final thread_id=16, base_seed=nil
setup: assigned thread_id=17
init: final thread_id=17, base_seed=nil
setup: assigned thread_id=18
init: final thread_id=18, base_seed=nil
setup: assigned thread_id=19
init: final thread_id=19, base_seed=nil
setup: assigned thread_id=20
init: final thread_id=20, base_seed=nil
script_want_response
Running 1m test @ http://10.10.1.1:22445
  20 threads and 200 connections

  Thread calibration: mean lat.: 21.911ms, rate sampling interval: 78ms
  Thread calibration: mean lat.: 25.125ms, rate sampling interval: 86ms
  Thread calibration: mean lat.: 27.816ms, rate sampling interval: 92ms
  Thread calibration: mean lat.: 31.079ms, rate sampling interval: 102ms
  Thread calibration: mean lat.: 33.201ms, rate sampling interval: 102ms
  Thread calibration: mean lat.: 35.762ms, rate sampling interval: 110ms
  Thread calibration: mean lat.: 38.493ms, rate sampling interval: 113ms
  Thread calibration: mean lat.: 40.129ms, rate sampling interval: 114ms
  Thread calibration: mean lat.: 41.596ms, rate sampling interval: 114ms
  Thread calibration: mean lat.: 42.817ms, rate sampling interval: 115ms
  Thread calibration: mean lat.: 44.361ms, rate sampling interval: 115ms
  Thread calibration: mean lat.: 44.746ms, rate sampling interval: 115ms
  Thread calibration: mean lat.: 45.117ms, rate sampling interval: 114ms
  Thread calibration: mean lat.: 44.760ms, rate sampling interval: 111ms
  Thread calibration: mean lat.: 44.385ms, rate sampling interval: 110ms
  Thread calibration: mean lat.: 44.378ms, rate sampling interval: 108ms
  Thread calibration: mean lat.: 44.179ms, rate sampling interval: 106ms
  Thread calibration: mean lat.: 43.929ms, rate sampling interval: 104ms
  Thread calibration: mean lat.: 43.369ms, rate sampling interval: 103ms
  Thread calibration: mean lat.: 42.938ms, rate sampling interval: 101ms

-----------------------------------------------------------------------
Test Results @ http://10.10.1.1:22445 
  Thread Stats   Avg      Stdev     99%   +/- Stdev
    Latency    33.52ms   10.20ms  57.60ms   70.88%
    Req/Sec   100.07     22.26   176.00     83.15%
  Latency Distribution (HdrHistogram - Recorded Latency)
 50.000%   34.59ms
 75.000%   40.03ms
 90.000%   45.02ms
 99.000%   57.60ms
 99.900%   68.86ms
 99.990%   74.56ms
 99.999%   78.33ms
100.000%   79.61ms

  Detailed Percentile spectrum:
       Value   Percentile   TotalCount 1/(1-Percentile)

       8.951     0.000000            1         1.00
      17.743     0.100000        10009         1.11
      25.759     0.200000        20002         1.25
      29.679     0.300000        30032         1.43
      32.367     0.400000        40016         1.67
      34.591     0.500000        50083         2.00
      35.647     0.550000        55119         2.22
      36.671     0.600000        60059         2.50
      37.727     0.650000        65042         2.86
      38.847     0.700000        70024         3.33
      40.031     0.750000        75028         4.00
      40.671     0.775000        77553         4.44
      41.343     0.800000        80032         5.00
      42.079     0.825000        82505         5.71
      42.943     0.850000        85093         6.67
      43.903     0.875000        87570         8.00
      44.415     0.887500        88754         8.89
      45.023     0.900000        90022        10.00
      45.727     0.912500        91262        11.43
      46.559     0.925000        92526        13.33
      47.519     0.937500        93754        16.00
      48.127     0.943750        94398        17.78
      48.767     0.950000        95013        20.00
      49.471     0.956250        95644        22.86
      50.335     0.962500        96263        26.67
      51.327     0.968750        96875        32.00
      51.903     0.971875        97191        35.56
      52.575     0.975000        97502        40.00
      53.311     0.978125        97826        45.71
      54.207     0.981250        98131        53.33
      55.167     0.984375        98440        64.00
      55.871     0.985938        98603        71.11
      56.447     0.987500        98755        80.00
      57.119     0.989062        98909        91.43
      58.047     0.990625        99068       106.67
      59.039     0.992188        99223       128.00
      59.679     0.992969        99297       142.22
      60.415     0.993750        99376       160.00
      61.151     0.994531        99456       182.86
      62.431     0.995313        99534       213.33
      63.455     0.996094        99611       256.00
      64.191     0.996484        99651       284.44
      64.927     0.996875        99692       320.00
      65.599     0.997266        99730       365.71
      66.303     0.997656        99769       426.67
      66.943     0.998047        99805       512.00
      67.391     0.998242        99828       568.89
      67.647     0.998437        99848       640.00
      67.967     0.998633        99865       731.43
      68.543     0.998828        99884       853.33
      68.991     0.999023        99903      1024.00
      69.311     0.999121        99915      1137.78
      69.567     0.999219        99922      1280.00
      70.143     0.999316        99932      1462.86
      71.295     0.999414        99944      1706.67
      71.807     0.999512        99952      2048.00
      72.127     0.999561        99957      2275.56
      72.319     0.999609        99962      2560.00
      72.639     0.999658        99967      2925.71
      72.895     0.999707        99971      3413.33
      73.343     0.999756        99976      4096.00
      73.471     0.999780        99979      4551.11
      73.535     0.999805        99982      5120.00
      73.599     0.999829        99983      5851.43
      73.727     0.999854        99986      6826.67
      74.303     0.999878        99988      8192.00
      74.559     0.999890        99990      9102.22
      74.879     0.999902        99991     10240.00
      74.943     0.999915        99992     11702.86
      75.263     0.999927        99993     13653.33
      75.583     0.999939        99994     16384.00
      75.711     0.999945        99995     18204.44
      76.223     0.999951        99996     20480.00
      76.223     0.999957        99996     23405.71
      76.543     0.999963        99997     27306.67
      76.543     0.999969        99997     32768.00
      77.375     0.999973        99998     36408.89
      77.375     0.999976        99998     40960.00
      77.375     0.999979        99998     46811.43
      78.335     0.999982        99999     54613.33
      78.335     0.999985        99999     65536.00
      78.335     0.999986        99999     72817.78
      78.335     0.999988        99999     81920.00
      78.335     0.999989        99999     93622.86
      79.615     0.999991       100000    109226.67
      79.615     1.000000       100000          inf
#[Mean    =       33.521, StdDeviation   =       10.198]
#[Max     =       79.552, Total count    =       100000]
#[Buckets =           27, SubBuckets     =         2048]
-----------------------------------------------------------------------
  119800 requests in 1.00m, 18.58MB read
Requests/sec:   1996.33  
Transfer/sec:    317.02KB
