Running 5m test @ http://10.10.1.1:5671/Spam?n=10
  9 threads and 18 connections

  Thread calibration: mean lat.: 0.484ms, rate sampling interval: 10ms
  Thread calibration: mean lat.: 0.491ms, rate sampling interval: 10ms
  Thread calibration: mean lat.: 0.523ms, rate sampling interval: 10ms
  Thread calibration: mean lat.: 0.463ms, rate sampling interval: 10ms
  Thread calibration: mean lat.: 0.937ms, rate sampling interval: 10ms
  Thread calibration: mean lat.: 0.878ms, rate sampling interval: 10ms
  Thread calibration: mean lat.: 0.439ms, rate sampling interval: 10ms
  Thread calibration: mean lat.: 0.442ms, rate sampling interval: 10ms
  Thread calibration: mean lat.: 0.442ms, rate sampling interval: 10ms

-----------------------------------------------------------------------
Test Results @ http://10.10.1.1:5671/Spam?n=10 
  Thread Stats   Avg      Stdev     99%   +/- Stdev
    Latency   663.54us    1.40ms   6.43ms   96.89%
    Req/Sec    47.45     83.72   222.00     80.54%
  Latency Distribution (HdrHistogram - Recorded Latency)
 50.000%  442.00us
 75.000%  584.00us
 90.000%  699.00us
 99.000%    6.43ms
 99.900%   19.76ms
 99.990%   34.05ms
 99.999%   43.87ms
100.000%   48.06ms

  Detailed Percentile spectrum:
       Value   Percentile   TotalCount 1/(1-Percentile)

       0.024     0.000000            1         1.00
       0.304     0.100000        11796         1.11
       0.336     0.200000        23662         1.25
       0.366     0.300000        35262         1.43
       0.399     0.400000        47210         1.67
       0.442     0.500000        58910         2.00
       0.469     0.550000        64607         2.22
       0.500     0.600000        70478         2.50
       0.530     0.650000        76418         2.86
       0.558     0.700000        82426         3.33
       0.584     0.750000        88109         4.00
       0.599     0.775000        91181         4.44
       0.614     0.800000        94029         5.00
       0.630     0.825000        96899         5.71
       0.649     0.850000        99936         6.67
       0.670     0.875000       102838         8.00
       0.683     0.887500       104304         8.89
       0.699     0.900000       105705        10.00
       0.722     0.912500       107229        11.43
       0.754     0.925000       108671        13.33
       0.827     0.937500       110122        16.00
       0.905     0.943750       110850        17.78
       1.019     0.950000       111580        20.00
       1.209     0.956250       112312        22.86
       1.538     0.962500       113047        26.67
       2.041     0.968750       113780        32.00
       2.403     0.971875       114147        35.56
       2.801     0.975000       114516        40.00
       3.243     0.978125       114881        45.71
       3.769     0.981250       115249        53.33
       4.467     0.984375       115616        64.00
       4.935     0.985938       115799        71.11
       5.387     0.987500       115982        80.00
       5.983     0.989062       116166        91.43
       6.723     0.990625       116349       106.67
       7.543     0.992188       116533       128.00
       8.123     0.992969       116625       142.22
       8.687     0.993750       116718       160.00
       9.447     0.994531       116808       182.86
      10.383     0.995313       116901       213.33
      11.503     0.996094       116992       256.00
      12.039     0.996484       117038       284.44
      12.743     0.996875       117083       320.00
      13.463     0.997266       117129       365.71
      14.807     0.997656       117175       426.67
      15.559     0.998047       117221       512.00
      16.311     0.998242       117245       568.89
      17.039     0.998437       117267       640.00
      18.095     0.998633       117290       731.43
      18.751     0.998828       117313       853.33
      20.063     0.999023       117336      1024.00
      20.591     0.999121       117347      1137.78
      21.327     0.999219       117359      1280.00
      22.671     0.999316       117370      1462.86
      23.935     0.999414       117382      1706.67
      25.119     0.999512       117393      2048.00
      26.047     0.999561       117399      2275.56
      26.671     0.999609       117405      2560.00
      27.135     0.999658       117410      2925.71
      28.367     0.999707       117416      3413.33
      29.087     0.999756       117422      4096.00
      30.591     0.999780       117425      4551.11
      30.863     0.999805       117428      5120.00
      31.727     0.999829       117430      5851.43
      32.383     0.999854       117433      6826.67
      32.831     0.999878       117437      8192.00
      34.047     0.999890       117438      9102.22
      34.175     0.999902       117439     10240.00
      34.463     0.999915       117440     11702.86
      36.575     0.999927       117442     13653.33
      36.735     0.999939       117443     16384.00
      37.471     0.999945       117444     18204.44
      38.111     0.999951       117445     20480.00
      38.111     0.999957       117445     23405.71
      39.359     0.999963       117446     27306.67
      41.375     0.999969       117447     32768.00
      41.375     0.999973       117447     36408.89
      42.111     0.999976       117448     40960.00
      42.111     0.999979       117448     46811.43
      42.111     0.999982       117448     54613.33
      43.871     0.999985       117449     65536.00
      43.871     0.999986       117449     72817.78
      43.871     0.999988       117449     81920.00
      43.871     0.999989       117449     93622.86
      43.871     0.999991       117449    109226.67
      48.063     0.999992       117450    131072.00
      48.063     1.000000       117450          inf
#[Mean    =        0.664, StdDeviation   =        1.398]
#[Max     =       48.032, Total count    =       117450]
#[Buckets =           27, SubBuckets     =         2048]
-----------------------------------------------------------------------
  121497 requests in 5.00m, 14.95MB read
Requests/sec:    404.98  
Transfer/sec:     51.02KB
