setup: assigned thread_id=1
init: final thread_id=1, base_seed=nil
setup: assigned thread_id=2
init: final thread_id=2, base_seed=nil
setup: assigned thread_id=3
init: final thread_id=3, base_seed=nil
setup: assigned thread_id=4
init: final thread_id=4, base_seed=nil
setup: assigned thread_id=5
init: final thread_id=5, base_seed=nil
setup: assigned thread_id=6
init: final thread_id=6, base_seed=nil
setup: assigned thread_id=7
init: final thread_id=7, base_seed=nil
setup: assigned thread_id=8
init: final thread_id=8, base_seed=nil
setup: assigned thread_id=9
init: final thread_id=9, base_seed=nil
setup: assigned thread_id=10
init: final thread_id=10, base_seed=nil
setup: assigned thread_id=11
init: final thread_id=11, base_seed=nil
setup: assigned thread_id=12
init: final thread_id=12, base_seed=nil
setup: assigned thread_id=13
init: final thread_id=13, base_seed=nil
setup: assigned thread_id=14
init: final thread_id=14, base_seed=nil
setup: assigned thread_id=15
init: final thread_id=15, base_seed=nil
setup: assigned thread_id=16
init: final thread_id=16, base_seed=nil
setup: assigned thread_id=17
init: final thread_id=17, base_seed=nil
setup: assigned thread_id=18
init: final thread_id=18, base_seed=nil
setup: assigned thread_id=19
init: final thread_id=19, base_seed=nil
setup: assigned thread_id=20
init: final thread_id=20, base_seed=nil
setup: assigned thread_id=21
init: final thread_id=21, base_seed=nil
setup: assigned thread_id=22
init: final thread_id=22, base_seed=nil
setup: assigned thread_id=23
init: final thread_id=23, base_seed=nil
setup: assigned thread_id=24
init: final thread_id=24, base_seed=nil
setup: assigned thread_id=25
init: final thread_id=25, base_seed=nil
setup: assigned thread_id=26
init: final thread_id=26, base_seed=nil
setup: assigned thread_id=27
init: final thread_id=27, base_seed=nil
setup: assigned thread_id=28
init: final thread_id=28, base_seed=nil
setup: assigned thread_id=29
init: final thread_id=29, base_seed=nil
setup: assigned thread_id=30
init: final thread_id=30, base_seed=nil
setup: assigned thread_id=31
init: final thread_id=31, base_seed=nil
setup: assigned thread_id=32
init: final thread_id=32, base_seed=nil
setup: assigned thread_id=33
init: final thread_id=33, base_seed=nil
setup: assigned thread_id=34
init: final thread_id=34, base_seed=nil
setup: assigned thread_id=35
init: final thread_id=35, base_seed=nil
setup: assigned thread_id=36
init: final thread_id=36, base_seed=nil
setup: assigned thread_id=37
init: final thread_id=37, base_seed=nil
setup: assigned thread_id=38
init: final thread_id=38, base_seed=nil
setup: assigned thread_id=39
init: final thread_id=39, base_seed=nil
setup: assigned thread_id=40
init: final thread_id=40, base_seed=nil
setup: assigned thread_id=41
init: final thread_id=41, base_seed=nil
setup: assigned thread_id=42
init: final thread_id=42, base_seed=nil
setup: assigned thread_id=43
init: final thread_id=43, base_seed=nil
setup: assigned thread_id=44
init: final thread_id=44, base_seed=nil
setup: assigned thread_id=45
init: final thread_id=45, base_seed=nil
script_want_response
Running 5m test @ http://10.10.1.1:22445
  45 threads and 450 connections

  Thread calibration: mean lat.: 17.130ms, rate sampling interval: 52ms
  Thread calibration: mean lat.: 18.476ms, rate sampling interval: 59ms
  Thread calibration: mean lat.: 20.000ms, rate sampling interval: 65ms
  Thread calibration: mean lat.: 22.598ms, rate sampling interval: 76ms
  Thread calibration: mean lat.: 23.239ms, rate sampling interval: 76ms
  Thread calibration: mean lat.: 25.326ms, rate sampling interval: 83ms
  Thread calibration: mean lat.: 33.269ms, rate sampling interval: 83ms
  Thread calibration: mean lat.: 32.599ms, rate sampling interval: 83ms
  Thread calibration: mean lat.: 32.551ms, rate sampling interval: 80ms
  Thread calibration: mean lat.: 35.419ms, rate sampling interval: 101ms
  Thread calibration: mean lat.: 36.481ms, rate sampling interval: 101ms
  Thread calibration: mean lat.: 37.973ms, rate sampling interval: 102ms
  Thread calibration: mean lat.: 39.952ms, rate sampling interval: 104ms
  Thread calibration: mean lat.: 39.704ms, rate sampling interval: 104ms
  Thread calibration: mean lat.: 41.045ms, rate sampling interval: 106ms
  Thread calibration: mean lat.: 41.532ms, rate sampling interval: 104ms
  Thread calibration: mean lat.: 41.340ms, rate sampling interval: 102ms
  Thread calibration: mean lat.: 42.124ms, rate sampling interval: 103ms
  Thread calibration: mean lat.: 41.301ms, rate sampling interval: 101ms
  Thread calibration: mean lat.: 41.278ms, rate sampling interval: 100ms
  Thread calibration: mean lat.: 41.072ms, rate sampling interval: 100ms
  Thread calibration: mean lat.: 40.777ms, rate sampling interval: 100ms
  Thread calibration: mean lat.: 39.044ms, rate sampling interval: 98ms
  Thread calibration: mean lat.: 36.917ms, rate sampling interval: 95ms
  Thread calibration: mean lat.: 35.402ms, rate sampling interval: 95ms
  Thread calibration: mean lat.: 33.918ms, rate sampling interval: 93ms
  Thread calibration: mean lat.: 32.135ms, rate sampling interval: 93ms
  Thread calibration: mean lat.: 30.932ms, rate sampling interval: 89ms
  Thread calibration: mean lat.: 28.775ms, rate sampling interval: 88ms
  Thread calibration: mean lat.: 28.357ms, rate sampling interval: 89ms
  Thread calibration: mean lat.: 35.355ms, rate sampling interval: 106ms
  Thread calibration: mean lat.: 37.378ms, rate sampling interval: 108ms
  Thread calibration: mean lat.: 37.844ms, rate sampling interval: 107ms
  Thread calibration: mean lat.: 39.357ms, rate sampling interval: 109ms
  Thread calibration: mean lat.: 39.909ms, rate sampling interval: 108ms
  Thread calibration: mean lat.: 41.547ms, rate sampling interval: 110ms
  Thread calibration: mean lat.: 41.383ms, rate sampling interval: 108ms
  Thread calibration: mean lat.: 41.568ms, rate sampling interval: 107ms
  Thread calibration: mean lat.: 42.025ms, rate sampling interval: 106ms
  Thread calibration: mean lat.: 41.659ms, rate sampling interval: 104ms
  Thread calibration: mean lat.: 41.616ms, rate sampling interval: 105ms
  Thread calibration: mean lat.: 41.640ms, rate sampling interval: 104ms
  Thread calibration: mean lat.: 41.560ms, rate sampling interval: 102ms
  Thread calibration: mean lat.: 40.412ms, rate sampling interval: 100ms
  Thread calibration: mean lat.: 40.544ms, rate sampling interval: 100ms

-----------------------------------------------------------------------
Test Results @ http://10.10.1.1:22445 
  Thread Stats   Avg      Stdev     99%   +/- Stdev
    Latency    40.70ms   20.02ms 122.30ms   81.56%
    Req/Sec    66.10     47.29   172.00     63.22%
  Latency Distribution (HdrHistogram - Recorded Latency)
 50.000%   39.07ms
 75.000%   47.42ms
 90.000%   57.38ms
 99.000%  122.30ms
 99.900%  211.84ms
 99.990%  281.86ms
 99.999%  368.64ms
100.000%  394.49ms

  Detailed Percentile spectrum:
       Value   Percentile   TotalCount 1/(1-Percentile)

       9.215     0.000000            1         1.00
      20.111     0.100000        86167         1.11
      27.167     0.200000       172479         1.25
      32.095     0.300000       258417         1.43
      35.871     0.400000       345100         1.67
      39.071     0.500000       430868         2.00
      40.607     0.550000       474257         2.22
      42.111     0.600000       516859         2.50
      43.711     0.650000       560284         2.86
      45.471     0.700000       603377         3.33
      47.423     0.750000       646188         4.00
      48.543     0.775000       667923         4.44
      49.759     0.800000       689369         5.00
      51.135     0.825000       710671         5.71
      52.767     0.850000       732335         6.67
      54.751     0.875000       753810         8.00
      55.967     0.887500       764587         8.89
      57.375     0.900000       775354        10.00
      59.039     0.912500       785994        11.43
      61.119     0.925000       796791        13.33
      63.871     0.937500       807571        16.00
      65.599     0.943750       812961        17.78
      67.711     0.950000       818294        20.00
      70.527     0.956250       823713        22.86
      74.303     0.962500       829012        26.67
      79.679     0.968750       834387        32.00
      83.519     0.971875       837082        35.56
      88.639     0.975000       839770        40.00
      94.655     0.978125       842467        45.71
     100.927     0.981250       845175        53.33
     107.071     0.984375       847855        64.00
     110.847     0.985938       849199        71.11
     115.007     0.987500       850544        80.00
     119.487     0.989062       851886        91.43
     124.159     0.990625       853235       106.67
     129.599     0.992188       854584       128.00
     132.991     0.992969       855249       142.22
     136.831     0.993750       855932       160.00
     141.567     0.994531       856596       182.86
     147.711     0.995313       857274       213.33
     156.287     0.996094       857938       256.00
     162.431     0.996484       858273       284.44
     168.959     0.996875       858610       320.00
     175.871     0.997266       858948       365.71
     183.295     0.997656       859284       426.67
     191.231     0.998047       859620       512.00
     195.455     0.998242       859787       568.89
     199.423     0.998437       859957       640.00
     203.775     0.998633       860131       731.43
     207.743     0.998828       860294       853.33
     212.095     0.999023       860461      1024.00
     214.911     0.999121       860545      1137.78
     217.855     0.999219       860632      1280.00
     221.183     0.999316       860716      1462.86
     224.639     0.999414       860797      1706.67
     229.759     0.999512       860882      2048.00
     232.703     0.999561       860924      2275.56
     238.335     0.999609       860964      2560.00
     242.559     0.999658       861006      2925.71
     250.495     0.999707       861048      3413.33
     258.431     0.999756       861092      4096.00
     262.911     0.999780       861111      4551.11
     266.239     0.999805       861134      5120.00
     269.823     0.999829       861155      5851.43
     273.919     0.999854       861174      6826.67
     276.991     0.999878       861195      8192.00
     280.319     0.999890       861206      9102.22
     282.111     0.999902       861216     10240.00
     291.839     0.999915       861227     11702.86
     304.127     0.999927       861237     13653.33
     311.295     0.999939       861248     16384.00
     318.463     0.999945       861253     18204.44
     320.255     0.999951       861258     20480.00
     323.583     0.999957       861264     23405.71
     355.839     0.999963       861269     27306.67
     357.375     0.999969       861274     32768.00
     358.143     0.999973       861277     36408.89
     362.751     0.999976       861279     40960.00
     365.823     0.999979       861282     46811.43
     367.359     0.999982       861285     54613.33
     368.127     0.999985       861287     65536.00
     368.383     0.999986       861290     72817.78
     368.383     0.999988       861290     81920.00
     368.639     0.999989       861291     93622.86
     369.151     0.999991       861293    109226.67
     392.703     0.999992       861294    131072.00
     393.215     0.999993       861296    145635.56
     393.215     0.999994       861296    163840.00
     393.215     0.999995       861296    187245.71
     393.471     0.999995       861297    218453.33
     393.471     0.999996       861297    262144.00
     393.727     0.999997       861298    291271.11
     393.727     0.999997       861298    327680.00
     393.727     0.999997       861298    374491.43
     393.983     0.999998       861299    436906.67
     393.983     0.999998       861299    524288.00
     393.983     0.999998       861299    582542.22
     393.983     0.999998       861299    655360.00
     393.983     0.999999       861299    748982.86
     394.495     0.999999       861300    873813.33
     394.495     1.000000       861300          inf
#[Mean    =       40.696, StdDeviation   =       20.020]
#[Max     =      394.240, Total count    =       861300]
#[Buckets =           27, SubBuckets     =         2048]
-----------------------------------------------------------------------
  890377 requests in 5.00m, 138.04MB read
Requests/sec:   2967.69  
Transfer/sec:    471.15KB
