setup: assigned thread_id=1
init: final thread_id=1, base_seed=nil
script_want_response
Running 2m test @ http://10.10.1.1:22445
  1 threads and 10 connections

  Thread calibration: mean lat.: 11.524ms, rate sampling interval: 26ms

-----------------------------------------------------------------------
Test Results @ http://10.10.1.1:22445 
  Thread Stats   Avg      Stdev     99%   +/- Stdev
    Latency    11.55ms    2.18ms  14.43ms   94.80%
    Req/Sec   101.77    157.14   400.00     76.94%
  Latency Distribution (HdrHistogram - Recorded Latency)
 50.000%   11.53ms
 75.000%   12.25ms
 90.000%   13.03ms
 99.000%   14.43ms
 99.900%   41.89ms
 99.990%   84.03ms
 99.999%   89.79ms
100.000%   89.79ms

  Detailed Percentile spectrum:
       Value   Percentile   TotalCount 1/(1-Percentile)

       8.519     0.000000            1         1.00
       9.919     0.100000          912         1.11
      10.311     0.200000         1815         1.25
      10.751     0.300000         2714         1.43
      11.207     0.400000         3601         1.67
      11.527     0.500000         4513         2.00
      11.663     0.550000         4977         2.22
      11.791     0.600000         5414         2.50
      11.927     0.650000         5850         2.86
      12.087     0.700000         6309         3.33
      12.247     0.750000         6752         4.00
      12.343     0.775000         6986         4.44
      12.447     0.800000         7210         5.00
      12.583     0.825000         7444         5.71
      12.703     0.850000         7660         6.67
      12.847     0.875000         7875         8.00
      12.943     0.887500         7991         8.89
      13.031     0.900000         8108        10.00
      13.127     0.912500         8215        11.43
      13.247     0.925000         8328        13.33
      13.359     0.937500         8440        16.00
      13.431     0.943750         8494        17.78
      13.519     0.950000         8550        20.00
      13.607     0.956250         8607        22.86
      13.719     0.962500         8665        26.67
      13.815     0.968750         8720        32.00
      13.879     0.971875         8748        35.56
      13.943     0.975000         8776        40.00
      14.015     0.978125         8806        45.71
      14.095     0.981250         8833        53.33
      14.207     0.984375         8862        64.00
      14.255     0.985938         8875        71.11
      14.319     0.987500         8888        80.00
      14.383     0.989062         8902        91.43
      14.447     0.990625         8916       106.67
      14.551     0.992188         8930       128.00
      14.623     0.992969         8938       142.22
      14.711     0.993750         8944       160.00
      14.823     0.994531         8951       182.86
      14.975     0.995313         8959       213.33
      15.223     0.996094         8965       256.00
      15.303     0.996484         8969       284.44
      15.551     0.996875         8972       320.00
      16.351     0.997266         8976       365.71
      17.903     0.997656         8979       426.67
      21.439     0.998047         8983       512.00
      23.487     0.998242         8985       568.89
      24.239     0.998437         8986       640.00
      38.527     0.998633         8988       731.43
      40.639     0.998828         8990       853.33
      41.951     0.999023         8992      1024.00
      42.719     0.999121         8993      1137.78
      42.719     0.999219         8993      1280.00
      43.231     0.999316         8994      1462.86
      44.127     0.999414         8995      1706.67
      55.359     0.999512         8996      2048.00
      73.535     0.999561         8997      2275.56
      73.535     0.999609         8997      2560.00
      73.535     0.999658         8997      2925.71
      79.487     0.999707         8998      3413.33
      79.487     0.999756         8998      4096.00
      84.031     0.999780         8999      4551.11
      84.031     0.999805         8999      5120.00
      84.031     0.999829         8999      5851.43
      84.031     0.999854         8999      6826.67
      84.031     0.999878         8999      8192.00
      89.791     0.999890         9000      9102.22
      89.791     1.000000         9000          inf
#[Mean    =       11.548, StdDeviation   =        2.184]
#[Max     =       89.728, Total count    =         9000]
#[Buckets =           27, SubBuckets     =         2048]
-----------------------------------------------------------------------
  9991 requests in 1.67m, 1.55MB read
Requests/sec:     99.90  
Transfer/sec:     15.86KB
