setup: assigned thread_id=1
init: final thread_id=1, base_seed=nil
setup: assigned thread_id=2
init: final thread_id=2, base_seed=nil
setup: assigned thread_id=3
init: final thread_id=3, base_seed=nil
setup: assigned thread_id=4
init: final thread_id=4, base_seed=nil
setup: assigned thread_id=5
init: final thread_id=5, base_seed=nil
setup: assigned thread_id=6
init: final thread_id=6, base_seed=nil
setup: assigned thread_id=7
init: final thread_id=7, base_seed=nil
setup: assigned thread_id=8
init: final thread_id=8, base_seed=nil
setup: assigned thread_id=9
init: final thread_id=9, base_seed=nil
setup: assigned thread_id=10
init: final thread_id=10, base_seed=nil
setup: assigned thread_id=11
init: final thread_id=11, base_seed=nil
setup: assigned thread_id=12
init: final thread_id=12, base_seed=nil
setup: assigned thread_id=13
init: final thread_id=13, base_seed=nil
setup: assigned thread_id=14
init: final thread_id=14, base_seed=nil
setup: assigned thread_id=15
init: final thread_id=15, base_seed=nil
setup: assigned thread_id=16
init: final thread_id=16, base_seed=nil
setup: assigned thread_id=17
init: final thread_id=17, base_seed=nil
setup: assigned thread_id=18
init: final thread_id=18, base_seed=nil
setup: assigned thread_id=19
init: final thread_id=19, base_seed=nil
setup: assigned thread_id=20
init: final thread_id=20, base_seed=nil
script_want_response
Running 1m test @ http://10.10.1.1:34208
  20 threads and 200 connections

  Thread calibration: mean lat.: 20.019ms, rate sampling interval: 74ms
  Thread calibration: mean lat.: 22.505ms, rate sampling interval: 85ms
  Thread calibration: mean lat.: 26.117ms, rate sampling interval: 101ms
  Thread calibration: mean lat.: 29.651ms, rate sampling interval: 109ms
  Thread calibration: mean lat.: 32.991ms, rate sampling interval: 116ms
  Thread calibration: mean lat.: 36.183ms, rate sampling interval: 117ms
  Thread calibration: mean lat.: 39.664ms, rate sampling interval: 121ms
  Thread calibration: mean lat.: 42.805ms, rate sampling interval: 123ms
  Thread calibration: mean lat.: 44.976ms, rate sampling interval: 123ms
  Thread calibration: mean lat.: 46.960ms, rate sampling interval: 123ms
  Thread calibration: mean lat.: 47.963ms, rate sampling interval: 123ms
  Thread calibration: mean lat.: 48.691ms, rate sampling interval: 122ms
  Thread calibration: mean lat.: 48.741ms, rate sampling interval: 126ms
  Thread calibration: mean lat.: 49.673ms, rate sampling interval: 119ms
  Thread calibration: mean lat.: 49.672ms, rate sampling interval: 117ms
  Thread calibration: mean lat.: 48.947ms, rate sampling interval: 116ms
  Thread calibration: mean lat.: 48.907ms, rate sampling interval: 115ms
  Thread calibration: mean lat.: 48.420ms, rate sampling interval: 113ms
  Thread calibration: mean lat.: 47.570ms, rate sampling interval: 110ms
  Thread calibration: mean lat.: 47.106ms, rate sampling interval: 110ms

-----------------------------------------------------------------------
Test Results @ http://10.10.1.1:34208 
  Thread Stats   Avg      Stdev     99%   +/- Stdev
    Latency    39.12ms   15.43ms  69.69ms   65.43%
    Req/Sec    99.99     27.07   175.00     79.13%
  Latency Distribution (HdrHistogram - Recorded Latency)
 50.000%   40.13ms
 75.000%   51.07ms
 90.000%   58.30ms
 99.000%   69.69ms
 99.900%   92.35ms
 99.990%  113.34ms
 99.999%  118.40ms
100.000%  119.81ms

  Detailed Percentile spectrum:
       Value   Percentile   TotalCount 1/(1-Percentile)

       8.271     0.000000            2         1.00
      16.543     0.100000        10001         1.11
      25.311     0.200000        20011         1.25
      30.159     0.300000        30030         1.43
      34.815     0.400000        40016         1.67
      40.127     0.500000        50041         2.00
      42.591     0.550000        55072         2.22
      44.799     0.600000        60071         2.50
      46.911     0.650000        65034         2.86
      49.023     0.700000        70057         3.33
      51.071     0.750000        75015         4.00
      52.127     0.775000        77540         4.44
      53.215     0.800000        80048         5.00
      54.335     0.825000        82548         5.71
      55.583     0.850000        85033         6.67
      56.863     0.875000        87545         8.00
      57.599     0.887500        88791         8.89
      58.303     0.900000        90019        10.00
      59.071     0.912500        91252        11.43
      59.935     0.925000        92526        13.33
      60.959     0.937500        93755        16.00
      61.599     0.943750        94404        17.78
      62.143     0.950000        95001        20.00
      62.815     0.956250        95625        22.86
      63.551     0.962500        96251        26.67
      64.415     0.968750        96883        32.00
      64.927     0.971875        97190        35.56
      65.471     0.975000        97507        40.00
      66.047     0.978125        97815        45.71
      66.751     0.981250        98144        53.33
      67.519     0.984375        98438        64.00
      68.095     0.985938        98606        71.11
      68.607     0.987500        98763        80.00
      69.247     0.989062        98911        91.43
      70.015     0.990625        99074       106.67
      70.975     0.992188        99226       128.00
      71.615     0.992969        99300       142.22
      72.383     0.993750        99376       160.00
      73.343     0.994531        99456       182.86
      74.367     0.995313        99532       213.33
      75.711     0.996094        99610       256.00
      76.927     0.996484        99649       284.44
      78.207     0.996875        99688       320.00
      79.679     0.997266        99727       365.71
      82.239     0.997656        99766       426.67
      84.415     0.998047        99805       512.00
      85.567     0.998242        99826       568.89
      87.167     0.998437        99844       640.00
      88.895     0.998633        99864       731.43
      90.623     0.998828        99884       853.33
      92.607     0.999023        99904      1024.00
      93.439     0.999121        99913      1137.78
      95.039     0.999219        99922      1280.00
      96.383     0.999316        99932      1462.86
     102.463     0.999414        99942      1706.67
     106.431     0.999512        99952      2048.00
     107.903     0.999561        99958      2275.56
     108.415     0.999609        99961      2560.00
     109.823     0.999658        99966      2925.71
     110.399     0.999707        99971      3413.33
     110.847     0.999756        99977      4096.00
     111.167     0.999780        99980      4551.11
     111.231     0.999805        99981      5120.00
     111.487     0.999829        99983      5851.43
     113.151     0.999854        99986      6826.67
     113.279     0.999878        99988      8192.00
     113.343     0.999890        99990      9102.22
     113.791     0.999902        99991     10240.00
     113.983     0.999915        99992     11702.86
     114.175     0.999927        99993     13653.33
     114.239     0.999939        99994     16384.00
     114.303     0.999945        99995     18204.44
     114.495     0.999951        99996     20480.00
     114.495     0.999957        99996     23405.71
     114.687     0.999963        99997     27306.67
     114.687     0.999969        99997     32768.00
     116.863     0.999973        99998     36408.89
     116.863     0.999976        99998     40960.00
     116.863     0.999979        99998     46811.43
     118.399     0.999982        99999     54613.33
     118.399     0.999985        99999     65536.00
     118.399     0.999986        99999     72817.78
     118.399     0.999988        99999     81920.00
     118.399     0.999989        99999     93622.86
     119.807     0.999991       100000    109226.67
     119.807     1.000000       100000          inf
#[Mean    =       39.119, StdDeviation   =       15.429]
#[Max     =      119.744, Total count    =       100000]
#[Buckets =           27, SubBuckets     =         2048]
-----------------------------------------------------------------------
  119701 requests in 1.00m, 18.56MB read
Requests/sec:   1994.58  
Transfer/sec:    316.69KB
