setup: assigned thread_id=1
init: final thread_id=1, base_seed=nil
setup: assigned thread_id=2
init: final thread_id=2, base_seed=nil
setup: assigned thread_id=3
init: final thread_id=3, base_seed=nil
setup: assigned thread_id=4
init: final thread_id=4, base_seed=nil
setup: assigned thread_id=5
init: final thread_id=5, base_seed=nil
setup: assigned thread_id=6
init: final thread_id=6, base_seed=nil
setup: assigned thread_id=7
init: final thread_id=7, base_seed=nil
setup: assigned thread_id=8
init: final thread_id=8, base_seed=nil
setup: assigned thread_id=9
init: final thread_id=9, base_seed=nil
setup: assigned thread_id=10
init: final thread_id=10, base_seed=nil
setup: assigned thread_id=11
init: final thread_id=11, base_seed=nil
setup: assigned thread_id=12
init: final thread_id=12, base_seed=nil
script_want_response
Running 5m test @ http://10.10.1.1:34208
  12 threads and 113 connections

  Thread calibration: mean lat.: 15.646ms, rate sampling interval: 52ms
  Thread calibration: mean lat.: 9.740ms, rate sampling interval: 21ms
  Thread calibration: mean lat.: 16.836ms, rate sampling interval: 58ms
  Thread calibration: mean lat.: 18.425ms, rate sampling interval: 60ms
  Thread calibration: mean lat.: 20.490ms, rate sampling interval: 62ms
  Thread calibration: mean lat.: 21.812ms, rate sampling interval: 62ms
  Thread calibration: mean lat.: 23.120ms, rate sampling interval: 63ms
  Thread calibration: mean lat.: 24.328ms, rate sampling interval: 63ms
  Thread calibration: mean lat.: 24.811ms, rate sampling interval: 63ms
  Thread calibration: mean lat.: 24.802ms, rate sampling interval: 62ms
  Thread calibration: mean lat.: 24.648ms, rate sampling interval: 61ms
  Thread calibration: mean lat.: 24.173ms, rate sampling interval: 59ms

-----------------------------------------------------------------------
Test Results @ http://10.10.1.1:34208 
  Thread Stats   Avg      Stdev     99%   +/- Stdev
    Latency    22.01ms    8.52ms  41.57ms   62.45%
    Req/Sec   126.15     95.49   450.00     76.44%
  Latency Distribution (HdrHistogram - Recorded Latency)
 50.000%   21.49ms
 75.000%   28.29ms
 90.000%   33.28ms
 99.000%   41.57ms
 99.900%   60.64ms
 99.990%   78.40ms
 99.999%  118.59ms
100.000%  140.93ms

  Detailed Percentile spectrum:
       Value   Percentile   TotalCount 1/(1-Percentile)

       7.931     0.000000            1         1.00
      10.591     0.100000        43576         1.11
      13.439     0.200000        87076         1.25
      16.591     0.300000       130712         1.43
      19.023     0.400000       174218         1.67
      21.487     0.500000       217641         2.00
      22.815     0.550000       239404         2.22
      24.175     0.600000       261217         2.50
      25.535     0.650000       282849         2.86
      26.911     0.700000       304664         3.33
      28.287     0.750000       326496         4.00
      29.007     0.775000       337371         4.44
      29.743     0.800000       348225         5.00
      30.527     0.825000       359057         5.71
      31.359     0.850000       369807         6.67
      32.255     0.875000       380702         8.00
      32.751     0.887500       386205         8.89
      33.279     0.900000       391597        10.00
      33.855     0.912500       397088        11.43
      34.495     0.925000       402492        13.33
      35.231     0.937500       407957        16.00
      35.647     0.943750       410751        17.78
      36.063     0.950000       413351        20.00
      36.543     0.956250       416049        22.86
      37.119     0.962500       418837        26.67
      37.759     0.968750       421523        32.00
      38.111     0.971875       422863        35.56
      38.527     0.975000       424241        40.00
      38.975     0.978125       425526        45.71
      39.519     0.981250       426942        53.33
      40.095     0.984375       428285        64.00
      40.447     0.985938       428959        71.11
      40.799     0.987500       429615        80.00
      41.247     0.989062       430272        91.43
      41.759     0.990625       430948       106.67
      42.335     0.992188       431635       128.00
      42.687     0.992969       431984       142.22
      43.103     0.993750       432318       160.00
      43.647     0.994531       432661       182.86
      44.319     0.995313       432987       213.33
      45.183     0.996094       433336       256.00
      45.695     0.996484       433495       284.44
      46.367     0.996875       433668       320.00
      47.007     0.997266       433835       365.71
      48.255     0.997656       434005       426.67
      50.111     0.998047       434177       512.00
      51.775     0.998242       434260       568.89
      54.399     0.998437       434345       640.00
      56.607     0.998633       434430       731.43
      58.719     0.998828       434515       853.33
      60.927     0.999023       434600      1024.00
      62.111     0.999121       434642      1137.78
      63.167     0.999219       434685      1280.00
      64.703     0.999316       434727      1462.86
      66.303     0.999414       434771      1706.67
      68.031     0.999512       434812      2048.00
      68.863     0.999561       434833      2275.56
      69.887     0.999609       434856      2560.00
      70.591     0.999658       434877      2925.71
      71.359     0.999707       434898      3413.33
      72.575     0.999756       434918      4096.00
      73.535     0.999780       434929      4551.11
      74.303     0.999805       434940      5120.00
      75.391     0.999829       434950      5851.43
      76.031     0.999854       434961      6826.67
      77.247     0.999878       434971      8192.00
      77.823     0.999890       434977      9102.22
      81.023     0.999902       434982     10240.00
      83.455     0.999915       434988     11702.86
      83.711     0.999927       434993     13653.33
      85.183     0.999939       434998     16384.00
      87.871     0.999945       435001     18204.44
      91.647     0.999951       435003     20480.00
      94.463     0.999957       435006     23405.71
      97.215     0.999963       435009     27306.67
      99.839     0.999969       435011     32768.00
     102.975     0.999973       435013     36408.89
     103.935     0.999976       435014     40960.00
     104.639     0.999979       435015     46811.43
     109.887     0.999982       435017     54613.33
     111.935     0.999985       435018     65536.00
     114.047     0.999986       435019     72817.78
     114.047     0.999988       435019     81920.00
     118.591     0.999989       435020     93622.86
     121.791     0.999991       435021    109226.67
     121.791     0.999992       435021    131072.00
     131.455     0.999993       435022    145635.56
     131.455     0.999994       435022    163840.00
     131.455     0.999995       435022    187245.71
     137.215     0.999995       435023    218453.33
     137.215     0.999996       435023    262144.00
     137.215     0.999997       435023    291271.11
     137.215     0.999997       435023    327680.00
     137.215     0.999997       435023    374491.43
     140.927     0.999998       435024    436906.67
     140.927     1.000000       435024          inf
#[Mean    =       22.006, StdDeviation   =        8.523]
#[Max     =      140.800, Total count    =       435024]
#[Buckets =           27, SubBuckets     =         2048]
-----------------------------------------------------------------------
  449802 requests in 5.00m, 69.75MB read
Requests/sec:   1499.24  
Transfer/sec:    238.06KB
