setup: assigned thread_id=1
init: final thread_id=1, base_seed=nil
script_want_response
Running 1m test @ http://10.10.1.1:34208
  1 threads and 10 connections

  Thread calibration: mean lat.: 9.739ms, rate sampling interval: 22ms

-----------------------------------------------------------------------
Test Results @ http://10.10.1.1:34208 
  Thread Stats   Avg      Stdev     99%   +/- Stdev
    Latency     9.84ms    1.11ms  12.20ms   78.72%
    Req/Sec   101.90    174.66   476.00     80.13%
  Latency Distribution (HdrHistogram - Recorded Latency)
 50.000%    9.64ms
 75.000%   10.40ms
 90.000%   11.12ms
 99.000%   12.20ms
 99.900%   23.45ms
 99.990%   28.09ms
 99.999%   28.50ms
100.000%   28.50ms

  Detailed Percentile spectrum:
       Value   Percentile   TotalCount 1/(1-Percentile)

       7.703     0.000000            1         1.00
       8.807     0.100000          504         1.11
       9.063     0.200000         1012         1.25
       9.255     0.300000         1517         1.43
       9.431     0.400000         2002         1.67
       9.639     0.500000         2512         2.00
       9.751     0.550000         2754         2.22
       9.887     0.600000         3006         2.50
      10.039     0.650000         3251         2.86
      10.207     0.700000         3502         3.33
      10.399     0.750000         3754         4.00
      10.511     0.775000         3882         4.44
      10.631     0.800000         4006         5.00
      10.743     0.825000         4125         5.71
      10.863     0.850000         4252         6.67
      10.999     0.875000         4378         8.00
      11.055     0.887500         4445         8.89
      11.119     0.900000         4501        10.00
      11.215     0.912500         4569        11.43
      11.295     0.925000         4628        13.33
      11.391     0.937500         4691        16.00
      11.423     0.943750         4722        17.78
      11.471     0.950000         4754        20.00
      11.543     0.956250         4783        22.86
      11.583     0.962500         4813        26.67
      11.695     0.968750         4846        32.00
      11.735     0.971875         4862        35.56
      11.791     0.975000         4875        40.00
      11.855     0.978125         4892        45.71
      11.911     0.981250         4907        53.33
      11.967     0.984375         4922        64.00
      12.023     0.985938         4931        71.11
      12.063     0.987500         4939        80.00
      12.159     0.989062         4946        91.43
      12.207     0.990625         4954       106.67
      12.319     0.992188         4961       128.00
      12.335     0.992969         4965       142.22
      12.431     0.993750         4969       160.00
      12.591     0.994531         4973       182.86
      12.751     0.995313         4977       213.33
      12.935     0.996094         4981       256.00
      13.071     0.996484         4983       284.44
      13.127     0.996875         4985       320.00
      13.511     0.997266         4987       365.71
      13.647     0.997656         4989       426.67
      19.215     0.998047         4991       512.00
      20.671     0.998242         4992       568.89
      23.087     0.998437         4993       640.00
      23.247     0.998633         4994       731.43
      23.455     0.998828         4995       853.33
      25.503     0.999023         4996      1024.00
      25.503     0.999121         4996      1137.78
      25.599     0.999219         4997      1280.00
      25.599     0.999316         4997      1462.86
      25.967     0.999414         4998      1706.67
      25.967     0.999512         4998      2048.00
      25.967     0.999561         4998      2275.56
      28.095     0.999609         4999      2560.00
      28.095     0.999658         4999      2925.71
      28.095     0.999707         4999      3413.33
      28.095     0.999756         4999      4096.00
      28.095     0.999780         4999      4551.11
      28.495     0.999805         5000      5120.00
      28.495     1.000000         5000          inf
#[Mean    =        9.845, StdDeviation   =        1.108]
#[Max     =       28.480, Total count    =         5000]
#[Buckets =           27, SubBuckets     =         2048]
-----------------------------------------------------------------------
  5990 requests in 1.00m, 0.93MB read
Requests/sec:     99.81  
Transfer/sec:     15.83KB
