setup: assigned thread_id=1
init: final thread_id=1, base_seed=nil
setup: assigned thread_id=2
init: final thread_id=2, base_seed=nil
setup: assigned thread_id=3
init: final thread_id=3, base_seed=nil
setup: assigned thread_id=4
init: final thread_id=4, base_seed=nil
setup: assigned thread_id=5
init: final thread_id=5, base_seed=nil
setup: assigned thread_id=6
init: final thread_id=6, base_seed=nil
setup: assigned thread_id=7
init: final thread_id=7, base_seed=nil
setup: assigned thread_id=8
init: final thread_id=8, base_seed=nil
setup: assigned thread_id=9
init: final thread_id=9, base_seed=nil
setup: assigned thread_id=10
init: final thread_id=10, base_seed=nil
setup: assigned thread_id=11
init: final thread_id=11, base_seed=nil
setup: assigned thread_id=12
init: final thread_id=12, base_seed=nil
setup: assigned thread_id=13
init: final thread_id=13, base_seed=nil
setup: assigned thread_id=14
init: final thread_id=14, base_seed=nil
setup: assigned thread_id=15
init: final thread_id=15, base_seed=nil
setup: assigned thread_id=16
init: final thread_id=16, base_seed=nil
setup: assigned thread_id=17
init: final thread_id=17, base_seed=nil
setup: assigned thread_id=18
init: final thread_id=18, base_seed=nil
setup: assigned thread_id=19
init: final thread_id=19, base_seed=nil
setup: assigned thread_id=20
init: final thread_id=20, base_seed=nil
script_want_response
Running 1m test @ http://10.10.1.1:18563
  20 threads and 200 connections

  Thread calibration: mean lat.: 12.323ms, rate sampling interval: 38ms
  Thread calibration: mean lat.: 13.547ms, rate sampling interval: 42ms
  Thread calibration: mean lat.: 14.743ms, rate sampling interval: 45ms
  Thread calibration: mean lat.: 11.589ms, rate sampling interval: 35ms
  Thread calibration: mean lat.: 12.843ms, rate sampling interval: 37ms
  Thread calibration: mean lat.: 18.174ms, rate sampling interval: 59ms
  Thread calibration: mean lat.: 19.537ms, rate sampling interval: 62ms
  Thread calibration: mean lat.: 20.832ms, rate sampling interval: 63ms
  Thread calibration: mean lat.: 21.612ms, rate sampling interval: 64ms
  Thread calibration: mean lat.: 22.694ms, rate sampling interval: 64ms
  Thread calibration: mean lat.: 23.766ms, rate sampling interval: 64ms
  Thread calibration: mean lat.: 23.950ms, rate sampling interval: 64ms
  Thread calibration: mean lat.: 24.446ms, rate sampling interval: 63ms
  Thread calibration: mean lat.: 24.801ms, rate sampling interval: 63ms
  Thread calibration: mean lat.: 24.893ms, rate sampling interval: 63ms
  Thread calibration: mean lat.: 24.841ms, rate sampling interval: 61ms
  Thread calibration: mean lat.: 24.594ms, rate sampling interval: 60ms
  Thread calibration: mean lat.: 24.164ms, rate sampling interval: 59ms
  Thread calibration: mean lat.: 23.780ms, rate sampling interval: 59ms
  Thread calibration: mean lat.: 23.001ms, rate sampling interval: 57ms

-----------------------------------------------------------------------
Test Results @ http://10.10.1.1:18563 
  Thread Stats   Avg      Stdev     99%   +/- Stdev
    Latency    24.70ms   11.90ms  68.29ms   73.81%
    Req/Sec   100.70     84.86   285.00     60.28%
  Latency Distribution (HdrHistogram - Recorded Latency)
 50.000%   23.41ms
 75.000%   30.14ms
 90.000%   38.24ms
 99.000%   68.29ms
 99.900%   82.62ms
 99.990%   88.83ms
 99.999%   89.66ms
100.000%   89.98ms

  Detailed Percentile spectrum:
       Value   Percentile   TotalCount 1/(1-Percentile)

       6.279     0.000000            1         1.00
      10.903     0.100000        10020         1.11
      14.903     0.200000        20000         1.25
      18.095     0.300000        30001         1.43
      20.879     0.400000        40042         1.67
      23.407     0.500000        50007         2.00
      24.639     0.550000        55060         2.22
      25.887     0.600000        60023         2.50
      27.215     0.650000        65015         2.86
      28.623     0.700000        70053         3.33
      30.143     0.750000        75014         4.00
      31.007     0.775000        77520         4.44
      31.983     0.800000        80020         5.00
      33.055     0.825000        82541         5.71
      34.303     0.850000        84999         6.67
      35.967     0.875000        87502         8.00
      37.023     0.887500        88772         8.89
      38.239     0.900000        90020        10.00
      39.583     0.912500        91257        11.43
      41.279     0.925000        92505        13.33
      43.519     0.937500        93752        16.00
      44.959     0.943750        94386        17.78
      46.527     0.950000        95009        20.00
      48.223     0.956250        95622        22.86
      50.559     0.962500        96247        26.67
      53.535     0.968750        96874        32.00
      55.135     0.971875        97183        35.56
      56.895     0.975000        97498        40.00
      58.847     0.978125        97808        45.71
      60.735     0.981250        98123        53.33
      63.167     0.984375        98435        64.00
      64.639     0.985938        98590        71.11
      65.855     0.987500        98751        80.00
      67.391     0.989062        98902        91.43
      68.927     0.990625        99060       106.67
      70.271     0.992188        99216       128.00
      70.975     0.992969        99292       142.22
      71.743     0.993750        99376       160.00
      72.703     0.994531        99452       182.86
      73.791     0.995313        99527       213.33
      74.815     0.996094        99609       256.00
      75.519     0.996484        99644       284.44
      76.287     0.996875        99684       320.00
      77.119     0.997266        99724       365.71
      78.079     0.997656        99761       426.67
      79.039     0.998047        99803       512.00
      79.615     0.998242        99821       568.89
      80.319     0.998437        99841       640.00
      80.895     0.998633        99862       731.43
      81.855     0.998828        99878       853.33
      82.751     0.999023        99898      1024.00
      83.135     0.999121        99909      1137.78
      83.903     0.999219        99917      1280.00
      84.479     0.999316        99927      1462.86
      84.991     0.999414        99937      1706.67
      85.631     0.999512        99948      2048.00
      86.207     0.999561        99954      2275.56
      86.527     0.999609        99957      2560.00
      86.847     0.999658        99961      2925.71
      87.103     0.999707        99966      3413.33
      87.935     0.999756        99971      4096.00
      88.127     0.999780        99975      4551.11
      88.255     0.999805        99977      5120.00
      88.319     0.999829        99978      5851.43
      88.575     0.999854        99981      6826.67
      88.639     0.999878        99983      8192.00
      88.831     0.999890        99985      9102.22
      88.895     0.999902        99987     10240.00
      88.895     0.999915        99987     11702.86
      89.023     0.999927        99989     13653.33
      89.023     0.999939        99989     16384.00
      89.279     0.999945        99991     18204.44
      89.279     0.999951        99991     20480.00
      89.279     0.999957        99991     23405.71
      89.471     0.999963        99992     27306.67
      89.471     0.999969        99992     32768.00
      89.599     0.999973        99993     36408.89
      89.599     0.999976        99993     40960.00
      89.599     0.999979        99993     46811.43
      89.663     0.999982        99994     54613.33
      89.663     0.999985        99994     65536.00
      89.663     0.999986        99994     72817.78
      89.663     0.999988        99994     81920.00
      89.663     0.999989        99994     93622.86
      89.983     0.999991        99995    109226.67
      89.983     1.000000        99995          inf
#[Mean    =       24.697, StdDeviation   =       11.896]
#[Max     =       89.920, Total count    =        99995]
#[Buckets =           27, SubBuckets     =         2048]
-----------------------------------------------------------------------
  119603 requests in 1.00m, 18.55MB read
Requests/sec:   1992.94  
Transfer/sec:    316.44KB
