setup: assigned thread_id=1
init: final thread_id=1, base_seed=nil
setup: assigned thread_id=2
init: final thread_id=2, base_seed=nil
script_want_response
Running 5m test @ http://10.10.1.1:18563
  2 threads and 13 connections

  Thread calibration: mean lat.: 7.397ms, rate sampling interval: 16ms
  Thread calibration: mean lat.: 7.237ms, rate sampling interval: 16ms

-----------------------------------------------------------------------
Test Results @ http://10.10.1.1:18563 
  Thread Stats   Avg      Stdev     99%   +/- Stdev
    Latency     7.47ms    0.92ms   9.50ms   87.10%
    Req/Sec   257.88    147.30   400.00     77.63%
  Latency Distribution (HdrHistogram - Recorded Latency)
 50.000%    7.36ms
 75.000%    7.82ms
 90.000%    8.30ms
 99.000%    9.50ms
 99.900%   15.59ms
 99.990%   39.33ms
 99.999%   50.49ms
100.000%   50.94ms

  Detailed Percentile spectrum:
       Value   Percentile   TotalCount 1/(1-Percentile)

       5.735     0.000000            1         1.00
       6.711     0.100000        14555         1.11
       6.907     0.200000        29166         1.25
       7.067     0.300000        43739         1.43
       7.215     0.400000        58238         1.67
       7.363     0.500000        72708         2.00
       7.443     0.550000        80147         2.22
       7.523     0.600000        87188         2.50
       7.611     0.650000        94428         2.86
       7.711     0.700000       101749         3.33
       7.819     0.750000       108963         4.00
       7.879     0.775000       112484         4.44
       7.947     0.800000       116058         5.00
       8.023     0.825000       119808         5.71
       8.103     0.850000       123351         6.67
       8.199     0.875000       127146         8.00
       8.247     0.887500       128769         8.89
       8.303     0.900000       130499        10.00
       8.375     0.912500       132518        11.43
       8.447     0.925000       134252        13.33
       8.527     0.937500       135995        16.00
       8.575     0.943750       136867        17.78
       8.631     0.950000       137813        20.00
       8.695     0.956250       138768        22.86
       8.759     0.962500       139605        26.67
       8.847     0.968750       140484        32.00
       8.895     0.971875       140920        35.56
       8.959     0.975000       141387        40.00
       9.031     0.978125       141846        45.71
       9.119     0.981250       142308        53.33
       9.215     0.984375       142757        64.00
       9.279     0.985938       142980        71.11
       9.351     0.987500       143205        80.00
       9.439     0.989062       143422        91.43
       9.543     0.990625       143639       106.67
       9.695     0.992188       143874       128.00
       9.799     0.992969       143979       142.22
       9.927     0.993750       144094       160.00
      10.103     0.994531       144204       182.86
      10.287     0.995313       144318       213.33
      10.711     0.996094       144436       256.00
      10.999     0.996484       144487       284.44
      11.399     0.996875       144543       320.00
      11.839     0.997266       144600       365.71
      12.519     0.997656       144657       426.67
      13.175     0.998047       144713       512.00
      13.567     0.998242       144742       568.89
      14.111     0.998437       144770       640.00
      14.551     0.998633       144798       731.43
      14.911     0.998828       144827       853.33
      15.735     0.999023       144855      1024.00
      16.399     0.999121       144869      1137.78
      17.135     0.999219       144884      1280.00
      17.679     0.999316       144897      1462.86
      18.799     0.999414       144912      1706.67
      20.047     0.999512       144926      2048.00
      21.311     0.999561       144933      2275.56
      22.095     0.999609       144940      2560.00
      24.207     0.999658       144947      2925.71
      26.287     0.999707       144954      3413.33
      28.287     0.999756       144961      4096.00
      29.535     0.999780       144965      4551.11
      30.367     0.999805       144968      5120.00
      31.759     0.999829       144972      5851.43
      32.799     0.999854       144975      6826.67
      36.639     0.999878       144979      8192.00
      37.791     0.999890       144981      9102.22
      39.327     0.999902       144982     10240.00
      39.903     0.999915       144984     11702.86
      44.383     0.999927       144986     13653.33
      47.167     0.999939       144988     16384.00
      47.423     0.999945       144989     18204.44
      47.423     0.999951       144989     20480.00
      48.511     0.999957       144990     23405.71
      49.119     0.999963       144991     27306.67
      49.183     0.999969       144992     32768.00
      49.791     0.999973       144993     36408.89
      49.791     0.999976       144993     40960.00
      49.791     0.999979       144993     46811.43
      50.111     0.999982       144994     54613.33
      50.111     0.999985       144994     65536.00
      50.495     0.999986       144995     72817.78
      50.495     0.999988       144995     81920.00
      50.495     0.999989       144995     93622.86
      50.495     0.999991       144995    109226.67
      50.495     0.999992       144995    131072.00
      50.943     0.999993       144996    145635.56
      50.943     1.000000       144996          inf
#[Mean    =        7.474, StdDeviation   =        0.917]
#[Max     =       50.912, Total count    =       144996]
#[Buckets =           27, SubBuckets     =         2048]
-----------------------------------------------------------------------
  149990 requests in 5.00m, 23.26MB read
Requests/sec:    499.95  
Transfer/sec:     79.39KB
