setup: assigned thread_id=1
init: final thread_id=1, base_seed=nil
script_want_response
Running 1m test @ http://10.10.1.1:18563
  1 threads and 10 connections

  Thread calibration: mean lat.: 61.838ms, rate sampling interval: 115ms

-----------------------------------------------------------------------
Test Results @ http://10.10.1.1:18563 
  Thread Stats   Avg      Stdev     99%   +/- Stdev
    Latency     7.44ms    0.99ms   9.62ms   70.02%
    Req/Sec    99.68     28.22   175.00     84.33%
  Latency Distribution (HdrHistogram - Recorded Latency)
 50.000%    7.33ms
 75.000%    8.14ms
 90.000%    8.75ms
 99.000%    9.62ms
 99.900%   12.67ms
 99.990%   15.40ms
 99.999%   15.40ms
100.000%   15.40ms

  Detailed Percentile spectrum:
       Value   Percentile   TotalCount 1/(1-Percentile)

       4.447     0.000000            1         1.00
       6.335     0.100000          501         1.11
       6.643     0.200000         1002         1.25
       6.875     0.300000         1502         1.43
       7.099     0.400000         2008         1.67
       7.331     0.500000         2502         2.00
       7.471     0.550000         2752         2.22
       7.627     0.600000         3000         2.50
       7.783     0.650000         3248         2.86
       7.955     0.700000         3499         3.33
       8.135     0.750000         3748         4.00
       8.223     0.775000         3874         4.44
       8.327     0.800000         4006         5.00
       8.423     0.825000         4129         5.71
       8.511     0.850000         4251         6.67
       8.639     0.875000         4372         8.00
       8.703     0.887500         4439         8.89
       8.751     0.900000         4505        10.00
       8.815     0.912500         4563        11.43
       8.887     0.925000         4627        13.33
       8.975     0.937500         4690        16.00
       9.007     0.943750         4716        17.78
       9.071     0.950000         4752        20.00
       9.111     0.956250         4779        22.86
       9.159     0.962500         4811        26.67
       9.223     0.968750         4841        32.00
       9.255     0.971875         4857        35.56
       9.295     0.975000         4872        40.00
       9.343     0.978125         4887        45.71
       9.399     0.981250         4903        53.33
       9.463     0.984375         4919        64.00
       9.511     0.985938         4927        71.11
       9.535     0.987500         4936        80.00
       9.591     0.989062         4942        91.43
       9.671     0.990625         4950       106.67
       9.759     0.992188         4957       128.00
       9.791     0.992969         4961       142.22
       9.847     0.993750         4966       160.00
       9.927     0.994531         4969       182.86
      10.071     0.995313         4973       213.33
      10.175     0.996094         4978       256.00
      10.231     0.996484         4979       284.44
      10.327     0.996875         4981       320.00
      10.503     0.997266         4983       365.71
      10.639     0.997656         4985       426.67
      11.143     0.998047         4987       512.00
      11.167     0.998242         4988       568.89
      11.231     0.998437         4989       640.00
      11.295     0.998633         4990       731.43
      12.671     0.998828         4991       853.33
      12.719     0.999023         4992      1024.00
      12.719     0.999121         4992      1137.78
      12.799     0.999219         4993      1280.00
      12.799     0.999316         4993      1462.86
      15.231     0.999414         4994      1706.67
      15.231     0.999512         4994      2048.00
      15.231     0.999561         4994      2275.56
      15.279     0.999609         4995      2560.00
      15.279     0.999658         4995      2925.71
      15.279     0.999707         4995      3413.33
      15.279     0.999756         4995      4096.00
      15.279     0.999780         4995      4551.11
      15.399     0.999805         4996      5120.00
      15.399     1.000000         4996          inf
#[Mean    =        7.439, StdDeviation   =        0.995]
#[Max     =       15.392, Total count    =         4996]
#[Buckets =           27, SubBuckets     =         2048]
-----------------------------------------------------------------------
  5990 requests in 1.00m, 0.93MB read
Requests/sec:     99.82  
Transfer/sec:     15.85KB
