setup: assigned thread_id=1
init: final thread_id=1, base_seed=nil
script_want_response
Running 2m test @ http://10.10.1.1:32685
  1 threads and 10 connections

  Thread calibration: mean lat.: 60.788ms, rate sampling interval: 114ms

-----------------------------------------------------------------------
Test Results @ http://10.10.1.1:32685 
  Thread Stats   Avg      Stdev     99%   +/- Stdev
    Latency     7.22ms    0.98ms   9.72ms   71.96%
    Req/Sec    99.81     26.89   176.00     84.41%
  Latency Distribution (HdrHistogram - Recorded Latency)
 50.000%    7.05ms
 75.000%    7.76ms
 90.000%    8.69ms
 99.000%    9.72ms
 99.900%   10.57ms
 99.990%   13.61ms
 99.999%   13.73ms
100.000%   13.73ms

  Detailed Percentile spectrum:
       Value   Percentile   TotalCount 1/(1-Percentile)

       4.155     0.000000            1         1.00
       6.203     0.100000          901         1.11
       6.467     0.200000         1805         1.25
       6.663     0.300000         2710         1.43
       6.851     0.400000         3613         1.67
       7.051     0.500000         4515         2.00
       7.155     0.550000         4953         2.22
       7.267     0.600000         5414         2.50
       7.395     0.650000         5855         2.86
       7.559     0.700000         6308         3.33
       7.759     0.750000         6751         4.00
       7.871     0.775000         6980         4.44
       8.003     0.800000         7200         5.00
       8.163     0.825000         7428         5.71
       8.335     0.850000         7653         6.67
       8.511     0.875000         7879         8.00
       8.607     0.887500         7990         8.89
       8.687     0.900000         8104        10.00
       8.783     0.912500         8213        11.43
       8.895     0.925000         8325        13.33
       8.991     0.937500         8437        16.00
       9.055     0.943750         8499        17.78
       9.111     0.950000         8549        20.00
       9.183     0.956250         8608        22.86
       9.255     0.962500         8670        26.67
       9.327     0.968750         8717        32.00
       9.375     0.971875         8747        35.56
       9.423     0.975000         8778        40.00
       9.471     0.978125         8809        45.71
       9.511     0.981250         8831        53.33
       9.591     0.984375         8863        64.00
       9.623     0.985938         8877        71.11
       9.639     0.987500         8888        80.00
       9.679     0.989062         8900        91.43
       9.727     0.990625         8915       106.67
       9.807     0.992188         8930       128.00
       9.831     0.992969         8939       142.22
       9.855     0.993750         8942       160.00
       9.919     0.994531         8950       182.86
       9.991     0.995313         8957       213.33
      10.063     0.996094         8963       256.00
      10.111     0.996484         8968       284.44
      10.135     0.996875         8970       320.00
      10.199     0.997266         8974       365.71
      10.319     0.997656         8977       426.67
      10.375     0.998047         8981       512.00
      10.399     0.998242         8983       568.89
      10.415     0.998437         8984       640.00
      10.527     0.998633         8986       731.43
      10.567     0.998828         8989       853.33
      10.591     0.999023         8990      1024.00
      10.615     0.999121         8991      1137.78
      10.615     0.999219         8991      1280.00
      10.631     0.999316         8992      1462.86
      10.751     0.999414         8993      1706.67
      10.791     0.999512         8994      2048.00
      11.295     0.999561         8995      2275.56
      11.295     0.999609         8995      2560.00
      11.295     0.999658         8995      2925.71
      11.719     0.999707         8996      3413.33
      11.719     0.999756         8996      4096.00
      13.607     0.999780         8997      4551.11
      13.607     0.999805         8997      5120.00
      13.607     0.999829         8997      5851.43
      13.607     0.999854         8997      6826.67
      13.607     0.999878         8997      8192.00
      13.727     0.999890         8998      9102.22
      13.727     1.000000         8998          inf
#[Mean    =        7.224, StdDeviation   =        0.981]
#[Max     =       13.720, Total count    =         8998]
#[Buckets =           27, SubBuckets     =         2048]
-----------------------------------------------------------------------
  9990 requests in 1.67m, 1.55MB read
Requests/sec:     99.89  
Transfer/sec:     15.86KB

=== rps=2000 c=200 t=20 url=http://10.10.1.1:32685 ===
setup: assigned thread_id=1
init: final thread_id=1, base_seed=nil
setup: assigned thread_id=2
init: final thread_id=2, base_seed=nil
setup: assigned thread_id=3
init: final thread_id=3, base_seed=nil
setup: assigned thread_id=4
init: final thread_id=4, base_seed=nil
setup: assigned thread_id=5
init: final thread_id=5, base_seed=nil
setup: assigned thread_id=6
init: final thread_id=6, base_seed=nil
setup: assigned thread_id=7
init: final thread_id=7, base_seed=nil
setup: assigned thread_id=8
init: final thread_id=8, base_seed=nil
setup: assigned thread_id=9
init: final thread_id=9, base_seed=nil
setup: assigned thread_id=10
init: final thread_id=10, base_seed=nil
setup: assigned thread_id=11
init: final thread_id=11, base_seed=nil
setup: assigned thread_id=12
init: final thread_id=12, base_seed=nil
setup: assigned thread_id=13
init: final thread_id=13, base_seed=nil
setup: assigned thread_id=14
init: final thread_id=14, base_seed=nil
setup: assigned thread_id=15
init: final thread_id=15, base_seed=nil
setup: assigned thread_id=16
init: final thread_id=16, base_seed=nil
setup: assigned thread_id=17
init: final thread_id=17, base_seed=nil
setup: assigned thread_id=18
init: final thread_id=18, base_seed=nil
setup: assigned thread_id=19
init: final thread_id=19, base_seed=nil
setup: assigned thread_id=20
init: final thread_id=20, base_seed=nil
script_want_response
Running 1m test @ http://10.10.1.1:32685
  20 threads and 200 connections

  Thread calibration: mean lat.: 17.049ms, rate sampling interval: 45ms
  Thread calibration: mean lat.: 16.362ms, rate sampling interval: 44ms
  Thread calibration: mean lat.: 16.319ms, rate sampling interval: 43ms
  Thread calibration: mean lat.: 15.517ms, rate sampling interval: 43ms
  Thread calibration: mean lat.: 15.131ms, rate sampling interval: 41ms
  Thread calibration: mean lat.: 14.837ms, rate sampling interval: 40ms
  Thread calibration: mean lat.: 14.494ms, rate sampling interval: 39ms
  Thread calibration: mean lat.: 14.214ms, rate sampling interval: 37ms
  Thread calibration: mean lat.: 13.497ms, rate sampling interval: 35ms
  Thread calibration: mean lat.: 13.315ms, rate sampling interval: 33ms
  Thread calibration: mean lat.: 12.398ms, rate sampling interval: 32ms
  Thread calibration: mean lat.: 12.802ms, rate sampling interval: 37ms
  Thread calibration: mean lat.: 12.629ms, rate sampling interval: 37ms
  Thread calibration: mean lat.: 12.765ms, rate sampling interval: 38ms
  Thread calibration: mean lat.: 13.400ms, rate sampling interval: 40ms
  Thread calibration: mean lat.: 16.020ms, rate sampling interval: 46ms
  Thread calibration: mean lat.: 16.533ms, rate sampling interval: 48ms
  Thread calibration: mean lat.: 16.843ms, rate sampling interval: 48ms
  Thread calibration: mean lat.: 17.040ms, rate sampling interval: 49ms
  Thread calibration: mean lat.: 17.363ms, rate sampling interval: 49ms

-----------------------------------------------------------------------
Test Results @ http://10.10.1.1:32685 
  Thread Stats   Avg      Stdev     99%   +/- Stdev
    Latency    17.04ms    6.84ms  42.81ms   80.05%
    Req/Sec   101.05     85.68   250.00     48.24%
  Latency Distribution (HdrHistogram - Recorded Latency)
 50.000%   15.57ms
 75.000%   19.71ms
 90.000%   24.72ms
 99.000%   42.81ms
 99.900%   61.02ms
 99.990%   80.00ms
 99.999%   81.66ms
100.000%   85.31ms

  Detailed Percentile spectrum:
       Value   Percentile   TotalCount 1/(1-Percentile)

       6.875     0.000000            1         1.00
      10.423     0.100000        10000         1.11
      11.791     0.200000        20026         1.25
      13.095     0.300000        29989         1.43
      14.327     0.400000        40029         1.67
      15.575     0.500000        49993         2.00
      16.271     0.550000        54991         2.22
      17.023     0.600000        59983         2.50
      17.839     0.650000        65019         2.86
      18.687     0.700000        69965         3.33
      19.711     0.750000        74958         4.00
      20.303     0.775000        77443         4.44
      20.943     0.800000        79944         5.00
      21.615     0.825000        82460         5.71
      22.399     0.850000        84967         6.67
      23.375     0.875000        87447         8.00
      24.015     0.887500        88700         8.89
      24.719     0.900000        89925        10.00
      25.535     0.912500        91186        11.43
      26.527     0.925000        92422        13.33
      27.855     0.937500        93674        16.00
      28.703     0.943750        94300        17.78
      29.551     0.950000        94922        20.00
      30.607     0.956250        95543        22.86
      31.839     0.962500        96173        26.67
      33.471     0.968750        96793        32.00
      34.527     0.971875        97103        35.56
      35.775     0.975000        97425        40.00
      36.927     0.978125        97732        45.71
      38.271     0.981250        98046        53.33
      39.679     0.984375        98358        64.00
      40.479     0.985938        98508        71.11
      41.407     0.987500        98671        80.00
      42.239     0.989062        98829        91.43
      43.199     0.990625        98980       106.67
      44.191     0.992188        99137       128.00
      45.151     0.992969        99212       142.22
      45.919     0.993750        99290       160.00
      46.719     0.994531        99367       182.86
      47.679     0.995313        99445       213.33
      48.959     0.996094        99524       256.00
      49.791     0.996484        99564       284.44
      50.495     0.996875        99601       320.00
      51.647     0.997266        99640       365.71
      53.247     0.997656        99679       426.67
      55.263     0.998047        99718       512.00
      56.255     0.998242        99738       568.89
      57.919     0.998437        99757       640.00
      59.103     0.998633        99777       731.43
      60.095     0.998828        99796       853.33
      63.487     0.999023        99816      1024.00
      67.199     0.999121        99826      1137.78
      68.159     0.999219        99836      1280.00
      70.783     0.999316        99846      1462.86
      72.255     0.999414        99855      1706.67
      73.727     0.999512        99865      2048.00
      74.239     0.999561        99870      2275.56
      74.623     0.999609        99875      2560.00
      74.943     0.999658        99879      2925.71
      76.607     0.999707        99884      3413.33
      77.183     0.999756        99889      4096.00
      77.631     0.999780        99892      4551.11
      77.887     0.999805        99894      5120.00
      78.911     0.999829        99898      5851.43
      79.231     0.999854        99899      6826.67
      79.551     0.999878        99901      8192.00
      79.999     0.999890        99903      9102.22
      80.063     0.999902        99904     10240.00
      80.319     0.999915        99905     11702.86
      80.383     0.999927        99906     13653.33
      80.575     0.999939        99907     16384.00
      80.831     0.999945        99908     18204.44
      81.215     0.999951        99909     20480.00
      81.215     0.999957        99909     23405.71
      81.407     0.999963        99910     27306.67
      81.407     0.999969        99910     32768.00
      81.535     0.999973        99911     36408.89
      81.535     0.999976        99911     40960.00
      81.535     0.999979        99911     46811.43
      81.663     0.999982        99912     54613.33
      81.663     0.999985        99912     65536.00
      81.663     0.999986        99912     72817.78
      81.663     0.999988        99912     81920.00
      81.663     0.999989        99912     93622.86
      85.311     0.999991        99913    109226.67
      85.311     1.000000        99913          inf
#[Mean    =       17.038, StdDeviation   =        6.844]
#[Max     =       85.248, Total count    =        99913]
#[Buckets =           27, SubBuckets     =         2048]
-----------------------------------------------------------------------
  119724 requests in 1.00m, 18.57MB read
Requests/sec:   1997.86  
Transfer/sec:    317.24KB

=== rps=2200 c=242 t=25 url=http://10.10.1.1:32685 ===
setup: assigned thread_id=1
init: final thread_id=1, base_seed=nil
setup: assigned thread_id=2
init: final thread_id=2, base_seed=nil
setup: assigned thread_id=3
init: final thread_id=3, base_seed=nil
setup: assigned thread_id=4
init: final thread_id=4, base_seed=nil
setup: assigned thread_id=5
init: final thread_id=5, base_seed=nil
setup: assigned thread_id=6
init: final thread_id=6, base_seed=nil
setup: assigned thread_id=7
init: final thread_id=7, base_seed=nil
setup: assigned thread_id=8
init: final thread_id=8, base_seed=nil
setup: assigned thread_id=9
init: final thread_id=9, base_seed=nil
setup: assigned thread_id=10
init: final thread_id=10, base_seed=nil
setup: assigned thread_id=11
init: final thread_id=11, base_seed=nil
setup: assigned thread_id=12
init: final thread_id=12, base_seed=nil
setup: assigned thread_id=13
init: final thread_id=13, base_seed=nil
setup: assigned thread_id=14
init: final thread_id=14, base_seed=nil
setup: assigned thread_id=15
init: final thread_id=15, base_seed=nil
setup: assigned thread_id=16
init: final thread_id=16, base_seed=nil
setup: assigned thread_id=17
init: final thread_id=17, base_seed=nil
setup: assigned thread_id=18
init: final thread_id=18, base_seed=nil
setup: assigned thread_id=19
init: final thread_id=19, base_seed=nil
setup: assigned thread_id=20
init: final thread_id=20, base_seed=nil
setup: assigned thread_id=21
init: final thread_id=21, base_seed=nil
setup: assigned thread_id=22
init: final thread_id=22, base_seed=nil
setup: assigned thread_id=23
init: final thread_id=23, base_seed=nil
setup: assigned thread_id=24
init: final thread_id=24, base_seed=nil
setup: assigned thread_id=25
init: final thread_id=25, base_seed=nil
script_want_response
Running 1m test @ http://10.10.1.1:32685
  25 threads and 242 connections

  Thread calibration: mean lat.: 9.645ms, rate sampling interval: 26ms
  Thread calibration: mean lat.: 9.957ms, rate sampling interval: 28ms
  Thread calibration: mean lat.: 10.240ms, rate sampling interval: 28ms
  Thread calibration: mean lat.: 11.040ms, rate sampling interval: 31ms
  Thread calibration: mean lat.: 11.480ms, rate sampling interval: 32ms
  Thread calibration: mean lat.: 11.821ms, rate sampling interval: 32ms
  Thread calibration: mean lat.: 12.308ms, rate sampling interval: 34ms
  Thread calibration: mean lat.: 13.445ms, rate sampling interval: 36ms
  Thread calibration: mean lat.: 13.867ms, rate sampling interval: 37ms
  Thread calibration: mean lat.: 13.586ms, rate sampling interval: 36ms
  Thread calibration: mean lat.: 13.890ms, rate sampling interval: 37ms
  Thread calibration: mean lat.: 12.961ms, rate sampling interval: 34ms
  Thread calibration: mean lat.: 13.119ms, rate sampling interval: 36ms
  Thread calibration: mean lat.: 12.712ms, rate sampling interval: 35ms
  Thread calibration: mean lat.: 12.939ms, rate sampling interval: 36ms
  Thread calibration: mean lat.: 13.089ms, rate sampling interval: 36ms
  Thread calibration: mean lat.: 17.529ms, rate sampling interval: 52ms
  Thread calibration: mean lat.: 18.316ms, rate sampling interval: 54ms
  Thread calibration: mean lat.: 18.685ms, rate sampling interval: 54ms
  Thread calibration: mean lat.: 19.094ms, rate sampling interval: 55ms
  Thread calibration: mean lat.: 19.298ms, rate sampling interval: 56ms
  Thread calibration: mean lat.: 19.335ms, rate sampling interval: 56ms
  Thread calibration: mean lat.: 19.133ms, rate sampling interval: 54ms
  Thread calibration: mean lat.: 18.805ms, rate sampling interval: 53ms
  Thread calibration: mean lat.: 18.211ms, rate sampling interval: 52ms

-----------------------------------------------------------------------
Test Results @ http://10.10.1.1:32685 
  Thread Stats   Avg      Stdev     99%   +/- Stdev
    Latency    15.29ms    6.17ms  35.46ms   72.60%
    Req/Sec    88.92     86.70   333.00     52.05%
  Latency Distribution (HdrHistogram - Recorded Latency)
 50.000%   14.02ms
 75.000%   18.30ms
 90.000%   23.49ms
 99.000%   35.46ms
 99.900%   48.00ms
 99.990%   56.70ms
 99.999%   68.54ms
100.000%   88.83ms

  Detailed Percentile spectrum:
       Value   Percentile   TotalCount 1/(1-Percentile)

       6.243     0.000000            1         1.00
       8.703     0.100000        10991         1.11
      10.063     0.200000        22029         1.25
      11.359     0.300000        33005         1.43
      12.655     0.400000        43985         1.67
      14.023     0.500000        54961         2.00
      14.767     0.550000        60458         2.22
      15.567     0.600000        65963         2.50
      16.367     0.650000        71424         2.86
      17.263     0.700000        76928         3.33
      18.303     0.750000        82438         4.00
      18.911     0.775000        85147         4.44
      19.631     0.800000        87919         5.00
      20.383     0.825000        90639         5.71
      21.263     0.850000        93384         6.67
      22.303     0.875000        96141         8.00
      22.863     0.887500        97507         8.89
      23.487     0.900000        98877        10.00
      24.191     0.912500       100269        11.43
      24.959     0.925000       101627        13.33
      25.855     0.937500       103010        16.00
      26.383     0.943750       103685        17.78
      26.991     0.950000       104388        20.00
      27.615     0.956250       105060        22.86
      28.367     0.962500       105748        26.67
      29.327     0.968750       106435        32.00
      29.839     0.971875       106773        35.56
      30.463     0.975000       107120        40.00
      31.151     0.978125       107456        45.71
      31.999     0.981250       107802        53.33
      32.959     0.984375       108147        64.00
      33.663     0.985938       108322        71.11
      34.335     0.987500       108496        80.00
      34.975     0.989062       108661        91.43
      35.839     0.990625       108835       106.67
      36.991     0.992188       109008       128.00
      37.631     0.992969       109092       142.22
      38.335     0.993750       109174       160.00
      39.263     0.994531       109261       182.86
      40.127     0.995313       109345       213.33
      41.439     0.996094       109431       256.00
      41.855     0.996484       109475       284.44
      42.463     0.996875       109516       320.00
      43.263     0.997266       109562       365.71
      43.999     0.997656       109602       426.67
      45.151     0.998047       109645       512.00
      45.567     0.998242       109667       568.89
      46.111     0.998437       109689       640.00
      46.751     0.998633       109709       731.43
      47.455     0.998828       109733       853.33
      48.031     0.999023       109753      1024.00
      48.383     0.999121       109765      1137.78
      48.639     0.999219       109774      1280.00
      48.831     0.999316       109784      1462.86
      49.599     0.999414       109795      1706.67
      50.591     0.999512       109806      2048.00
      50.879     0.999561       109811      2275.56
      51.615     0.999609       109817      2560.00
      51.839     0.999658       109822      2925.71
      52.479     0.999707       109827      3413.33
      53.471     0.999756       109833      4096.00
      54.079     0.999780       109835      4551.11
      54.559     0.999805       109838      5120.00
      54.623     0.999829       109841      5851.43
      55.103     0.999854       109843      6826.67
      56.191     0.999878       109846      8192.00
      56.575     0.999890       109847      9102.22
      57.183     0.999902       109849     10240.00
      57.343     0.999915       109850     11702.86
      57.535     0.999927       109851     13653.33
      58.143     0.999939       109853     16384.00
      58.143     0.999945       109853     18204.44
      58.271     0.999951       109854     20480.00
      58.495     0.999957       109855     23405.71
      58.495     0.999963       109855     27306.67
      59.007     0.999969       109856     32768.00
      59.007     0.999973       109856     36408.89
      65.599     0.999976       109857     40960.00
      65.599     0.999979       109857     46811.43
      65.599     0.999982       109857     54613.33
      68.543     0.999985       109858     65536.00
      68.543     0.999986       109858     72817.78
      68.543     0.999988       109858     81920.00
      68.543     0.999989       109858     93622.86
      68.543     0.999991       109858    109226.67
      88.831     0.999992       109859    131072.00
      88.831     1.000000       109859          inf
#[Mean    =       15.285, StdDeviation   =        6.175]
#[Max     =       88.768, Total count    =       109859]
#[Buckets =           27, SubBuckets     =         2048]
-----------------------------------------------------------------------
  131707 requests in 1.00m, 20.42MB read
Requests/sec:   2197.22  
Transfer/sec:    348.90KB

=== rps=2400 c=288 t=29 url=http://10.10.1.1:32685 ===
setup: assigned thread_id=1
init: final thread_id=1, base_seed=nil
setup: assigned thread_id=2
init: final thread_id=2, base_seed=nil
setup: assigned thread_id=3
init: final thread_id=3, base_seed=nil
setup: assigned thread_id=4
init: final thread_id=4, base_seed=nil
setup: assigned thread_id=5
init: final thread_id=5, base_seed=nil
setup: assigned thread_id=6
init: final thread_id=6, base_seed=nil
setup: assigned thread_id=7
init: final thread_id=7, base_seed=nil
setup: assigned thread_id=8
init: final thread_id=8, base_seed=nil
setup: assigned thread_id=9
init: final thread_id=9, base_seed=nil
setup: assigned thread_id=10
init: final thread_id=10, base_seed=nil
setup: assigned thread_id=11
init: final thread_id=11, base_seed=nil
setup: assigned thread_id=12
init: final thread_id=12, base_seed=nil
setup: assigned thread_id=13
init: final thread_id=13, base_seed=nil
setup: assigned thread_id=14
init: final thread_id=14, base_seed=nil
setup: assigned thread_id=15
init: final thread_id=15, base_seed=nil
setup: assigned thread_id=16
init: final thread_id=16, base_seed=nil
setup: assigned thread_id=17
init: final thread_id=17, base_seed=nil
setup: assigned thread_id=18
init: final thread_id=18, base_seed=nil
setup: assigned thread_id=19
init: final thread_id=19, base_seed=nil
setup: assigned thread_id=20
init: final thread_id=20, base_seed=nil
setup: assigned thread_id=21
init: final thread_id=21, base_seed=nil
setup: assigned thread_id=22
init: final thread_id=22, base_seed=nil
setup: assigned thread_id=23
init: final thread_id=23, base_seed=nil
setup: assigned thread_id=24
init: final thread_id=24, base_seed=nil
setup: assigned thread_id=25
init: final thread_id=25, base_seed=nil
setup: assigned thread_id=26
init: final thread_id=26, base_seed=nil
setup: assigned thread_id=27
init: final thread_id=27, base_seed=nil
setup: assigned thread_id=28
init: final thread_id=28, base_seed=nil
setup: assigned thread_id=29
init: final thread_id=29, base_seed=nil
script_want_response
Running 1m test @ http://10.10.1.1:32685
  29 threads and 288 connections

  Thread calibration: mean lat.: 32.504ms, rate sampling interval: 83ms
  Thread calibration: mean lat.: 31.967ms, rate sampling interval: 80ms
  Thread calibration: mean lat.: 30.650ms, rate sampling interval: 78ms
  Thread calibration: mean lat.: 30.383ms, rate sampling interval: 78ms
  Thread calibration: mean lat.: 28.491ms, rate sampling interval: 75ms
  Thread calibration: mean lat.: 28.262ms, rate sampling interval: 74ms
  Thread calibration: mean lat.: 27.014ms, rate sampling interval: 70ms
  Thread calibration: mean lat.: 26.032ms, rate sampling interval: 68ms
  Thread calibration: mean lat.: 24.380ms, rate sampling interval: 64ms
  Thread calibration: mean lat.: 23.989ms, rate sampling interval: 63ms
  Thread calibration: mean lat.: 19.400ms, rate sampling interval: 54ms
  Thread calibration: mean lat.: 19.043ms, rate sampling interval: 53ms
  Thread calibration: mean lat.: 18.157ms, rate sampling interval: 51ms
  Thread calibration: mean lat.: 17.689ms, rate sampling interval: 50ms
  Thread calibration: mean lat.: 17.544ms, rate sampling interval: 51ms
  Thread calibration: mean lat.: 17.629ms, rate sampling interval: 50ms
  Thread calibration: mean lat.: 23.897ms, rate sampling interval: 74ms
  Thread calibration: mean lat.: 25.359ms, rate sampling interval: 79ms
  Thread calibration: mean lat.: 26.932ms, rate sampling interval: 85ms
  Thread calibration: mean lat.: 28.545ms, rate sampling interval: 86ms
  Thread calibration: mean lat.: 29.505ms, rate sampling interval: 86ms
  Thread calibration: mean lat.: 30.626ms, rate sampling interval: 87ms
  Thread calibration: mean lat.: 29.307ms, rate sampling interval: 85ms
  Thread calibration: mean lat.: 28.259ms, rate sampling interval: 85ms
  Thread calibration: mean lat.: 26.857ms, rate sampling interval: 83ms
  Thread calibration: mean lat.: 25.862ms, rate sampling interval: 81ms
  Thread calibration: mean lat.: 23.216ms, rate sampling interval: 76ms
  Thread calibration: mean lat.: 22.978ms, rate sampling interval: 76ms
  Thread calibration: mean lat.: 22.399ms, rate sampling interval: 72ms

-----------------------------------------------------------------------
Test Results @ http://10.10.1.1:32685 
  Thread Stats   Avg      Stdev     99%   +/- Stdev
    Latency    27.47ms   11.42ms  59.81ms   69.31%
    Req/Sec    82.19     42.80   169.00     71.55%
  Latency Distribution (HdrHistogram - Recorded Latency)
 50.000%   25.90ms
 75.000%   34.21ms
 90.000%   42.30ms
 99.000%   59.81ms
 99.900%   90.88ms
 99.990%  103.42ms
 99.999%  106.30ms
100.000%  107.90ms

  Detailed Percentile spectrum:
       Value   Percentile   TotalCount 1/(1-Percentile)

       7.183     0.000000            1         1.00
      14.047     0.100000        11866         1.11
      17.439     0.200000        23754         1.25
      20.383     0.300000        35631         1.43
      23.119     0.400000        47462         1.67
      25.903     0.500000        59357         2.00
      27.455     0.550000        65272         2.22
      28.991     0.600000        71193         2.50
      30.607     0.650000        77145         2.86
      32.383     0.700000        83080         3.33
      34.207     0.750000        89048         4.00
      35.231     0.775000        92021         4.44
      36.319     0.800000        94938         5.00
      37.567     0.825000        97877         5.71
      38.847     0.850000       100852         6.67
      40.383     0.875000       103811         8.00
      41.279     0.887500       105290         8.89
      42.303     0.900000       106781        10.00
      43.487     0.912500       108265        11.43
      44.895     0.925000       109734        13.33
      46.463     0.937500       111214        16.00
      47.391     0.943750       111963        17.78
      48.383     0.950000       112702        20.00
      49.567     0.956250       113449        22.86
      50.847     0.962500       114188        26.67
      52.255     0.968750       114926        32.00
      53.023     0.971875       115294        35.56
      53.887     0.975000       115665        40.00
      54.911     0.978125       116035        45.71
      55.935     0.981250       116398        53.33
      57.183     0.984375       116770        64.00
      57.919     0.985938       116956        71.11
      58.559     0.987500       117140        80.00
      59.359     0.989062       117326        91.43
      60.159     0.990625       117510       106.67
      61.375     0.992188       117696       128.00
      62.079     0.992969       117792       142.22
      62.847     0.993750       117881       160.00
      63.743     0.994531       117974       182.86
      64.703     0.995313       118069       213.33
      66.047     0.996094       118160       256.00
      66.751     0.996484       118207       284.44
      67.583     0.996875       118254       320.00
      68.799     0.997266       118299       365.71
      69.759     0.997656       118345       426.67
      75.775     0.998047       118392       512.00
      78.143     0.998242       118415       568.89
      79.551     0.998437       118437       640.00
      86.911     0.998633       118462       731.43
      89.087     0.998828       118483       853.33
      91.135     0.999023       118507      1024.00
      92.863     0.999121       118518      1137.78
      94.527     0.999219       118531      1280.00
      95.679     0.999316       118541      1462.86
      97.343     0.999414       118553      1706.67
      98.431     0.999512       118565      2048.00
      98.943     0.999561       118570      2275.56
      99.327     0.999609       118576      2560.00
     100.415     0.999658       118582      2925.71
     101.055     0.999707       118589      3413.33
     101.631     0.999756       118594      4096.00
     101.759     0.999780       118596      4551.11
     102.015     0.999805       118599      5120.00
     102.783     0.999829       118602      5851.43
     103.039     0.999854       118605      6826.67
     103.295     0.999878       118608      8192.00
     103.359     0.999890       118609      9102.22
     103.935     0.999902       118611     10240.00
     104.127     0.999915       118612     11702.86
     104.575     0.999927       118614     13653.33
     104.703     0.999939       118617     16384.00
     104.703     0.999945       118617     18204.44
     104.703     0.999951       118617     20480.00
     104.703     0.999957       118617     23405.71
     104.831     0.999963       118618     27306.67
     104.895     0.999969       118619     32768.00
     104.895     0.999973       118619     36408.89
     105.791     0.999976       118620     40960.00
     105.791     0.999979       118620     46811.43
     105.791     0.999982       118620     54613.33
     106.303     0.999985       118621     65536.00
     106.303     0.999986       118621     72817.78
     106.303     0.999988       118621     81920.00
     106.303     0.999989       118621     93622.86
     106.303     0.999991       118621    109226.67
     107.903     0.999992       118622    131072.00
     107.903     1.000000       118622          inf
#[Mean    =       27.469, StdDeviation   =       11.422]
#[Max     =      107.840, Total count    =       118622]
#[Buckets =           27, SubBuckets     =         2048]
-----------------------------------------------------------------------
  142146 requests in 1.00m, 22.04MB read
Requests/sec:   2371.52  
Transfer/sec:    376.59KB

=== rps=2600 c=338 t=34 url=http://10.10.1.1:32685 ===
