setup: assigned thread_id=1
init: final thread_id=1, base_seed=nil
setup: assigned thread_id=2
init: final thread_id=2, base_seed=nil
setup: assigned thread_id=3
init: final thread_id=3, base_seed=nil
setup: assigned thread_id=4
init: final thread_id=4, base_seed=nil
setup: assigned thread_id=5
init: final thread_id=5, base_seed=nil
setup: assigned thread_id=6
init: final thread_id=6, base_seed=nil
setup: assigned thread_id=7
init: final thread_id=7, base_seed=nil
setup: assigned thread_id=8
init: final thread_id=8, base_seed=nil
setup: assigned thread_id=9
init: final thread_id=9, base_seed=nil
setup: assigned thread_id=10
init: final thread_id=10, base_seed=nil
setup: assigned thread_id=11
init: final thread_id=11, base_seed=nil
setup: assigned thread_id=12
init: final thread_id=12, base_seed=nil
setup: assigned thread_id=13
init: final thread_id=13, base_seed=nil
setup: assigned thread_id=14
init: final thread_id=14, base_seed=nil
setup: assigned thread_id=15
init: final thread_id=15, base_seed=nil
setup: assigned thread_id=16
init: final thread_id=16, base_seed=nil
setup: assigned thread_id=17
init: final thread_id=17, base_seed=nil
setup: assigned thread_id=18
init: final thread_id=18, base_seed=nil
setup: assigned thread_id=19
init: final thread_id=19, base_seed=nil
setup: assigned thread_id=20
init: final thread_id=20, base_seed=nil
setup: assigned thread_id=21
init: final thread_id=21, base_seed=nil
setup: assigned thread_id=22
init: final thread_id=22, base_seed=nil
setup: assigned thread_id=23
init: final thread_id=23, base_seed=nil
setup: assigned thread_id=24
init: final thread_id=24, base_seed=nil
setup: assigned thread_id=25
init: final thread_id=25, base_seed=nil
setup: assigned thread_id=26
init: final thread_id=26, base_seed=nil
setup: assigned thread_id=27
init: final thread_id=27, base_seed=nil
setup: assigned thread_id=28
init: final thread_id=28, base_seed=nil
setup: assigned thread_id=29
init: final thread_id=29, base_seed=nil
setup: assigned thread_id=30
init: final thread_id=30, base_seed=nil
setup: assigned thread_id=31
init: final thread_id=31, base_seed=nil
setup: assigned thread_id=32
init: final thread_id=32, base_seed=nil
script_want_response
Running 5m test @ http://10.10.1.1:10918
  32 threads and 313 connections

  Thread calibration: mean lat.: 35.680ms, rate sampling interval: 140ms
  Thread calibration: mean lat.: 39.140ms, rate sampling interval: 141ms
  Thread calibration: mean lat.: 41.217ms, rate sampling interval: 146ms
  Thread calibration: mean lat.: 44.124ms, rate sampling interval: 151ms
  Thread calibration: mean lat.: 45.522ms, rate sampling interval: 165ms
  Thread calibration: mean lat.: 46.458ms, rate sampling interval: 151ms
  Thread calibration: mean lat.: 49.348ms, rate sampling interval: 152ms
  Thread calibration: mean lat.: 51.432ms, rate sampling interval: 159ms
  Thread calibration: mean lat.: 55.359ms, rate sampling interval: 163ms
  Thread calibration: mean lat.: 23.947ms, rate sampling interval: 68ms
  Thread calibration: mean lat.: 55.571ms, rate sampling interval: 163ms
  Thread calibration: mean lat.: 58.976ms, rate sampling interval: 165ms
  Thread calibration: mean lat.: 57.895ms, rate sampling interval: 162ms
  Thread calibration: mean lat.: 60.764ms, rate sampling interval: 164ms
  Thread calibration: mean lat.: 57.751ms, rate sampling interval: 159ms
  Thread calibration: mean lat.: 59.960ms, rate sampling interval: 159ms
  Thread calibration: mean lat.: 61.265ms, rate sampling interval: 157ms
  Thread calibration: mean lat.: 59.676ms, rate sampling interval: 155ms
  Thread calibration: mean lat.: 61.395ms, rate sampling interval: 159ms
  Thread calibration: mean lat.: 61.321ms, rate sampling interval: 160ms
  Thread calibration: mean lat.: 58.548ms, rate sampling interval: 150ms
  Thread calibration: mean lat.: 61.203ms, rate sampling interval: 157ms
  Thread calibration: mean lat.: 59.446ms, rate sampling interval: 149ms
  Thread calibration: mean lat.: 57.861ms, rate sampling interval: 153ms
  Thread calibration: mean lat.: 54.951ms, rate sampling interval: 149ms
  Thread calibration: mean lat.: 53.503ms, rate sampling interval: 147ms
  Thread calibration: mean lat.: 52.994ms, rate sampling interval: 149ms
  Thread calibration: mean lat.: 21.272ms, rate sampling interval: 53ms
  Thread calibration: mean lat.: 41.542ms, rate sampling interval: 125ms
  Thread calibration: mean lat.: 39.727ms, rate sampling interval: 120ms
  Thread calibration: mean lat.: 34.395ms, rate sampling interval: 97ms
  Thread calibration: mean lat.: 33.721ms, rate sampling interval: 94ms

-----------------------------------------------------------------------
Test Results @ http://10.10.1.1:10918 
  Thread Stats   Avg      Stdev     99%   +/- Stdev
    Latency   130.51ms  146.76ms 744.45ms   89.58%
    Req/Sec    77.84     32.16   169.00     78.49%
  Latency Distribution (HdrHistogram - Recorded Latency)
 50.000%   83.39ms
 75.000%  128.32ms
 90.000%  287.74ms
 99.000%  744.45ms
 99.900%    1.12s 
 99.990%    1.48s 
 99.999%    1.66s 
100.000%    1.71s 

  Detailed Percentile spectrum:
       Value   Percentile   TotalCount 1/(1-Percentile)

      11.991     0.000000            1         1.00
      36.319     0.100000        72403         1.11
      50.079     0.200000       144761         1.25
      62.175     0.300000       217064         1.43
      72.703     0.400000       289504         1.67
      83.391     0.500000       361764         2.00
      89.727     0.550000       397919         2.22
      96.959     0.600000       434225         2.50
     104.895     0.650000       470366         2.86
     115.007     0.700000       506563         3.33
     128.319     0.750000       542680         4.00
     138.367     0.775000       560778         4.44
     149.887     0.800000       578814         5.00
     166.527     0.825000       596940         5.71
     194.047     0.850000       614968         6.67
     232.703     0.875000       633078         8.00
     258.815     0.887500       642085         8.89
     287.743     0.900000       651152        10.00
     324.095     0.912500       660175        11.43
     367.359     0.925000       669217        13.33
     414.207     0.937500       678264        16.00
     439.807     0.943750       682824        17.78
     466.175     0.950000       687323        20.00
     495.359     0.956250       691830        22.86
     527.359     0.962500       696383        26.67
     562.687     0.968750       700907        32.00
     580.607     0.971875       703139        35.56
     599.551     0.975000       705412        40.00
     619.519     0.978125       707677        45.71
     643.071     0.981250       709935        53.33
     672.255     0.984375       712186        64.00
     688.639     0.985938       713316        71.11
     708.607     0.987500       714452        80.00
     729.599     0.989062       715570        91.43
     755.199     0.990625       716696       106.67
     786.943     0.992188       717827       128.00
     805.375     0.992969       718403       142.22
     825.343     0.993750       718966       160.00
     845.823     0.994531       719526       182.86
     870.911     0.995313       720098       213.33
     901.119     0.996094       720651       256.00
     918.527     0.996484       720940       284.44
     935.935     0.996875       721221       320.00
     956.927     0.997266       721501       365.71
     978.431     0.997656       721782       426.67
    1006.591     0.998047       722063       512.00
    1022.463     0.998242       722207       568.89
    1042.943     0.998437       722346       640.00
    1069.055     0.998633       722490       731.43
    1094.655     0.998828       722629       853.33
    1125.375     0.999023       722770      1024.00
    1142.783     0.999121       722846      1137.78
    1159.167     0.999219       722911      1280.00
    1185.791     0.999316       722985      1462.86
    1210.367     0.999414       723053      1706.67
    1249.279     0.999512       723123      2048.00
    1272.831     0.999561       723161      2275.56
    1291.263     0.999609       723195      2560.00
    1310.719     0.999658       723231      2925.71
    1338.367     0.999707       723266      3413.33
    1367.039     0.999756       723302      4096.00
    1382.399     0.999780       723319      4551.11
    1392.639     0.999805       723335      5120.00
    1417.215     0.999829       723354      5851.43
    1433.599     0.999854       723371      6826.67
    1465.343     0.999878       723389      8192.00
    1478.655     0.999890       723398      9102.22
    1485.823     0.999902       723408     10240.00
    1496.063     0.999915       723415     11702.86
    1515.519     0.999927       723424     13653.33
    1530.879     0.999939       723435     16384.00
    1535.999     0.999945       723437     18204.44
    1550.335     0.999951       723441     20480.00
    1584.127     0.999957       723446     23405.71
    1601.535     0.999963       723450     27306.67
    1617.919     0.999969       723454     32768.00
    1625.087     0.999973       723457     36408.89
    1628.159     0.999976       723459     40960.00
    1632.255     0.999979       723461     46811.43
    1641.471     0.999982       723463     54613.33
    1646.591     0.999985       723465     65536.00
    1659.903     0.999986       723467     72817.78
    1662.975     0.999988       723468     81920.00
    1663.999     0.999989       723469     93622.86
    1668.095     0.999991       723470    109226.67
    1669.119     0.999992       723471    131072.00
    1671.167     0.999993       723472    145635.56
    1671.167     0.999994       723472    163840.00
    1676.287     0.999995       723473    187245.71
    1676.287     0.999995       723473    218453.33
    1687.551     0.999996       723474    262144.00
    1687.551     0.999997       723474    291271.11
    1687.551     0.999997       723474    327680.00
    1695.743     0.999997       723475    374491.43
    1695.743     0.999998       723475    436906.67
    1695.743     0.999998       723475    524288.00
    1695.743     0.999998       723475    582542.22
    1695.743     0.999998       723475    655360.00
    1710.079     0.999999       723476    748982.86
    1710.079     1.000000       723476          inf
#[Mean    =      130.509, StdDeviation   =      146.760]
#[Max     =     1709.056, Total count    =       723476]
#[Buckets =           27, SubBuckets     =         2048]
-----------------------------------------------------------------------
  748110 requests in 5.00m, 116.00MB read
Requests/sec:   2493.88  
Transfer/sec:    395.97KB
