setup: assigned thread_id=1
init: final thread_id=1, base_seed=nil
script_want_response
Running 1m test @ http://10.10.1.1:10918
  1 threads and 10 connections

  Thread calibration: mean lat.: 15.814ms, rate sampling interval: 30ms

-----------------------------------------------------------------------
Test Results @ http://10.10.1.1:10918 
  Thread Stats   Avg      Stdev     99%   +/- Stdev
    Latency    13.93ms    1.14ms  17.12ms   82.54%
    Req/Sec   101.55    144.79   344.00     73.90%
  Latency Distribution (HdrHistogram - Recorded Latency)
 50.000%   13.66ms
 75.000%   14.38ms
 90.000%   15.26ms
 99.000%   17.12ms
 99.900%   25.98ms
 99.990%   28.40ms
 99.999%   29.50ms
100.000%   29.50ms

  Detailed Percentile spectrum:
       Value   Percentile   TotalCount 1/(1-Percentile)

      12.111     0.000000            1         1.00
      12.951     0.100000          514         1.11
      13.159     0.200000         1016         1.25
      13.335     0.300000         1520         1.43
      13.487     0.400000         2010         1.67
      13.663     0.500000         2502         2.00
      13.775     0.550000         2758         2.22
      13.871     0.600000         3000         2.50
      13.999     0.650000         3254         2.86
      14.167     0.700000         3507         3.33
      14.375     0.750000         3751         4.00
      14.487     0.775000         3884         4.44
      14.607     0.800000         4003         5.00
      14.759     0.825000         4133         5.71
      14.919     0.850000         4257         6.67
      15.071     0.875000         4381         8.00
      15.159     0.887500         4439         8.89
      15.255     0.900000         4501        10.00
      15.335     0.912500         4564        11.43
      15.431     0.925000         4625        13.33
      15.543     0.937500         4688        16.00
      15.623     0.943750         4723        17.78
      15.663     0.950000         4751        20.00
      15.719     0.956250         4784        22.86
      15.791     0.962500         4813        26.67
      15.903     0.968750         4845        32.00
      15.983     0.971875         4861        35.56
      16.039     0.975000         4875        40.00
      16.135     0.978125         4891        45.71
      16.255     0.981250         4908        53.33
      16.399     0.984375         4922        64.00
      16.575     0.985938         4931        71.11
      16.735     0.987500         4938        80.00
      16.991     0.989062         4947        91.43
      17.679     0.990625         4954       106.67
      18.191     0.992188         4961       128.00
      18.271     0.992969         4965       142.22
      18.703     0.993750         4969       160.00
      19.151     0.994531         4973       182.86
      19.887     0.995313         4977       213.33
      20.335     0.996094         4982       256.00
      20.383     0.996484         4983       284.44
      20.975     0.996875         4985       320.00
      21.119     0.997266         4987       365.71
      22.319     0.997656         4989       426.67
      25.503     0.998047         4991       512.00
      25.519     0.998242         4992       568.89
      25.567     0.998437         4993       640.00
      25.727     0.998633         4994       731.43
      25.983     0.998828         4995       853.33
      26.527     0.999023         4996      1024.00
      26.527     0.999121         4996      1137.78
      26.751     0.999219         4997      1280.00
      26.751     0.999316         4997      1462.86
      27.775     0.999414         4998      1706.67
      27.775     0.999512         4998      2048.00
      27.775     0.999561         4998      2275.56
      28.399     0.999609         4999      2560.00
      28.399     0.999658         4999      2925.71
      28.399     0.999707         4999      3413.33
      28.399     0.999756         4999      4096.00
      28.399     0.999780         4999      4551.11
      29.503     0.999805         5000      5120.00
      29.503     1.000000         5000          inf
#[Mean    =       13.930, StdDeviation   =        1.139]
#[Max     =       29.488, Total count    =         5000]
#[Buckets =           27, SubBuckets     =         2048]
-----------------------------------------------------------------------
  5990 requests in 1.00m, 0.93MB read
Requests/sec:     99.81  
Transfer/sec:     15.84KB
