setup: assigned thread_id=1
init: final thread_id=1, base_seed=nil
setup: assigned thread_id=2
init: final thread_id=2, base_seed=nil
setup: assigned thread_id=3
init: final thread_id=3, base_seed=nil
setup: assigned thread_id=4
init: final thread_id=4, base_seed=nil
setup: assigned thread_id=5
init: final thread_id=5, base_seed=nil
setup: assigned thread_id=6
init: final thread_id=6, base_seed=nil
setup: assigned thread_id=7
init: final thread_id=7, base_seed=nil
setup: assigned thread_id=8
init: final thread_id=8, base_seed=nil
setup: assigned thread_id=9
init: final thread_id=9, base_seed=nil
setup: assigned thread_id=10
init: final thread_id=10, base_seed=nil
setup: assigned thread_id=11
init: final thread_id=11, base_seed=nil
setup: assigned thread_id=12
init: final thread_id=12, base_seed=nil
setup: assigned thread_id=13
init: final thread_id=13, base_seed=nil
setup: assigned thread_id=14
init: final thread_id=14, base_seed=nil
setup: assigned thread_id=15
init: final thread_id=15, base_seed=nil
setup: assigned thread_id=16
init: final thread_id=16, base_seed=nil
setup: assigned thread_id=17
init: final thread_id=17, base_seed=nil
setup: assigned thread_id=18
init: final thread_id=18, base_seed=nil
setup: assigned thread_id=19
init: final thread_id=19, base_seed=nil
setup: assigned thread_id=20
init: final thread_id=20, base_seed=nil
script_want_response
Running 1m test @ http://10.10.1.1:23821
  20 threads and 200 connections

  Thread calibration: mean lat.: 25.366ms, rate sampling interval: 85ms
  Thread calibration: mean lat.: 28.983ms, rate sampling interval: 96ms
  Thread calibration: mean lat.: 31.044ms, rate sampling interval: 102ms
  Thread calibration: mean lat.: 34.904ms, rate sampling interval: 112ms
  Thread calibration: mean lat.: 38.753ms, rate sampling interval: 125ms
  Thread calibration: mean lat.: 42.486ms, rate sampling interval: 135ms
  Thread calibration: mean lat.: 44.808ms, rate sampling interval: 135ms
  Thread calibration: mean lat.: 48.139ms, rate sampling interval: 138ms
  Thread calibration: mean lat.: 49.315ms, rate sampling interval: 136ms
  Thread calibration: mean lat.: 51.186ms, rate sampling interval: 137ms
  Thread calibration: mean lat.: 53.706ms, rate sampling interval: 137ms
  Thread calibration: mean lat.: 54.258ms, rate sampling interval: 137ms
  Thread calibration: mean lat.: 55.811ms, rate sampling interval: 136ms
  Thread calibration: mean lat.: 55.673ms, rate sampling interval: 134ms
  Thread calibration: mean lat.: 56.138ms, rate sampling interval: 133ms
  Thread calibration: mean lat.: 55.761ms, rate sampling interval: 131ms
  Thread calibration: mean lat.: 55.614ms, rate sampling interval: 130ms
  Thread calibration: mean lat.: 55.933ms, rate sampling interval: 129ms
  Thread calibration: mean lat.: 54.775ms, rate sampling interval: 127ms
  Thread calibration: mean lat.: 54.253ms, rate sampling interval: 125ms

-----------------------------------------------------------------------
Test Results @ http://10.10.1.1:23821 
  Thread Stats   Avg      Stdev     99%   +/- Stdev
    Latency    41.50ms   16.35ms  78.08ms   66.34%
    Req/Sec   100.01     27.78   160.00     78.96%
  Latency Distribution (HdrHistogram - Recorded Latency)
 50.000%   38.78ms
 75.000%   53.25ms
 90.000%   64.45ms
 99.000%   78.08ms
 99.900%  115.46ms
 99.990%  169.85ms
 99.999%  176.26ms
100.000%  181.25ms

  Detailed Percentile spectrum:
       Value   Percentile   TotalCount 1/(1-Percentile)

       9.735     0.000000            1         1.00
      21.055     0.100000        10012         1.11
      28.447     0.200000        20007         1.25
      32.543     0.300000        30031         1.43
      35.679     0.400000        40034         1.67
      38.783     0.500000        50044         2.00
      40.671     0.550000        55004         2.22
      43.103     0.600000        60052         2.50
      46.175     0.650000        65043         2.86
      49.695     0.700000        70050         3.33
      53.247     0.750000        75042         4.00
      55.039     0.775000        77504         4.44
      56.831     0.800000        80025         5.00
      58.655     0.825000        82507         5.71
      60.511     0.850000        85003         6.67
      62.463     0.875000        87516         8.00
      63.455     0.887500        88757         8.89
      64.447     0.900000        90025        10.00
      65.599     0.912500        91300        11.43
      66.751     0.925000        92516        13.33
      67.967     0.937500        93789        16.00
      68.671     0.943750        94421        17.78
      69.375     0.950000        95028        20.00
      70.143     0.956250        95667        22.86
      70.975     0.962500        96256        26.67
      71.871     0.968750        96876        32.00
      72.511     0.971875        97224        35.56
      73.023     0.975000        97514        40.00
      73.663     0.978125        97815        45.71
      74.431     0.981250        98130        53.33
      75.391     0.984375        98442        64.00
      75.967     0.985938        98594        71.11
      76.671     0.987500        98763        80.00
      77.503     0.989062        98912        91.43
      78.527     0.990625        99063       106.67
      79.871     0.992188        99223       128.00
      80.703     0.992969        99299       142.22
      81.535     0.993750        99376       160.00
      82.879     0.994531        99459       182.86
      84.351     0.995313        99532       213.33
      87.039     0.996094        99610       256.00
      88.895     0.996484        99649       284.44
      91.007     0.996875        99689       320.00
      93.439     0.997266        99727       365.71
      97.791     0.997656        99766       426.67
     102.015     0.998047        99805       512.00
     104.063     0.998242        99825       568.89
     108.479     0.998437        99845       640.00
     110.783     0.998633        99865       731.43
     113.215     0.998828        99883       853.33
     115.711     0.999023        99903      1024.00
     116.479     0.999121        99913      1137.78
     117.311     0.999219        99922      1280.00
     118.975     0.999316        99932      1462.86
     119.935     0.999414        99943      1706.67
     121.919     0.999512        99952      2048.00
     122.623     0.999561        99957      2275.56
     123.455     0.999609        99961      2560.00
     125.503     0.999658        99966      2925.71
     161.151     0.999707        99971      3413.33
     164.863     0.999756        99977      4096.00
     165.119     0.999780        99979      4551.11
     166.015     0.999805        99981      5120.00
     166.911     0.999829        99983      5851.43
     168.959     0.999854        99987      6826.67
     169.215     0.999878        99988      8192.00
     169.855     0.999890        99990      9102.22
     169.983     0.999902        99991     10240.00
     170.367     0.999915        99993     11702.86
     170.367     0.999927        99993     13653.33
     171.263     0.999939        99994     16384.00
     171.519     0.999945        99995     18204.44
     172.031     0.999951        99996     20480.00
     172.031     0.999957        99996     23405.71
     172.415     0.999963        99997     27306.67
     172.415     0.999969        99997     32768.00
     174.591     0.999973        99998     36408.89
     174.591     0.999976        99998     40960.00
     174.591     0.999979        99998     46811.43
     176.255     0.999982        99999     54613.33
     176.255     0.999985        99999     65536.00
     176.255     0.999986        99999     72817.78
     176.255     0.999988        99999     81920.00
     176.255     0.999989        99999     93622.86
     181.247     0.999991       100000    109226.67
     181.247     1.000000       100000          inf
#[Mean    =       41.497, StdDeviation   =       16.355]
#[Max     =      181.120, Total count    =       100000]
#[Buckets =           27, SubBuckets     =         2048]
-----------------------------------------------------------------------
  119801 requests in 1.00m, 18.58MB read
Requests/sec:   1996.31  
Transfer/sec:    316.96KB
