setup: assigned thread_id=1
init: final thread_id=1, base_seed=nil
setup: assigned thread_id=2
init: final thread_id=2, base_seed=nil
setup: assigned thread_id=3
init: final thread_id=3, base_seed=nil
setup: assigned thread_id=4
init: final thread_id=4, base_seed=nil
setup: assigned thread_id=5
init: final thread_id=5, base_seed=nil
setup: assigned thread_id=6
init: final thread_id=6, base_seed=nil
setup: assigned thread_id=7
init: final thread_id=7, base_seed=nil
setup: assigned thread_id=8
init: final thread_id=8, base_seed=nil
setup: assigned thread_id=9
init: final thread_id=9, base_seed=nil
setup: assigned thread_id=10
init: final thread_id=10, base_seed=nil
setup: assigned thread_id=11
init: final thread_id=11, base_seed=nil
setup: assigned thread_id=12
init: final thread_id=12, base_seed=nil
setup: assigned thread_id=13
init: final thread_id=13, base_seed=nil
setup: assigned thread_id=14
init: final thread_id=14, base_seed=nil
setup: assigned thread_id=15
init: final thread_id=15, base_seed=nil
setup: assigned thread_id=16
init: final thread_id=16, base_seed=nil
setup: assigned thread_id=17
init: final thread_id=17, base_seed=nil
setup: assigned thread_id=18
init: final thread_id=18, base_seed=nil
setup: assigned thread_id=19
init: final thread_id=19, base_seed=nil
setup: assigned thread_id=20
init: final thread_id=20, base_seed=nil
script_want_response
Running 5m test @ http://10.10.1.1:23821
  20 threads and 200 connections

  Thread calibration: mean lat.: 27.180ms, rate sampling interval: 88ms
  Thread calibration: mean lat.: 31.560ms, rate sampling interval: 111ms
  Thread calibration: mean lat.: 34.733ms, rate sampling interval: 124ms
  Thread calibration: mean lat.: 38.872ms, rate sampling interval: 137ms
  Thread calibration: mean lat.: 43.337ms, rate sampling interval: 139ms
  Thread calibration: mean lat.: 44.751ms, rate sampling interval: 140ms
  Thread calibration: mean lat.: 48.856ms, rate sampling interval: 142ms
  Thread calibration: mean lat.: 51.372ms, rate sampling interval: 142ms
  Thread calibration: mean lat.: 52.879ms, rate sampling interval: 143ms
  Thread calibration: mean lat.: 55.556ms, rate sampling interval: 143ms
  Thread calibration: mean lat.: 56.489ms, rate sampling interval: 141ms
  Thread calibration: mean lat.: 56.875ms, rate sampling interval: 140ms
  Thread calibration: mean lat.: 58.104ms, rate sampling interval: 139ms
  Thread calibration: mean lat.: 58.067ms, rate sampling interval: 137ms
  Thread calibration: mean lat.: 57.604ms, rate sampling interval: 135ms
  Thread calibration: mean lat.: 57.042ms, rate sampling interval: 134ms
  Thread calibration: mean lat.: 56.643ms, rate sampling interval: 132ms
  Thread calibration: mean lat.: 56.511ms, rate sampling interval: 131ms
  Thread calibration: mean lat.: 55.285ms, rate sampling interval: 127ms
  Thread calibration: mean lat.: 54.539ms, rate sampling interval: 126ms

-----------------------------------------------------------------------
Test Results @ http://10.10.1.1:23821 
  Thread Stats   Avg      Stdev     99%   +/- Stdev
    Latency    47.03ms   15.87ms  80.51ms   70.44%
    Req/Sec    99.83     28.38   158.00     71.09%
  Latency Distribution (HdrHistogram - Recorded Latency)
 50.000%   46.40ms
 75.000%   58.21ms
 90.000%   66.11ms
 99.000%   80.51ms
 99.900%  133.50ms
 99.990%  193.54ms
 99.999%  270.08ms
100.000%  356.35ms

  Detailed Percentile spectrum:
       Value   Percentile   TotalCount 1/(1-Percentile)

      10.263     0.000000            1         1.00
      26.559     0.100000        58015         1.11
      35.007     0.200000       116018         1.25
      39.167     0.300000       174435         1.43
      42.655     0.400000       232323         1.67
      46.399     0.500000       290438         2.00
      48.575     0.550000       319385         2.22
      50.975     0.600000       348280         2.50
      53.439     0.650000       377041         2.86
      55.903     0.700000       406338         3.33
      58.207     0.750000       435131         4.00
      59.359     0.775000       449677         4.44
      60.575     0.800000       464335         5.00
      61.791     0.825000       478591         5.71
      63.103     0.850000       493292         6.67
      64.511     0.875000       507557         8.00
      65.279     0.887500       514876         8.89
      66.111     0.900000       522175        10.00
      67.007     0.912500       529449        11.43
      68.031     0.925000       536926        13.33
      69.183     0.937500       544042        16.00
      69.823     0.943750       547654        17.78
      70.463     0.950000       551015        20.00
      71.295     0.956250       554816        22.86
      72.127     0.962500       558252        26.67
      73.151     0.968750       561889        32.00
      73.727     0.971875       563691        35.56
      74.431     0.975000       565591        40.00
      75.199     0.978125       567402        45.71
      76.095     0.981250       569161        53.33
      77.247     0.984375       570984        64.00
      77.951     0.985938       571903        71.11
      78.719     0.987500       572764        80.00
      79.679     0.989062       573661        91.43
      81.087     0.990625       574602       106.67
      82.943     0.992188       575492       128.00
      84.287     0.992969       575927       142.22
      86.271     0.993750       576381       160.00
      89.535     0.994531       576841       182.86
      94.207     0.995313       577284       213.33
      99.775     0.996094       577735       256.00
     102.207     0.996484       577962       284.44
     105.471     0.996875       578188       320.00
     110.015     0.997266       578415       365.71
     115.263     0.997656       578641       426.67
     119.871     0.998047       578870       512.00
     122.687     0.998242       578982       568.89
     125.055     0.998437       579095       640.00
     127.743     0.998633       579208       731.43
     131.071     0.998828       579321       853.33
     133.887     0.999023       579435      1024.00
     135.295     0.999121       579496      1137.78
     136.447     0.999219       579550      1280.00
     139.007     0.999316       579609      1462.86
     142.079     0.999414       579663      1706.67
     146.559     0.999512       579719      2048.00
     148.607     0.999561       579748      2275.56
     151.039     0.999609       579775      2560.00
     153.855     0.999658       579802      2925.71
     164.991     0.999707       579831      3413.33
     173.311     0.999756       579859      4096.00
     179.199     0.999780       579873      4551.11
     183.935     0.999805       579887      5120.00
     186.367     0.999829       579901      5851.43
     188.671     0.999854       579916      6826.67
     190.463     0.999878       579930      8192.00
     191.871     0.999890       579937      9102.22
     193.791     0.999902       579944     10240.00
     199.039     0.999915       579951     11702.86
     258.431     0.999927       579959     13653.33
     261.759     0.999939       579966     16384.00
     263.167     0.999945       579970     18204.44
     263.423     0.999951       579972     20480.00
     264.447     0.999957       579976     23405.71
     265.727     0.999963       579980     27306.67
     267.263     0.999969       579984     32768.00
     267.519     0.999973       579986     36408.89
     267.519     0.999976       579986     40960.00
     268.543     0.999979       579988     46811.43
     268.799     0.999982       579990     54613.33
     269.311     0.999985       579992     65536.00
     269.823     0.999986       579993     72817.78
     269.823     0.999988       579993     81920.00
     270.079     0.999989       579995     93622.86
     270.079     0.999991       579995    109226.67
     272.639     0.999992       579996    131072.00
     274.175     0.999993       579997    145635.56
     274.175     0.999994       579997    163840.00
     274.175     0.999995       579997    187245.71
     274.943     0.999995       579998    218453.33
     274.943     0.999996       579998    262144.00
     276.991     0.999997       579999    291271.11
     276.991     0.999997       579999    327680.00
     276.991     0.999997       579999    374491.43
     276.991     0.999998       579999    436906.67
     276.991     0.999998       579999    524288.00
     356.351     0.999998       580000    582542.22
     356.351     1.000000       580000          inf
#[Mean    =       47.025, StdDeviation   =       15.866]
#[Max     =      356.096, Total count    =       580000]
#[Buckets =           27, SubBuckets     =         2048]
-----------------------------------------------------------------------
  599804 requests in 5.00m, 93.01MB read
Requests/sec:   1999.19  
Transfer/sec:    317.45KB
