setup: assigned thread_id=1
init: final thread_id=1, base_seed=nil
script_want_response
Running 1m test @ http://10.10.1.1:23821
  1 threads and 10 connections

  Thread calibration: mean lat.: 11.336ms, rate sampling interval: 25ms

-----------------------------------------------------------------------
Test Results @ http://10.10.1.1:23821 
  Thread Stats   Avg      Stdev     99%   +/- Stdev
    Latency    11.46ms    1.88ms  13.94ms   95.68%
    Req/Sec   102.09    165.34   416.00     77.03%
  Latency Distribution (HdrHistogram - Recorded Latency)
 50.000%   11.26ms
 75.000%   11.83ms
 90.000%   12.73ms
 99.000%   13.94ms
 99.900%   15.50ms
 99.990%   35.13ms
 99.999%  125.18ms
100.000%  125.18ms

  Detailed Percentile spectrum:
       Value   Percentile   TotalCount 1/(1-Percentile)

       9.575     0.000000            1         1.00
      10.511     0.100000          508         1.11
      10.751     0.200000         1012         1.25
      10.927     0.300000         1518         1.43
      11.095     0.400000         2023         1.67
      11.255     0.500000         2508         2.00
      11.351     0.550000         2755         2.22
      11.455     0.600000         3011         2.50
      11.559     0.650000         3252         2.86
      11.671     0.700000         3501         3.33
      11.831     0.750000         3761         4.00
      11.927     0.775000         3879         4.44
      12.031     0.800000         4000         5.00
      12.159     0.825000         4125         5.71
      12.311     0.850000         4254         6.67
      12.495     0.875000         4377         8.00
      12.591     0.887500         4444         8.89
      12.727     0.900000         4509        10.00
      12.855     0.912500         4563        11.43
      12.975     0.925000         4625        13.33
      13.111     0.937500         4690        16.00
      13.183     0.943750         4721        17.78
      13.255     0.950000         4754        20.00
      13.335     0.956250         4782        22.86
      13.423     0.962500         4816        26.67
      13.495     0.968750         4844        32.00
      13.535     0.971875         4861        35.56
      13.599     0.975000         4875        40.00
      13.663     0.978125         4892        45.71
      13.719     0.981250         4911        53.33
      13.751     0.984375         4923        64.00
      13.823     0.985938         4930        71.11
      13.879     0.987500         4941        80.00
      13.927     0.989062         4946        91.43
      13.959     0.990625         4955       106.67
      13.983     0.992188         4962       128.00
      14.095     0.992969         4965       142.22
      14.175     0.993750         4969       160.00
      14.207     0.994531         4974       182.86
      14.255     0.995313         4977       213.33
      14.479     0.996094         4981       256.00
      14.575     0.996484         4983       284.44
      14.687     0.996875         4985       320.00
      14.743     0.997266         4987       365.71
      14.815     0.997656         4990       426.67
      15.047     0.998047         4991       512.00
      15.223     0.998242         4992       568.89
      15.255     0.998437         4993       640.00
      15.271     0.998633         4994       731.43
      15.503     0.998828         4995       853.33
      15.535     0.999023         4996      1024.00
      15.535     0.999121         4996      1137.78
      18.223     0.999219         4997      1280.00
      18.223     0.999316         4997      1462.86
      29.535     0.999414         4998      1706.67
      29.535     0.999512         4998      2048.00
      29.535     0.999561         4998      2275.56
      35.135     0.999609         4999      2560.00
      35.135     0.999658         4999      2925.71
      35.135     0.999707         4999      3413.33
      35.135     0.999756         4999      4096.00
      35.135     0.999780         4999      4551.11
     125.183     0.999805         5000      5120.00
     125.183     1.000000         5000          inf
#[Mean    =       11.464, StdDeviation   =        1.877]
#[Max     =      125.120, Total count    =         5000]
#[Buckets =           27, SubBuckets     =         2048]
-----------------------------------------------------------------------
  5991 requests in 1.00m, 0.93MB read
Requests/sec:     99.83  
Transfer/sec:     15.85KB
