setup: assigned thread_id=1
init: final thread_id=1, base_seed=nil
setup: assigned thread_id=2
init: final thread_id=2, base_seed=nil
setup: assigned thread_id=3
init: final thread_id=3, base_seed=nil
setup: assigned thread_id=4
init: final thread_id=4, base_seed=nil
setup: assigned thread_id=5
init: final thread_id=5, base_seed=nil
setup: assigned thread_id=6
init: final thread_id=6, base_seed=nil
setup: assigned thread_id=7
init: final thread_id=7, base_seed=nil
setup: assigned thread_id=8
init: final thread_id=8, base_seed=nil
setup: assigned thread_id=9
init: final thread_id=9, base_seed=nil
setup: assigned thread_id=10
init: final thread_id=10, base_seed=nil
setup: assigned thread_id=11
init: final thread_id=11, base_seed=nil
setup: assigned thread_id=12
init: final thread_id=12, base_seed=nil
script_want_response
Running 5m test @ http://10.10.1.1:23821
  12 threads and 113 connections

  Thread calibration: mean lat.: 17.496ms, rate sampling interval: 57ms
  Thread calibration: mean lat.: 19.330ms, rate sampling interval: 65ms
  Thread calibration: mean lat.: 21.802ms, rate sampling interval: 68ms
  Thread calibration: mean lat.: 23.235ms, rate sampling interval: 70ms
  Thread calibration: mean lat.: 25.110ms, rate sampling interval: 71ms
  Thread calibration: mean lat.: 26.231ms, rate sampling interval: 71ms
  Thread calibration: mean lat.: 27.624ms, rate sampling interval: 72ms
  Thread calibration: mean lat.: 27.976ms, rate sampling interval: 71ms
  Thread calibration: mean lat.: 28.754ms, rate sampling interval: 71ms
  Thread calibration: mean lat.: 28.894ms, rate sampling interval: 70ms
  Thread calibration: mean lat.: 28.425ms, rate sampling interval: 69ms
  Thread calibration: mean lat.: 28.165ms, rate sampling interval: 68ms

-----------------------------------------------------------------------
Test Results @ http://10.10.1.1:23821 
  Thread Stats   Avg      Stdev     99%   +/- Stdev
    Latency    25.45ms    8.66ms  44.90ms   65.61%
    Req/Sec   125.41     28.50   202.00     79.78%
  Latency Distribution (HdrHistogram - Recorded Latency)
 50.000%   25.04ms
 75.000%   31.73ms
 90.000%   36.74ms
 99.000%   44.90ms
 99.900%   63.55ms
 99.990%   97.73ms
 99.999%  120.19ms
100.000%  127.42ms

  Detailed Percentile spectrum:
       Value   Percentile   TotalCount 1/(1-Percentile)

       8.527     0.000000            1         1.00
      14.007     0.100000        43528         1.11
      17.583     0.200000        87054         1.25
      20.143     0.300000       130593         1.43
      22.511     0.400000       174258         1.67
      25.039     0.500000       217629         2.00
      26.367     0.550000       239467         2.22
      27.695     0.600000       261159         2.50
      29.023     0.650000       282791         2.86
      30.367     0.700000       304568         3.33
      31.727     0.750000       326460         4.00
      32.431     0.775000       337153         4.44
      33.183     0.800000       348218         5.00
      33.951     0.825000       359035         5.71
      34.783     0.850000       369916         6.67
      35.711     0.875000       380909         8.00
      36.191     0.887500       386111         8.89
      36.735     0.900000       391535        10.00
      37.311     0.912500       396962        11.43
      37.951     0.925000       402452        13.33
      38.687     0.937500       407997        16.00
      39.071     0.943750       410654        17.78
      39.487     0.950000       413283        20.00
      39.967     0.956250       416114        22.86
      40.479     0.962500       418738        26.67
      41.119     0.968750       421544        32.00
      41.471     0.971875       422866        35.56
      41.855     0.975000       424180        40.00
      42.271     0.978125       425517        45.71
      42.783     0.981250       426903        53.33
      43.391     0.984375       428266        64.00
      43.743     0.985938       428938        71.11
      44.127     0.987500       429625        80.00
      44.543     0.989062       430274        91.43
      45.119     0.990625       430977       106.67
      45.791     0.992188       431640       128.00
      46.143     0.992969       431982       142.22
      46.591     0.993750       432315       160.00
      47.135     0.994531       432649       182.86
      47.807     0.995313       432985       213.33
      48.863     0.996094       433326       256.00
      49.631     0.996484       433497       284.44
      50.367     0.996875       433665       320.00
      51.391     0.997266       433839       365.71
      52.479     0.997656       434010       426.67
      54.111     0.998047       434175       512.00
      55.391     0.998242       434260       568.89
      56.671     0.998437       434345       640.00
      58.207     0.998633       434430       731.43
      60.447     0.998828       434515       853.33
      63.839     0.999023       434600      1024.00
      65.727     0.999121       434642      1137.78
      68.159     0.999219       434685      1280.00
      70.975     0.999316       434729      1462.86
      73.407     0.999414       434771      1706.67
      76.799     0.999512       434812      2048.00
      78.783     0.999561       434835      2275.56
      81.215     0.999609       434855      2560.00
      85.311     0.999658       434876      2925.71
      87.295     0.999707       434897      3413.33
      88.895     0.999756       434919      4096.00
      89.279     0.999780       434929      4551.11
      90.623     0.999805       434940      5120.00
      91.455     0.999829       434951      5851.43
      92.479     0.999854       434961      6826.67
      94.015     0.999878       434971      8192.00
      97.279     0.999890       434977      9102.22
      99.007     0.999902       434982     10240.00
     102.591     0.999915       434987     11702.86
     105.471     0.999927       434994     13653.33
     107.199     0.999939       434998     16384.00
     108.287     0.999945       435001     18204.44
     109.055     0.999951       435003     20480.00
     110.271     0.999957       435006     23405.71
     111.167     0.999963       435009     27306.67
     113.151     0.999969       435012     32768.00
     113.535     0.999973       435013     36408.89
     114.751     0.999976       435014     40960.00
     115.007     0.999979       435015     46811.43
     115.903     0.999982       435017     54613.33
     116.287     0.999985       435018     65536.00
     118.399     0.999986       435019     72817.78
     118.399     0.999988       435019     81920.00
     120.191     0.999989       435020     93622.86
     121.983     0.999991       435021    109226.67
     121.983     0.999992       435021    131072.00
     123.007     0.999993       435022    145635.56
     123.007     0.999994       435022    163840.00
     123.007     0.999995       435022    187245.71
     126.975     0.999995       435023    218453.33
     126.975     0.999996       435023    262144.00
     126.975     0.999997       435023    291271.11
     126.975     0.999997       435023    327680.00
     126.975     0.999997       435023    374491.43
     127.423     0.999998       435024    436906.67
     127.423     1.000000       435024          inf
#[Mean    =       25.451, StdDeviation   =        8.657]
#[Max     =      127.360, Total count    =       435024]
#[Buckets =           27, SubBuckets     =         2048]
-----------------------------------------------------------------------
  449928 requests in 5.00m, 69.76MB read
Requests/sec:   1499.64  
Transfer/sec:    238.09KB
