setup: assigned thread_id=1
init: final thread_id=1, base_seed=nil
script_want_response
Running 1m test @ http://10.10.1.1:23821
  1 threads and 10 connections

  Thread calibration: mean lat.: 9.795ms, rate sampling interval: 22ms

-----------------------------------------------------------------------
Test Results @ http://10.10.1.1:23821 
  Thread Stats   Avg      Stdev     99%   +/- Stdev
    Latency    10.03ms    1.15ms  12.76ms   74.02%
    Req/Sec   102.17    179.13   476.00     79.69%
  Latency Distribution (HdrHistogram - Recorded Latency)
 50.000%    9.74ms
 75.000%   10.62ms
 90.000%   11.61ms
 99.000%   12.76ms
 99.900%   21.18ms
 99.990%   24.50ms
 99.999%   24.53ms
100.000%   24.53ms

  Detailed Percentile spectrum:
       Value   Percentile   TotalCount 1/(1-Percentile)

       7.999     0.000000            1         1.00
       8.903     0.100000          515         1.11
       9.143     0.200000         1011         1.25
       9.343     0.300000         1505         1.43
       9.543     0.400000         2014         1.67
       9.743     0.500000         2501         2.00
       9.863     0.550000         2761         2.22
      10.007     0.600000         3009         2.50
      10.159     0.650000         3252         2.86
      10.359     0.700000         3504         3.33
      10.623     0.750000         3754         4.00
      10.791     0.775000         3878         4.44
      10.975     0.800000         4004         5.00
      11.135     0.825000         4131         5.71
      11.279     0.850000         4253         6.67
      11.431     0.875000         4381         8.00
      11.511     0.887500         4438         8.89
      11.607     0.900000         4501        10.00
      11.687     0.912500         4565        11.43
      11.759     0.925000         4626        13.33
      11.871     0.937500         4691        16.00
      11.927     0.943750         4720        17.78
      11.983     0.950000         4755        20.00
      12.055     0.956250         4784        22.86
      12.143     0.962500         4816        26.67
      12.239     0.968750         4849        32.00
      12.295     0.971875         4862        35.56
      12.367     0.975000         4875        40.00
      12.447     0.978125         4893        45.71
      12.511     0.981250         4908        53.33
      12.599     0.984375         4922        64.00
      12.663     0.985938         4933        71.11
      12.695     0.987500         4938        80.00
      12.719     0.989062         4947        91.43
      12.847     0.990625         4954       106.67
      12.911     0.992188         4961       128.00
      12.975     0.992969         4965       142.22
      13.087     0.993750         4969       160.00
      13.183     0.994531         4973       182.86
      13.295     0.995313         4977       213.33
      13.511     0.996094         4981       256.00
      13.623     0.996484         4983       284.44
      13.903     0.996875         4985       320.00
      13.935     0.997266         4987       365.71
      14.231     0.997656         4989       426.67
      16.415     0.998047         4991       512.00
      17.391     0.998242         4992       568.89
      19.023     0.998437         4993       640.00
      20.591     0.998633         4994       731.43
      21.183     0.998828         4995       853.33
      22.383     0.999023         4996      1024.00
      22.383     0.999121         4996      1137.78
      22.879     0.999219         4997      1280.00
      22.879     0.999316         4997      1462.86
      24.207     0.999414         4998      1706.67
      24.207     0.999512         4998      2048.00
      24.207     0.999561         4998      2275.56
      24.495     0.999609         4999      2560.00
      24.495     0.999658         4999      2925.71
      24.495     0.999707         4999      3413.33
      24.495     0.999756         4999      4096.00
      24.495     0.999780         4999      4551.11
      24.527     0.999805         5000      5120.00
      24.527     1.000000         5000          inf
#[Mean    =       10.027, StdDeviation   =        1.148]
#[Max     =       24.512, Total count    =         5000]
#[Buckets =           27, SubBuckets     =         2048]
-----------------------------------------------------------------------
  5990 requests in 1.00m, 0.93MB read
Requests/sec:     99.81  
Transfer/sec:     15.84KB
