setup: assigned thread_id=1
init: final thread_id=1, base_seed=nil
setup: assigned thread_id=2
init: final thread_id=2, base_seed=nil
setup: assigned thread_id=3
init: final thread_id=3, base_seed=nil
setup: assigned thread_id=4
init: final thread_id=4, base_seed=nil
setup: assigned thread_id=5
init: final thread_id=5, base_seed=nil
setup: assigned thread_id=6
init: final thread_id=6, base_seed=nil
setup: assigned thread_id=7
init: final thread_id=7, base_seed=nil
setup: assigned thread_id=8
init: final thread_id=8, base_seed=nil
setup: assigned thread_id=9
init: final thread_id=9, base_seed=nil
setup: assigned thread_id=10
init: final thread_id=10, base_seed=nil
setup: assigned thread_id=11
init: final thread_id=11, base_seed=nil
setup: assigned thread_id=12
init: final thread_id=12, base_seed=nil
setup: assigned thread_id=13
init: final thread_id=13, base_seed=nil
setup: assigned thread_id=14
init: final thread_id=14, base_seed=nil
setup: assigned thread_id=15
init: final thread_id=15, base_seed=nil
setup: assigned thread_id=16
init: final thread_id=16, base_seed=nil
setup: assigned thread_id=17
init: final thread_id=17, base_seed=nil
setup: assigned thread_id=18
init: final thread_id=18, base_seed=nil
setup: assigned thread_id=19
init: final thread_id=19, base_seed=nil
setup: assigned thread_id=20
init: final thread_id=20, base_seed=nil
setup: assigned thread_id=21
init: final thread_id=21, base_seed=nil
setup: assigned thread_id=22
init: final thread_id=22, base_seed=nil
setup: assigned thread_id=23
init: final thread_id=23, base_seed=nil
setup: assigned thread_id=24
init: final thread_id=24, base_seed=nil
setup: assigned thread_id=25
init: final thread_id=25, base_seed=nil
setup: assigned thread_id=26
init: final thread_id=26, base_seed=nil
setup: assigned thread_id=27
init: final thread_id=27, base_seed=nil
setup: assigned thread_id=28
init: final thread_id=28, base_seed=nil
setup: assigned thread_id=29
init: final thread_id=29, base_seed=nil
setup: assigned thread_id=30
init: final thread_id=30, base_seed=nil
setup: assigned thread_id=31
init: final thread_id=31, base_seed=nil
setup: assigned thread_id=32
init: final thread_id=32, base_seed=nil
setup: assigned thread_id=33
init: final thread_id=33, base_seed=nil
setup: assigned thread_id=34
init: final thread_id=34, base_seed=nil
setup: assigned thread_id=35
init: final thread_id=35, base_seed=nil
setup: assigned thread_id=36
init: final thread_id=36, base_seed=nil
setup: assigned thread_id=37
init: final thread_id=37, base_seed=nil
setup: assigned thread_id=38
init: final thread_id=38, base_seed=nil
setup: assigned thread_id=39
init: final thread_id=39, base_seed=nil
setup: assigned thread_id=40
init: final thread_id=40, base_seed=nil
setup: assigned thread_id=41
init: final thread_id=41, base_seed=nil
setup: assigned thread_id=42
init: final thread_id=42, base_seed=nil
setup: assigned thread_id=43
init: final thread_id=43, base_seed=nil
setup: assigned thread_id=44
init: final thread_id=44, base_seed=nil
setup: assigned thread_id=45
init: final thread_id=45, base_seed=nil
script_want_response
Running 5m test @ http://10.10.1.1:18563
  45 threads and 450 connections

  Thread calibration: mean lat.: 689.905ms, rate sampling interval: 2404ms
  Thread calibration: mean lat.: 685.428ms, rate sampling interval: 2316ms
  Thread calibration: mean lat.: 693.701ms, rate sampling interval: 2394ms
  Thread calibration: mean lat.: 665.421ms, rate sampling interval: 2338ms
  Thread calibration: mean lat.: 701.837ms, rate sampling interval: 2439ms
  Thread calibration: mean lat.: 695.515ms, rate sampling interval: 2394ms
  Thread calibration: mean lat.: 684.427ms, rate sampling interval: 2404ms
  Thread calibration: mean lat.: 700.513ms, rate sampling interval: 2416ms
  Thread calibration: mean lat.: 724.453ms, rate sampling interval: 2514ms
  Thread calibration: mean lat.: 742.603ms, rate sampling interval: 2562ms
  Thread calibration: mean lat.: 839.694ms, rate sampling interval: 2748ms
  Thread calibration: mean lat.: 736.309ms, rate sampling interval: 2453ms
  Thread calibration: mean lat.: 974.689ms, rate sampling interval: 3203ms
  Thread calibration: mean lat.: 964.164ms, rate sampling interval: 3282ms
  Thread calibration: mean lat.: 891.642ms, rate sampling interval: 3035ms
  Thread calibration: mean lat.: 933.823ms, rate sampling interval: 3035ms
  Thread calibration: mean lat.: 1168.445ms, rate sampling interval: 3655ms
  Thread calibration: mean lat.: 957.068ms, rate sampling interval: 3180ms
  Thread calibration: mean lat.: 1026.250ms, rate sampling interval: 3395ms
  Thread calibration: mean lat.: 1001.952ms, rate sampling interval: 3502ms
  Thread calibration: mean lat.: 1011.744ms, rate sampling interval: 3364ms
  Thread calibration: mean lat.: 842.284ms, rate sampling interval: 2863ms
  Thread calibration: mean lat.: 859.703ms, rate sampling interval: 3002ms
  Thread calibration: mean lat.: 877.819ms, rate sampling interval: 3190ms
  Thread calibration: mean lat.: 703.497ms, rate sampling interval: 2433ms
  Thread calibration: mean lat.: 686.544ms, rate sampling interval: 2312ms
  Thread calibration: mean lat.: 734.323ms, rate sampling interval: 2508ms
  Thread calibration: mean lat.: 718.124ms, rate sampling interval: 2457ms
  Thread calibration: mean lat.: 722.238ms, rate sampling interval: 2478ms
  Thread calibration: mean lat.: 699.001ms, rate sampling interval: 2435ms
  Thread calibration: mean lat.: 735.387ms, rate sampling interval: 2500ms
  Thread calibration: mean lat.: 748.116ms, rate sampling interval: 2553ms
  Thread calibration: mean lat.: 787.772ms, rate sampling interval: 2646ms
  Thread calibration: mean lat.: 817.327ms, rate sampling interval: 2740ms
  Thread calibration: mean lat.: 908.347ms, rate sampling interval: 2893ms
  Thread calibration: mean lat.: 959.706ms, rate sampling interval: 3051ms
  Thread calibration: mean lat.: 907.024ms, rate sampling interval: 2818ms
  Thread calibration: mean lat.: 920.459ms, rate sampling interval: 3012ms
  Thread calibration: mean lat.: 985.612ms, rate sampling interval: 3026ms
  Thread calibration: mean lat.: 939.839ms, rate sampling interval: 2996ms
  Thread calibration: mean lat.: 730.200ms, rate sampling interval: 2394ms
  Thread calibration: mean lat.: 697.915ms, rate sampling interval: 2295ms
  Thread calibration: mean lat.: 794.874ms, rate sampling interval: 2605ms
  Thread calibration: mean lat.: 777.855ms, rate sampling interval: 2605ms
  Thread calibration: mean lat.: 704.307ms, rate sampling interval: 2465ms

-----------------------------------------------------------------------
Test Results @ http://10.10.1.1:18563 
  Thread Stats   Avg      Stdev     99%   +/- Stdev
    Latency    24.13s    15.30s    0.91m    57.75%
    Req/Sec    53.68      3.60    61.00     82.62%
  Latency Distribution (HdrHistogram - Recorded Latency)
 50.000%   22.27s 
 75.000%   37.32s 
 90.000%   46.40s 
 99.000%    0.91m 
 99.900%    0.98m 
 99.990%    1.03m 
 99.999%    1.07m 
100.000%    1.08m 

  Detailed Percentile spectrum:
       Value   Percentile   TotalCount 1/(1-Percentile)

     955.903     0.000000            1         1.00
    4468.735     0.100000        70614         1.11
    8617.983     0.200000       141266         1.25
   12656.639     0.300000       211907         1.43
   17367.039     0.400000       282403         1.67
   22265.855     0.500000       353129         2.00
   24756.223     0.550000       388422         2.22
   27918.335     0.600000       423663         2.50
   30883.839     0.650000       459004         2.86
   33783.807     0.700000       494259         3.33
   37322.751     0.750000       529597         4.00
   39026.687     0.775000       547402         4.44
   40632.319     0.800000       564869         5.00
   42237.951     0.825000       582678         5.71
   43679.743     0.850000       600374         6.67
   45055.999     0.875000       617745         8.00
   45744.127     0.887500       626883         8.89
   46399.487     0.900000       635381        10.00
   47087.615     0.912500       644285        11.43
   47808.511     0.925000       653345        13.33
   48529.407     0.937500       662072        16.00
   48889.855     0.943750       666339        17.78
   49283.071     0.950000       670872        20.00
   49676.287     0.956250       675027        22.86
   50135.039     0.962500       679528        26.67
   50659.327     0.968750       683976        32.00
   50954.239     0.971875       686117        35.56
   51281.919     0.975000       688310        40.00
   51675.135     0.978125       690514        45.71
   52166.655     0.981250       692804        53.33
   52789.247     0.984375       694970        64.00
   53182.463     0.985938       696031        71.11
   53608.447     0.987500       697139        80.00
   54132.735     0.989062       698257        91.43
   54657.023     0.990625       699331       106.67
   55214.079     0.992188       700445       128.00
   55508.991     0.992969       700982       142.22
   55836.671     0.993750       701541       160.00
   56131.583     0.994531       702061       182.86
   56492.031     0.995313       702643       213.33
   56852.479     0.996094       703168       256.00
   57049.087     0.996484       703459       284.44
   57245.695     0.996875       703717       320.00
   57475.071     0.997266       703978       365.71
   57737.215     0.997656       704260       426.67
   57999.359     0.998047       704533       512.00
   58163.199     0.998242       704669       568.89
   58327.039     0.998437       704806       640.00
   58523.647     0.998633       704961       731.43
   58720.255     0.998828       705089       853.33
   58982.399     0.999023       705232      1024.00
   59146.239     0.999121       705302      1137.78
   59277.311     0.999219       705360      1280.00
   59441.151     0.999316       705434      1462.86
   59637.759     0.999414       705496      1706.67
   59867.135     0.999512       705567      2048.00
   59998.207     0.999561       705602      2275.56
   60129.279     0.999609       705635      2560.00
   60325.887     0.999658       705670      2925.71
   60555.263     0.999707       705705      3413.33
   60817.407     0.999756       705740      4096.00
   60915.711     0.999780       705753      4551.11
   61177.855     0.999805       705771      5120.00
   61407.231     0.999829       705788      5851.43
   61538.303     0.999854       705807      6826.67
   61767.679     0.999878       705823      8192.00
   61898.751     0.999890       705834      9102.22
   61997.055     0.999902       705840     10240.00
   62095.359     0.999915       705849     11702.86
   62226.431     0.999927       705857     13653.33
   62423.039     0.999939       705865     16384.00
   62586.879     0.999945       705871     18204.44
   62783.487     0.999951       705877     20480.00
   62816.255     0.999957       705878     23405.71
   63045.631     0.999963       705883     27306.67
   63209.471     0.999969       705887     32768.00
   63242.239     0.999973       705890     36408.89
   63307.775     0.999976       705892     40960.00
   63406.079     0.999979       705895     46811.43
   63438.847     0.999982       705896     54613.33
   63668.223     0.999985       705898     65536.00
   63700.991     0.999986       705899     72817.78
   63963.135     0.999988       705900     81920.00
   64028.671     0.999989       705901     93622.86
   64094.207     0.999991       705902    109226.67
   64159.743     0.999992       705903    131072.00
   64192.511     0.999993       705904    145635.56
   64192.511     0.999994       705904    163840.00
   64225.279     0.999995       705905    187245.71
   64225.279     0.999995       705905    218453.33
   64258.047     0.999996       705907    262144.00
   64258.047     0.999997       705907    291271.11
   64258.047     0.999997       705907    327680.00
   64258.047     0.999997       705907    374491.43
   64258.047     0.999998       705907    436906.67
   64258.047     0.999998       705907    524288.00
   64258.047     0.999998       705907    582542.22
   64258.047     0.999998       705907    655360.00
   64684.031     0.999999       705908    748982.86
   64684.031     1.000000       705908          inf
#[Mean    =    24133.242, StdDeviation   =    15298.131]
#[Max     =    64651.264, Total count    =       705908]
#[Buckets =           27, SubBuckets     =         2048]
-----------------------------------------------------------------------
  731002 requests in 5.00m, 113.36MB read
  Socket errors: connect 0, read 0, write 0, timeout 6409
Requests/sec:   2436.94  
Transfer/sec:    386.98KB
