setup: assigned thread_id=1
init: final thread_id=1, base_seed=nil
script_want_response
Running 1m test @ http://10.10.1.1:18563
  1 threads and 10 connections

  Thread calibration: mean lat.: 15.410ms, rate sampling interval: 32ms

-----------------------------------------------------------------------
Test Results @ http://10.10.1.1:18563 
  Thread Stats   Avg      Stdev     99%   +/- Stdev
    Latency    15.54ms    3.09ms  21.74ms   98.22%
    Req/Sec   101.40    136.81   322.00     72.61%
  Latency Distribution (HdrHistogram - Recorded Latency)
 50.000%   15.28ms
 75.000%   15.90ms
 90.000%   16.54ms
 99.000%   21.74ms
 99.900%   40.16ms
 99.990%  113.86ms
 99.999%  115.26ms
100.000%  115.26ms

  Detailed Percentile spectrum:
       Value   Percentile   TotalCount 1/(1-Percentile)

      12.935     0.000000            1         1.00
      14.375     0.100000          511         1.11
      14.631     0.200000         1005         1.25
      14.863     0.300000         1504         1.43
      15.063     0.400000         2002         1.67
      15.279     0.500000         2515         2.00
      15.375     0.550000         2754         2.22
      15.495     0.600000         3007         2.50
      15.607     0.650000         3257         2.86
      15.743     0.700000         3502         3.33
      15.895     0.750000         3759         4.00
      15.975     0.775000         3886         4.44
      16.055     0.800000         4004         5.00
      16.151     0.825000         4133         5.71
      16.255     0.850000         4251         6.67
      16.415     0.875000         4392         8.00
      16.479     0.887500         4442         8.89
      16.543     0.900000         4500        10.00
      16.639     0.912500         4571        11.43
      16.719     0.925000         4628        13.33
      16.847     0.937500         4689        16.00
      16.911     0.943750         4719        17.78
      16.991     0.950000         4751        20.00
      17.103     0.956250         4784        22.86
      17.199     0.962500         4814        26.67
      17.343     0.968750         4844        32.00
      17.471     0.971875         4860        35.56
      17.615     0.975000         4875        40.00
      17.935     0.978125         4892        45.71
      18.447     0.981250         4907        53.33
      19.519     0.984375         4922        64.00
      20.143     0.985938         4930        71.11
      20.431     0.987500         4938        80.00
      21.375     0.989062         4946        91.43
      22.063     0.990625         4954       106.67
      22.223     0.992188         4961       128.00
      22.671     0.992969         4965       142.22
      23.135     0.993750         4969       160.00
      23.551     0.994531         4973       182.86
      23.679     0.995313         4977       213.33
      25.695     0.996094         4981       256.00
      27.647     0.996484         4983       284.44
      28.159     0.996875         4985       320.00
      28.399     0.997266         4987       365.71
      29.119     0.997656         4989       426.67
      30.591     0.998047         4991       512.00
      30.943     0.998242         4992       568.89
      33.023     0.998437         4993       640.00
      38.079     0.998633         4994       731.43
      40.159     0.998828         4995       853.33
      42.559     0.999023         4996      1024.00
      42.559     0.999121         4996      1137.78
     109.567     0.999219         4997      1280.00
     109.567     0.999316         4997      1462.86
     112.319     0.999414         4998      1706.67
     112.319     0.999512         4998      2048.00
     112.319     0.999561         4998      2275.56
     113.855     0.999609         4999      2560.00
     113.855     0.999658         4999      2925.71
     113.855     0.999707         4999      3413.33
     113.855     0.999756         4999      4096.00
     113.855     0.999780         4999      4551.11
     115.263     0.999805         5000      5120.00
     115.263     1.000000         5000          inf
#[Mean    =       15.544, StdDeviation   =        3.095]
#[Max     =      115.200, Total count    =         5000]
#[Buckets =           27, SubBuckets     =         2048]
-----------------------------------------------------------------------
  5990 requests in 1.00m, 0.93MB read
Requests/sec:     99.81  
Transfer/sec:     15.84KB
