setup: assigned thread_id=1
init: final thread_id=1, base_seed=nil
setup: assigned thread_id=2
init: final thread_id=2, base_seed=nil
setup: assigned thread_id=3
init: final thread_id=3, base_seed=nil
setup: assigned thread_id=4
init: final thread_id=4, base_seed=nil
setup: assigned thread_id=5
init: final thread_id=5, base_seed=nil
setup: assigned thread_id=6
init: final thread_id=6, base_seed=nil
setup: assigned thread_id=7
init: final thread_id=7, base_seed=nil
setup: assigned thread_id=8
init: final thread_id=8, base_seed=nil
setup: assigned thread_id=9
init: final thread_id=9, base_seed=nil
setup: assigned thread_id=10
init: final thread_id=10, base_seed=nil
setup: assigned thread_id=11
init: final thread_id=11, base_seed=nil
setup: assigned thread_id=12
init: final thread_id=12, base_seed=nil
setup: assigned thread_id=13
init: final thread_id=13, base_seed=nil
setup: assigned thread_id=14
init: final thread_id=14, base_seed=nil
setup: assigned thread_id=15
init: final thread_id=15, base_seed=nil
setup: assigned thread_id=16
init: final thread_id=16, base_seed=nil
setup: assigned thread_id=17
init: final thread_id=17, base_seed=nil
setup: assigned thread_id=18
init: final thread_id=18, base_seed=nil
setup: assigned thread_id=19
init: final thread_id=19, base_seed=nil
setup: assigned thread_id=20
init: final thread_id=20, base_seed=nil
script_want_response
Running 1m test @ http://10.10.1.1:18768
  20 threads and 200 connections

  Thread calibration: mean lat.: 73.927ms, rate sampling interval: 213ms
  Thread calibration: mean lat.: 76.113ms, rate sampling interval: 221ms
  Thread calibration: mean lat.: 75.569ms, rate sampling interval: 219ms
  Thread calibration: mean lat.: 78.145ms, rate sampling interval: 221ms
  Thread calibration: mean lat.: 77.248ms, rate sampling interval: 220ms
  Thread calibration: mean lat.: 76.586ms, rate sampling interval: 214ms
  Thread calibration: mean lat.: 78.397ms, rate sampling interval: 216ms
  Thread calibration: mean lat.: 79.087ms, rate sampling interval: 219ms
  Thread calibration: mean lat.: 78.194ms, rate sampling interval: 220ms
  Thread calibration: mean lat.: 80.077ms, rate sampling interval: 222ms
  Thread calibration: mean lat.: 79.037ms, rate sampling interval: 215ms
  Thread calibration: mean lat.: 78.926ms, rate sampling interval: 215ms
  Thread calibration: mean lat.: 78.335ms, rate sampling interval: 215ms
  Thread calibration: mean lat.: 78.659ms, rate sampling interval: 216ms
  Thread calibration: mean lat.: 75.439ms, rate sampling interval: 209ms
  Thread calibration: mean lat.: 75.887ms, rate sampling interval: 214ms
  Thread calibration: mean lat.: 76.464ms, rate sampling interval: 216ms
  Thread calibration: mean lat.: 76.213ms, rate sampling interval: 213ms
  Thread calibration: mean lat.: 78.044ms, rate sampling interval: 223ms
  Thread calibration: mean lat.: 76.870ms, rate sampling interval: 222ms

-----------------------------------------------------------------------
Test Results @ http://10.10.1.1:18768 
  Thread Stats   Avg      Stdev     99%   +/- Stdev
    Latency    87.17ms   36.74ms 196.10ms   70.83%
    Req/Sec    99.78     17.95   140.00     78.53%
  Latency Distribution (HdrHistogram - Recorded Latency)
 50.000%   81.34ms
 75.000%  106.88ms
 90.000%  138.62ms
 99.000%  196.10ms
 99.900%  209.54ms
 99.990%  218.49ms
 99.999%  222.46ms
100.000%  222.85ms

  Detailed Percentile spectrum:
       Value   Percentile   TotalCount 1/(1-Percentile)

      21.471     0.000000            1         1.00
      46.239     0.100000        10006         1.11
      54.815     0.200000        20035         1.25
      62.591     0.300000        30012         1.43
      71.743     0.400000        40005         1.67
      81.343     0.500000        50031         2.00
      85.823     0.550000        55065         2.22
      90.239     0.600000        60032         2.50
      95.039     0.650000        65037         2.86
     100.543     0.700000        70062         3.33
     106.879     0.750000        75033         4.00
     110.847     0.775000        77529         4.44
     114.943     0.800000        80038         5.00
     119.039     0.825000        82515         5.71
     123.327     0.850000        85033         6.67
     128.959     0.875000        87520         8.00
     133.119     0.887500        88763         8.89
     138.623     0.900000        90019        10.00
     144.127     0.912500        91267        11.43
     149.375     0.925000        92515        13.33
     154.623     0.937500        93758        16.00
     157.695     0.943750        94401        17.78
     160.895     0.950000        95003        20.00
     164.735     0.956250        95629        22.86
     169.727     0.962500        96259        26.67
     177.535     0.968750        96879        32.00
     181.247     0.971875        97198        35.56
     184.191     0.975000        97506        40.00
     187.007     0.978125        97829        45.71
     189.311     0.981250        98133        53.33
     191.871     0.984375        98459        64.00
     192.895     0.985938        98597        71.11
     194.175     0.987500        98764        80.00
     195.327     0.989062        98923        91.43
     196.607     0.990625        99063       106.67
     198.271     0.992188        99226       128.00
     199.039     0.992969        99305       142.22
     199.935     0.993750        99380       160.00
     200.959     0.994531        99457       182.86
     202.239     0.995313        99537       213.33
     203.519     0.996094        99610       256.00
     204.031     0.996484        99659       284.44
     204.415     0.996875        99692       320.00
     205.183     0.997266        99729       365.71
     206.079     0.997656        99774       426.67
     206.847     0.998047        99805       512.00
     207.359     0.998242        99828       568.89
     207.871     0.998437        99846       640.00
     208.639     0.998633        99866       731.43
     208.895     0.998828        99883       853.33
     209.919     0.999023        99905      1024.00
     210.175     0.999121        99914      1137.78
     210.687     0.999219        99925      1280.00
     210.943     0.999316        99932      1462.86
     211.583     0.999414        99943      1706.67
     212.351     0.999512        99952      2048.00
     212.991     0.999561        99957      2275.56
     213.375     0.999609        99961      2560.00
     213.887     0.999658        99966      2925.71
     214.271     0.999707        99971      3413.33
     215.039     0.999756        99976      4096.00
     215.167     0.999780        99979      4551.11
     215.295     0.999805        99982      5120.00
     215.679     0.999829        99983      5851.43
     216.319     0.999854        99986      6826.67
     216.959     0.999878        99988      8192.00
     218.495     0.999890        99990      9102.22
     218.623     0.999902        99991     10240.00
     219.647     0.999915        99992     11702.86
     220.159     0.999927        99993     13653.33
     220.543     0.999939        99994     16384.00
     220.799     0.999945        99995     18204.44
     221.823     0.999951        99997     20480.00
     221.823     0.999957        99997     23405.71
     221.823     0.999963        99997     27306.67
     221.823     0.999969        99997     32768.00
     222.079     0.999973        99998     36408.89
     222.079     0.999976        99998     40960.00
     222.079     0.999979        99998     46811.43
     222.463     0.999982        99999     54613.33
     222.463     0.999985        99999     65536.00
     222.463     0.999986        99999     72817.78
     222.463     0.999988        99999     81920.00
     222.463     0.999989        99999     93622.86
     222.847     0.999991       100000    109226.67
     222.847     1.000000       100000          inf
#[Mean    =       87.169, StdDeviation   =       36.737]
#[Max     =      222.720, Total count    =       100000]
#[Buckets =           27, SubBuckets     =         2048]
-----------------------------------------------------------------------
  119700 requests in 1.00m, 18.56MB read
Requests/sec:   1994.57  
Transfer/sec:    316.67KB
