setup: assigned thread_id=1
init: final thread_id=1, base_seed=nil
setup: assigned thread_id=2
init: final thread_id=2, base_seed=nil
setup: assigned thread_id=3
init: final thread_id=3, base_seed=nil
setup: assigned thread_id=4
init: final thread_id=4, base_seed=nil
setup: assigned thread_id=5
init: final thread_id=5, base_seed=nil
setup: assigned thread_id=6
init: final thread_id=6, base_seed=nil
setup: assigned thread_id=7
init: final thread_id=7, base_seed=nil
setup: assigned thread_id=8
init: final thread_id=8, base_seed=nil
setup: assigned thread_id=9
init: final thread_id=9, base_seed=nil
setup: assigned thread_id=10
init: final thread_id=10, base_seed=nil
setup: assigned thread_id=11
init: final thread_id=11, base_seed=nil
setup: assigned thread_id=12
init: final thread_id=12, base_seed=nil
setup: assigned thread_id=13
init: final thread_id=13, base_seed=nil
setup: assigned thread_id=14
init: final thread_id=14, base_seed=nil
setup: assigned thread_id=15
init: final thread_id=15, base_seed=nil
setup: assigned thread_id=16
init: final thread_id=16, base_seed=nil
setup: assigned thread_id=17
init: final thread_id=17, base_seed=nil
setup: assigned thread_id=18
init: final thread_id=18, base_seed=nil
setup: assigned thread_id=19
init: final thread_id=19, base_seed=nil
setup: assigned thread_id=20
init: final thread_id=20, base_seed=nil
script_want_response
Running 5m test @ http://10.10.1.1:18768
  20 threads and 200 connections

  Thread calibration: mean lat.: 84.022ms, rate sampling interval: 330ms
  Thread calibration: mean lat.: 83.259ms, rate sampling interval: 328ms
  Thread calibration: mean lat.: 80.745ms, rate sampling interval: 307ms
  Thread calibration: mean lat.: 81.342ms, rate sampling interval: 317ms
  Thread calibration: mean lat.: 79.783ms, rate sampling interval: 316ms
  Thread calibration: mean lat.: 77.111ms, rate sampling interval: 284ms
  Thread calibration: mean lat.: 80.641ms, rate sampling interval: 321ms
  Thread calibration: mean lat.: 77.279ms, rate sampling interval: 301ms
  Thread calibration: mean lat.: 77.878ms, rate sampling interval: 307ms
  Thread calibration: mean lat.: 77.166ms, rate sampling interval: 313ms
  Thread calibration: mean lat.: 74.861ms, rate sampling interval: 302ms
  Thread calibration: mean lat.: 76.401ms, rate sampling interval: 307ms
  Thread calibration: mean lat.: 75.749ms, rate sampling interval: 304ms
  Thread calibration: mean lat.: 77.257ms, rate sampling interval: 315ms
  Thread calibration: mean lat.: 76.506ms, rate sampling interval: 306ms
  Thread calibration: mean lat.: 74.603ms, rate sampling interval: 294ms
  Thread calibration: mean lat.: 74.850ms, rate sampling interval: 303ms
  Thread calibration: mean lat.: 72.940ms, rate sampling interval: 296ms
  Thread calibration: mean lat.: 75.193ms, rate sampling interval: 306ms
  Thread calibration: mean lat.: 72.032ms, rate sampling interval: 292ms

-----------------------------------------------------------------------
Test Results @ http://10.10.1.1:18768 
  Thread Stats   Avg      Stdev     99%   +/- Stdev
    Latency   206.34ms  266.12ms   1.19s    88.31%
    Req/Sec    99.71     10.86   130.00     82.54%
  Latency Distribution (HdrHistogram - Recorded Latency)
 50.000%   75.52ms
 75.000%  270.08ms
 90.000%  526.85ms
 99.000%    1.19s 
 99.900%    1.33s 
 99.990%    1.37s 
 99.999%    1.39s 
100.000%    1.39s 

  Detailed Percentile spectrum:
       Value   Percentile   TotalCount 1/(1-Percentile)

       9.527     0.000000            1         1.00
      33.855     0.100000        58111         1.11
      43.455     0.200000       116191         1.25
      51.903     0.300000       174169         1.43
      59.487     0.400000       232140         1.67
      75.519     0.500000       290005         2.00
      92.287     0.550000       319059         2.22
     122.815     0.600000       348004         2.50
     162.431     0.650000       377082         2.86
     212.863     0.700000       406048         3.33
     270.079     0.750000       435089         4.00
     300.799     0.775000       449577         4.44
     334.847     0.800000       464049         5.00
     366.847     0.825000       478572         5.71
     406.015     0.850000       493058         6.67
     453.375     0.875000       507574         8.00
     484.607     0.887500       514766         8.89
     526.847     0.900000       522029        10.00
     609.279     0.912500       529280        11.43
     706.047     0.925000       536538        13.33
     791.551     0.937500       543775        16.00
     834.559     0.943750       547389        17.78
     878.079     0.950000       551027        20.00
     923.647     0.956250       554638        22.86
     969.215     0.962500       558287        26.67
    1017.343     0.968750       561923        32.00
    1041.407     0.971875       563715        35.56
    1065.983     0.975000       565563        40.00
    1088.511     0.978125       567339        45.71
    1118.207     0.981250       569171        53.33
    1143.807     0.984375       570988        64.00
    1159.167     0.985938       571851        71.11
    1173.503     0.987500       572830        80.00
    1184.767     0.989062       573664        91.43
    1200.127     0.990625       574593       106.67
    1218.559     0.992188       575493       128.00
    1225.727     0.992969       575952       142.22
    1232.895     0.993750       576386       160.00
    1242.111     0.994531       576830       182.86
    1253.375     0.995313       577309       213.33
    1267.711     0.996094       577762       256.00
    1273.855     0.996484       577985       284.44
    1279.999     0.996875       578223       320.00
    1286.143     0.997266       578420       365.71
    1293.311     0.997656       578665       426.67
    1301.503     0.998047       578895       512.00
    1305.599     0.998242       578981       568.89
    1312.767     0.998437       579103       640.00
    1317.887     0.998633       579214       731.43
    1321.983     0.998828       579321       853.33
    1327.103     0.999023       579438      1024.00
    1329.151     0.999121       579494      1137.78
    1331.199     0.999219       579549      1280.00
    1334.271     0.999316       579622      1462.86
    1337.343     0.999414       579665      1706.67
    1341.439     0.999512       579725      2048.00
    1343.487     0.999561       579750      2275.56
    1345.535     0.999609       579776      2560.00
    1348.607     0.999658       579806      2925.71
    1352.703     0.999707       579835      3413.33
    1357.823     0.999756       579864      4096.00
    1359.871     0.999780       579875      4551.11
    1363.967     0.999805       579890      5120.00
    1366.015     0.999829       579903      5851.43
    1368.063     0.999854       579919      6826.67
    1371.135     0.999878       579930      8192.00
    1373.183     0.999890       579940      9102.22
    1375.231     0.999902       579950     10240.00
    1376.255     0.999915       579957     11702.86
    1377.279     0.999927       579960     13653.33
    1378.303     0.999939       579966     16384.00
    1379.327     0.999945       579969     18204.44
    1380.351     0.999951       579972     20480.00
    1381.375     0.999957       579980     23405.71
    1381.375     0.999963       579980     27306.67
    1383.423     0.999969       579984     32768.00
    1384.447     0.999973       579986     36408.89
    1384.447     0.999976       579986     40960.00
    1385.471     0.999979       579989     46811.43
    1386.495     0.999982       579990     54613.33
    1387.519     0.999985       579995     65536.00
    1387.519     0.999986       579995     72817.78
    1387.519     0.999988       579995     81920.00
    1387.519     0.999989       579995     93622.86
    1387.519     0.999991       579995    109226.67
    1388.543     0.999992       579996    131072.00
    1389.567     0.999993       579997    145635.56
    1389.567     0.999994       579997    163840.00
    1389.567     0.999995       579997    187245.71
    1392.639     0.999995       579999    218453.33
    1392.639     0.999996       579999    262144.00
    1392.639     0.999997       579999    291271.11
    1392.639     0.999997       579999    327680.00
    1392.639     0.999997       579999    374491.43
    1392.639     0.999998       579999    436906.67
    1392.639     0.999998       579999    524288.00
    1393.663     0.999998       580000    582542.22
    1393.663     1.000000       580000          inf
#[Mean    =      206.337, StdDeviation   =      266.124]
#[Max     =     1392.640, Total count    =       580000]
#[Buckets =           27, SubBuckets     =         2048]
-----------------------------------------------------------------------
  599805 requests in 5.00m, 93.01MB read
Requests/sec:   1999.19  
Transfer/sec:    317.45KB
