setup: assigned thread_id=1
init: final thread_id=1, base_seed=nil
script_want_response
Running 1m test @ http://10.10.1.1:18768
  1 threads and 10 connections

  Thread calibration: mean lat.: 9.209ms, rate sampling interval: 20ms

-----------------------------------------------------------------------
Test Results @ http://10.10.1.1:18768 
  Thread Stats   Avg      Stdev     99%   +/- Stdev
    Latency    14.68ms   11.86ms  62.81ms   86.42%
    Req/Sec   102.50    158.61   526.00     82.42%
  Latency Distribution (HdrHistogram - Recorded Latency)
 50.000%    8.89ms
 75.000%   18.00ms
 90.000%   29.95ms
 99.000%   62.81ms
 99.900%   90.30ms
 99.990%   96.00ms
 99.999%   96.00ms
100.000%   96.00ms

  Detailed Percentile spectrum:
       Value   Percentile   TotalCount 1/(1-Percentile)

       5.959     0.000000            1         1.00
       7.215     0.100000          503         1.11
       7.607     0.200000         1000         1.25
       7.943     0.300000         1501         1.43
       8.327     0.400000         2002         1.67
       8.887     0.500000         2501         2.00
       9.319     0.550000         2754         2.22
      10.055     0.600000         3001         2.50
      11.943     0.650000         3250         2.86
      14.759     0.700000         3500         3.33
      18.015     0.750000         3750         4.00
      19.743     0.775000         3876         4.44
      21.599     0.800000         4000         5.00
      23.631     0.825000         4126         5.71
      25.407     0.850000         4250         6.67
      27.535     0.875000         4375         8.00
      28.639     0.887500         4437         8.89
      29.967     0.900000         4502        10.00
      31.247     0.912500         4562        11.43
      32.655     0.925000         4625        13.33
      34.847     0.937500         4688        16.00
      36.159     0.943750         4718        17.78
      37.951     0.950000         4750        20.00
      39.743     0.956250         4781        22.86
      42.495     0.962500         4812        26.67
      45.855     0.968750         4844        32.00
      46.975     0.971875         4859        35.56
      48.191     0.975000         4875        40.00
      49.727     0.978125         4890        45.71
      51.359     0.981250         4906        53.33
      55.199     0.984375         4921        64.00
      57.663     0.985938         4929        71.11
      59.359     0.987500         4937        80.00
      61.887     0.989062         4945        91.43
      64.191     0.990625         4954       106.67
      66.751     0.992188         4960       128.00
      70.783     0.992969         4964       142.22
      71.999     0.993750         4968       160.00
      73.407     0.994531         4972       182.86
      74.111     0.995313         4976       213.33
      75.839     0.996094         4980       256.00
      76.351     0.996484         4982       284.44
      77.823     0.996875         4984       320.00
      79.679     0.997266         4986       365.71
      84.159     0.997656         4988       426.67
      87.679     0.998047         4990       512.00
      87.807     0.998242         4991       568.89
      89.791     0.998437         4992       640.00
      89.855     0.998633         4993       731.43
      90.303     0.998828         4994       853.33
      91.839     0.999023         4995      1024.00
      91.839     0.999121         4995      1137.78
      93.823     0.999219         4996      1280.00
      93.823     0.999316         4996      1462.86
      94.399     0.999414         4997      1706.67
      94.399     0.999512         4997      2048.00
      94.399     0.999561         4997      2275.56
      95.487     0.999609         4998      2560.00
      95.487     0.999658         4998      2925.71
      95.487     0.999707         4998      3413.33
      95.487     0.999756         4998      4096.00
      95.487     0.999780         4998      4551.11
      95.999     0.999805         4999      5120.00
      95.999     1.000000         4999          inf
#[Mean    =       14.676, StdDeviation   =       11.858]
#[Max     =       95.936, Total count    =         4999]
#[Buckets =           27, SubBuckets     =         2048]
-----------------------------------------------------------------------
  5990 requests in 1.00m, 0.93MB read
Requests/sec:     99.81  
Transfer/sec:     15.85KB
