setup: assigned thread_id=1
init: final thread_id=1, base_seed=nil
script_want_response
Running 1m test @ http://10.10.1.1:23238
  1 threads and 10 connections

  Thread calibration: mean lat.: 11.046ms, rate sampling interval: 24ms

-----------------------------------------------------------------------
Test Results @ http://10.10.1.1:23238 
  Thread Stats   Avg      Stdev     99%   +/- Stdev
    Latency    11.12ms    2.68ms  13.47ms   99.32%
    Req/Sec   101.86    166.47   434.00     78.76%
  Latency Distribution (HdrHistogram - Recorded Latency)
 50.000%   10.87ms
 75.000%   11.46ms
 90.000%   12.25ms
 99.000%   13.47ms
 99.900%   27.15ms
 99.990%   95.74ms
 99.999%  118.40ms
100.000%  118.40ms

  Detailed Percentile spectrum:
       Value   Percentile   TotalCount 1/(1-Percentile)

       9.335     0.000000            1         1.00
      10.167     0.100000          503         1.11
      10.367     0.200000         1008         1.25
      10.551     0.300000         1512         1.43
      10.703     0.400000         2005         1.67
      10.871     0.500000         2502         2.00
      10.967     0.550000         2767         2.22
      11.063     0.600000         3010         2.50
      11.183     0.650000         3253         2.86
      11.319     0.700000         3500         3.33
      11.463     0.750000         3753         4.00
      11.559     0.775000         3881         4.44
      11.655     0.800000         4004         5.00
      11.759     0.825000         4125         5.71
      11.911     0.850000         4259         6.67
      12.079     0.875000         4379         8.00
      12.167     0.887500         4440         8.89
      12.247     0.900000         4500        10.00
      12.351     0.912500         4565        11.43
      12.463     0.925000         4632        13.33
      12.543     0.937500         4688        16.00
      12.607     0.943750         4719        17.78
      12.679     0.950000         4751        20.00
      12.735     0.956250         4782        22.86
      12.807     0.962500         4815        26.67
      12.887     0.968750         4846        32.00
      12.927     0.971875         4860        35.56
      12.991     0.975000         4875        40.00
      13.087     0.978125         4894        45.71
      13.151     0.981250         4907        53.33
      13.223     0.984375         4923        64.00
      13.279     0.985938         4930        71.11
      13.367     0.987500         4938        80.00
      13.447     0.989062         4946        91.43
      13.503     0.990625         4954       106.67
      13.607     0.992188         4961       128.00
      13.775     0.992969         4965       142.22
      13.991     0.993750         4969       160.00
      14.039     0.994531         4973       182.86
      14.207     0.995313         4977       213.33
      14.527     0.996094         4981       256.00
      14.687     0.996484         4983       284.44
      15.095     0.996875         4985       320.00
      15.399     0.997266         4987       365.71
      15.775     0.997656         4989       426.67
      17.487     0.998047         4991       512.00
      17.663     0.998242         4992       568.89
      19.855     0.998437         4993       640.00
      20.383     0.998633         4994       731.43
      27.151     0.998828         4995       853.33
      30.335     0.999023         4996      1024.00
      30.335     0.999121         4996      1137.78
      87.487     0.999219         4997      1280.00
      87.487     0.999316         4997      1462.86
      95.487     0.999414         4998      1706.67
      95.487     0.999512         4998      2048.00
      95.487     0.999561         4998      2275.56
      95.743     0.999609         4999      2560.00
      95.743     0.999658         4999      2925.71
      95.743     0.999707         4999      3413.33
      95.743     0.999756         4999      4096.00
      95.743     0.999780         4999      4551.11
     118.399     0.999805         5000      5120.00
     118.399     1.000000         5000          inf
#[Mean    =       11.125, StdDeviation   =        2.678]
#[Max     =      118.336, Total count    =         5000]
#[Buckets =           27, SubBuckets     =         2048]
-----------------------------------------------------------------------
  5990 requests in 1.00m, 0.93MB read
Requests/sec:     99.81  
Transfer/sec:     15.86KB
