setup: assigned thread_id=1
init: final thread_id=1, base_seed=nil
setup: assigned thread_id=2
init: final thread_id=2, base_seed=nil
setup: assigned thread_id=3
init: final thread_id=3, base_seed=nil
setup: assigned thread_id=4
init: final thread_id=4, base_seed=nil
setup: assigned thread_id=5
init: final thread_id=5, base_seed=nil
setup: assigned thread_id=6
init: final thread_id=6, base_seed=nil
setup: assigned thread_id=7
init: final thread_id=7, base_seed=nil
setup: assigned thread_id=8
init: final thread_id=8, base_seed=nil
setup: assigned thread_id=9
init: final thread_id=9, base_seed=nil
setup: assigned thread_id=10
init: final thread_id=10, base_seed=nil
setup: assigned thread_id=11
init: final thread_id=11, base_seed=nil
setup: assigned thread_id=12
init: final thread_id=12, base_seed=nil
setup: assigned thread_id=13
init: final thread_id=13, base_seed=nil
setup: assigned thread_id=14
init: final thread_id=14, base_seed=nil
setup: assigned thread_id=15
init: final thread_id=15, base_seed=nil
setup: assigned thread_id=16
init: final thread_id=16, base_seed=nil
setup: assigned thread_id=17
init: final thread_id=17, base_seed=nil
setup: assigned thread_id=18
init: final thread_id=18, base_seed=nil
setup: assigned thread_id=19
init: final thread_id=19, base_seed=nil
setup: assigned thread_id=20
init: final thread_id=20, base_seed=nil
script_want_response
Running 1m test @ http://10.10.1.1:26850
  20 threads and 200 connections

  Thread calibration: mean lat.: 16.531ms, rate sampling interval: 58ms
  Thread calibration: mean lat.: 19.320ms, rate sampling interval: 73ms
  Thread calibration: mean lat.: 21.614ms, rate sampling interval: 84ms
  Thread calibration: mean lat.: 24.165ms, rate sampling interval: 89ms
  Thread calibration: mean lat.: 27.056ms, rate sampling interval: 94ms
  Thread calibration: mean lat.: 28.925ms, rate sampling interval: 93ms
  Thread calibration: mean lat.: 31.647ms, rate sampling interval: 97ms
  Thread calibration: mean lat.: 34.095ms, rate sampling interval: 98ms
  Thread calibration: mean lat.: 36.122ms, rate sampling interval: 100ms
  Thread calibration: mean lat.: 37.162ms, rate sampling interval: 101ms
  Thread calibration: mean lat.: 37.528ms, rate sampling interval: 101ms
  Thread calibration: mean lat.: 37.982ms, rate sampling interval: 101ms
  Thread calibration: mean lat.: 38.243ms, rate sampling interval: 100ms
  Thread calibration: mean lat.: 38.139ms, rate sampling interval: 100ms
  Thread calibration: mean lat.: 37.930ms, rate sampling interval: 99ms
  Thread calibration: mean lat.: 37.773ms, rate sampling interval: 99ms
  Thread calibration: mean lat.: 37.440ms, rate sampling interval: 99ms
  Thread calibration: mean lat.: 36.815ms, rate sampling interval: 96ms
  Thread calibration: mean lat.: 36.672ms, rate sampling interval: 98ms
  Thread calibration: mean lat.: 35.848ms, rate sampling interval: 97ms

-----------------------------------------------------------------------
Test Results @ http://10.10.1.1:26850 
  Thread Stats   Avg      Stdev     99%   +/- Stdev
    Latency    40.32ms   16.30ms  70.65ms   64.58%
    Req/Sec   100.32     28.31   175.00     79.58%
  Latency Distribution (HdrHistogram - Recorded Latency)
 50.000%   43.23ms
 75.000%   52.86ms
 90.000%   59.58ms
 99.000%   70.65ms
 99.900%   77.69ms
 99.990%   82.37ms
 99.999%   84.10ms
100.000%   99.46ms

  Detailed Percentile spectrum:
       Value   Percentile   TotalCount 1/(1-Percentile)

       8.139     0.000000            1         1.00
      13.503     0.100000        10004         1.11
      24.159     0.200000        20007         1.25
      32.431     0.300000        30001         1.43
      38.175     0.400000        40007         1.67
      43.231     0.500000        50055         2.00
      45.375     0.550000        55022         2.22
      47.295     0.600000        60040         2.50
      49.119     0.650000        65004         2.86
      50.975     0.700000        70080         3.33
      52.863     0.750000        75086         4.00
      53.791     0.775000        77544         4.44
      54.783     0.800000        80050         5.00
      55.807     0.825000        82545         5.71
      56.959     0.850000        85066         6.67
      58.143     0.875000        87518         8.00
      58.815     0.887500        88752         8.89
      59.583     0.900000        90034        10.00
      60.287     0.912500        91273        11.43
      61.183     0.925000        92525        13.33
      62.207     0.937500        93755        16.00
      62.783     0.943750        94405        17.78
      63.359     0.950000        95019        20.00
      64.031     0.956250        95638        22.86
      64.863     0.962500        96276        26.67
      65.727     0.968750        96884        32.00
      66.239     0.971875        97209        35.56
      66.815     0.975000        97534        40.00
      67.391     0.978125        97834        45.71
      68.095     0.981250        98129        53.33
      68.927     0.984375        98446        64.00
      69.375     0.985938        98604        71.11
      69.887     0.987500        98765        80.00
      70.335     0.989062        98911        91.43
      70.975     0.990625        99074       106.67
      71.551     0.992188        99218       128.00
      71.871     0.992969        99301       142.22
      72.319     0.993750        99383       160.00
      72.703     0.994531        99458       182.86
      73.151     0.995313        99533       213.33
      73.727     0.996094        99613       256.00
      74.047     0.996484        99658       284.44
      74.367     0.996875        99690       320.00
      74.815     0.997266        99728       365.71
      75.199     0.997656        99768       426.67
      75.903     0.998047        99809       512.00
      76.159     0.998242        99825       568.89
      76.415     0.998437        99845       640.00
      76.927     0.998633        99864       731.43
      77.311     0.998828        99882       853.33
      77.759     0.999023        99904      1024.00
      78.079     0.999121        99916      1137.78
      78.207     0.999219        99921      1280.00
      78.655     0.999316        99931      1462.86
      78.975     0.999414        99941      1706.67
      79.423     0.999512        99951      2048.00
      79.935     0.999561        99957      2275.56
      80.255     0.999609        99960      2560.00
      80.511     0.999658        99967      2925.71
      80.703     0.999707        99971      3413.33
      80.959     0.999756        99975      4096.00
      81.407     0.999780        99978      4551.11
      81.599     0.999805        99980      5120.00
      81.663     0.999829        99982      5851.43
      81.983     0.999854        99985      6826.67
      82.239     0.999878        99987      8192.00
      82.367     0.999890        99989      9102.22
      82.431     0.999902        99990     10240.00
      82.687     0.999915        99991     11702.86
      82.815     0.999927        99993     13653.33
      82.815     0.999939        99993     16384.00
      83.007     0.999945        99994     18204.44
      83.455     0.999951        99995     20480.00
      83.455     0.999957        99995     23405.71
      83.775     0.999963        99996     27306.67
      83.775     0.999969        99996     32768.00
      83.903     0.999973        99997     36408.89
      83.903     0.999976        99997     40960.00
      83.903     0.999979        99997     46811.43
      84.095     0.999982        99998     54613.33
      84.095     0.999985        99998     65536.00
      84.095     0.999986        99998     72817.78
      84.095     0.999988        99998     81920.00
      84.095     0.999989        99998     93622.86
      99.455     0.999991        99999    109226.67
      99.455     1.000000        99999          inf
#[Mean    =       40.316, StdDeviation   =       16.302]
#[Max     =       99.392, Total count    =        99999]
#[Buckets =           27, SubBuckets     =         2048]
-----------------------------------------------------------------------
  119802 requests in 1.00m, 18.58MB read
Requests/sec:   1996.20  
Transfer/sec:    316.97KB
