setup: assigned thread_id=1
init: final thread_id=1, base_seed=nil
setup: assigned thread_id=2
init: final thread_id=2, base_seed=nil
setup: assigned thread_id=3
init: final thread_id=3, base_seed=nil
setup: assigned thread_id=4
init: final thread_id=4, base_seed=nil
setup: assigned thread_id=5
init: final thread_id=5, base_seed=nil
setup: assigned thread_id=6
init: final thread_id=6, base_seed=nil
setup: assigned thread_id=7
init: final thread_id=7, base_seed=nil
setup: assigned thread_id=8
init: final thread_id=8, base_seed=nil
setup: assigned thread_id=9
init: final thread_id=9, base_seed=nil
setup: assigned thread_id=10
init: final thread_id=10, base_seed=nil
setup: assigned thread_id=11
init: final thread_id=11, base_seed=nil
setup: assigned thread_id=12
init: final thread_id=12, base_seed=nil
script_want_response
Running 5m test @ http://10.10.1.1:26850
  12 threads and 113 connections

  Thread calibration: mean lat.: 14.053ms, rate sampling interval: 41ms
  Thread calibration: mean lat.: 15.513ms, rate sampling interval: 46ms
  Thread calibration: mean lat.: 16.483ms, rate sampling interval: 48ms
  Thread calibration: mean lat.: 17.666ms, rate sampling interval: 51ms
  Thread calibration: mean lat.: 18.785ms, rate sampling interval: 52ms
  Thread calibration: mean lat.: 10.029ms, rate sampling interval: 22ms
  Thread calibration: mean lat.: 19.451ms, rate sampling interval: 53ms
  Thread calibration: mean lat.: 20.041ms, rate sampling interval: 53ms
  Thread calibration: mean lat.: 20.361ms, rate sampling interval: 54ms
  Thread calibration: mean lat.: 20.250ms, rate sampling interval: 53ms
  Thread calibration: mean lat.: 20.024ms, rate sampling interval: 53ms
  Thread calibration: mean lat.: 19.717ms, rate sampling interval: 52ms

-----------------------------------------------------------------------
Test Results @ http://10.10.1.1:26850 
  Thread Stats   Avg      Stdev     99%   +/- Stdev
    Latency    22.32ms    8.38ms  40.61ms   63.22%
    Req/Sec   126.22     96.05   428.00     72.05%
  Latency Distribution (HdrHistogram - Recorded Latency)
 50.000%   22.08ms
 75.000%   28.46ms
 90.000%   33.12ms
 99.000%   40.61ms
 99.900%   69.50ms
 99.990%   97.21ms
 99.999%  120.38ms
100.000%  125.76ms

  Detailed Percentile spectrum:
       Value   Percentile   TotalCount 1/(1-Percentile)

       8.111     0.000000            1         1.00
      10.911     0.100000        43661         1.11
      13.999     0.200000        87043         1.25
      17.151     0.300000       130560         1.43
      19.631     0.400000       174274         1.67
      22.079     0.500000       217706         2.00
      23.327     0.550000       239284         2.22
      24.607     0.600000       261190         2.50
      25.887     0.650000       282968         2.86
      27.151     0.700000       304712         3.33
      28.463     0.750000       326548         4.00
      29.119     0.775000       337208         4.44
      29.807     0.800000       348159         5.00
      30.527     0.825000       358917         5.71
      31.327     0.850000       369896         6.67
      32.159     0.875000       380731         8.00
      32.623     0.887500       386241         8.89
      33.119     0.900000       391789        10.00
      33.631     0.912500       396961        11.43
      34.207     0.925000       402416        13.33
      34.879     0.937500       407950        16.00
      35.231     0.943750       410584        17.78
      35.647     0.950000       413450        20.00
      36.063     0.956250       416054        22.86
      36.575     0.962500       418780        26.67
      37.151     0.968750       421510        32.00
      37.471     0.971875       422862        35.56
      37.855     0.975000       424275        40.00
      38.239     0.978125       425537        45.71
      38.687     0.981250       426886        53.33
      39.263     0.984375       428300        64.00
      39.583     0.985938       428951        71.11
      39.935     0.987500       429647        80.00
      40.319     0.989062       430305        91.43
      40.799     0.990625       430966       106.67
      41.407     0.992188       431636       128.00
      41.727     0.992969       431981       142.22
      42.111     0.993750       432320       160.00
      42.623     0.994531       432643       182.86
      43.295     0.995313       432984       213.33
      44.191     0.996094       433325       256.00
      44.895     0.996484       433491       284.44
      45.727     0.996875       433665       320.00
      46.847     0.997266       433832       365.71
      48.383     0.997656       434001       426.67
      50.623     0.998047       434171       512.00
      52.031     0.998242       434258       568.89
      53.791     0.998437       434341       640.00
      57.439     0.998633       434427       731.43
      65.055     0.998828       434511       853.33
      70.015     0.999023       434596      1024.00
      72.255     0.999121       434641      1137.78
      74.431     0.999219       434682      1280.00
      75.967     0.999316       434723      1462.86
      78.079     0.999414       434767      1706.67
      80.063     0.999512       434808      2048.00
      81.151     0.999561       434830      2275.56
      82.111     0.999609       434851      2560.00
      83.199     0.999658       434872      2925.71
      85.375     0.999707       434893      3413.33
      86.847     0.999756       434915      4096.00
      87.359     0.999780       434925      4551.11
      88.767     0.999805       434936      5120.00
      89.855     0.999829       434946      5851.43
      91.839     0.999854       434957      6826.67
      95.295     0.999878       434967      8192.00
      96.895     0.999890       434973      9102.22
      98.303     0.999902       434978     10240.00
     100.415     0.999915       434983     11702.86
     105.983     0.999927       434989     13653.33
     110.335     0.999939       434994     16384.00
     112.639     0.999945       434997     18204.44
     113.791     0.999951       435000     20480.00
     114.431     0.999957       435002     23405.71
     115.199     0.999963       435006     27306.67
     115.967     0.999969       435007     32768.00
     117.119     0.999973       435009     36408.89
     117.247     0.999976       435010     40960.00
     117.695     0.999979       435011     46811.43
     118.847     0.999982       435013     54613.33
     119.423     0.999985       435014     65536.00
     119.679     0.999986       435015     72817.78
     119.679     0.999988       435015     81920.00
     120.383     0.999989       435016     93622.86
     121.663     0.999991       435017    109226.67
     121.663     0.999992       435017    131072.00
     121.791     0.999993       435018    145635.56
     121.791     0.999994       435018    163840.00
     121.791     0.999995       435018    187245.71
     125.695     0.999995       435019    218453.33
     125.695     0.999996       435019    262144.00
     125.695     0.999997       435019    291271.11
     125.695     0.999997       435019    327680.00
     125.695     0.999997       435019    374491.43
     125.759     0.999998       435020    436906.67
     125.759     1.000000       435020          inf
#[Mean    =       22.316, StdDeviation   =        8.382]
#[Max     =      125.696, Total count    =       435020]
#[Buckets =           27, SubBuckets     =         2048]
-----------------------------------------------------------------------
  449800 requests in 5.00m, 69.75MB read
Requests/sec:   1499.25  
Transfer/sec:    238.06KB
