setup: assigned thread_id=1
init: final thread_id=1, base_seed=nil
script_want_response
Running 1m test @ http://10.10.1.1:26850
  1 threads and 10 connections

  Thread calibration: mean lat.: 9.985ms, rate sampling interval: 22ms

-----------------------------------------------------------------------
Test Results @ http://10.10.1.1:26850 
  Thread Stats   Avg      Stdev     99%   +/- Stdev
    Latency     9.94ms    0.92ms  12.22ms   69.98%
    Req/Sec   102.05    176.96   476.00     79.87%
  Latency Distribution (HdrHistogram - Recorded Latency)
 50.000%    9.79ms
 75.000%   10.45ms
 90.000%   11.26ms
 99.000%   12.22ms
 99.900%   13.31ms
 99.990%   15.73ms
 99.999%   26.94ms
100.000%   26.94ms

  Detailed Percentile spectrum:
       Value   Percentile   TotalCount 1/(1-Percentile)

       7.851     0.000000            1         1.00
       8.935     0.100000          502         1.11
       9.191     0.200000         1018         1.25
       9.391     0.300000         1516         1.43
       9.591     0.400000         2006         1.67
       9.791     0.500000         2508         2.00
       9.903     0.550000         2766         2.22
      10.007     0.600000         3008         2.50
      10.143     0.650000         3264         2.86
      10.287     0.700000         3504         3.33
      10.455     0.750000         3752         4.00
      10.559     0.775000         3876         4.44
      10.687     0.800000         4010         5.00
      10.815     0.825000         4131         5.71
      10.943     0.850000         4253         6.67
      11.087     0.875000         4378         8.00
      11.175     0.887500         4438         8.89
      11.255     0.900000         4502        10.00
      11.327     0.912500         4563        11.43
      11.415     0.925000         4631        13.33
      11.503     0.937500         4689        16.00
      11.567     0.943750         4719        17.78
      11.647     0.950000         4754        20.00
      11.711     0.956250         4783        22.86
      11.775     0.962500         4813        26.67
      11.863     0.968750         4848        32.00
      11.903     0.971875         4864        35.56
      11.935     0.975000         4879        40.00
      11.951     0.978125         4892        45.71
      12.015     0.981250         4907        53.33
      12.095     0.984375         4924        64.00
      12.135     0.985938         4932        71.11
      12.167     0.987500         4939        80.00
      12.191     0.989062         4946        91.43
      12.231     0.990625         4954       106.67
      12.335     0.992188         4963       128.00
      12.367     0.992969         4966       142.22
      12.415     0.993750         4969       160.00
      12.487     0.994531         4973       182.86
      12.535     0.995313         4977       213.33
      12.623     0.996094         4982       256.00
      12.631     0.996484         4985       284.44
      12.631     0.996875         4985       320.00
      12.687     0.997266         4987       365.71
      12.767     0.997656         4989       426.67
      12.847     0.998047         4991       512.00
      12.855     0.998242         4992       568.89
      12.871     0.998437         4993       640.00
      13.111     0.998633         4994       731.43
      13.311     0.998828         4995       853.33
      13.647     0.999023         4996      1024.00
      13.647     0.999121         4996      1137.78
      14.247     0.999219         4997      1280.00
      14.247     0.999316         4997      1462.86
      14.271     0.999414         4998      1706.67
      14.271     0.999512         4998      2048.00
      14.271     0.999561         4998      2275.56
      15.727     0.999609         4999      2560.00
      15.727     0.999658         4999      2925.71
      15.727     0.999707         4999      3413.33
      15.727     0.999756         4999      4096.00
      15.727     0.999780         4999      4551.11
      26.943     0.999805         5000      5120.00
      26.943     1.000000         5000          inf
#[Mean    =        9.944, StdDeviation   =        0.916]
#[Max     =       26.928, Total count    =         5000]
#[Buckets =           27, SubBuckets     =         2048]
-----------------------------------------------------------------------
  5990 requests in 1.00m, 0.93MB read
Requests/sec:     99.81  
Transfer/sec:     15.85KB
