setup: assigned thread_id=1
init: final thread_id=1, base_seed=nil
setup: assigned thread_id=2
init: final thread_id=2, base_seed=nil
setup: assigned thread_id=3
init: final thread_id=3, base_seed=nil
setup: assigned thread_id=4
init: final thread_id=4, base_seed=nil
setup: assigned thread_id=5
init: final thread_id=5, base_seed=nil
setup: assigned thread_id=6
init: final thread_id=6, base_seed=nil
setup: assigned thread_id=7
init: final thread_id=7, base_seed=nil
setup: assigned thread_id=8
init: final thread_id=8, base_seed=nil
setup: assigned thread_id=9
init: final thread_id=9, base_seed=nil
setup: assigned thread_id=10
init: final thread_id=10, base_seed=nil
setup: assigned thread_id=11
init: final thread_id=11, base_seed=nil
setup: assigned thread_id=12
init: final thread_id=12, base_seed=nil
setup: assigned thread_id=13
init: final thread_id=13, base_seed=nil
setup: assigned thread_id=14
init: final thread_id=14, base_seed=nil
setup: assigned thread_id=15
init: final thread_id=15, base_seed=nil
setup: assigned thread_id=16
init: final thread_id=16, base_seed=nil
setup: assigned thread_id=17
init: final thread_id=17, base_seed=nil
setup: assigned thread_id=18
init: final thread_id=18, base_seed=nil
setup: assigned thread_id=19
init: final thread_id=19, base_seed=nil
setup: assigned thread_id=20
init: final thread_id=20, base_seed=nil
script_want_response
Running 1m test @ http://10.10.1.1:5834
  20 threads and 200 connections

  Thread calibration: mean lat.: 24.382ms, rate sampling interval: 80ms
  Thread calibration: mean lat.: 26.313ms, rate sampling interval: 83ms
  Thread calibration: mean lat.: 29.359ms, rate sampling interval: 87ms
  Thread calibration: mean lat.: 31.174ms, rate sampling interval: 88ms
  Thread calibration: mean lat.: 34.367ms, rate sampling interval: 102ms
  Thread calibration: mean lat.: 35.996ms, rate sampling interval: 105ms
  Thread calibration: mean lat.: 37.939ms, rate sampling interval: 107ms
  Thread calibration: mean lat.: 39.972ms, rate sampling interval: 110ms
  Thread calibration: mean lat.: 42.477ms, rate sampling interval: 114ms
  Thread calibration: mean lat.: 43.599ms, rate sampling interval: 115ms
  Thread calibration: mean lat.: 44.469ms, rate sampling interval: 117ms
  Thread calibration: mean lat.: 44.680ms, rate sampling interval: 117ms
  Thread calibration: mean lat.: 45.062ms, rate sampling interval: 117ms
  Thread calibration: mean lat.: 45.302ms, rate sampling interval: 118ms
  Thread calibration: mean lat.: 45.168ms, rate sampling interval: 119ms
  Thread calibration: mean lat.: 44.983ms, rate sampling interval: 119ms
  Thread calibration: mean lat.: 44.420ms, rate sampling interval: 123ms
  Thread calibration: mean lat.: 43.526ms, rate sampling interval: 121ms
  Thread calibration: mean lat.: 42.839ms, rate sampling interval: 119ms
  Thread calibration: mean lat.: 42.170ms, rate sampling interval: 119ms

-----------------------------------------------------------------------
Test Results @ http://10.10.1.1:5834 
  Thread Stats   Avg      Stdev     99%   +/- Stdev
    Latency    44.65ms   16.61ms  92.29ms   74.54%
    Req/Sec   100.04     27.08   170.00     82.46%
  Latency Distribution (HdrHistogram - Recorded Latency)
 50.000%   44.80ms
 75.000%   55.04ms
 90.000%   61.66ms
 99.000%   92.29ms
 99.900%  148.22ms
 99.990%  206.85ms
 99.999%  214.78ms
100.000%  219.26ms

  Detailed Percentile spectrum:
       Value   Percentile   TotalCount 1/(1-Percentile)

      10.095     0.000000            1         1.00
      22.543     0.100000        10006         1.11
      32.335     0.200000        20000         1.25
      37.183     0.300000        30042         1.43
      40.735     0.400000        40090         1.67
      44.799     0.500000        50013         2.00
      47.263     0.550000        55055         2.22
      49.471     0.600000        60056         2.50
      51.455     0.650000        65013         2.86
      53.247     0.700000        70088         3.33
      55.039     0.750000        75041         4.00
      55.967     0.775000        77536         4.44
      56.959     0.800000        80073         5.00
      58.015     0.825000        82571         5.71
      59.071     0.850000        85064         6.67
      60.287     0.875000        87543         8.00
      60.927     0.887500        88763         8.89
      61.663     0.900000        90041        10.00
      62.431     0.912500        91254        11.43
      63.359     0.925000        92519        13.33
      64.415     0.937500        93780        16.00
      65.055     0.943750        94397        17.78
      65.727     0.950000        95015        20.00
      66.623     0.956250        95639        22.86
      67.711     0.962500        96267        26.67
      69.119     0.968750        96896        32.00
      69.887     0.971875        97195        35.56
      70.911     0.975000        97504        40.00
      72.383     0.978125        97820        45.71
      74.239     0.981250        98129        53.33
      77.631     0.984375        98438        64.00
      80.127     0.985938        98596        71.11
      82.943     0.987500        98750        80.00
      87.103     0.989062        98907        91.43
      98.303     0.990625        99063       106.67
     106.687     0.992188        99222       128.00
     108.607     0.992969        99297       142.22
     110.975     0.993750        99375       160.00
     113.855     0.994531        99454       182.86
     118.015     0.995313        99533       213.33
     127.807     0.996094        99611       256.00
     130.303     0.996484        99650       284.44
     132.351     0.996875        99691       320.00
     133.759     0.997266        99730       365.71
     135.167     0.997656        99767       426.67
     137.087     0.998047        99806       512.00
     139.391     0.998242        99825       568.89
     142.335     0.998437        99844       640.00
     144.255     0.998633        99866       731.43
     146.047     0.998828        99883       853.33
     148.607     0.999023        99903      1024.00
     149.759     0.999121        99915      1137.78
     150.911     0.999219        99922      1280.00
     152.447     0.999316        99932      1462.86
     161.279     0.999414        99942      1706.67
     193.663     0.999512        99952      2048.00
     194.303     0.999561        99957      2275.56
     196.863     0.999609        99961      2560.00
     198.143     0.999658        99968      2925.71
     198.911     0.999707        99971      3413.33
     200.063     0.999756        99976      4096.00
     201.215     0.999780        99980      4551.11
     201.343     0.999805        99981      5120.00
     201.983     0.999829        99984      5851.43
     202.495     0.999854        99986      6826.67
     202.879     0.999878        99988      8192.00
     206.847     0.999890        99990      9102.22
     208.255     0.999902        99991     10240.00
     209.151     0.999915        99992     11702.86
     209.407     0.999927        99993     13653.33
     210.047     0.999939        99994     16384.00
     210.175     0.999945        99995     18204.44
     210.943     0.999951        99996     20480.00
     210.943     0.999957        99996     23405.71
     213.247     0.999963        99997     27306.67
     213.247     0.999969        99997     32768.00
     214.143     0.999973        99998     36408.89
     214.143     0.999976        99998     40960.00
     214.143     0.999979        99998     46811.43
     214.783     0.999982        99999     54613.33
     214.783     0.999985        99999     65536.00
     214.783     0.999986        99999     72817.78
     214.783     0.999988        99999     81920.00
     214.783     0.999989        99999     93622.86
     219.263     0.999991       100000    109226.67
     219.263     1.000000       100000          inf
#[Mean    =       44.647, StdDeviation   =       16.607]
#[Max     =      219.136, Total count    =       100000]
#[Buckets =           27, SubBuckets     =         2048]
-----------------------------------------------------------------------
  119800 requests in 1.00m, 18.58MB read
Requests/sec:   1996.19  
Transfer/sec:    316.98KB
