Running 5m test @ http://10.10.1.1:9438/Spam?n=100
  9 threads and 18 connections

  Thread calibration: mean lat.: 0.865ms, rate sampling interval: 10ms
  Thread calibration: mean lat.: 0.992ms, rate sampling interval: 10ms
  Thread calibration: mean lat.: 0.965ms, rate sampling interval: 10ms
  Thread calibration: mean lat.: 1.015ms, rate sampling interval: 10ms
  Thread calibration: mean lat.: 1.991ms, rate sampling interval: 10ms
  Thread calibration: mean lat.: 0.974ms, rate sampling interval: 10ms
  Thread calibration: mean lat.: 0.992ms, rate sampling interval: 10ms
  Thread calibration: mean lat.: 0.975ms, rate sampling interval: 10ms
  Thread calibration: mean lat.: 1.945ms, rate sampling interval: 10ms

-----------------------------------------------------------------------
Test Results @ http://10.10.1.1:9438/Spam?n=100 
  Thread Stats   Avg      Stdev     99%   +/- Stdev
    Latency     4.65ms   80.18ms  18.75ms   99.65%
    Req/Sec   478.88    109.64   777.00     85.45%
  Latency Distribution (HdrHistogram - Recorded Latency)
 50.000%    0.89ms
 75.000%    1.11ms
 90.000%    1.45ms
 99.000%   18.75ms
 99.900%    1.53s 
 99.990%    3.12s 
 99.999%    3.31s 
100.000%    3.35s 

  Detailed Percentile spectrum:
       Value   Percentile   TotalCount 1/(1-Percentile)

       0.102     0.000000            1         1.00
       0.754     0.100000       120964         1.11
       0.781     0.200000       237120         1.25
       0.809     0.300000       357634         1.43
       0.843     0.400000       475772         1.67
       0.890     0.500000       592831         2.00
       0.920     0.550000       652029         2.22
       0.955     0.600000       712110         2.50
       0.996     0.650000       771028         2.86
       1.047     0.700000       829566         3.33
       1.114     0.750000       889253         4.00
       1.158     0.775000       918572         4.44
       1.205     0.800000       948219         5.00
       1.261     0.825000       978076         5.71
       1.323     0.850000      1007624         6.67
       1.385     0.875000      1037342         8.00
       1.416     0.887500      1051797         8.89
       1.453     0.900000      1066841        10.00
       1.502     0.912500      1081375        11.43
       1.601     0.925000      1096175        13.33
       1.868     0.937500      1110977        16.00
       2.091     0.943750      1118354        17.78
       2.405     0.950000      1125751        20.00
       3.035     0.956250      1133165        22.86
       4.111     0.962500      1140562        26.67
       5.527     0.968750      1147968        32.00
       6.431     0.971875      1151672        35.56
       7.515     0.975000      1155383        40.00
       8.831     0.978125      1159078        45.71
      10.463     0.981250      1162799        53.33
      12.591     0.984375      1166484        64.00
      13.863     0.985938      1168339        71.11
      15.455     0.987500      1170195        80.00
      17.327     0.989062      1172045        91.43
      19.791     0.990625      1173898       106.67
      23.343     0.992188      1175744       128.00
      25.839     0.992969      1176670       142.22
      29.359     0.993750      1177593       160.00
      34.879     0.994531      1178521       182.86
      45.663     0.995313      1179444       213.33
      66.495     0.996094      1180370       256.00
      82.111     0.996484      1180833       284.44
     103.167     0.996875      1181299       320.00
     131.007     0.997266      1181758       365.71
     178.047     0.997656      1182222       426.67
     264.447     0.998047      1182687       512.00
     314.111     0.998242      1182915       568.89
     403.711     0.998437      1183148       640.00
     738.303     0.998633      1183378       731.43
    1160.191     0.998828      1183610       853.33
    1573.887     0.999023      1183842      1024.00
    1785.855     0.999121      1183957      1137.78
    1919.999     0.999219      1184073      1280.00
    2014.207     0.999316      1184188      1462.86
    2111.487     0.999414      1184305      1706.67
    2277.375     0.999512      1184420      2048.00
    2385.919     0.999561      1184479      2275.56
    2488.319     0.999609      1184536      2560.00
    2590.719     0.999658      1184594      2925.71
    2695.167     0.999707      1184652      3413.33
    2803.711     0.999756      1184709      4096.00
    2854.911     0.999780      1184738      4551.11
    2904.063     0.999805      1184767      5120.00
    2957.311     0.999829      1184796      5851.43
    3008.511     0.999854      1184825      6826.67
    3065.855     0.999878      1184855      8192.00
    3092.479     0.999890      1184869      9102.22
    3119.103     0.999902      1184883     10240.00
    3145.727     0.999915      1184897     11702.86
    3172.351     0.999927      1184912     13653.33
    3198.975     0.999939      1184926     16384.00
    3211.263     0.999945      1184933     18204.44
    3225.599     0.999951      1184942     20480.00
    3237.887     0.999957      1184948     23405.71
    3250.175     0.999963      1184955     27306.67
    3262.463     0.999969      1184962     32768.00
    3268.607     0.999973      1184966     36408.89
    3276.799     0.999976      1184970     40960.00
    3282.943     0.999979      1184973     46811.43
    3291.135     0.999982      1184978     54613.33
    3295.231     0.999985      1184981     65536.00
    3299.327     0.999986      1184982     72817.78
    3305.471     0.999988      1184984     81920.00
    3311.615     0.999989      1184986     93622.86
    3317.759     0.999991      1184988    109226.67
    3321.855     0.999992      1184989    131072.00
    3325.951     0.999993      1184990    145635.56
    3327.999     0.999994      1184991    163840.00
    3332.095     0.999995      1184992    187245.71
    3336.191     0.999995      1184993    218453.33
    3340.287     0.999996      1184994    262144.00
    3340.287     0.999997      1184994    291271.11
    3342.335     0.999997      1184995    327680.00
    3342.335     0.999997      1184995    374491.43
    3346.431     0.999998      1184996    436906.67
    3346.431     0.999998      1184996    524288.00
    3346.431     0.999998      1184996    582542.22
    3350.527     0.999998      1184997    655360.00
    3350.527     0.999999      1184997    748982.86
    3350.527     0.999999      1184997    873813.33
    3350.527     0.999999      1184997   1048576.00
    3350.527     0.999999      1184997   1165084.44
    3352.575     0.999999      1184998   1310720.00
    3352.575     1.000000      1184998          inf
#[Mean    =        4.653, StdDeviation   =       80.184]
#[Max     =     3350.528, Total count    =      1184998]
#[Buckets =           27, SubBuckets     =         2048]
-----------------------------------------------------------------------
  1225864 requests in 5.00m, 151.98MB read
Requests/sec:   4086.20  
Transfer/sec:    518.76KB
