setup: assigned thread_id=1
init: final thread_id=1, base_seed=nil
setup: assigned thread_id=2
init: final thread_id=2, base_seed=nil
setup: assigned thread_id=3
init: final thread_id=3, base_seed=nil
setup: assigned thread_id=4
init: final thread_id=4, base_seed=nil
setup: assigned thread_id=5
init: final thread_id=5, base_seed=nil
setup: assigned thread_id=6
init: final thread_id=6, base_seed=nil
setup: assigned thread_id=7
init: final thread_id=7, base_seed=nil
setup: assigned thread_id=8
init: final thread_id=8, base_seed=nil
setup: assigned thread_id=9
init: final thread_id=9, base_seed=nil
setup: assigned thread_id=10
init: final thread_id=10, base_seed=nil
setup: assigned thread_id=11
init: final thread_id=11, base_seed=nil
setup: assigned thread_id=12
init: final thread_id=12, base_seed=nil
setup: assigned thread_id=13
init: final thread_id=13, base_seed=nil
setup: assigned thread_id=14
init: final thread_id=14, base_seed=nil
setup: assigned thread_id=15
init: final thread_id=15, base_seed=nil
setup: assigned thread_id=16
init: final thread_id=16, base_seed=nil
setup: assigned thread_id=17
init: final thread_id=17, base_seed=nil
setup: assigned thread_id=18
init: final thread_id=18, base_seed=nil
setup: assigned thread_id=19
init: final thread_id=19, base_seed=nil
setup: assigned thread_id=20
init: final thread_id=20, base_seed=nil
script_want_response
Running 5m test @ http://10.10.1.1:5834
  20 threads and 200 connections

  Thread calibration: mean lat.: 40.300ms, rate sampling interval: 201ms
  Thread calibration: mean lat.: 42.049ms, rate sampling interval: 200ms
  Thread calibration: mean lat.: 44.507ms, rate sampling interval: 220ms
  Thread calibration: mean lat.: 47.745ms, rate sampling interval: 222ms
  Thread calibration: mean lat.: 49.511ms, rate sampling interval: 217ms
  Thread calibration: mean lat.: 52.429ms, rate sampling interval: 222ms
  Thread calibration: mean lat.: 59.026ms, rate sampling interval: 228ms
  Thread calibration: mean lat.: 61.724ms, rate sampling interval: 260ms
  Thread calibration: mean lat.: 62.086ms, rate sampling interval: 222ms
  Thread calibration: mean lat.: 61.702ms, rate sampling interval: 207ms
  Thread calibration: mean lat.: 64.432ms, rate sampling interval: 217ms
  Thread calibration: mean lat.: 64.020ms, rate sampling interval: 205ms
  Thread calibration: mean lat.: 64.322ms, rate sampling interval: 208ms
  Thread calibration: mean lat.: 63.825ms, rate sampling interval: 201ms
  Thread calibration: mean lat.: 63.341ms, rate sampling interval: 199ms
  Thread calibration: mean lat.: 63.995ms, rate sampling interval: 206ms
  Thread calibration: mean lat.: 63.522ms, rate sampling interval: 204ms
  Thread calibration: mean lat.: 62.587ms, rate sampling interval: 198ms
  Thread calibration: mean lat.: 63.523ms, rate sampling interval: 228ms
  Thread calibration: mean lat.: 62.596ms, rate sampling interval: 226ms

-----------------------------------------------------------------------
Test Results @ http://10.10.1.1:5834 
  Thread Stats   Avg      Stdev     99%   +/- Stdev
    Latency    52.56ms  115.91ms 151.93ms   99.18%
    Req/Sec    99.85     13.84   144.00     81.62%
  Latency Distribution (HdrHistogram - Recorded Latency)
 50.000%   45.28ms
 75.000%   55.68ms
 90.000%   64.99ms
 99.000%  151.93ms
 99.900%    2.36s 
 99.990%    4.08s 
 99.999%    4.26s 
100.000%    4.26s 

  Detailed Percentile spectrum:
       Value   Percentile   TotalCount 1/(1-Percentile)

      10.591     0.000000            1         1.00
      26.527     0.100000        58003         1.11
      34.591     0.200000       116230         1.25
      38.719     0.300000       174009         1.43
      42.015     0.400000       232122         1.67
      45.279     0.500000       290136         2.00
      47.071     0.550000       319251         2.22
      48.991     0.600000       348116         2.50
      51.071     0.650000       377198         2.86
      53.311     0.700000       406104         3.33
      55.679     0.750000       435089         4.00
      56.927     0.775000       449819         4.44
      58.207     0.800000       464191         5.00
      59.583     0.825000       478570         5.71
      61.119     0.850000       493197         6.67
      62.847     0.875000       507676         8.00
      63.839     0.887500       514756         8.89
      64.991     0.900000       522002        10.00
      66.367     0.912500       529253        11.43
      68.095     0.925000       536561        13.33
      70.527     0.937500       543779        16.00
      72.383     0.943750       547394        17.78
      75.199     0.950000       551060        20.00
      79.551     0.956250       554651        22.86
      86.911     0.962500       558250        26.67
      97.983     0.968750       561903        32.00
     102.719     0.971875       563691        35.56
     107.711     0.975000       565501        40.00
     113.471     0.978125       567326        45.71
     120.447     0.981250       569128        53.33
     128.895     0.984375       570940        64.00
     133.375     0.985938       571861        71.11
     138.751     0.987500       572755        80.00
     145.663     0.989062       573665        91.43
     157.695     0.990625       574564       106.67
     171.519     0.992188       575477       128.00
     177.279     0.992969       575929       142.22
     184.959     0.993750       576378       160.00
     200.063     0.994531       576832       182.86
     217.215     0.995313       577283       213.33
     245.247     0.996094       577735       256.00
     266.239     0.996484       577966       284.44
     286.719     0.996875       578188       320.00
     305.919     0.997266       578417       365.71
     320.767     0.997656       578642       426.67
     482.303     0.998047       578868       512.00
     870.911     0.998242       578981       568.89
    1218.559     0.998437       579094       640.00
    1596.415     0.998633       579208       731.43
    1986.559     0.998828       579321       853.33
    2385.919     0.999023       579435      1024.00
    2574.335     0.999121       579492      1137.78
    2781.183     0.999219       579549      1280.00
    2959.359     0.999316       579604      1462.86
    3158.015     0.999414       579661      1706.67
    3295.231     0.999512       579717      2048.00
    3397.631     0.999561       579746      2275.56
    3487.743     0.999609       579775      2560.00
    3579.903     0.999658       579802      2925.71
    3688.447     0.999707       579831      3413.33
    3780.607     0.999756       579861      4096.00
    3856.383     0.999780       579873      4551.11
    3870.719     0.999805       579887      5120.00
    3940.351     0.999829       579901      5851.43
    3983.359     0.999854       579916      6826.67
    3995.647     0.999878       579931      8192.00
    4001.791     0.999890       579937      9102.22
    4075.519     0.999902       579944     10240.00
    4081.663     0.999915       579953     11702.86
    4085.759     0.999927       579958     13653.33
    4163.583     0.999939       579968     16384.00
    4165.631     0.999945       579973     18204.44
    4165.631     0.999951       579973     20480.00
    4171.775     0.999957       579977     23405.71
    4173.823     0.999963       579979     27306.67
    4243.455     0.999969       579984     32768.00
    4247.551     0.999973       579988     36408.89
    4247.551     0.999976       579988     40960.00
    4247.551     0.999979       579988     46811.43
    4251.647     0.999982       579992     54613.33
    4251.647     0.999985       579992     65536.00
    4255.743     0.999986       579996     72817.78
    4255.743     0.999988       579996     81920.00
    4255.743     0.999989       579996     93622.86
    4255.743     0.999991       579996    109226.67
    4255.743     0.999992       579996    131072.00
    4259.839     0.999993       579999    145635.56
    4259.839     0.999994       579999    163840.00
    4259.839     0.999995       579999    187245.71
    4259.839     0.999995       579999    218453.33
    4259.839     0.999996       579999    262144.00
    4259.839     0.999997       579999    291271.11
    4259.839     0.999997       579999    327680.00
    4259.839     0.999997       579999    374491.43
    4259.839     0.999998       579999    436906.67
    4259.839     0.999998       579999    524288.00
    4263.935     0.999998       580000    582542.22
    4263.935     1.000000       580000          inf
#[Mean    =       52.556, StdDeviation   =      115.908]
#[Max     =     4259.840, Total count    =       580000]
#[Buckets =           27, SubBuckets     =         2048]
-----------------------------------------------------------------------
  599801 requests in 5.00m, 93.01MB read
Requests/sec:   1999.19  
Transfer/sec:    317.45KB
