setup: assigned thread_id=1
init: final thread_id=1, base_seed=nil
script_want_response
Running 2m test @ http://10.10.1.1:5834
  1 threads and 10 connections

  Thread calibration: mean lat.: 11.911ms, rate sampling interval: 25ms

-----------------------------------------------------------------------
Test Results @ http://10.10.1.1:5834 
  Thread Stats   Avg      Stdev     99%   +/- Stdev
    Latency    11.65ms    1.99ms  13.95ms   98.19%
    Req/Sec   101.84    162.84   416.00     77.66%
  Latency Distribution (HdrHistogram - Recorded Latency)
 50.000%   11.42ms
 75.000%   12.10ms
 90.000%   12.82ms
 99.000%   13.95ms
 99.900%   17.85ms
 99.990%   96.19ms
 99.999%   96.64ms
100.000%   96.64ms

  Detailed Percentile spectrum:
       Value   Percentile   TotalCount 1/(1-Percentile)

       9.679     0.000000            1         1.00
      10.671     0.100000          909         1.11
      10.895     0.200000         1800         1.25
      11.079     0.300000         2730         1.43
      11.239     0.400000         3608         1.67
      11.423     0.500000         4530         2.00
      11.527     0.550000         4984         2.22
      11.639     0.600000         5433         2.50
      11.759     0.650000         5859         2.86
      11.911     0.700000         6315         3.33
      12.095     0.750000         6776         4.00
      12.183     0.775000         6977         4.44
      12.287     0.800000         7222         5.00
      12.407     0.825000         7432         5.71
      12.543     0.850000         7658         6.67
      12.671     0.875000         7875         8.00
      12.743     0.887500         7992         8.89
      12.823     0.900000         8107        10.00
      12.911     0.912500         8225        11.43
      12.991     0.925000         8334        13.33
      13.087     0.937500         8446        16.00
      13.135     0.943750         8496        17.78
      13.191     0.950000         8556        20.00
      13.255     0.956250         8612        22.86
      13.311     0.962500         8664        26.67
      13.391     0.968750         8721        32.00
      13.439     0.971875         8749        35.56
      13.503     0.975000         8775        40.00
      13.559     0.978125         8807        45.71
      13.639     0.981250         8833        53.33
      13.703     0.984375         8860        64.00
      13.791     0.985938         8876        71.11
      13.847     0.987500         8888        80.00
      13.895     0.989062         8904        91.43
      14.031     0.990625         8916       106.67
      14.135     0.992188         8930       128.00
      14.183     0.992969         8937       142.22
      14.271     0.993750         8944       160.00
      14.447     0.994531         8951       182.86
      14.751     0.995313         8958       213.33
      14.991     0.996094         8965       256.00
      15.071     0.996484         8969       284.44
      15.167     0.996875         8972       320.00
      15.247     0.997266         8976       365.71
      15.591     0.997656         8979       426.67
      16.447     0.998047         8983       512.00
      16.575     0.998242         8985       568.89
      16.799     0.998437         8986       640.00
      17.247     0.998633         8988       731.43
      17.727     0.998828         8990       853.33
      17.999     0.999023         8992      1024.00
      21.087     0.999121         8993      1137.78
      21.087     0.999219         8993      1280.00
      29.295     0.999316         8994      1462.86
      60.479     0.999414         8995      1706.67
      69.503     0.999512         8996      2048.00
      75.455     0.999561         8997      2275.56
      75.455     0.999609         8997      2560.00
      75.455     0.999658         8997      2925.71
      79.807     0.999707         8998      3413.33
      79.807     0.999756         8998      4096.00
      96.191     0.999780         8999      4551.11
      96.191     0.999805         8999      5120.00
      96.191     0.999829         8999      5851.43
      96.191     0.999854         8999      6826.67
      96.191     0.999878         8999      8192.00
      96.639     0.999890         9000      9102.22
      96.639     1.000000         9000          inf
#[Mean    =       11.646, StdDeviation   =        1.993]
#[Max     =       96.576, Total count    =         9000]
#[Buckets =           27, SubBuckets     =         2048]
-----------------------------------------------------------------------
  9990 requests in 1.67m, 1.55MB read
Requests/sec:     99.89  
Transfer/sec:     15.86KB
