setup: assigned thread_id=1
init: final thread_id=1, base_seed=nil
setup: assigned thread_id=2
init: final thread_id=2, base_seed=nil
setup: assigned thread_id=3
init: final thread_id=3, base_seed=nil
setup: assigned thread_id=4
init: final thread_id=4, base_seed=nil
setup: assigned thread_id=5
init: final thread_id=5, base_seed=nil
setup: assigned thread_id=6
init: final thread_id=6, base_seed=nil
setup: assigned thread_id=7
init: final thread_id=7, base_seed=nil
setup: assigned thread_id=8
init: final thread_id=8, base_seed=nil
setup: assigned thread_id=9
init: final thread_id=9, base_seed=nil
setup: assigned thread_id=10
init: final thread_id=10, base_seed=nil
setup: assigned thread_id=11
init: final thread_id=11, base_seed=nil
setup: assigned thread_id=12
init: final thread_id=12, base_seed=nil
setup: assigned thread_id=13
init: final thread_id=13, base_seed=nil
setup: assigned thread_id=14
init: final thread_id=14, base_seed=nil
setup: assigned thread_id=15
init: final thread_id=15, base_seed=nil
setup: assigned thread_id=16
init: final thread_id=16, base_seed=nil
setup: assigned thread_id=17
init: final thread_id=17, base_seed=nil
setup: assigned thread_id=18
init: final thread_id=18, base_seed=nil
setup: assigned thread_id=19
init: final thread_id=19, base_seed=nil
setup: assigned thread_id=20
init: final thread_id=20, base_seed=nil
script_want_response
Running 1m test @ http://10.10.1.1:34208
  20 threads and 200 connections

  Thread calibration: mean lat.: 8.596ms, rate sampling interval: 22ms
  Thread calibration: mean lat.: 9.461ms, rate sampling interval: 29ms
  Thread calibration: mean lat.: 11.905ms, rate sampling interval: 41ms
  Thread calibration: mean lat.: 12.432ms, rate sampling interval: 42ms
  Thread calibration: mean lat.: 13.963ms, rate sampling interval: 47ms
  Thread calibration: mean lat.: 15.292ms, rate sampling interval: 51ms
  Thread calibration: mean lat.: 17.435ms, rate sampling interval: 56ms
  Thread calibration: mean lat.: 18.918ms, rate sampling interval: 59ms
  Thread calibration: mean lat.: 20.759ms, rate sampling interval: 66ms
  Thread calibration: mean lat.: 22.331ms, rate sampling interval: 68ms
  Thread calibration: mean lat.: 22.836ms, rate sampling interval: 68ms
  Thread calibration: mean lat.: 23.834ms, rate sampling interval: 68ms
  Thread calibration: mean lat.: 24.408ms, rate sampling interval: 67ms
  Thread calibration: mean lat.: 25.045ms, rate sampling interval: 68ms
  Thread calibration: mean lat.: 25.266ms, rate sampling interval: 67ms
  Thread calibration: mean lat.: 25.232ms, rate sampling interval: 67ms
  Thread calibration: mean lat.: 24.973ms, rate sampling interval: 65ms
  Thread calibration: mean lat.: 24.446ms, rate sampling interval: 63ms
  Thread calibration: mean lat.: 23.746ms, rate sampling interval: 61ms
  Thread calibration: mean lat.: 23.117ms, rate sampling interval: 59ms

-----------------------------------------------------------------------
Test Results @ http://10.10.1.1:34208 
  Thread Stats   Avg      Stdev     99%   +/- Stdev
    Latency    22.93ms   11.88ms  64.29ms   68.85%
    Req/Sec   100.80     93.31   428.00     59.76%
  Latency Distribution (HdrHistogram - Recorded Latency)
 50.000%   22.21ms
 75.000%   29.26ms
 90.000%   36.54ms
 99.000%   64.29ms
 99.900%   86.85ms
 99.990%   91.39ms
 99.999%   92.10ms
100.000%   92.42ms

  Detailed Percentile spectrum:
       Value   Percentile   TotalCount 1/(1-Percentile)

       5.747     0.000000            1         1.00
       8.311     0.100000        10012         1.11
      11.759     0.200000        19999         1.25
      16.087     0.300000        29999         1.43
      19.519     0.400000        40035         1.67
      22.207     0.500000        50033         2.00
      23.471     0.550000        55035         2.22
      24.815     0.600000        60020         2.50
      26.175     0.650000        65020         2.86
      27.631     0.700000        69997         3.33
      29.263     0.750000        75017         4.00
      30.175     0.775000        77534         4.44
      31.183     0.800000        80016         5.00
      32.271     0.825000        82495         5.71
      33.471     0.850000        85014         6.67
      34.879     0.875000        87536         8.00
      35.679     0.887500        88788         8.89
      36.543     0.900000        89999        10.00
      37.535     0.912500        91257        11.43
      38.751     0.925000        92508        13.33
      40.191     0.937500        93743        16.00
      41.087     0.943750        94373        17.78
      42.143     0.950000        95002        20.00
      43.359     0.956250        95615        22.86
      44.959     0.962500        96244        26.67
      46.975     0.968750        96871        32.00
      48.287     0.971875        97179        35.56
      49.887     0.975000        97487        40.00
      52.127     0.978125        97801        45.71
      54.559     0.981250        98117        53.33
      57.087     0.984375        98427        64.00
      58.655     0.985938        98581        71.11
      60.703     0.987500        98740        80.00
      62.847     0.989062        98897        91.43
      65.247     0.990625        99052       106.67
      68.415     0.992188        99208       128.00
      70.271     0.992969        99285       142.22
      72.447     0.993750        99362       160.00
      75.583     0.994531        99440       182.86
      77.823     0.995313        99520       213.33
      79.935     0.996094        99601       256.00
      80.703     0.996484        99636       284.44
      81.727     0.996875        99677       320.00
      82.559     0.997266        99714       365.71
      83.519     0.997656        99758       426.67
      84.223     0.998047        99793       512.00
      84.735     0.998242        99811       568.89
      85.183     0.998437        99830       640.00
      85.759     0.998633        99850       731.43
      86.271     0.998828        99869       853.33
      86.911     0.999023        99890      1024.00
      87.231     0.999121        99900      1137.78
      87.679     0.999219        99908      1280.00
      88.127     0.999316        99919      1462.86
      88.447     0.999414        99929      1706.67
      88.767     0.999512        99938      2048.00
      88.895     0.999561        99944      2275.56
      89.087     0.999609        99949      2560.00
      89.279     0.999658        99952      2925.71
      89.471     0.999707        99957      3413.33
      89.663     0.999756        99962      4096.00
      89.727     0.999780        99965      4551.11
      90.111     0.999805        99967      5120.00
      90.239     0.999829        99969      5851.43
      91.007     0.999854        99973      6826.67
      91.327     0.999878        99974      8192.00
      91.391     0.999890        99976      9102.22
      91.455     0.999902        99977     10240.00
      91.519     0.999915        99978     11702.86
      91.583     0.999927        99979     13653.33
      91.647     0.999939        99980     16384.00
      91.903     0.999945        99982     18204.44
      91.903     0.999951        99982     20480.00
      91.903     0.999957        99982     23405.71
      91.967     0.999963        99983     27306.67
      91.967     0.999969        99983     32768.00
      92.031     0.999973        99984     36408.89
      92.031     0.999976        99984     40960.00
      92.031     0.999979        99984     46811.43
      92.095     0.999982        99985     54613.33
      92.095     0.999985        99985     65536.00
      92.095     0.999986        99985     72817.78
      92.095     0.999988        99985     81920.00
      92.095     0.999989        99985     93622.86
      92.415     0.999991        99986    109226.67
      92.415     1.000000        99986          inf
#[Mean    =       22.934, StdDeviation   =       11.878]
#[Max     =       92.352, Total count    =        99986]
#[Buckets =           27, SubBuckets     =         2048]
-----------------------------------------------------------------------
  119807 requests in 1.00m, 18.58MB read
Requests/sec:   1996.38  
Transfer/sec:    316.98KB
