setup: assigned thread_id=1
init: final thread_id=1, base_seed=nil
setup: assigned thread_id=2
init: final thread_id=2, base_seed=nil
script_want_response
Running 5m test @ http://10.10.1.1:34208
  2 threads and 13 connections

  Thread calibration: mean lat.: 7.468ms, rate sampling interval: 16ms
  Thread calibration: mean lat.: 7.191ms, rate sampling interval: 16ms

-----------------------------------------------------------------------
Test Results @ http://10.10.1.1:34208 
  Thread Stats   Avg      Stdev     99%   +/- Stdev
    Latency     7.51ms    1.00ms  10.06ms   86.54%
    Req/Sec   257.82    150.54   400.00     76.04%
  Latency Distribution (HdrHistogram - Recorded Latency)
 50.000%    7.33ms
 75.000%    7.86ms
 90.000%    8.49ms
 99.000%   10.06ms
 99.900%   16.46ms
 99.990%   37.02ms
 99.999%   54.43ms
100.000%   69.06ms

  Detailed Percentile spectrum:
       Value   Percentile   TotalCount 1/(1-Percentile)

       5.727     0.000000            1         1.00
       6.691     0.100000        14684         1.11
       6.875     0.200000        29148         1.25
       7.027     0.300000        43500         1.43
       7.179     0.400000        58333         1.67
       7.331     0.500000        72573         2.00
       7.419     0.550000        79946         2.22
       7.511     0.600000        87245         2.50
       7.611     0.650000        94422         2.86
       7.727     0.700000       101682         3.33
       7.859     0.750000       108761         4.00
       7.935     0.775000       112438         4.44
       8.019     0.800000       116123         5.00
       8.111     0.825000       119678         5.71
       8.223     0.850000       123498         6.67
       8.343     0.875000       127060         8.00
       8.407     0.887500       128689         8.89
       8.487     0.900000       130622        10.00
       8.575     0.912500       132457        11.43
       8.663     0.925000       134127        13.33
       8.783     0.937500       136036        16.00
       8.847     0.943750       136916        17.78
       8.919     0.950000       137812        20.00
       9.007     0.956250       138714        22.86
       9.103     0.962500       139568        26.67
       9.223     0.968750       140512        32.00
       9.287     0.971875       140930        35.56
       9.367     0.975000       141405        40.00
       9.455     0.978125       141829        45.71
       9.567     0.981250       142297        53.33
       9.695     0.984375       142735        64.00
       9.783     0.985938       142969        71.11
       9.879     0.987500       143200        80.00
       9.983     0.989062       143419        91.43
      10.127     0.990625       143641       106.67
      10.303     0.992188       143864       128.00
      10.423     0.992969       143980       142.22
      10.575     0.993750       144096       160.00
      10.799     0.994531       144206       182.86
      11.071     0.995313       144319       213.33
      11.463     0.996094       144430       256.00
      11.847     0.996484       144488       284.44
      12.303     0.996875       144544       320.00
      12.791     0.997266       144601       365.71
      13.239     0.997656       144657       426.67
      13.887     0.998047       144713       512.00
      14.319     0.998242       144742       568.89
      14.815     0.998437       144770       640.00
      15.255     0.998633       144798       731.43
      15.895     0.998828       144828       853.33
      16.543     0.999023       144855      1024.00
      17.087     0.999121       144869      1137.78
      17.487     0.999219       144883      1280.00
      18.175     0.999316       144897      1462.86
      19.167     0.999414       144912      1706.67
      20.495     0.999512       144926      2048.00
      21.839     0.999561       144933      2275.56
      22.671     0.999609       144940      2560.00
      23.855     0.999658       144947      2925.71
      25.871     0.999707       144954      3413.33
      28.159     0.999756       144961      4096.00
      30.015     0.999780       144965      4551.11
      31.263     0.999805       144968      5120.00
      33.183     0.999829       144972      5851.43
      33.663     0.999854       144975      6826.67
      35.519     0.999878       144979      8192.00
      36.639     0.999890       144981      9102.22
      37.023     0.999902       144982     10240.00
      37.119     0.999915       144985     11702.86
      37.247     0.999927       144986     13653.33
      37.663     0.999939       144988     16384.00
      37.855     0.999945       144989     18204.44
      37.855     0.999951       144989     20480.00
      38.655     0.999957       144990     23405.71
      39.807     0.999963       144991     27306.67
      51.199     0.999969       144992     32768.00
      52.415     0.999973       144993     36408.89
      52.415     0.999976       144993     40960.00
      52.415     0.999979       144993     46811.43
      53.695     0.999982       144994     54613.33
      53.695     0.999985       144994     65536.00
      54.431     0.999986       144995     72817.78
      54.431     0.999988       144995     81920.00
      54.431     0.999989       144995     93622.86
      54.431     0.999991       144995    109226.67
      54.431     0.999992       144995    131072.00
      69.055     0.999993       144996    145635.56
      69.055     1.000000       144996          inf
#[Mean    =        7.507, StdDeviation   =        0.999]
#[Max     =       68.992, Total count    =       144996]
#[Buckets =           27, SubBuckets     =         2048]
-----------------------------------------------------------------------
  149990 requests in 5.00m, 23.26MB read
Requests/sec:    499.95  
Transfer/sec:     79.38KB
