setup: assigned thread_id=1
init: final thread_id=1, base_seed=nil
script_want_response
Running 1m test @ http://10.10.1.1:34208
  1 threads and 10 connections

  Thread calibration: mean lat.: 62.931ms, rate sampling interval: 145ms

-----------------------------------------------------------------------
Test Results @ http://10.10.1.1:34208 
  Thread Stats   Avg      Stdev     99%   +/- Stdev
    Latency     7.20ms    0.86ms   9.50ms   74.61%
    Req/Sec    99.55     32.04   138.00     63.66%
  Latency Distribution (HdrHistogram - Recorded Latency)
 50.000%    7.15ms
 75.000%    7.66ms
 90.000%    8.29ms
 99.000%    9.50ms
 99.900%   10.80ms
 99.990%   14.25ms
 99.999%   14.25ms
100.000%   14.25ms

  Detailed Percentile spectrum:
       Value   Percentile   TotalCount 1/(1-Percentile)

       4.431     0.000000            1         1.00
       6.275     0.100000          501         1.11
       6.571     0.200000         1001         1.25
       6.791     0.300000         1506         1.43
       6.971     0.400000         2001         1.67
       7.147     0.500000         2501         2.00
       7.239     0.550000         2756         2.22
       7.327     0.600000         3004         2.50
       7.427     0.650000         3258         2.86
       7.535     0.700000         3506         3.33
       7.659     0.750000         3751         4.00
       7.731     0.775000         3879         4.44
       7.803     0.800000         4002         5.00
       7.891     0.825000         4124         5.71
       7.999     0.850000         4251         6.67
       8.127     0.875000         4375         8.00
       8.207     0.887500         4437         8.89
       8.287     0.900000         4500        10.00
       8.375     0.912500         4563        11.43
       8.455     0.925000         4624        13.33
       8.567     0.937500         4688        16.00
       8.615     0.943750         4718        17.78
       8.695     0.950000         4754        20.00
       8.767     0.956250         4781        22.86
       8.847     0.962500         4811        26.67
       8.951     0.968750         4843        32.00
       8.983     0.971875         4858        35.56
       9.031     0.975000         4875        40.00
       9.071     0.978125         4889        45.71
       9.167     0.981250         4908        53.33
       9.255     0.984375         4921        64.00
       9.311     0.985938         4929        71.11
       9.375     0.987500         4936        80.00
       9.471     0.989062         4944        91.43
       9.527     0.990625         4952       106.67
       9.615     0.992188         4959       128.00
       9.655     0.992969         4963       142.22
       9.727     0.993750         4968       160.00
       9.775     0.994531         4971       182.86
       9.871     0.995313         4975       213.33
      10.055     0.996094         4980       256.00
      10.111     0.996484         4981       284.44
      10.119     0.996875         4983       320.00
      10.151     0.997266         4985       365.71
      10.231     0.997656         4987       426.67
      10.367     0.998047         4989       512.00
      10.511     0.998242         4990       568.89
      10.591     0.998437         4991       640.00
      10.727     0.998633         4992       731.43
      10.799     0.998828         4993       853.33
      10.807     0.999023         4994      1024.00
      10.807     0.999121         4994      1137.78
      11.703     0.999219         4995      1280.00
      11.703     0.999316         4995      1462.86
      13.047     0.999414         4996      1706.67
      13.047     0.999512         4996      2048.00
      13.047     0.999561         4996      2275.56
      13.767     0.999609         4997      2560.00
      13.767     0.999658         4997      2925.71
      13.767     0.999707         4997      3413.33
      13.767     0.999756         4997      4096.00
      13.767     0.999780         4997      4551.11
      14.247     0.999805         4998      5120.00
      14.247     1.000000         4998          inf
#[Mean    =        7.199, StdDeviation   =        0.856]
#[Max     =       14.240, Total count    =         4998]
#[Buckets =           27, SubBuckets     =         2048]
-----------------------------------------------------------------------
  5991 requests in 1.00m, 0.93MB read
Requests/sec:     99.83  
Transfer/sec:     15.85KB
