Running 5m test @ http://10.10.1.1:9438/Spam?n=100
  9 threads and 18 connections

  Thread calibration: mean lat.: 1.016ms, rate sampling interval: 10ms
  Thread calibration: mean lat.: 1.014ms, rate sampling interval: 10ms
  Thread calibration: mean lat.: 1.002ms, rate sampling interval: 10ms
  Thread calibration: mean lat.: 1.027ms, rate sampling interval: 10ms
  Thread calibration: mean lat.: 1.030ms, rate sampling interval: 10ms
  Thread calibration: mean lat.: 0.993ms, rate sampling interval: 10ms
  Thread calibration: mean lat.: 0.996ms, rate sampling interval: 10ms
  Thread calibration: mean lat.: 1.002ms, rate sampling interval: 10ms
  Thread calibration: mean lat.: 24.369ms, rate sampling interval: 120ms

-----------------------------------------------------------------------
Test Results @ http://10.10.1.1:9438/Spam?n=100 
  Thread Stats   Avg      Stdev     99%   +/- Stdev
    Latency     5.19ms   18.86ms 101.44ms   94.58%
    Req/Sec   477.34     70.44   666.00     47.94%
  Latency Distribution (HdrHistogram - Recorded Latency)
 50.000%    0.97ms
 75.000%    1.27ms
 90.000%    2.47ms
 99.000%  101.44ms
 99.900%  208.00ms
 99.990%  297.98ms
 99.999%  359.68ms
100.000%  382.46ms

  Detailed Percentile spectrum:
       Value   Percentile   TotalCount 1/(1-Percentile)

       0.094     0.000000            1         1.00
       0.825     0.100000       121529         1.11
       0.853     0.200000       239069         1.25
       0.882     0.300000       359514         1.43
       0.917     0.400000       475881         1.67
       0.968     0.500000       593187         2.00
       1.002     0.550000       651848         2.22
       1.044     0.600000       711384         2.50
       1.098     0.650000       770793         2.86
       1.168     0.700000       829731         3.33
       1.266     0.750000       888947         4.00
       1.332     0.775000       918735         4.44
       1.399     0.800000       948003         5.00
       1.464     0.825000       977621         5.71
       1.548     0.850000      1007452         6.67
       1.763     0.875000      1036907         8.00
       1.980     0.887500      1051687         8.89
       2.471     0.900000      1066505        10.00
       5.079     0.912500      1081304        11.43
      10.327     0.925000      1096120        13.33
      17.823     0.937500      1110934        16.00
      22.447     0.943750      1118349        17.78
      27.615     0.950000      1125737        20.00
      33.471     0.956250      1133154        22.86
      40.319     0.962500      1140570        26.67
      48.639     0.968750      1147967        32.00
      53.535     0.971875      1151669        35.56
      59.199     0.975000      1155369        40.00
      65.439     0.978125      1159076        45.71
      72.639     0.981250      1162798        53.33
      81.151     0.984375      1166476        64.00
      86.015     0.985938      1168333        71.11
      91.327     0.987500      1170177        80.00
      97.407     0.989062      1172036        91.43
     104.447     0.990625      1173892       106.67
     112.639     0.992188      1175739       128.00
     117.503     0.992969      1176668       142.22
     123.135     0.993750      1177584       160.00
     129.919     0.994531      1178509       182.86
     137.727     0.995313      1179443       213.33
     146.815     0.996094      1180365       256.00
     151.551     0.996484      1180828       284.44
     156.927     0.996875      1181291       320.00
     163.199     0.997266      1181751       365.71
     170.239     0.997656      1182212       426.67
     178.687     0.998047      1182672       512.00
     183.295     0.998242      1182906       568.89
     188.671     0.998437      1183137       640.00
     195.071     0.998633      1183372       731.43
     201.855     0.998828      1183598       853.33
     208.895     0.999023      1183834      1024.00
     212.479     0.999121      1183947      1137.78
     216.831     0.999219      1184062      1280.00
     222.207     0.999316      1184177      1462.86
     228.479     0.999414      1184292      1706.67
     235.903     0.999512      1184409      2048.00
     239.743     0.999561      1184466      2275.56
     244.095     0.999609      1184524      2560.00
     248.191     0.999658      1184582      2925.71
     252.287     0.999707      1184640      3413.33
     257.791     0.999756      1184697      4096.00
     260.735     0.999780      1184727      4551.11
     265.983     0.999805      1184758      5120.00
     272.383     0.999829      1184784      5851.43
     279.551     0.999854      1184813      6826.67
     287.999     0.999878      1184842      8192.00
     294.143     0.999890      1184858      9102.22
     299.263     0.999902      1184871     10240.00
     305.407     0.999915      1184885     11702.86
     310.015     0.999927      1184900     13653.33
     313.343     0.999939      1184914     16384.00
     314.623     0.999945      1184922     18204.44
     316.927     0.999951      1184929     20480.00
     319.999     0.999957      1184936     23405.71
     322.047     0.999963      1184943     27306.67
     328.447     0.999969      1184950     32768.00
     334.079     0.999973      1184954     36408.89
     342.271     0.999976      1184958     40960.00
     346.879     0.999979      1184961     46811.43
     350.719     0.999982      1184965     54613.33
     353.023     0.999985      1184968     65536.00
     354.559     0.999986      1184970     72817.78
     357.631     0.999988      1184973     81920.00
     359.679     0.999989      1184974     93622.86
     360.703     0.999991      1184976    109226.67
     364.287     0.999992      1184977    131072.00
     365.311     0.999993      1184978    145635.56
     366.847     0.999994      1184979    163840.00
     369.663     0.999995      1184980    187245.71
     370.175     0.999995      1184981    218453.33
     372.735     0.999996      1184982    262144.00
     372.735     0.999997      1184982    291271.11
     376.319     0.999997      1184983    327680.00
     376.319     0.999997      1184983    374491.43
     380.159     0.999998      1184984    436906.67
     380.159     0.999998      1184984    524288.00
     380.159     0.999998      1184984    582542.22
     381.183     0.999998      1184985    655360.00
     381.183     0.999999      1184985    748982.86
     381.183     0.999999      1184985    873813.33
     381.183     0.999999      1184985   1048576.00
     381.183     0.999999      1184985   1165084.44
     382.463     0.999999      1184986   1310720.00
     382.463     1.000000      1184986          inf
#[Mean    =        5.195, StdDeviation   =       18.864]
#[Max     =      382.208, Total count    =      1184986]
#[Buckets =           27, SubBuckets     =         2048]
-----------------------------------------------------------------------
  1225848 requests in 5.00m, 151.98MB read
Requests/sec:   4086.15  
Transfer/sec:    518.75KB
