setup: assigned thread_id=1
init: final thread_id=1, base_seed=nil
setup: assigned thread_id=2
init: final thread_id=2, base_seed=nil
setup: assigned thread_id=3
init: final thread_id=3, base_seed=nil
setup: assigned thread_id=4
init: final thread_id=4, base_seed=nil
setup: assigned thread_id=5
init: final thread_id=5, base_seed=nil
setup: assigned thread_id=6
init: final thread_id=6, base_seed=nil
setup: assigned thread_id=7
init: final thread_id=7, base_seed=nil
setup: assigned thread_id=8
init: final thread_id=8, base_seed=nil
setup: assigned thread_id=9
init: final thread_id=9, base_seed=nil
setup: assigned thread_id=10
init: final thread_id=10, base_seed=nil
setup: assigned thread_id=11
init: final thread_id=11, base_seed=nil
setup: assigned thread_id=12
init: final thread_id=12, base_seed=nil
setup: assigned thread_id=13
init: final thread_id=13, base_seed=nil
setup: assigned thread_id=14
init: final thread_id=14, base_seed=nil
setup: assigned thread_id=15
init: final thread_id=15, base_seed=nil
setup: assigned thread_id=16
init: final thread_id=16, base_seed=nil
setup: assigned thread_id=17
init: final thread_id=17, base_seed=nil
setup: assigned thread_id=18
init: final thread_id=18, base_seed=nil
setup: assigned thread_id=19
init: final thread_id=19, base_seed=nil
setup: assigned thread_id=20
init: final thread_id=20, base_seed=nil
script_want_response
Running 5m test @ http://10.10.1.1:5834
  20 threads and 200 connections

  Thread calibration: mean lat.: 406.477ms, rate sampling interval: 1649ms
  Thread calibration: mean lat.: 385.998ms, rate sampling interval: 1720ms
  Thread calibration: mean lat.: 390.855ms, rate sampling interval: 1611ms
  Thread calibration: mean lat.: 334.006ms, rate sampling interval: 1344ms
  Thread calibration: mean lat.: 319.254ms, rate sampling interval: 1264ms
  Thread calibration: mean lat.: 307.233ms, rate sampling interval: 1260ms
  Thread calibration: mean lat.: 331.787ms, rate sampling interval: 1416ms
  Thread calibration: mean lat.: 383.535ms, rate sampling interval: 1712ms
  Thread calibration: mean lat.: 377.266ms, rate sampling interval: 1451ms
  Thread calibration: mean lat.: 409.431ms, rate sampling interval: 1678ms
  Thread calibration: mean lat.: 316.292ms, rate sampling interval: 1150ms
  Thread calibration: mean lat.: 326.171ms, rate sampling interval: 1276ms
  Thread calibration: mean lat.: 429.459ms, rate sampling interval: 1807ms
  Thread calibration: mean lat.: 377.770ms, rate sampling interval: 1764ms
  Thread calibration: mean lat.: 466.269ms, rate sampling interval: 2037ms
  Thread calibration: mean lat.: 365.319ms, rate sampling interval: 1526ms
  Thread calibration: mean lat.: 388.034ms, rate sampling interval: 1633ms
  Thread calibration: mean lat.: 352.619ms, rate sampling interval: 1400ms
  Thread calibration: mean lat.: 420.183ms, rate sampling interval: 1721ms
  Thread calibration: mean lat.: 344.242ms, rate sampling interval: 1350ms

-----------------------------------------------------------------------
Test Results @ http://10.10.1.1:5834 
  Thread Stats   Avg      Stdev     99%   +/- Stdev
    Latency    15.48s     9.45s   35.06s    59.68%
    Req/Sec    87.80      8.61   101.00     84.02%
  Latency Distribution (HdrHistogram - Recorded Latency)
 50.000%   14.48s 
 75.000%   23.28s 
 90.000%   29.08s 
 99.000%   35.06s 
 99.900%   38.31s 
 99.990%   40.67s 
 99.999%   42.07s 
100.000%   42.63s 

  Detailed Percentile spectrum:
       Value   Percentile   TotalCount 1/(1-Percentile)

      23.359     0.000000            1         1.00
    3756.031     0.100000        51190         1.11
    6037.503     0.200000       102381         1.25
    8355.839     0.300000       153488         1.43
   11182.079     0.400000       204702         1.67
   14483.455     0.500000       255888         2.00
   16203.775     0.550000       281391         2.22
   17907.711     0.600000       307064         2.50
   19595.263     0.650000       332536         2.86
   21430.271     0.700000       358166         3.33
   23281.663     0.750000       383888         4.00
   24182.783     0.775000       396686         4.44
   25051.135     0.800000       409267         5.00
   26001.407     0.825000       422027         5.71
   27033.599     0.850000       434945         6.67
   28065.791     0.875000       447790         8.00
   28557.311     0.887500       454010         8.89
   29081.599     0.900000       460467        10.00
   29655.039     0.912500       466991        11.43
   30244.863     0.925000       473353        13.33
   30867.455     0.937500       479654        16.00
   31195.135     0.943750       482796        17.78
   31555.583     0.950000       486023        20.00
   31932.415     0.956250       489266        22.86
   32342.015     0.962500       492460        26.67
   32800.767     0.968750       495589        32.00
   33046.527     0.971875       497197        35.56
   33308.671     0.975000       498758        40.00
   33619.967     0.978125       500477        45.71
   33947.647     0.981250       502087        53.33
   34275.327     0.984375       503574        64.00
   34471.935     0.985938       504406        71.11
   34668.543     0.987500       505173        80.00
   34897.919     0.989062       505952        91.43
   35160.063     0.990625       506750       106.67
   35487.743     0.992188       507606       128.00
   35651.583     0.992969       508006       142.22
   35815.423     0.993750       508354       160.00
   36012.031     0.994531       508751       182.86
   36241.407     0.995313       509175       213.33
   36503.551     0.996094       509585       256.00
   36634.623     0.996484       509759       284.44
   36798.463     0.996875       509967       320.00
   36962.303     0.997266       510147       365.71
   37191.679     0.997656       510356       426.67
   37453.823     0.998047       510555       512.00
   37584.895     0.998242       510653       568.89
   37748.735     0.998437       510755       640.00
   37912.575     0.998633       510846       731.43
   38109.183     0.998828       510947       853.33
   38338.559     0.999023       511049      1024.00
   38469.631     0.999121       511100      1137.78
   38600.703     0.999219       511150      1280.00
   38764.543     0.999316       511200      1462.86
   38928.383     0.999414       511252      1706.67
   39124.991     0.999512       511303      2048.00
   39223.295     0.999561       511322      2275.56
   39354.367     0.999609       511344      2560.00
   39485.439     0.999658       511369      2925.71
   39649.279     0.999707       511398      3413.33
   39780.351     0.999756       511420      4096.00
   39878.655     0.999780       511431      4551.11
   40009.727     0.999805       511445      5120.00
   40140.799     0.999829       511459      5851.43
   40304.639     0.999854       511470      6826.67
   40501.247     0.999878       511481      8192.00
   40599.551     0.999890       511487      9102.22
   40697.855     0.999902       511493     10240.00
   40861.695     0.999915       511499     11702.86
   41025.535     0.999927       511505     13653.33
   41189.375     0.999939       511513     16384.00
   41222.143     0.999945       511515     18204.44
   41287.679     0.999951       511518     20480.00
   41451.519     0.999957       511522     23405.71
   41549.823     0.999963       511524     27306.67
   41680.895     0.999969       511527     32768.00
   41746.431     0.999973       511528     36408.89
   41811.967     0.999976       511530     40960.00
   41877.503     0.999979       511532     46811.43
   41910.271     0.999982       511533     54613.33
   41975.807     0.999985       511535     65536.00
   41975.807     0.999986       511535     72817.78
   42041.343     0.999988       511536     81920.00
   42074.111     0.999989       511538     93622.86
   42074.111     0.999991       511538    109226.67
   42205.183     0.999992       511539    131072.00
   42205.183     0.999993       511539    145635.56
   42205.183     0.999994       511539    163840.00
   42303.487     0.999995       511540    187245.71
   42303.487     0.999995       511540    218453.33
   42500.095     0.999996       511541    262144.00
   42500.095     0.999997       511541    291271.11
   42500.095     0.999997       511541    327680.00
   42500.095     0.999997       511541    374491.43
   42500.095     0.999998       511541    436906.67
   42631.167     0.999998       511542    524288.00
   42631.167     1.000000       511542          inf
#[Mean    =    15484.360, StdDeviation   =     9449.435]
#[Max     =    42598.400, Total count    =       511542]
#[Buckets =           27, SubBuckets     =         2048]
-----------------------------------------------------------------------
  529742 requests in 5.00m, 82.15MB read
  Socket errors: connect 0, read 0, write 0, timeout 1360
Requests/sec:   1765.71  
Transfer/sec:    280.38KB
