setup: assigned thread_id=1
init: final thread_id=1, base_seed=nil
script_want_response
Running 2m test @ http://10.10.1.1:5834
  1 threads and 10 connections

  Thread calibration: mean lat.: 20.802ms, rate sampling interval: 42ms

-----------------------------------------------------------------------
Test Results @ http://10.10.1.1:5834 
  Thread Stats   Avg      Stdev     99%   +/- Stdev
    Latency     1.90s     9.45s    0.98m    95.61%
    Req/Sec    95.03    101.64   268.00     65.12%
  Latency Distribution (HdrHistogram - Recorded Latency)
 50.000%   19.22ms
 75.000%   20.19ms
 90.000%   21.44ms
 99.000%    0.98m 
 99.900%    1.00m 
 99.990%    1.00m 
 99.999%    1.00m 
100.000%    1.00m 

  Detailed Percentile spectrum:
       Value   Percentile   TotalCount 1/(1-Percentile)

      16.847     0.000000            1         1.00
      18.271     0.100000          879         1.11
      18.559     0.200000         1744         1.25
      18.783     0.300000         2559         1.43
      18.991     0.400000         3443         1.67
      19.215     0.500000         4246         2.00
      19.359     0.550000         4703         2.22
      19.519     0.600000         5112         2.50
      19.695     0.650000         5532         2.86
      19.903     0.700000         5964         3.33
      20.191     0.750000         6365         4.00
      20.351     0.775000         6584         4.44
      20.527     0.800000         6800         5.00
      20.687     0.825000         7009         5.71
      20.879     0.850000         7206         6.67
      21.119     0.875000         7425         8.00
      21.263     0.887500         7529         8.89
      21.439     0.900000         7628        10.00
      21.727     0.912500         7735        11.43
      22.383     0.925000         7840        13.33
      25.871     0.937500         7946        16.00
      28.111     0.943750         7999        17.78
      30.879     0.950000         8052        20.00
   14368.767     0.956250         8105        22.86
   20430.847     0.962500         8158        26.67
   25772.031     0.968750         8211        32.00
   26804.223     0.971875         8237        35.56
   50659.327     0.975000         8265        40.00
   50954.239     0.978125         8290        45.71
   52396.031     0.981250         8318        53.33
   55476.223     0.984375         8343        64.00
   56524.799     0.985938         8356        71.11
   57638.911     0.987500         8370        80.00
   58490.879     0.989062         8383        91.43
   58687.487     0.990625         8397       106.67
   58884.095     0.992188         8409       128.00
   59015.167     0.992969         8418       142.22
   59113.471     0.993750         8424       160.00
   59179.007     0.994531         8429       182.86
   59310.079     0.995313         8437       213.33
   59408.383     0.996094         8444       256.00
   59441.151     0.996484         8446       284.44
   59506.687     0.996875         8450       320.00
   59539.455     0.997266         8452       365.71
   59604.991     0.997656         8456       426.67
   59637.759     0.998047         8459       512.00
   59670.527     0.998242         8461       568.89
   59703.295     0.998437         8463       640.00
   59736.063     0.998633         8466       731.43
   59736.063     0.998828         8466       853.33
   59768.831     0.999023         8467      1024.00
   59801.599     0.999121         8470      1137.78
   59801.599     0.999219         8470      1280.00
   59801.599     0.999316         8470      1462.86
   59834.367     0.999414         8472      1706.67
   59834.367     0.999512         8472      2048.00
   59834.367     0.999561         8472      2275.56
   59834.367     0.999609         8472      2560.00
   59867.135     0.999658         8473      2925.71
   59867.135     0.999707         8473      3413.33
   59867.135     0.999756         8473      4096.00
   59899.903     0.999780         8475      4551.11
   59899.903     1.000000         8475          inf
#[Mean    =     1902.375, StdDeviation   =     9449.536]
#[Max     =    59867.136, Total count    =         8475]
#[Buckets =           27, SubBuckets     =         2048]
-----------------------------------------------------------------------
  9366 requests in 1.67m, 1.45MB read
  Socket errors: connect 0, read 0, write 0, timeout 31
Requests/sec:     93.65  
Transfer/sec:     14.86KB
