setup: assigned thread_id=1
init: final thread_id=1, base_seed=nil
setup: assigned thread_id=2
init: final thread_id=2, base_seed=nil
setup: assigned thread_id=3
init: final thread_id=3, base_seed=nil
setup: assigned thread_id=4
init: final thread_id=4, base_seed=nil
setup: assigned thread_id=5
init: final thread_id=5, base_seed=nil
setup: assigned thread_id=6
init: final thread_id=6, base_seed=nil
setup: assigned thread_id=7
init: final thread_id=7, base_seed=nil
setup: assigned thread_id=8
init: final thread_id=8, base_seed=nil
setup: assigned thread_id=9
init: final thread_id=9, base_seed=nil
setup: assigned thread_id=10
init: final thread_id=10, base_seed=nil
setup: assigned thread_id=11
init: final thread_id=11, base_seed=nil
setup: assigned thread_id=12
init: final thread_id=12, base_seed=nil
setup: assigned thread_id=13
init: final thread_id=13, base_seed=nil
setup: assigned thread_id=14
init: final thread_id=14, base_seed=nil
setup: assigned thread_id=15
init: final thread_id=15, base_seed=nil
setup: assigned thread_id=16
init: final thread_id=16, base_seed=nil
setup: assigned thread_id=17
init: final thread_id=17, base_seed=nil
setup: assigned thread_id=18
init: final thread_id=18, base_seed=nil
setup: assigned thread_id=19
init: final thread_id=19, base_seed=nil
setup: assigned thread_id=20
init: final thread_id=20, base_seed=nil
script_want_response
Running 1m test @ http://10.10.1.1:23238
  20 threads and 200 connections

  Thread calibration: mean lat.: 32.384ms, rate sampling interval: 98ms
  Thread calibration: mean lat.: 34.750ms, rate sampling interval: 102ms
  Thread calibration: mean lat.: 37.562ms, rate sampling interval: 107ms
  Thread calibration: mean lat.: 41.210ms, rate sampling interval: 123ms
  Thread calibration: mean lat.: 43.001ms, rate sampling interval: 126ms
  Thread calibration: mean lat.: 46.479ms, rate sampling interval: 129ms
  Thread calibration: mean lat.: 48.344ms, rate sampling interval: 131ms
  Thread calibration: mean lat.: 50.118ms, rate sampling interval: 130ms
  Thread calibration: mean lat.: 52.141ms, rate sampling interval: 132ms
  Thread calibration: mean lat.: 53.612ms, rate sampling interval: 132ms
  Thread calibration: mean lat.: 54.383ms, rate sampling interval: 132ms
  Thread calibration: mean lat.: 55.379ms, rate sampling interval: 131ms
  Thread calibration: mean lat.: 56.016ms, rate sampling interval: 130ms
  Thread calibration: mean lat.: 55.683ms, rate sampling interval: 129ms
  Thread calibration: mean lat.: 55.236ms, rate sampling interval: 127ms
  Thread calibration: mean lat.: 55.205ms, rate sampling interval: 126ms
  Thread calibration: mean lat.: 54.734ms, rate sampling interval: 124ms
  Thread calibration: mean lat.: 55.893ms, rate sampling interval: 129ms
  Thread calibration: mean lat.: 54.009ms, rate sampling interval: 122ms
  Thread calibration: mean lat.: 53.221ms, rate sampling interval: 120ms

-----------------------------------------------------------------------
Test Results @ http://10.10.1.1:23238 
  Thread Stats   Avg      Stdev     99%   +/- Stdev
    Latency    48.63ms   23.74ms 173.31ms   88.04%
    Req/Sec    99.96     28.01   165.00     79.20%
  Latency Distribution (HdrHistogram - Recorded Latency)
 50.000%   46.37ms
 75.000%   54.14ms
 90.000%   62.08ms
 99.000%  173.31ms
 99.900%  242.94ms
 99.990%  250.24ms
 99.999%  259.97ms
100.000%  281.86ms

  Detailed Percentile spectrum:
       Value   Percentile   TotalCount 1/(1-Percentile)

      11.351     0.000000            1         1.00
      28.543     0.100000        10011         1.11
      37.023     0.200000        20050         1.25
      40.927     0.300000        30018         1.43
      43.743     0.400000        40068         1.67
      46.367     0.500000        50088         2.00
      47.711     0.550000        55073         2.22
      49.087     0.600000        60040         2.50
      50.591     0.650000        65092         2.86
      52.255     0.700000        70014         3.33
      54.143     0.750000        75008         4.00
      55.167     0.775000        77551         4.44
      56.223     0.800000        80007         5.00
      57.407     0.825000        82512         5.71
      58.751     0.850000        85031         6.67
      60.287     0.875000        87520         8.00
      61.151     0.887500        88791         8.89
      62.079     0.900000        90008        10.00
      63.295     0.912500        91276        11.43
      64.799     0.925000        92526        13.33
      66.687     0.937500        93756        16.00
      68.223     0.943750        94390        17.78
      70.527     0.950000        95010        20.00
      73.535     0.956250        95637        22.86
      77.951     0.962500        96258        26.67
      84.479     0.968750        96877        32.00
      88.831     0.971875        97189        35.56
      97.023     0.975000        97500        40.00
     118.015     0.978125        97814        45.71
     126.719     0.981250        98125        53.33
     143.359     0.984375        98440        64.00
     150.271     0.985938        98595        71.11
     158.079     0.987500        98751        80.00
     168.831     0.989062        98908        91.43
     176.895     0.990625        99064       106.67
     190.463     0.992188        99220       128.00
     197.119     0.992969        99297       142.22
     204.159     0.993750        99375       160.00
     211.071     0.994531        99454       182.86
     215.679     0.995313        99533       213.33
     219.775     0.996094        99611       256.00
     222.207     0.996484        99650       284.44
     226.303     0.996875        99688       320.00
     230.911     0.997266        99727       365.71
     234.495     0.997656        99766       426.67
     237.823     0.998047        99805       512.00
     239.487     0.998242        99829       568.89
     240.255     0.998437        99845       640.00
     241.151     0.998633        99864       731.43
     242.047     0.998828        99883       853.33
     243.071     0.999023        99904      1024.00
     243.711     0.999121        99914      1137.78
     244.095     0.999219        99924      1280.00
     244.607     0.999316        99933      1462.86
     245.503     0.999414        99942      1706.67
     246.143     0.999512        99953      2048.00
     246.271     0.999561        99958      2275.56
     246.399     0.999609        99961      2560.00
     247.039     0.999658        99966      2925.71
     247.423     0.999707        99971      3413.33
     248.191     0.999756        99978      4096.00
     248.447     0.999780        99979      4551.11
     248.575     0.999805        99981      5120.00
     248.831     0.999829        99983      5851.43
     249.343     0.999854        99986      6826.67
     250.111     0.999878        99988      8192.00
     250.239     0.999890        99990      9102.22
     250.367     0.999902        99991     10240.00
     250.495     0.999915        99992     11702.86
     250.751     0.999927        99994     13653.33
     250.751     0.999939        99994     16384.00
     251.391     0.999945        99995     18204.44
     252.543     0.999951        99996     20480.00
     252.543     0.999957        99996     23405.71
     254.079     0.999963        99997     27306.67
     254.079     0.999969        99997     32768.00
     259.583     0.999973        99998     36408.89
     259.583     0.999976        99998     40960.00
     259.583     0.999979        99998     46811.43
     259.967     0.999982        99999     54613.33
     259.967     0.999985        99999     65536.00
     259.967     0.999986        99999     72817.78
     259.967     0.999988        99999     81920.00
     259.967     0.999989        99999     93622.86
     281.855     0.999991       100000    109226.67
     281.855     1.000000       100000          inf
#[Mean    =       48.633, StdDeviation   =       23.739]
#[Max     =      281.600, Total count    =       100000]
#[Buckets =           27, SubBuckets     =         2048]
-----------------------------------------------------------------------
  119700 requests in 1.00m, 18.56MB read
Requests/sec:   1994.60  
Transfer/sec:    316.70KB
