setup: assigned thread_id=1
init: final thread_id=1, base_seed=nil
script_want_response
Running 1m test @ http://10.10.1.1:23238
  1 threads and 10 connections

  Thread calibration: mean lat.: 14.334ms, rate sampling interval: 29ms

-----------------------------------------------------------------------
Test Results @ http://10.10.1.1:23238 
  Thread Stats   Avg      Stdev     99%   +/- Stdev
    Latency    13.67ms    1.57ms  16.40ms   93.44%
    Req/Sec   101.49    145.79   357.00     75.47%
  Latency Distribution (HdrHistogram - Recorded Latency)
 50.000%   13.57ms
 75.000%   14.15ms
 90.000%   14.71ms
 99.000%   16.40ms
 99.900%   26.51ms
 99.990%   68.42ms
 99.999%   73.28ms
100.000%   73.28ms

  Detailed Percentile spectrum:
       Value   Percentile   TotalCount 1/(1-Percentile)

      11.231     0.000000            1         1.00
      12.527     0.100000          502         1.11
      12.871     0.200000         1003         1.25
      13.135     0.300000         1512         1.43
      13.367     0.400000         2015         1.67
      13.567     0.500000         2513         2.00
      13.687     0.550000         2761         2.22
      13.791     0.600000         3011         2.50
      13.895     0.650000         3264         2.86
      14.015     0.700000         3500         3.33
      14.151     0.750000         3753         4.00
      14.231     0.775000         3886         4.44
      14.303     0.800000         4012         5.00
      14.383     0.825000         4126         5.71
      14.479     0.850000         4252         6.67
      14.583     0.875000         4381         8.00
      14.647     0.887500         4442         8.89
      14.711     0.900000         4503        10.00
      14.791     0.912500         4566        11.43
      14.887     0.925000         4633        13.33
      14.991     0.937500         4689        16.00
      15.039     0.943750         4722        17.78
      15.111     0.950000         4751        20.00
      15.175     0.956250         4783        22.86
      15.263     0.962500         4814        26.67
      15.343     0.968750         4844        32.00
      15.431     0.971875         4862        35.56
      15.479     0.975000         4875        40.00
      15.559     0.978125         4892        45.71
      15.663     0.981250         4907        53.33
      15.791     0.984375         4922        64.00
      15.871     0.985938         4930        71.11
      15.999     0.987500         4938        80.00
      16.159     0.989062         4946        91.43
      16.655     0.990625         4954       106.67
      17.679     0.992188         4961       128.00
      18.303     0.992969         4965       142.22
      18.687     0.993750         4969       160.00
      19.103     0.994531         4973       182.86
      19.663     0.995313         4977       213.33
      20.111     0.996094         4981       256.00
      20.511     0.996484         4983       284.44
      21.007     0.996875         4985       320.00
      21.455     0.997266         4987       365.71
      22.607     0.997656         4989       426.67
      23.263     0.998047         4991       512.00
      24.767     0.998242         4992       568.89
      25.151     0.998437         4993       640.00
      26.463     0.998633         4994       731.43
      26.511     0.998828         4995       853.33
      26.703     0.999023         4996      1024.00
      26.703     0.999121         4996      1137.78
      26.735     0.999219         4997      1280.00
      26.735     0.999316         4997      1462.86
      27.807     0.999414         4998      1706.67
      27.807     0.999512         4998      2048.00
      27.807     0.999561         4998      2275.56
      68.415     0.999609         4999      2560.00
      68.415     0.999658         4999      2925.71
      68.415     0.999707         4999      3413.33
      68.415     0.999756         4999      4096.00
      68.415     0.999780         4999      4551.11
      73.279     0.999805         5000      5120.00
      73.279     1.000000         5000          inf
#[Mean    =       13.669, StdDeviation   =        1.573]
#[Max     =       73.216, Total count    =         5000]
#[Buckets =           27, SubBuckets     =         2048]
-----------------------------------------------------------------------
  5990 requests in 1.00m, 0.93MB read
Requests/sec:     99.81  
Transfer/sec:     15.85KB
