setup: assigned thread_id=1
init: final thread_id=1, base_seed=nil
setup: assigned thread_id=2
init: final thread_id=2, base_seed=nil
setup: assigned thread_id=3
init: final thread_id=3, base_seed=nil
setup: assigned thread_id=4
init: final thread_id=4, base_seed=nil
setup: assigned thread_id=5
init: final thread_id=5, base_seed=nil
setup: assigned thread_id=6
init: final thread_id=6, base_seed=nil
setup: assigned thread_id=7
init: final thread_id=7, base_seed=nil
setup: assigned thread_id=8
init: final thread_id=8, base_seed=nil
setup: assigned thread_id=9
init: final thread_id=9, base_seed=nil
setup: assigned thread_id=10
init: final thread_id=10, base_seed=nil
setup: assigned thread_id=11
init: final thread_id=11, base_seed=nil
setup: assigned thread_id=12
init: final thread_id=12, base_seed=nil
setup: assigned thread_id=13
init: final thread_id=13, base_seed=nil
setup: assigned thread_id=14
init: final thread_id=14, base_seed=nil
setup: assigned thread_id=15
init: final thread_id=15, base_seed=nil
setup: assigned thread_id=16
init: final thread_id=16, base_seed=nil
setup: assigned thread_id=17
init: final thread_id=17, base_seed=nil
setup: assigned thread_id=18
init: final thread_id=18, base_seed=nil
setup: assigned thread_id=19
init: final thread_id=19, base_seed=nil
setup: assigned thread_id=20
init: final thread_id=20, base_seed=nil
script_want_response
Running 1m test @ http://10.10.1.1:24391
  20 threads and 200 connections

  Thread calibration: mean lat.: 23.583ms, rate sampling interval: 87ms
  Thread calibration: mean lat.: 26.907ms, rate sampling interval: 102ms
  Thread calibration: mean lat.: 30.358ms, rate sampling interval: 112ms
  Thread calibration: mean lat.: 33.887ms, rate sampling interval: 122ms
  Thread calibration: mean lat.: 36.926ms, rate sampling interval: 125ms
  Thread calibration: mean lat.: 39.940ms, rate sampling interval: 127ms
  Thread calibration: mean lat.: 28.250ms, rate sampling interval: 88ms
  Thread calibration: mean lat.: 43.692ms, rate sampling interval: 130ms
  Thread calibration: mean lat.: 45.433ms, rate sampling interval: 130ms
  Thread calibration: mean lat.: 47.847ms, rate sampling interval: 131ms
  Thread calibration: mean lat.: 48.935ms, rate sampling interval: 130ms
  Thread calibration: mean lat.: 49.839ms, rate sampling interval: 130ms
  Thread calibration: mean lat.: 50.366ms, rate sampling interval: 128ms
  Thread calibration: mean lat.: 50.215ms, rate sampling interval: 127ms
  Thread calibration: mean lat.: 50.297ms, rate sampling interval: 126ms
  Thread calibration: mean lat.: 50.438ms, rate sampling interval: 125ms
  Thread calibration: mean lat.: 50.301ms, rate sampling interval: 123ms
  Thread calibration: mean lat.: 49.958ms, rate sampling interval: 121ms
  Thread calibration: mean lat.: 49.415ms, rate sampling interval: 119ms
  Thread calibration: mean lat.: 48.739ms, rate sampling interval: 117ms

-----------------------------------------------------------------------
Test Results @ http://10.10.1.1:24391 
  Thread Stats   Avg      Stdev     99%   +/- Stdev
    Latency    38.66ms   15.52ms  87.04ms   69.82%
    Req/Sec   100.02     27.43   168.00     80.30%
  Latency Distribution (HdrHistogram - Recorded Latency)
 50.000%   37.85ms
 75.000%   48.51ms
 90.000%   56.99ms
 99.000%   87.04ms
 99.900%   98.24ms
 99.990%  101.31ms
 99.999%  102.08ms
100.000%  102.97ms

  Detailed Percentile spectrum:
       Value   Percentile   TotalCount 1/(1-Percentile)

       8.415     0.000000            3         1.00
      17.247     0.100000        10012         1.11
      26.207     0.200000        20015         1.25
      31.119     0.300000        30036         1.43
      34.399     0.400000        40004         1.67
      37.855     0.500000        50014         2.00
      39.807     0.550000        55040         2.22
      41.919     0.600000        60035         2.50
      44.095     0.650000        65043         2.86
      46.239     0.700000        70017         3.33
      48.511     0.750000        75048         4.00
      49.663     0.775000        77510         4.44
      50.879     0.800000        80008         5.00
      52.223     0.825000        82529         5.71
      53.599     0.850000        85021         6.67
      55.135     0.875000        87511         8.00
      56.031     0.887500        88771         8.89
      56.991     0.900000        90026        10.00
      57.983     0.912500        91290        11.43
      59.103     0.925000        92502        13.33
      60.479     0.937500        93769        16.00
      61.311     0.943750        94384        17.78
      62.303     0.950000        95002        20.00
      63.487     0.956250        95634        22.86
      65.087     0.962500        96250        26.67
      68.031     0.968750        96886        32.00
      70.911     0.971875        97188        35.56
      74.559     0.975000        97500        40.00
      77.887     0.978125        97818        45.71
      80.255     0.981250        98130        53.33
      82.623     0.984375        98441        64.00
      83.839     0.985938        98598        71.11
      85.119     0.987500        98755        80.00
      86.335     0.989062        98915        91.43
      87.615     0.990625        99064       106.67
      88.959     0.992188        99220       128.00
      89.663     0.992969        99304       142.22
      90.303     0.993750        99377       160.00
      91.135     0.994531        99458       182.86
      92.031     0.995313        99537       213.33
      92.863     0.996094        99617       256.00
      93.247     0.996484        99653       284.44
      93.823     0.996875        99692       320.00
      94.271     0.997266        99727       365.71
      94.911     0.997656        99766       426.67
      95.871     0.998047        99807       512.00
      96.255     0.998242        99827       568.89
      96.639     0.998437        99844       640.00
      97.151     0.998633        99866       731.43
      97.727     0.998828        99883       853.33
      98.303     0.999023        99903      1024.00
      98.623     0.999121        99913      1137.78
      98.751     0.999219        99922      1280.00
      99.263     0.999316        99932      1462.86
      99.775     0.999414        99942      1706.67
     100.095     0.999512        99953      2048.00
     100.415     0.999561        99960      2275.56
     100.479     0.999609        99964      2560.00
     100.543     0.999658        99968      2925.71
     100.607     0.999707        99971      3413.33
     100.863     0.999756        99977      4096.00
     100.991     0.999780        99980      4551.11
     101.055     0.999805        99984      5120.00
     101.055     0.999829        99984      5851.43
     101.183     0.999854        99987      6826.67
     101.247     0.999878        99988      8192.00
     101.311     0.999890        99990      9102.22
     101.375     0.999902        99991     10240.00
     101.503     0.999915        99992     11702.86
     101.695     0.999927        99993     13653.33
     101.759     0.999939        99994     16384.00
     101.823     0.999945        99995     18204.44
     101.887     0.999951        99996     20480.00
     101.887     0.999957        99996     23405.71
     101.951     0.999963        99998     27306.67
     101.951     0.999969        99998     32768.00
     101.951     0.999973        99998     36408.89
     101.951     0.999976        99998     40960.00
     101.951     0.999979        99998     46811.43
     102.079     0.999982        99999     54613.33
     102.079     0.999985        99999     65536.00
     102.079     0.999986        99999     72817.78
     102.079     0.999988        99999     81920.00
     102.079     0.999989        99999     93622.86
     102.975     0.999991       100000    109226.67
     102.975     1.000000       100000          inf
#[Mean    =       38.656, StdDeviation   =       15.519]
#[Max     =      102.912, Total count    =       100000]
#[Buckets =           27, SubBuckets     =         2048]
-----------------------------------------------------------------------
  119700 requests in 1.00m, 18.56MB read
Requests/sec:   1994.60  
Transfer/sec:    316.75KB
