Running 5m test @ http://10.10.1.1:16364/Spam?n=50
  9 threads and 18 connections

  Thread calibration: mean lat.: 0.944ms, rate sampling interval: 10ms
  Thread calibration: mean lat.: 0.725ms, rate sampling interval: 10ms
  Thread calibration: mean lat.: 0.652ms, rate sampling interval: 10ms
  Thread calibration: mean lat.: 0.938ms, rate sampling interval: 10ms
  Thread calibration: mean lat.: 1.074ms, rate sampling interval: 10ms
  Thread calibration: mean lat.: 0.687ms, rate sampling interval: 10ms
  Thread calibration: mean lat.: 0.684ms, rate sampling interval: 10ms
  Thread calibration: mean lat.: 0.682ms, rate sampling interval: 10ms
  Thread calibration: mean lat.: 1.076ms, rate sampling interval: 10ms

-----------------------------------------------------------------------
Test Results @ http://10.10.1.1:16364/Spam?n=50 
  Thread Stats   Avg      Stdev     99%   +/- Stdev
    Latency   843.96us    1.02ms   4.44ms   97.54%
    Req/Sec   478.47     72.86   666.00     51.32%
  Latency Distribution (HdrHistogram - Recorded Latency)
 50.000%  640.00us
 75.000%    0.95ms
 90.000%    1.14ms
 99.000%    4.44ms
 99.900%   15.14ms
 99.990%   26.99ms
 99.999%   44.54ms
100.000%   56.10ms

  Detailed Percentile spectrum:
       Value   Percentile   TotalCount 1/(1-Percentile)

       0.012     0.000000            1         1.00
       0.480     0.100000       120945         1.11
       0.509     0.200000       239381         1.25
       0.539     0.300000       356190         1.43
       0.580     0.400000       475626         1.67
       0.640     0.500000       592501         2.00
       0.685     0.550000       651838         2.22
       0.740     0.600000       711820         2.50
       0.800     0.650000       770708         2.86
       0.870     0.700000       829914         3.33
       0.952     0.750000       888982         4.00
       0.995     0.775000       918792         4.44
       1.031     0.800000       948200         5.00
       1.059     0.825000       978326         5.71
       1.084     0.850000      1008193         6.67
       1.107     0.875000      1037286         8.00
       1.121     0.887500      1051924         8.89
       1.138     0.900000      1066896        10.00
       1.158     0.912500      1081707        11.43
       1.180     0.925000      1096533        13.33
       1.214     0.937500      1111095        16.00
       1.238     0.943750      1118378        17.78
       1.272     0.950000      1125880        20.00
       1.321     0.956250      1133213        22.86
       1.406     0.962500      1140598        26.67
       1.561     0.968750      1147995        32.00
       1.673     0.971875      1151680        35.56
       1.842     0.975000      1155377        40.00
       2.097     0.978125      1159095        45.71
       2.439     0.981250      1162787        53.33
       2.911     0.984375      1166483        64.00
       3.229     0.985938      1168344        71.11
       3.605     0.987500      1170186        80.00
       4.089     0.989062      1172046        91.43
       4.699     0.990625      1173894       106.67
       5.455     0.992188      1175748       128.00
       5.895     0.992969      1176666       142.22
       6.431     0.993750      1177593       160.00
       7.027     0.994531      1178518       182.86
       7.711     0.995313      1179446       213.33
       8.575     0.996094      1180372       256.00
       9.087     0.996484      1180846       284.44
       9.615     0.996875      1181298       320.00
      10.199     0.997266      1181764       365.71
      10.919     0.997656      1182222       426.67
      11.839     0.998047      1182685       512.00
      12.399     0.998242      1182915       568.89
      12.991     0.998437      1183149       640.00
      13.655     0.998633      1183379       731.43
      14.391     0.998828      1183610       853.33
      15.263     0.999023      1183843      1024.00
      15.759     0.999121      1183958      1137.78
      16.383     0.999219      1184073      1280.00
      17.039     0.999316      1184190      1462.86
      17.823     0.999414      1184305      1706.67
      18.767     0.999512      1184421      2048.00
      19.263     0.999561      1184479      2275.56
      19.711     0.999609      1184536      2560.00
      20.287     0.999658      1184593      2925.71
      21.247     0.999707      1184652      3413.33
      22.095     0.999756      1184709      4096.00
      22.815     0.999780      1184738      4551.11
      23.391     0.999805      1184768      5120.00
      23.871     0.999829      1184797      5851.43
      24.639     0.999854      1184825      6826.67
      25.615     0.999878      1184854      8192.00
      26.399     0.999890      1184869      9102.22
      27.215     0.999902      1184885     10240.00
      27.919     0.999915      1184897     11702.86
      29.135     0.999927      1184912     13653.33
      30.159     0.999939      1184926     16384.00
      31.311     0.999945      1184933     18204.44
      32.015     0.999951      1184941     20480.00
      32.991     0.999957      1184948     23405.71
      34.943     0.999963      1184955     27306.67
      35.903     0.999969      1184962     32768.00
      36.383     0.999973      1184966     36408.89
      38.271     0.999976      1184970     40960.00
      38.783     0.999979      1184973     46811.43
      40.159     0.999982      1184977     54613.33
      40.863     0.999985      1184980     65536.00
      41.535     0.999986      1184982     72817.78
      42.047     0.999988      1184984     81920.00
      44.543     0.999989      1184986     93622.86
      45.695     0.999991      1184988    109226.67
      47.071     0.999992      1184989    131072.00
      48.351     0.999993      1184990    145635.56
      48.479     0.999994      1184991    163840.00
      48.703     0.999995      1184992    187245.71
      50.815     0.999995      1184993    218453.33
      52.319     0.999996      1184994    262144.00
      52.319     0.999997      1184994    291271.11
      52.383     0.999997      1184995    327680.00
      52.383     0.999997      1184995    374491.43
      52.671     0.999998      1184996    436906.67
      52.671     0.999998      1184996    524288.00
      52.671     0.999998      1184996    582542.22
      54.143     0.999998      1184997    655360.00
      54.143     0.999999      1184997    748982.86
      54.143     0.999999      1184997    873813.33
      54.143     0.999999      1184997   1048576.00
      54.143     0.999999      1184997   1165084.44
      56.095     0.999999      1184998   1310720.00
      56.095     1.000000      1184998          inf
#[Mean    =        0.844, StdDeviation   =        1.025]
#[Max     =       56.064, Total count    =      1184998]
#[Buckets =           27, SubBuckets     =         2048]
-----------------------------------------------------------------------
  1225863 requests in 5.00m, 150.81MB read
Requests/sec:   4086.20  
Transfer/sec:    514.77KB
