setup: assigned thread_id=1
init: final thread_id=1, base_seed=nil
setup: assigned thread_id=2
init: final thread_id=2, base_seed=nil
setup: assigned thread_id=3
init: final thread_id=3, base_seed=nil
setup: assigned thread_id=4
init: final thread_id=4, base_seed=nil
setup: assigned thread_id=5
init: final thread_id=5, base_seed=nil
setup: assigned thread_id=6
init: final thread_id=6, base_seed=nil
setup: assigned thread_id=7
init: final thread_id=7, base_seed=nil
setup: assigned thread_id=8
init: final thread_id=8, base_seed=nil
setup: assigned thread_id=9
init: final thread_id=9, base_seed=nil
setup: assigned thread_id=10
init: final thread_id=10, base_seed=nil
setup: assigned thread_id=11
init: final thread_id=11, base_seed=nil
setup: assigned thread_id=12
init: final thread_id=12, base_seed=nil
setup: assigned thread_id=13
init: final thread_id=13, base_seed=nil
setup: assigned thread_id=14
init: final thread_id=14, base_seed=nil
setup: assigned thread_id=15
init: final thread_id=15, base_seed=nil
setup: assigned thread_id=16
init: final thread_id=16, base_seed=nil
setup: assigned thread_id=17
init: final thread_id=17, base_seed=nil
setup: assigned thread_id=18
init: final thread_id=18, base_seed=nil
setup: assigned thread_id=19
init: final thread_id=19, base_seed=nil
setup: assigned thread_id=20
init: final thread_id=20, base_seed=nil
script_want_response
Running 5m test @ http://10.10.1.1:24391
  20 threads and 200 connections

  Thread calibration: mean lat.: 21.808ms, rate sampling interval: 67ms
  Thread calibration: mean lat.: 23.364ms, rate sampling interval: 73ms
  Thread calibration: mean lat.: 25.737ms, rate sampling interval: 77ms
  Thread calibration: mean lat.: 27.699ms, rate sampling interval: 79ms
  Thread calibration: mean lat.: 30.238ms, rate sampling interval: 92ms
  Thread calibration: mean lat.: 32.439ms, rate sampling interval: 99ms
  Thread calibration: mean lat.: 34.658ms, rate sampling interval: 105ms
  Thread calibration: mean lat.: 38.178ms, rate sampling interval: 109ms
  Thread calibration: mean lat.: 40.324ms, rate sampling interval: 110ms
  Thread calibration: mean lat.: 41.235ms, rate sampling interval: 111ms
  Thread calibration: mean lat.: 42.384ms, rate sampling interval: 109ms
  Thread calibration: mean lat.: 43.257ms, rate sampling interval: 109ms
  Thread calibration: mean lat.: 44.079ms, rate sampling interval: 109ms
  Thread calibration: mean lat.: 44.082ms, rate sampling interval: 107ms
  Thread calibration: mean lat.: 43.990ms, rate sampling interval: 106ms
  Thread calibration: mean lat.: 43.734ms, rate sampling interval: 105ms
  Thread calibration: mean lat.: 43.489ms, rate sampling interval: 103ms
  Thread calibration: mean lat.: 43.184ms, rate sampling interval: 102ms
  Thread calibration: mean lat.: 42.440ms, rate sampling interval: 100ms
  Thread calibration: mean lat.: 41.914ms, rate sampling interval: 98ms

-----------------------------------------------------------------------
Test Results @ http://10.10.1.1:24391 
  Thread Stats   Avg      Stdev     99%   +/- Stdev
    Latency    44.75ms   23.08ms 147.20ms   84.55%
    Req/Sec   100.11     29.25   183.00     77.18%
  Latency Distribution (HdrHistogram - Recorded Latency)
 50.000%   41.50ms
 75.000%   52.48ms
 90.000%   62.17ms
 99.000%  147.20ms
 99.900%  226.94ms
 99.990%  286.98ms
 99.999%  293.38ms
100.000%  294.65ms

  Detailed Percentile spectrum:
       Value   Percentile   TotalCount 1/(1-Percentile)

       9.039     0.000000            1         1.00
      23.167     0.100000        58055         1.11
      29.871     0.200000       116096         1.25
      34.079     0.300000       174183         1.43
      37.727     0.400000       232495         1.67
      41.503     0.500000       290454         2.00
      43.583     0.550000       319392         2.22
      45.823     0.600000       348331         2.50
      48.063     0.650000       377410         2.86
      50.239     0.700000       406301         3.33
      52.479     0.750000       435147         4.00
      53.695     0.775000       449618         4.44
      54.975     0.800000       464075         5.00
      56.383     0.825000       478822         5.71
      57.919     0.850000       493087         6.67
      59.711     0.875000       507578         8.00
      60.831     0.887500       514827         8.89
      62.175     0.900000       522120        10.00
      63.871     0.912500       529323        11.43
      66.367     0.925000       536502        13.33
      70.719     0.937500       543807        16.00
      74.687     0.943750       547405        17.78
      79.999     0.950000       551020        20.00
      85.503     0.956250       554629        22.86
      91.775     0.962500       558284        26.67
      98.175     0.968750       561883        32.00
     101.631     0.971875       563693        35.56
     105.279     0.975000       565518        40.00
     109.439     0.978125       567321        45.71
     114.751     0.981250       569137        53.33
     121.919     0.984375       570947        64.00
     126.655     0.985938       571853        71.11
     132.607     0.987500       572764        80.00
     139.519     0.989062       573676        91.43
     151.295     0.990625       574564       106.67
     158.079     0.992188       575479       128.00
     160.895     0.992969       575928       142.22
     164.351     0.993750       576380       160.00
     169.087     0.994531       576835       182.86
     176.639     0.995313       577284       213.33
     185.471     0.996094       577736       256.00
     189.311     0.996484       577965       284.44
     192.639     0.996875       578195       320.00
     196.607     0.997266       578419       365.71
     202.623     0.997656       578642       426.67
     209.023     0.998047       578868       512.00
     212.095     0.998242       578986       568.89
     215.551     0.998437       579101       640.00
     219.135     0.998633       579213       731.43
     222.975     0.998828       579321       853.33
     227.583     0.999023       579434      1024.00
     232.703     0.999121       579493      1137.78
     235.903     0.999219       579548      1280.00
     238.975     0.999316       579608      1462.86
     241.279     0.999414       579662      1706.67
     243.583     0.999512       579720      2048.00
     244.991     0.999561       579747      2275.56
     246.911     0.999609       579774      2560.00
     261.375     0.999658       579802      2925.71
     266.751     0.999707       579832      3413.33
     269.823     0.999756       579864      4096.00
     270.847     0.999780       579874      4551.11
     272.639     0.999805       579887      5120.00
     278.783     0.999829       579901      5851.43
     283.647     0.999854       579916      6826.67
     285.695     0.999878       579930      8192.00
     286.463     0.999890       579941      9102.22
     287.231     0.999902       579946     10240.00
     288.255     0.999915       579954     11702.86
     288.767     0.999927       579959     13653.33
     289.535     0.999939       579965     16384.00
     290.303     0.999945       579970     18204.44
     290.559     0.999951       579972     20480.00
     291.071     0.999957       579976     23405.71
     291.327     0.999963       579979     27306.67
     291.583     0.999969       579983     32768.00
     291.839     0.999973       579986     36408.89
     291.839     0.999976       579986     40960.00
     292.351     0.999979       579988     46811.43
     292.607     0.999982       579990     54613.33
     293.119     0.999985       579992     65536.00
     293.375     0.999986       579996     72817.78
     293.375     0.999988       579996     81920.00
     293.375     0.999989       579996     93622.86
     293.375     0.999991       579996    109226.67
     293.375     0.999992       579996    131072.00
     293.887     0.999993       579998    145635.56
     293.887     0.999994       579998    163840.00
     293.887     0.999995       579998    187245.71
     293.887     0.999995       579998    218453.33
     293.887     0.999996       579998    262144.00
     294.399     0.999997       579999    291271.11
     294.399     0.999997       579999    327680.00
     294.399     0.999997       579999    374491.43
     294.399     0.999998       579999    436906.67
     294.399     0.999998       579999    524288.00
     294.655     0.999998       580000    582542.22
     294.655     1.000000       580000          inf
#[Mean    =       44.750, StdDeviation   =       23.080]
#[Max     =      294.400, Total count    =       580000]
#[Buckets =           27, SubBuckets     =         2048]
-----------------------------------------------------------------------
  599802 requests in 5.00m, 93.02MB read
Requests/sec:   1999.20  
Transfer/sec:    317.47KB
