setup: assigned thread_id=1
init: final thread_id=1, base_seed=nil
script_want_response
Running 2m test @ http://10.10.1.1:24391
  1 threads and 10 connections

  Thread calibration: mean lat.: 9.906ms, rate sampling interval: 22ms

-----------------------------------------------------------------------
Test Results @ http://10.10.1.1:24391 
  Thread Stats   Avg      Stdev     99%   +/- Stdev
    Latency     9.76ms    1.03ms  12.05ms   82.09%
    Req/Sec   102.13    175.83   476.00     79.89%
  Latency Distribution (HdrHistogram - Recorded Latency)
 50.000%    9.57ms
 75.000%   10.17ms
 90.000%   10.94ms
 99.000%   12.05ms
 99.900%   22.83ms
 99.990%   32.51ms
 99.999%   32.77ms
100.000%   32.77ms

  Detailed Percentile spectrum:
       Value   Percentile   TotalCount 1/(1-Percentile)

       7.831     0.000000            1         1.00
       8.863     0.100000          906         1.11
       9.071     0.200000         1832         1.25
       9.239     0.300000         2702         1.43
       9.399     0.400000         3630         1.67
       9.575     0.500000         4541         2.00
       9.655     0.550000         4968         2.22
       9.759     0.600000         5432         2.50
       9.871     0.650000         5866         2.86
       9.999     0.700000         6311         3.33
      10.167     0.750000         6764         4.00
      10.271     0.775000         6977         4.44
      10.383     0.800000         7203         5.00
      10.495     0.825000         7434         5.71
      10.623     0.850000         7664         6.67
      10.751     0.875000         7876         8.00
      10.839     0.887500         7990         8.89
      10.935     0.900000         8103        10.00
      11.039     0.912500         8221        11.43
      11.119     0.925000         8327        13.33
      11.215     0.937500         8438        16.00
      11.263     0.943750         8494        17.78
      11.335     0.950000         8553        20.00
      11.399     0.956250         8610        22.86
      11.463     0.962500         8667        26.67
      11.567     0.968750         8719        32.00
      11.615     0.971875         8749        35.56
      11.655     0.975000         8775        40.00
      11.711     0.978125         8804        45.71
      11.799     0.981250         8832        53.33
      11.863     0.984375         8860        64.00
      11.895     0.985938         8874        71.11
      11.951     0.987500         8891        80.00
      12.007     0.989062         8903        91.43
      12.079     0.990625         8916       106.67
      12.191     0.992188         8931       128.00
      12.247     0.992969         8937       142.22
      12.295     0.993750         8944       160.00
      12.391     0.994531         8951       182.86
      12.495     0.995313         8958       213.33
      12.631     0.996094         8965       256.00
      12.815     0.996484         8969       284.44
      12.975     0.996875         8972       320.00
      13.639     0.997266         8976       365.71
      13.671     0.997656         8979       426.67
      14.031     0.998047         8983       512.00
      14.367     0.998242         8985       568.89
      14.447     0.998437         8986       640.00
      15.591     0.998633         8988       731.43
      16.023     0.998828         8990       853.33
      24.559     0.999023         8992      1024.00
      25.599     0.999121         8993      1137.78
      25.599     0.999219         8993      1280.00
      27.119     0.999316         8994      1462.86
      27.583     0.999414         8995      1706.67
      28.095     0.999512         8996      2048.00
      29.887     0.999561         8997      2275.56
      29.887     0.999609         8997      2560.00
      29.887     0.999658         8997      2925.71
      30.127     0.999707         8998      3413.33
      30.127     0.999756         8998      4096.00
      32.511     0.999780         8999      4551.11
      32.511     0.999805         8999      5120.00
      32.511     0.999829         8999      5851.43
      32.511     0.999854         8999      6826.67
      32.511     0.999878         8999      8192.00
      32.767     0.999890         9000      9102.22
      32.767     1.000000         9000          inf
#[Mean    =        9.755, StdDeviation   =        1.027]
#[Max     =       32.752, Total count    =         9000]
#[Buckets =           27, SubBuckets     =         2048]
-----------------------------------------------------------------------
  9991 requests in 1.67m, 1.55MB read
Requests/sec:     99.90  
Transfer/sec:     15.85KB
