setup: assigned thread_id=1
init: final thread_id=1, base_seed=nil
setup: assigned thread_id=2
init: final thread_id=2, base_seed=nil
setup: assigned thread_id=3
init: final thread_id=3, base_seed=nil
setup: assigned thread_id=4
init: final thread_id=4, base_seed=nil
setup: assigned thread_id=5
init: final thread_id=5, base_seed=nil
setup: assigned thread_id=6
init: final thread_id=6, base_seed=nil
setup: assigned thread_id=7
init: final thread_id=7, base_seed=nil
setup: assigned thread_id=8
init: final thread_id=8, base_seed=nil
setup: assigned thread_id=9
init: final thread_id=9, base_seed=nil
setup: assigned thread_id=10
init: final thread_id=10, base_seed=nil
setup: assigned thread_id=11
init: final thread_id=11, base_seed=nil
setup: assigned thread_id=12
init: final thread_id=12, base_seed=nil
setup: assigned thread_id=13
init: final thread_id=13, base_seed=nil
setup: assigned thread_id=14
init: final thread_id=14, base_seed=nil
setup: assigned thread_id=15
init: final thread_id=15, base_seed=nil
setup: assigned thread_id=16
init: final thread_id=16, base_seed=nil
setup: assigned thread_id=17
init: final thread_id=17, base_seed=nil
setup: assigned thread_id=18
init: final thread_id=18, base_seed=nil
setup: assigned thread_id=19
init: final thread_id=19, base_seed=nil
setup: assigned thread_id=20
init: final thread_id=20, base_seed=nil
script_want_response
Running 1m test @ http://10.10.1.1:23821
  20 threads and 200 connections

  Thread calibration: mean lat.: 15.427ms, rate sampling interval: 55ms
  Thread calibration: mean lat.: 17.187ms, rate sampling interval: 64ms
  Thread calibration: mean lat.: 19.146ms, rate sampling interval: 72ms
  Thread calibration: mean lat.: 22.373ms, rate sampling interval: 91ms
  Thread calibration: mean lat.: 25.659ms, rate sampling interval: 98ms
  Thread calibration: mean lat.: 29.100ms, rate sampling interval: 102ms
  Thread calibration: mean lat.: 31.455ms, rate sampling interval: 105ms
  Thread calibration: mean lat.: 33.701ms, rate sampling interval: 106ms
  Thread calibration: mean lat.: 35.902ms, rate sampling interval: 107ms
  Thread calibration: mean lat.: 38.891ms, rate sampling interval: 109ms
  Thread calibration: mean lat.: 39.838ms, rate sampling interval: 108ms
  Thread calibration: mean lat.: 40.594ms, rate sampling interval: 106ms
  Thread calibration: mean lat.: 41.405ms, rate sampling interval: 106ms
  Thread calibration: mean lat.: 41.348ms, rate sampling interval: 104ms
  Thread calibration: mean lat.: 41.181ms, rate sampling interval: 104ms
  Thread calibration: mean lat.: 40.908ms, rate sampling interval: 102ms
  Thread calibration: mean lat.: 40.462ms, rate sampling interval: 100ms
  Thread calibration: mean lat.: 39.875ms, rate sampling interval: 99ms
  Thread calibration: mean lat.: 39.263ms, rate sampling interval: 97ms
  Thread calibration: mean lat.: 38.467ms, rate sampling interval: 95ms

-----------------------------------------------------------------------
Test Results @ http://10.10.1.1:23821 
  Thread Stats   Avg      Stdev     99%   +/- Stdev
    Latency    32.67ms   13.89ms  62.46ms   63.99%
    Req/Sec   100.29     34.50   185.00     76.66%
  Latency Distribution (HdrHistogram - Recorded Latency)
 50.000%   34.49ms
 75.000%   42.78ms
 90.000%   49.57ms
 99.000%   62.46ms
 99.900%   72.77ms
 99.990%   78.59ms
 99.999%   80.25ms
100.000%   81.21ms

  Detailed Percentile spectrum:
       Value   Percentile   TotalCount 1/(1-Percentile)

       7.191     0.000000            1         1.00
      11.447     0.100000        10002         1.11
      18.207     0.200000        20009         1.25
      24.719     0.300000        30010         1.43
      30.335     0.400000        40006         1.67
      34.495     0.500000        50003         2.00
      36.255     0.550000        55021         2.22
      37.887     0.600000        60042         2.50
      39.551     0.650000        65079         2.86
      41.183     0.700000        70086         3.33
      42.783     0.750000        75026         4.00
      43.647     0.775000        77541         4.44
      44.543     0.800000        80074         5.00
      45.535     0.825000        82515         5.71
      46.655     0.850000        85036         6.67
      47.999     0.875000        87533         8.00
      48.767     0.887500        88803         8.89
      49.567     0.900000        90050        10.00
      50.463     0.912500        91262        11.43
      51.487     0.925000        92522        13.33
      52.671     0.937500        93778        16.00
      53.279     0.943750        94383        17.78
      53.983     0.950000        95016        20.00
      54.751     0.956250        95629        22.86
      55.647     0.962500        96269        26.67
      56.639     0.968750        96888        32.00
      57.183     0.971875        97205        35.56
      57.791     0.975000        97511        40.00
      58.463     0.978125        97816        45.71
      59.231     0.981250        98129        53.33
      60.255     0.984375        98447        64.00
      60.831     0.985938        98602        71.11
      61.407     0.987500        98755        80.00
      62.047     0.989062        98909        91.43
      62.751     0.990625        99062       106.67
      63.807     0.992188        99218       128.00
      64.415     0.992969        99296       142.22
      65.183     0.993750        99375       160.00
      65.919     0.994531        99456       182.86
      66.751     0.995313        99534       213.33
      67.583     0.996094        99610       256.00
      67.903     0.996484        99649       284.44
      68.415     0.996875        99687       320.00
      68.927     0.997266        99727       365.71
      69.631     0.997656        99766       426.67
      70.335     0.998047        99805       512.00
      70.783     0.998242        99827       568.89
      71.103     0.998437        99843       640.00
      71.615     0.998633        99863       731.43
      72.191     0.998828        99882       853.33
      72.831     0.999023        99902      1024.00
      73.087     0.999121        99914      1137.78
      73.343     0.999219        99922      1280.00
      73.663     0.999316        99932      1462.86
      74.111     0.999414        99944      1706.67
      74.431     0.999512        99951      2048.00
      74.879     0.999561        99956      2275.56
      75.519     0.999609        99960      2560.00
      75.903     0.999658        99965      2925.71
      76.287     0.999707        99970      3413.33
      76.799     0.999756        99975      4096.00
      77.311     0.999780        99978      4551.11
      77.823     0.999805        99982      5120.00
      77.823     0.999829        99982      5851.43
      78.207     0.999854        99985      6826.67
      78.399     0.999878        99987      8192.00
      78.591     0.999890        99989      9102.22
      78.655     0.999902        99991     10240.00
      78.655     0.999915        99991     11702.86
      78.847     0.999927        99992     13653.33
      78.911     0.999939        99994     16384.00
      78.911     0.999945        99994     18204.44
      79.359     0.999951        99995     20480.00
      79.359     0.999957        99995     23405.71
      79.551     0.999963        99996     27306.67
      79.551     0.999969        99996     32768.00
      79.935     0.999973        99997     36408.89
      79.935     0.999976        99997     40960.00
      79.935     0.999979        99997     46811.43
      80.255     0.999982        99998     54613.33
      80.255     0.999985        99998     65536.00
      80.255     0.999986        99998     72817.78
      80.255     0.999988        99998     81920.00
      80.255     0.999989        99998     93622.86
      81.215     0.999991        99999    109226.67
      81.215     1.000000        99999          inf
#[Mean    =       32.666, StdDeviation   =       13.886]
#[Max     =       81.152, Total count    =        99999]
#[Buckets =           27, SubBuckets     =         2048]
-----------------------------------------------------------------------
  119804 requests in 1.00m, 18.58MB read
Requests/sec:   1996.32  
Transfer/sec:    317.03KB
