setup: assigned thread_id=1
init: final thread_id=1, base_seed=nil
setup: assigned thread_id=2
init: final thread_id=2, base_seed=nil
setup: assigned thread_id=3
init: final thread_id=3, base_seed=nil
setup: assigned thread_id=4
init: final thread_id=4, base_seed=nil
setup: assigned thread_id=5
init: final thread_id=5, base_seed=nil
script_want_response
Running 5m test @ http://10.10.1.1:23821
  5 threads and 50 connections

  Thread calibration: mean lat.: 10.386ms, rate sampling interval: 27ms
  Thread calibration: mean lat.: 10.858ms, rate sampling interval: 30ms
  Thread calibration: mean lat.: 10.792ms, rate sampling interval: 29ms
  Thread calibration: mean lat.: 10.901ms, rate sampling interval: 29ms
  Thread calibration: mean lat.: 10.880ms, rate sampling interval: 29ms

-----------------------------------------------------------------------
Test Results @ http://10.10.1.1:23821 
  Thread Stats   Avg      Stdev     99%   +/- Stdev
    Latency    11.54ms    3.40ms  22.11ms   81.39%
    Req/Sec   203.01    138.15   384.00     46.94%
  Latency Distribution (HdrHistogram - Recorded Latency)
 50.000%   10.44ms
 75.000%   13.20ms
 90.000%   16.11ms
 99.000%   22.11ms
 99.900%   31.90ms
 99.990%   52.90ms
 99.999%  103.49ms
100.000%  115.65ms

  Detailed Percentile spectrum:
       Value   Percentile   TotalCount 1/(1-Percentile)

       6.939     0.000000            1         1.00
       8.471     0.100000        29394         1.11
       8.863     0.200000        58018         1.25
       9.271     0.300000        87117         1.43
       9.775     0.400000       116125         1.67
      10.439     0.500000       145083         2.00
      10.863     0.550000       159677         2.22
      11.351     0.600000       174041         2.50
      11.895     0.650000       188523         2.86
      12.511     0.700000       203043         3.33
      13.199     0.750000       217590         4.00
      13.575     0.775000       224752         4.44
      13.975     0.800000       232037         5.00
      14.415     0.825000       239316         5.71
      14.903     0.850000       246502         6.67
      15.463     0.875000       253820         8.00
      15.767     0.887500       257448         8.89
      16.111     0.900000       261058        10.00
      16.495     0.912500       264743        11.43
      16.927     0.925000       268373        13.33
      17.423     0.937500       271965        16.00
      17.695     0.943750       273735        17.78
      18.015     0.950000       275545        20.00
      18.367     0.956250       277325        22.86
      18.767     0.962500       279138        26.67
      19.231     0.968750       280954        32.00
      19.487     0.971875       281845        35.56
      19.807     0.975000       282783        40.00
      20.143     0.978125       283671        45.71
      20.527     0.981250       284566        53.33
      20.975     0.984375       285481        64.00
      21.247     0.985938       285920        71.11
      21.551     0.987500       286391        80.00
      21.871     0.989062       286841        91.43
      22.287     0.990625       287284       106.67
      22.783     0.992188       287739       128.00
      23.087     0.992969       287959       142.22
      23.423     0.993750       288191       160.00
      23.807     0.994531       288421       182.86
      24.239     0.995313       288643       213.33
      24.815     0.996094       288870       256.00
      25.087     0.996484       288979       284.44
      25.439     0.996875       289096       320.00
      25.903     0.997266       289207       365.71
      26.431     0.997656       289319       426.67
      27.119     0.998047       289433       512.00
      27.535     0.998242       289490       568.89
      28.111     0.998437       289546       640.00
      28.911     0.998633       289603       731.43
      29.983     0.998828       289659       853.33
      32.367     0.999023       289715      1024.00
      33.791     0.999121       289745      1137.78
      35.071     0.999219       289772      1280.00
      36.255     0.999316       289800      1462.86
      37.791     0.999414       289829      1706.67
      38.783     0.999512       289857      2048.00
      39.519     0.999561       289871      2275.56
      40.447     0.999609       289885      2560.00
      41.055     0.999658       289899      2925.71
      42.559     0.999707       289914      3413.33
      43.935     0.999756       289928      4096.00
      46.911     0.999780       289935      4551.11
      48.095     0.999805       289942      5120.00
      49.503     0.999829       289949      5851.43
      50.367     0.999854       289956      6826.67
      52.031     0.999878       289963      8192.00
      52.703     0.999890       289967      9102.22
      52.959     0.999902       289970     10240.00
      55.103     0.999915       289974     11702.86
      58.751     0.999927       289977     13653.33
      63.071     0.999939       289981     16384.00
      69.503     0.999945       289983     18204.44
      69.567     0.999951       289984     20480.00
      75.711     0.999957       289986     23405.71
      88.255     0.999963       289988     27306.67
      90.239     0.999969       289990     32768.00
      90.495     0.999973       289991     36408.89
      90.495     0.999976       289991     40960.00
      93.375     0.999979       289992     46811.43
      97.535     0.999982       289993     54613.33
     100.543     0.999985       289994     65536.00
     103.487     0.999986       289995     72817.78
     103.487     0.999988       289995     81920.00
     103.487     0.999989       289995     93622.86
     110.655     0.999991       289996    109226.67
     110.655     0.999992       289996    131072.00
     113.343     0.999993       289997    145635.56
     113.343     0.999994       289997    163840.00
     113.343     0.999995       289997    187245.71
     113.343     0.999995       289997    218453.33
     113.343     0.999996       289997    262144.00
     115.647     0.999997       289998    291271.11
     115.647     1.000000       289998          inf
#[Mean    =       11.535, StdDeviation   =        3.402]
#[Max     =      115.584, Total count    =       289998]
#[Buckets =           27, SubBuckets     =         2048]
-----------------------------------------------------------------------
  299955 requests in 5.00m, 46.51MB read
Requests/sec:    999.82  
Transfer/sec:    158.74KB
