setup: assigned thread_id=1
init: final thread_id=1, base_seed=nil
script_want_response
Running 1m test @ http://10.10.1.1:23821
  1 threads and 10 connections

  Thread calibration: mean lat.: 8.692ms, rate sampling interval: 19ms

-----------------------------------------------------------------------
Test Results @ http://10.10.1.1:23821 
  Thread Stats   Avg      Stdev     99%   +/- Stdev
    Latency     8.77ms  817.22us  10.83ms   72.28%
    Req/Sec   102.33    189.50   555.00     81.59%
  Latency Distribution (HdrHistogram - Recorded Latency)
 50.000%    8.68ms
 75.000%    9.22ms
 90.000%    9.80ms
 99.000%   10.83ms
 99.900%   15.68ms
 99.990%   18.75ms
 99.999%   19.22ms
100.000%   19.22ms

  Detailed Percentile spectrum:
       Value   Percentile   TotalCount 1/(1-Percentile)

       6.759     0.000000            1         1.00
       7.863     0.100000          508         1.11
       8.103     0.200000         1000         1.25
       8.295     0.300000         1514         1.43
       8.487     0.400000         2009         1.67
       8.679     0.500000         2507         2.00
       8.783     0.550000         2769         2.22
       8.879     0.600000         3012         2.50
       8.975     0.650000         3261         2.86
       9.095     0.700000         3503         3.33
       9.223     0.750000         3751         4.00
       9.295     0.775000         3875         4.44
       9.367     0.800000         4001         5.00
       9.455     0.825000         4126         5.71
       9.567     0.850000         4254         6.67
       9.687     0.875000         4380         8.00
       9.743     0.887500         4440         8.89
       9.799     0.900000         4504        10.00
       9.863     0.912500         4565        11.43
       9.935     0.925000         4632        13.33
      10.015     0.937500         4689        16.00
      10.071     0.943750         4724        17.78
      10.119     0.950000         4751        20.00
      10.183     0.956250         4782        22.86
      10.271     0.962500         4813        26.67
      10.335     0.968750         4844        32.00
      10.399     0.971875         4863        35.56
      10.439     0.975000         4875        40.00
      10.487     0.978125         4891        45.71
      10.527     0.981250         4908        53.33
      10.631     0.984375         4923        64.00
      10.687     0.985938         4931        71.11
      10.775     0.987500         4939        80.00
      10.815     0.989062         4947        91.43
      10.847     0.990625         4955       106.67
      10.911     0.992188         4962       128.00
      10.943     0.992969         4965       142.22
      10.991     0.993750         4970       160.00
      11.055     0.994531         4973       182.86
      11.231     0.995313         4977       213.33
      11.383     0.996094         4981       256.00
      11.599     0.996484         4983       284.44
      11.799     0.996875         4985       320.00
      12.087     0.997266         4987       365.71
      12.463     0.997656         4989       426.67
      12.999     0.998047         4991       512.00
      13.423     0.998242         4992       568.89
      13.559     0.998437         4993       640.00
      13.703     0.998633         4994       731.43
      15.679     0.998828         4995       853.33
      15.871     0.999023         4996      1024.00
      15.871     0.999121         4996      1137.78
      16.135     0.999219         4997      1280.00
      16.135     0.999316         4997      1462.86
      18.303     0.999414         4998      1706.67
      18.303     0.999512         4998      2048.00
      18.303     0.999561         4998      2275.56
      18.751     0.999609         4999      2560.00
      18.751     0.999658         4999      2925.71
      18.751     0.999707         4999      3413.33
      18.751     0.999756         4999      4096.00
      18.751     0.999780         4999      4551.11
      19.215     0.999805         5000      5120.00
      19.215     1.000000         5000          inf
#[Mean    =        8.769, StdDeviation   =        0.817]
#[Max     =       19.200, Total count    =         5000]
#[Buckets =           27, SubBuckets     =         2048]
-----------------------------------------------------------------------
  5990 requests in 1.00m, 0.93MB read
Requests/sec:     99.81  
Transfer/sec:     15.86KB
