setup: assigned thread_id=1
init: final thread_id=1, base_seed=nil
setup: assigned thread_id=2
init: final thread_id=2, base_seed=nil
setup: assigned thread_id=3
init: final thread_id=3, base_seed=nil
setup: assigned thread_id=4
init: final thread_id=4, base_seed=nil
setup: assigned thread_id=5
init: final thread_id=5, base_seed=nil
setup: assigned thread_id=6
init: final thread_id=6, base_seed=nil
setup: assigned thread_id=7
init: final thread_id=7, base_seed=nil
setup: assigned thread_id=8
init: final thread_id=8, base_seed=nil
setup: assigned thread_id=9
init: final thread_id=9, base_seed=nil
setup: assigned thread_id=10
init: final thread_id=10, base_seed=nil
setup: assigned thread_id=11
init: final thread_id=11, base_seed=nil
setup: assigned thread_id=12
init: final thread_id=12, base_seed=nil
setup: assigned thread_id=13
init: final thread_id=13, base_seed=nil
setup: assigned thread_id=14
init: final thread_id=14, base_seed=nil
setup: assigned thread_id=15
init: final thread_id=15, base_seed=nil
setup: assigned thread_id=16
init: final thread_id=16, base_seed=nil
setup: assigned thread_id=17
init: final thread_id=17, base_seed=nil
setup: assigned thread_id=18
init: final thread_id=18, base_seed=nil
setup: assigned thread_id=19
init: final thread_id=19, base_seed=nil
setup: assigned thread_id=20
init: final thread_id=20, base_seed=nil
script_want_response
Running 1m test @ http://10.10.1.1:18563
  20 threads and 200 connections

  Thread calibration: mean lat.: 15.373ms, rate sampling interval: 54ms
  Thread calibration: mean lat.: 17.530ms, rate sampling interval: 66ms
  Thread calibration: mean lat.: 19.717ms, rate sampling interval: 76ms
  Thread calibration: mean lat.: 22.107ms, rate sampling interval: 82ms
  Thread calibration: mean lat.: 25.048ms, rate sampling interval: 87ms
  Thread calibration: mean lat.: 28.711ms, rate sampling interval: 96ms
  Thread calibration: mean lat.: 30.924ms, rate sampling interval: 96ms
  Thread calibration: mean lat.: 32.539ms, rate sampling interval: 97ms
  Thread calibration: mean lat.: 35.483ms, rate sampling interval: 100ms
  Thread calibration: mean lat.: 36.125ms, rate sampling interval: 99ms
  Thread calibration: mean lat.: 37.298ms, rate sampling interval: 99ms
  Thread calibration: mean lat.: 38.707ms, rate sampling interval: 101ms
  Thread calibration: mean lat.: 38.862ms, rate sampling interval: 99ms
  Thread calibration: mean lat.: 39.983ms, rate sampling interval: 102ms
  Thread calibration: mean lat.: 40.025ms, rate sampling interval: 99ms
  Thread calibration: mean lat.: 39.228ms, rate sampling interval: 98ms
  Thread calibration: mean lat.: 38.402ms, rate sampling interval: 95ms
  Thread calibration: mean lat.: 38.423ms, rate sampling interval: 95ms
  Thread calibration: mean lat.: 37.418ms, rate sampling interval: 92ms
  Thread calibration: mean lat.: 36.749ms, rate sampling interval: 91ms

-----------------------------------------------------------------------
Test Results @ http://10.10.1.1:18563 
  Thread Stats   Avg      Stdev     99%   +/- Stdev
    Latency    32.72ms   13.37ms  61.25ms   64.88%
    Req/Sec   100.28     33.81   188.00     79.59%
  Latency Distribution (HdrHistogram - Recorded Latency)
 50.000%   33.98ms
 75.000%   42.27ms
 90.000%   49.25ms
 99.000%   61.25ms
 99.900%   76.74ms
 99.990%   85.57ms
 99.999%   87.49ms
100.000%   88.38ms

  Detailed Percentile spectrum:
       Value   Percentile   TotalCount 1/(1-Percentile)

       6.931     0.000000            1         1.00
      11.879     0.100000        10004         1.11
      19.951     0.200000        20020         1.25
      25.919     0.300000        30017         1.43
      30.383     0.400000        40000         1.67
      33.983     0.500000        50034         2.00
      35.583     0.550000        55020         2.22
      37.151     0.600000        60017         2.50
      38.783     0.650000        65012         2.86
      40.479     0.700000        70060         3.33
      42.271     0.750000        75046         4.00
      43.231     0.775000        77540         4.44
      44.255     0.800000        80005         5.00
      45.407     0.825000        82560         5.71
      46.591     0.850000        85037         6.67
      47.807     0.875000        87511         8.00
      48.511     0.887500        88787         8.89
      49.247     0.900000        90002        10.00
      50.047     0.912500        91258        11.43
      50.943     0.925000        92512        13.33
      51.967     0.937500        93757        16.00
      52.607     0.943750        94398        17.78
      53.215     0.950000        95003        20.00
      53.951     0.956250        95641        22.86
      54.783     0.962500        96276        26.67
      55.743     0.968750        96889        32.00
      56.287     0.971875        97197        35.56
      56.895     0.975000        97504        40.00
      57.599     0.978125        97817        45.71
      58.399     0.981250        98127        53.33
      59.263     0.984375        98439        64.00
      59.711     0.985938        98596        71.11
      60.223     0.987500        98751        80.00
      60.863     0.989062        98913        91.43
      61.535     0.990625        99063       106.67
      62.399     0.992188        99221       128.00
      62.975     0.992969        99301       142.22
      63.519     0.993750        99375       160.00
      64.511     0.994531        99457       182.86
      65.535     0.995313        99536       213.33
      66.623     0.996094        99612       256.00
      67.135     0.996484        99651       284.44
      67.839     0.996875        99688       320.00
      68.991     0.997266        99728       365.71
      69.951     0.997656        99768       426.67
      71.167     0.998047        99807       512.00
      71.871     0.998242        99826       568.89
      72.959     0.998437        99844       640.00
      74.303     0.998633        99864       731.43
      75.647     0.998828        99883       853.33
      76.863     0.999023        99903      1024.00
      78.143     0.999121        99913      1137.78
      79.039     0.999219        99922      1280.00
      80.063     0.999316        99932      1462.86
      81.215     0.999414        99944      1706.67
      81.983     0.999512        99954      2048.00
      82.239     0.999561        99958      2275.56
      82.431     0.999609        99961      2560.00
      82.943     0.999658        99967      2925.71
      83.263     0.999707        99971      3413.33
      83.455     0.999756        99977      4096.00
      83.583     0.999780        99979      4551.11
      83.711     0.999805        99982      5120.00
      83.903     0.999829        99983      5851.43
      84.351     0.999854        99986      6826.67
      84.991     0.999878        99988      8192.00
      85.567     0.999890        99990      9102.22
      85.823     0.999902        99991     10240.00
      85.887     0.999915        99992     11702.86
      85.951     0.999927        99993     13653.33
      86.143     0.999939        99994     16384.00
      86.271     0.999945        99995     18204.44
      86.847     0.999951        99996     20480.00
      86.847     0.999957        99996     23405.71
      86.975     0.999963        99997     27306.67
      86.975     0.999969        99997     32768.00
      87.359     0.999973        99998     36408.89
      87.359     0.999976        99998     40960.00
      87.359     0.999979        99998     46811.43
      87.487     0.999982        99999     54613.33
      87.487     0.999985        99999     65536.00
      87.487     0.999986        99999     72817.78
      87.487     0.999988        99999     81920.00
      87.487     0.999989        99999     93622.86
      88.383     0.999991       100000    109226.67
      88.383     1.000000       100000          inf
#[Mean    =       32.723, StdDeviation   =       13.371]
#[Max     =       88.320, Total count    =       100000]
#[Buckets =           27, SubBuckets     =         2048]
-----------------------------------------------------------------------
  119703 requests in 1.00m, 18.56MB read
Requests/sec:   1994.57  
Transfer/sec:    316.74KB
