setup: assigned thread_id=1
init: final thread_id=1, base_seed=nil
setup: assigned thread_id=2
init: final thread_id=2, base_seed=nil
setup: assigned thread_id=3
init: final thread_id=3, base_seed=nil
setup: assigned thread_id=4
init: final thread_id=4, base_seed=nil
setup: assigned thread_id=5
init: final thread_id=5, base_seed=nil
script_want_response
Running 5m test @ http://10.10.1.1:18563
  5 threads and 50 connections

  Thread calibration: mean lat.: 10.196ms, rate sampling interval: 27ms
  Thread calibration: mean lat.: 10.465ms, rate sampling interval: 28ms
  Thread calibration: mean lat.: 10.714ms, rate sampling interval: 29ms
  Thread calibration: mean lat.: 10.969ms, rate sampling interval: 29ms
  Thread calibration: mean lat.: 10.941ms, rate sampling interval: 30ms

-----------------------------------------------------------------------
Test Results @ http://10.10.1.1:18563 
  Thread Stats   Avg      Stdev     99%   +/- Stdev
    Latency    11.54ms    3.46ms  22.30ms   80.56%
    Req/Sec   203.10    139.09   384.00     47.17%
  Latency Distribution (HdrHistogram - Recorded Latency)
 50.000%   10.45ms
 75.000%   13.26ms
 90.000%   16.22ms
 99.000%   22.30ms
 99.900%   28.72ms
 99.990%   77.82ms
 99.999%   89.79ms
100.000%   96.06ms

  Detailed Percentile spectrum:
       Value   Percentile   TotalCount 1/(1-Percentile)

       6.859     0.000000            1         1.00
       8.383     0.100000        29032         1.11
       8.799     0.200000        58137         1.25
       9.215     0.300000        87389         1.43
       9.735     0.400000       116349         1.67
      10.447     0.500000       145184         2.00
      10.895     0.550000       159534         2.22
      11.407     0.600000       174039         2.50
      11.959     0.650000       188544         2.86
      12.575     0.700000       203066         3.33
      13.255     0.750000       217505         4.00
      13.639     0.775000       224834         4.44
      14.047     0.800000       232090         5.00
      14.495     0.825000       239349         5.71
      14.991     0.850000       246566         6.67
      15.551     0.875000       253758         8.00
      15.871     0.887500       257425         8.89
      16.215     0.900000       261069        10.00
      16.607     0.912500       264740        11.43
      17.023     0.925000       268272        13.33
      17.535     0.937500       271896        16.00
      17.823     0.943750       273706        17.78
      18.143     0.950000       275557        20.00
      18.479     0.956250       277333        22.86
      18.895     0.962500       279141        26.67
      19.391     0.968750       280972        32.00
      19.663     0.971875       281847        35.56
      19.983     0.975000       282783        40.00
      20.335     0.978125       283681        45.71
      20.719     0.981250       284568        53.33
      21.199     0.984375       285487        64.00
      21.455     0.985938       285944        71.11
      21.759     0.987500       286377        80.00
      22.095     0.989062       286838        91.43
      22.479     0.990625       287289       106.67
      22.927     0.992188       287747       128.00
      23.215     0.992969       287970       142.22
      23.519     0.993750       288194       160.00
      23.839     0.994531       288420       182.86
      24.255     0.995313       288644       213.33
      24.703     0.996094       288872       256.00
      24.975     0.996484       288982       284.44
      25.295     0.996875       289095       320.00
      25.663     0.997266       289210       365.71
      26.031     0.997656       289320       426.67
      26.511     0.998047       289432       512.00
      26.863     0.998242       289489       568.89
      27.231     0.998437       289545       640.00
      27.663     0.998633       289602       731.43
      28.191     0.998828       289660       853.33
      28.799     0.999023       289715      1024.00
      29.231     0.999121       289744      1137.78
      29.663     0.999219       289772      1280.00
      30.335     0.999316       289800      1462.86
      31.791     0.999414       289829      1706.67
      35.583     0.999512       289857      2048.00
      36.543     0.999561       289871      2275.56
      37.759     0.999609       289885      2560.00
      39.327     0.999658       289899      2925.71
      41.407     0.999707       289914      3413.33
      43.327     0.999756       289928      4096.00
      44.831     0.999780       289935      4551.11
      46.207     0.999805       289943      5120.00
      48.543     0.999829       289949      5851.43
      62.655     0.999854       289956      6826.67
      75.455     0.999878       289963      8192.00
      77.439     0.999890       289967      9102.22
      78.207     0.999902       289970     10240.00
      79.167     0.999915       289974     11702.86
      79.679     0.999927       289977     13653.33
      80.511     0.999939       289981     16384.00
      80.831     0.999945       289984     18204.44
      80.831     0.999951       289984     20480.00
      81.215     0.999957       289986     23405.71
      81.663     0.999963       289988     27306.67
      82.623     0.999969       289991     32768.00
      82.623     0.999973       289991     36408.89
      82.623     0.999976       289991     40960.00
      83.263     0.999979       289993     46811.43
      83.263     0.999982       289993     54613.33
      84.479     0.999985       289994     65536.00
      89.791     0.999986       289995     72817.78
      89.791     0.999988       289995     81920.00
      89.791     0.999989       289995     93622.86
      92.927     0.999991       289996    109226.67
      92.927     0.999992       289996    131072.00
      96.063     0.999993       289998    145635.56
      96.063     1.000000       289998          inf
#[Mean    =       11.537, StdDeviation   =        3.459]
#[Max     =       96.000, Total count    =       289998]
#[Buckets =           27, SubBuckets     =         2048]
-----------------------------------------------------------------------
  299955 requests in 5.00m, 46.51MB read
Requests/sec:    999.81  
Transfer/sec:    158.75KB
