setup: assigned thread_id=1
init: final thread_id=1, base_seed=nil
script_want_response
Running 1m test @ http://10.10.1.1:18563
  1 threads and 10 connections

  Thread calibration: mean lat.: 8.539ms, rate sampling interval: 19ms

-----------------------------------------------------------------------
Test Results @ http://10.10.1.1:18563 
  Thread Stats   Avg      Stdev     99%   +/- Stdev
    Latency     8.45ms  790.10us  10.68ms   70.84%
    Req/Sec   102.48    192.46   555.00     81.89%
  Latency Distribution (HdrHistogram - Recorded Latency)
 50.000%    8.30ms
 75.000%    8.85ms
 90.000%    9.61ms
 99.000%   10.68ms
 99.900%   11.68ms
 99.990%   12.73ms
 99.999%   12.94ms
100.000%   12.94ms

  Detailed Percentile spectrum:
       Value   Percentile   TotalCount 1/(1-Percentile)

       6.411     0.000000            1         1.00
       7.583     0.100000          506         1.11
       7.795     0.200000         1004         1.25
       7.959     0.300000         1504         1.43
       8.127     0.400000         2005         1.67
       8.295     0.500000         2507         2.00
       8.383     0.550000         2754         2.22
       8.487     0.600000         3019         2.50
       8.591     0.650000         3255         2.86
       8.711     0.700000         3503         3.33
       8.855     0.750000         3760         4.00
       8.943     0.775000         3878         4.44
       9.055     0.800000         4005         5.00
       9.167     0.825000         4136         5.71
       9.287     0.850000         4254         6.67
       9.447     0.875000         4376         8.00
       9.519     0.887500         4441         8.89
       9.615     0.900000         4503        10.00
       9.711     0.912500         4566        11.43
       9.799     0.925000         4630        13.33
       9.903     0.937500         4689        16.00
       9.967     0.943750         4725        17.78
      10.007     0.950000         4752        20.00
      10.087     0.956250         4786        22.86
      10.151     0.962500         4815        26.67
      10.223     0.968750         4844        32.00
      10.271     0.971875         4861        35.56
      10.335     0.975000         4876        40.00
      10.407     0.978125         4893        45.71
      10.447     0.981250         4908        53.33
      10.527     0.984375         4923        64.00
      10.559     0.985938         4930        71.11
      10.583     0.987500         4939        80.00
      10.663     0.989062         4946        91.43
      10.695     0.990625         4954       106.67
      10.767     0.992188         4961       128.00
      10.831     0.992969         4965       142.22
      10.871     0.993750         4969       160.00
      10.927     0.994531         4973       182.86
      10.967     0.995313         4977       213.33
      10.999     0.996094         4981       256.00
      11.039     0.996484         4984       284.44
      11.087     0.996875         4985       320.00
      11.143     0.997266         4987       365.71
      11.175     0.997656         4989       426.67
      11.207     0.998047         4991       512.00
      11.215     0.998242         4992       568.89
      11.223     0.998437         4993       640.00
      11.639     0.998633         4994       731.43
      11.679     0.998828         4995       853.33
      11.767     0.999023         4996      1024.00
      11.767     0.999121         4996      1137.78
      11.863     0.999219         4997      1280.00
      11.863     0.999316         4997      1462.86
      11.943     0.999414         4998      1706.67
      11.943     0.999512         4998      2048.00
      11.943     0.999561         4998      2275.56
      12.727     0.999609         4999      2560.00
      12.727     0.999658         4999      2925.71
      12.727     0.999707         4999      3413.33
      12.727     0.999756         4999      4096.00
      12.727     0.999780         4999      4551.11
      12.943     0.999805         5000      5120.00
      12.943     1.000000         5000          inf
#[Mean    =        8.447, StdDeviation   =        0.790]
#[Max     =       12.936, Total count    =         5000]
#[Buckets =           27, SubBuckets     =         2048]
-----------------------------------------------------------------------
  5991 requests in 1.00m, 0.93MB read
Requests/sec:     99.83  
Transfer/sec:     15.83KB
