setup: assigned thread_id=1
init: final thread_id=1, base_seed=nil
setup: assigned thread_id=2
init: final thread_id=2, base_seed=nil
setup: assigned thread_id=3
init: final thread_id=3, base_seed=nil
setup: assigned thread_id=4
init: final thread_id=4, base_seed=nil
setup: assigned thread_id=5
init: final thread_id=5, base_seed=nil
setup: assigned thread_id=6
init: final thread_id=6, base_seed=nil
setup: assigned thread_id=7
init: final thread_id=7, base_seed=nil
setup: assigned thread_id=8
init: final thread_id=8, base_seed=nil
setup: assigned thread_id=9
init: final thread_id=9, base_seed=nil
setup: assigned thread_id=10
init: final thread_id=10, base_seed=nil
setup: assigned thread_id=11
init: final thread_id=11, base_seed=nil
setup: assigned thread_id=12
init: final thread_id=12, base_seed=nil
setup: assigned thread_id=13
init: final thread_id=13, base_seed=nil
setup: assigned thread_id=14
init: final thread_id=14, base_seed=nil
setup: assigned thread_id=15
init: final thread_id=15, base_seed=nil
setup: assigned thread_id=16
init: final thread_id=16, base_seed=nil
setup: assigned thread_id=17
init: final thread_id=17, base_seed=nil
setup: assigned thread_id=18
init: final thread_id=18, base_seed=nil
setup: assigned thread_id=19
init: final thread_id=19, base_seed=nil
setup: assigned thread_id=20
init: final thread_id=20, base_seed=nil
script_want_response
Running 1m test @ http://10.10.1.1:26850
  20 threads and 200 connections

  Thread calibration: mean lat.: 16.669ms, rate sampling interval: 63ms
  Thread calibration: mean lat.: 18.943ms, rate sampling interval: 77ms
  Thread calibration: mean lat.: 21.714ms, rate sampling interval: 87ms
  Thread calibration: mean lat.: 24.971ms, rate sampling interval: 99ms
  Thread calibration: mean lat.: 28.137ms, rate sampling interval: 102ms
  Thread calibration: mean lat.: 30.991ms, rate sampling interval: 104ms
  Thread calibration: mean lat.: 33.776ms, rate sampling interval: 106ms
  Thread calibration: mean lat.: 36.084ms, rate sampling interval: 107ms
  Thread calibration: mean lat.: 38.655ms, rate sampling interval: 107ms
  Thread calibration: mean lat.: 39.743ms, rate sampling interval: 106ms
  Thread calibration: mean lat.: 36.126ms, rate sampling interval: 109ms
  Thread calibration: mean lat.: 40.836ms, rate sampling interval: 106ms
  Thread calibration: mean lat.: 41.400ms, rate sampling interval: 105ms
  Thread calibration: mean lat.: 41.494ms, rate sampling interval: 104ms
  Thread calibration: mean lat.: 41.686ms, rate sampling interval: 103ms
  Thread calibration: mean lat.: 41.290ms, rate sampling interval: 102ms
  Thread calibration: mean lat.: 40.906ms, rate sampling interval: 100ms
  Thread calibration: mean lat.: 40.379ms, rate sampling interval: 100ms
  Thread calibration: mean lat.: 39.638ms, rate sampling interval: 98ms
  Thread calibration: mean lat.: 39.082ms, rate sampling interval: 96ms

-----------------------------------------------------------------------
Test Results @ http://10.10.1.1:26850 
  Thread Stats   Avg      Stdev     99%   +/- Stdev
    Latency    33.78ms   14.20ms  64.19ms   67.23%
    Req/Sec   100.25     27.75   179.00     78.25%
  Latency Distribution (HdrHistogram - Recorded Latency)
 50.000%   34.94ms
 75.000%   43.49ms
 90.000%   50.72ms
 99.000%   64.19ms
 99.900%  117.76ms
 99.990%  144.77ms
 99.999%  151.55ms
100.000%  152.70ms

  Detailed Percentile spectrum:
       Value   Percentile   TotalCount 1/(1-Percentile)

       6.887     0.000000            1         1.00
      11.919     0.100000        10008         1.11
      21.087     0.200000        20007         1.25
      26.863     0.300000        30022         1.43
      31.199     0.400000        40002         1.67
      34.943     0.500000        50039         2.00
      36.639     0.550000        55074         2.22
      38.271     0.600000        60076         2.50
      39.967     0.650000        65004         2.86
      41.663     0.700000        70004         3.33
      43.487     0.750000        75071         4.00
      44.479     0.775000        77582         4.44
      45.471     0.800000        80005         5.00
      46.623     0.825000        82563         5.71
      47.807     0.850000        85021         6.67
      49.151     0.875000        87529         8.00
      49.919     0.887500        88770         8.89
      50.719     0.900000        90004        10.00
      51.679     0.912500        91260        11.43
      52.703     0.925000        92507        13.33
      53.855     0.937500        93758        16.00
      54.527     0.943750        94395        17.78
      55.263     0.950000        95001        20.00
      55.999     0.956250        95633        22.86
      56.895     0.962500        96269        26.67
      57.951     0.968750        96877        32.00
      58.591     0.971875        97196        35.56
      59.295     0.975000        97504        40.00
      59.999     0.978125        97820        45.71
      60.831     0.981250        98128        53.33
      61.823     0.984375        98445        64.00
      62.399     0.985938        98599        71.11
      63.071     0.987500        98755        80.00
      63.775     0.989062        98911        91.43
      64.447     0.990625        99064       106.67
      65.151     0.992188        99218       128.00
      65.599     0.992969        99304       142.22
      66.047     0.993750        99381       160.00
      66.687     0.994531        99458       182.86
      67.519     0.995313        99531       213.33
      68.991     0.996094        99609       256.00
      70.143     0.996484        99650       284.44
      72.063     0.996875        99689       320.00
      73.535     0.997266        99726       365.71
      75.455     0.997656        99766       426.67
      78.591     0.998047        99804       512.00
      80.511     0.998242        99825       568.89
      83.263     0.998437        99843       640.00
      86.527     0.998633        99863       731.43
     114.559     0.998828        99882       853.33
     118.847     0.999023        99902      1024.00
     121.919     0.999121        99912      1137.78
     123.775     0.999219        99921      1280.00
     125.823     0.999316        99931      1462.86
     127.423     0.999414        99941      1706.67
     129.343     0.999512        99951      2048.00
     130.303     0.999561        99956      2275.56
     132.095     0.999609        99960      2560.00
     134.271     0.999658        99965      2925.71
     136.191     0.999707        99970      3413.33
     139.007     0.999756        99975      4096.00
     139.775     0.999780        99978      4551.11
     140.415     0.999805        99980      5120.00
     142.079     0.999829        99982      5851.43
     142.719     0.999854        99985      6826.67
     143.871     0.999878        99987      8192.00
     144.767     0.999890        99990      9102.22
     144.767     0.999902        99990     10240.00
     145.663     0.999915        99991     11702.86
     146.047     0.999927        99992     13653.33
     146.175     0.999939        99993     16384.00
     146.559     0.999945        99994     18204.44
     146.687     0.999951        99995     20480.00
     146.687     0.999957        99995     23405.71
     146.943     0.999963        99996     27306.67
     146.943     0.999969        99996     32768.00
     150.015     0.999973        99997     36408.89
     150.015     0.999976        99997     40960.00
     150.015     0.999979        99997     46811.43
     151.551     0.999982        99998     54613.33
     151.551     0.999985        99998     65536.00
     151.551     0.999986        99998     72817.78
     151.551     0.999988        99998     81920.00
     151.551     0.999989        99998     93622.86
     152.703     0.999991        99999    109226.67
     152.703     1.000000        99999          inf
#[Mean    =       33.782, StdDeviation   =       14.203]
#[Max     =      152.576, Total count    =        99999]
#[Buckets =           27, SubBuckets     =         2048]
-----------------------------------------------------------------------
  119706 requests in 1.00m, 18.56MB read
Requests/sec:   1994.59  
Transfer/sec:    316.75KB
