setup: assigned thread_id=1
init: final thread_id=1, base_seed=nil
setup: assigned thread_id=2
init: final thread_id=2, base_seed=nil
setup: assigned thread_id=3
init: final thread_id=3, base_seed=nil
setup: assigned thread_id=4
init: final thread_id=4, base_seed=nil
setup: assigned thread_id=5
init: final thread_id=5, base_seed=nil
script_want_response
Running 5m test @ http://10.10.1.1:26850
  5 threads and 50 connections

  Thread calibration: mean lat.: 10.271ms, rate sampling interval: 27ms
  Thread calibration: mean lat.: 10.572ms, rate sampling interval: 28ms
  Thread calibration: mean lat.: 10.872ms, rate sampling interval: 29ms
  Thread calibration: mean lat.: 10.945ms, rate sampling interval: 29ms
  Thread calibration: mean lat.: 10.965ms, rate sampling interval: 29ms

-----------------------------------------------------------------------
Test Results @ http://10.10.1.1:26850 
  Thread Stats   Avg      Stdev     99%   +/- Stdev
    Latency    11.61ms    3.31ms  21.69ms   79.07%
    Req/Sec   203.09    140.72   384.00     55.02%
  Latency Distribution (HdrHistogram - Recorded Latency)
 50.000%   10.71ms
 75.000%   13.15ms
 90.000%   15.99ms
 99.000%   21.69ms
 99.900%   29.14ms
 99.990%   77.57ms
 99.999%  110.33ms
100.000%  127.49ms

  Detailed Percentile spectrum:
       Value   Percentile   TotalCount 1/(1-Percentile)

       6.679     0.000000            1         1.00
       8.503     0.100000        29318         1.11
       8.991     0.200000        58008         1.25
       9.511     0.300000        87418         1.43
      10.063     0.400000       116010         1.67
      10.711     0.500000       145150         2.00
      11.079     0.550000       159684         2.22
      11.495     0.600000       174124         2.50
      11.967     0.650000       188533         2.86
      12.519     0.700000       203068         3.33
      13.151     0.750000       217602         4.00
      13.511     0.775000       224908         4.44
      13.895     0.800000       232046         5.00
      14.327     0.825000       239305         5.71
      14.791     0.850000       246504         6.67
      15.343     0.875000       253774         8.00
      15.647     0.887500       257440         8.89
      15.991     0.900000       261065        10.00
      16.359     0.912500       264653        11.43
      16.783     0.925000       268343        13.33
      17.247     0.937500       271950        16.00
      17.535     0.943750       273740        17.78
      17.839     0.950000       275543        20.00
      18.175     0.956250       277316        22.86
      18.575     0.962500       279169        26.67
      19.039     0.968750       280982        32.00
      19.295     0.971875       281855        35.56
      19.583     0.975000       282757        40.00
      19.919     0.978125       283703        45.71
      20.287     0.981250       284603        53.33
      20.703     0.984375       285481        64.00
      20.959     0.985938       285942        71.11
      21.215     0.987500       286377        80.00
      21.519     0.989062       286836        91.43
      21.839     0.990625       287284       106.67
      22.271     0.992188       287740       128.00
      22.511     0.992969       287959       142.22
      22.799     0.993750       288189       160.00
      23.135     0.994531       288420       182.86
      23.487     0.995313       288639       213.33
      23.919     0.996094       288866       256.00
      24.191     0.996484       288980       284.44
      24.447     0.996875       289092       320.00
      24.751     0.997266       289206       365.71
      25.199     0.997656       289320       426.67
      25.807     0.998047       289433       512.00
      26.159     0.998242       289490       568.89
      26.543     0.998437       289545       640.00
      27.007     0.998633       289602       731.43
      27.823     0.998828       289659       853.33
      29.327     0.999023       289715      1024.00
      30.543     0.999121       289744      1137.78
      32.687     0.999219       289772      1280.00
      35.167     0.999316       289801      1462.86
      37.503     0.999414       289830      1706.67
      39.519     0.999512       289859      2048.00
      40.287     0.999561       289872      2275.56
      41.279     0.999609       289885      2560.00
      42.463     0.999658       289899      2925.71
      43.807     0.999707       289914      3413.33
      45.599     0.999756       289928      4096.00
      46.431     0.999780       289935      4551.11
      47.487     0.999805       289943      5120.00
      51.391     0.999829       289949      5851.43
      64.511     0.999854       289956      6826.67
      75.839     0.999878       289963      8192.00
      77.119     0.999890       289967      9102.22
      78.079     0.999902       289970     10240.00
      79.231     0.999915       289975     11702.86
      79.679     0.999927       289977     13653.33
      80.639     0.999939       289981     16384.00
      81.215     0.999945       289983     18204.44
      81.535     0.999951       289984     20480.00
      81.663     0.999957       289986     23405.71
      82.047     0.999963       289988     27306.67
      82.879     0.999969       289990     32768.00
      83.135     0.999973       289991     36408.89
      83.135     0.999976       289991     40960.00
      83.519     0.999979       289992     46811.43
      87.551     0.999982       289993     54613.33
     104.703     0.999985       289994     65536.00
     110.335     0.999986       289995     72817.78
     110.335     0.999988       289995     81920.00
     110.335     0.999989       289995     93622.86
     110.847     0.999991       289996    109226.67
     110.847     0.999992       289996    131072.00
     114.175     0.999993       289997    145635.56
     114.175     0.999994       289997    163840.00
     114.175     0.999995       289997    187245.71
     114.175     0.999995       289997    218453.33
     114.175     0.999996       289997    262144.00
     127.487     0.999997       289998    291271.11
     127.487     1.000000       289998          inf
#[Mean    =       11.605, StdDeviation   =        3.311]
#[Max     =      127.424, Total count    =       289998]
#[Buckets =           27, SubBuckets     =         2048]
-----------------------------------------------------------------------
  299955 requests in 5.00m, 46.51MB read
Requests/sec:    999.81  
Transfer/sec:    158.76KB
