setup: assigned thread_id=1
init: final thread_id=1, base_seed=nil
script_want_response
Running 1m test @ http://10.10.1.1:26850
  1 threads and 10 connections

  Thread calibration: mean lat.: 8.495ms, rate sampling interval: 19ms

-----------------------------------------------------------------------
Test Results @ http://10.10.1.1:26850 
  Thread Stats   Avg      Stdev     99%   +/- Stdev
    Latency     8.51ms  791.82us  10.80ms   71.03%
    Req/Sec   102.42    191.10   555.00     81.72%
  Latency Distribution (HdrHistogram - Recorded Latency)
 50.000%    8.39ms
 75.000%    8.94ms
 90.000%    9.60ms
 99.000%   10.80ms
 99.900%   12.81ms
 99.990%   14.04ms
 99.999%   14.04ms
100.000%   14.04ms

  Detailed Percentile spectrum:
       Value   Percentile   TotalCount 1/(1-Percentile)

       6.767     0.000000            1         1.00
       7.639     0.100000          507         1.11
       7.867     0.200000         1009         1.25
       8.047     0.300000         1510         1.43
       8.207     0.400000         2000         1.67
       8.391     0.500000         2517         2.00
       8.471     0.550000         2750         2.22
       8.567     0.600000         3011         2.50
       8.679     0.650000         3259         2.86
       8.799     0.700000         3507         3.33
       8.935     0.750000         3751         4.00
       9.015     0.775000         3884         4.44
       9.111     0.800000         4006         5.00
       9.207     0.825000         4129         5.71
       9.319     0.850000         4256         6.67
       9.471     0.875000         4382         8.00
       9.535     0.887500         4445         8.89
       9.599     0.900000         4503        10.00
       9.679     0.912500         4563        11.43
       9.767     0.925000         4630        13.33
       9.871     0.937500         4692        16.00
       9.911     0.943750         4721        17.78
      10.007     0.950000         4756        20.00
      10.055     0.956250         4784        22.86
      10.127     0.962500         4812        26.67
      10.231     0.968750         4847        32.00
      10.295     0.971875         4860        35.56
      10.351     0.975000         4875        40.00
      10.399     0.978125         4890        45.71
      10.487     0.981250         4907        53.33
      10.551     0.984375         4921        64.00
      10.647     0.985938         4929        71.11
      10.695     0.987500         4937        80.00
      10.751     0.989062         4945        91.43
      10.823     0.990625         4955       106.67
      10.863     0.992188         4960       128.00
      10.919     0.992969         4964       142.22
      10.967     0.993750         4968       160.00
      11.127     0.994531         4972       182.86
      11.255     0.995313         4976       213.33
      11.327     0.996094         4980       256.00
      11.399     0.996484         4982       284.44
      11.487     0.996875         4984       320.00
      11.647     0.997266         4986       365.71
      11.727     0.997656         4988       426.67
      12.007     0.998047         4990       512.00
      12.183     0.998242         4991       568.89
      12.391     0.998437         4992       640.00
      12.759     0.998633         4993       731.43
      12.807     0.998828         4994       853.33
      12.847     0.999023         4995      1024.00
      12.847     0.999121         4995      1137.78
      13.655     0.999219         4996      1280.00
      13.655     0.999316         4996      1462.86
      13.695     0.999414         4997      1706.67
      13.695     0.999512         4997      2048.00
      13.695     0.999561         4997      2275.56
      13.871     0.999609         4998      2560.00
      13.871     0.999658         4998      2925.71
      13.871     0.999707         4998      3413.33
      13.871     0.999756         4998      4096.00
      13.871     0.999780         4998      4551.11
      14.039     0.999805         4999      5120.00
      14.039     1.000000         4999          inf
#[Mean    =        8.513, StdDeviation   =        0.792]
#[Max     =       14.032, Total count    =         4999]
#[Buckets =           27, SubBuckets     =         2048]
-----------------------------------------------------------------------
  5991 requests in 1.00m, 0.93MB read
Requests/sec:     99.83  
Transfer/sec:     15.84KB
