setup: assigned thread_id=1
init: final thread_id=1, base_seed=nil
setup: assigned thread_id=2
init: final thread_id=2, base_seed=nil
setup: assigned thread_id=3
init: final thread_id=3, base_seed=nil
setup: assigned thread_id=4
init: final thread_id=4, base_seed=nil
setup: assigned thread_id=5
init: final thread_id=5, base_seed=nil
setup: assigned thread_id=6
init: final thread_id=6, base_seed=nil
setup: assigned thread_id=7
init: final thread_id=7, base_seed=nil
setup: assigned thread_id=8
init: final thread_id=8, base_seed=nil
setup: assigned thread_id=9
init: final thread_id=9, base_seed=nil
setup: assigned thread_id=10
init: final thread_id=10, base_seed=nil
setup: assigned thread_id=11
init: final thread_id=11, base_seed=nil
setup: assigned thread_id=12
init: final thread_id=12, base_seed=nil
setup: assigned thread_id=13
init: final thread_id=13, base_seed=nil
setup: assigned thread_id=14
init: final thread_id=14, base_seed=nil
setup: assigned thread_id=15
init: final thread_id=15, base_seed=nil
setup: assigned thread_id=16
init: final thread_id=16, base_seed=nil
setup: assigned thread_id=17
init: final thread_id=17, base_seed=nil
setup: assigned thread_id=18
init: final thread_id=18, base_seed=nil
setup: assigned thread_id=19
init: final thread_id=19, base_seed=nil
setup: assigned thread_id=20
init: final thread_id=20, base_seed=nil
script_want_response
Running 1m test @ http://10.10.1.1:18563
  20 threads and 200 connections

  Thread calibration: mean lat.: 34.240ms, rate sampling interval: 112ms
  Thread calibration: mean lat.: 37.943ms, rate sampling interval: 117ms
  Thread calibration: mean lat.: 40.142ms, rate sampling interval: 119ms
  Thread calibration: mean lat.: 43.200ms, rate sampling interval: 122ms
  Thread calibration: mean lat.: 45.617ms, rate sampling interval: 128ms
  Thread calibration: mean lat.: 48.691ms, rate sampling interval: 134ms
  Thread calibration: mean lat.: 50.181ms, rate sampling interval: 134ms
  Thread calibration: mean lat.: 52.677ms, rate sampling interval: 137ms
  Thread calibration: mean lat.: 53.998ms, rate sampling interval: 139ms
  Thread calibration: mean lat.: 54.542ms, rate sampling interval: 139ms
  Thread calibration: mean lat.: 55.744ms, rate sampling interval: 141ms
  Thread calibration: mean lat.: 55.438ms, rate sampling interval: 139ms
  Thread calibration: mean lat.: 55.678ms, rate sampling interval: 140ms
  Thread calibration: mean lat.: 55.760ms, rate sampling interval: 139ms
  Thread calibration: mean lat.: 55.610ms, rate sampling interval: 137ms
  Thread calibration: mean lat.: 55.228ms, rate sampling interval: 136ms
  Thread calibration: mean lat.: 54.741ms, rate sampling interval: 134ms
  Thread calibration: mean lat.: 54.403ms, rate sampling interval: 134ms
  Thread calibration: mean lat.: 53.599ms, rate sampling interval: 131ms
  Thread calibration: mean lat.: 52.943ms, rate sampling interval: 130ms

-----------------------------------------------------------------------
Test Results @ http://10.10.1.1:18563 
  Thread Stats   Avg      Stdev     99%   +/- Stdev
    Latency    53.35ms   14.27ms  79.10ms   72.91%
    Req/Sec    99.84     27.81   153.00     69.07%
  Latency Distribution (HdrHistogram - Recorded Latency)
 50.000%   55.81ms
 75.000%   62.81ms
 90.000%   68.67ms
 99.000%   79.10ms
 99.900%   89.54ms
 99.990%  147.71ms
 99.999%  155.01ms
100.000%  156.80ms

  Detailed Percentile spectrum:
       Value   Percentile   TotalCount 1/(1-Percentile)

      11.623     0.000000            1         1.00
      31.711     0.100000        10006         1.11
      43.935     0.200000        20004         1.25
      49.567     0.300000        30030         1.43
      52.991     0.400000        40015         1.67
      55.807     0.500000        50067         2.00
      57.119     0.550000        55003         2.22
      58.495     0.600000        60010         2.50
      59.871     0.650000        65114         2.86
      61.279     0.700000        70029         3.33
      62.815     0.750000        75057         4.00
      63.583     0.775000        77516         4.44
      64.447     0.800000        80063         5.00
      65.311     0.825000        82510         5.71
      66.303     0.850000        85011         6.67
      67.391     0.875000        87524         8.00
      68.031     0.887500        88821         8.89
      68.671     0.900000        90041        10.00
      69.375     0.912500        91263        11.43
      70.207     0.925000        92567        13.33
      71.039     0.937500        93785        16.00
      71.551     0.943750        94404        17.78
      72.127     0.950000        95061        20.00
      72.639     0.956250        95627        22.86
      73.343     0.962500        96271        26.67
      74.239     0.968750        96921        32.00
      74.623     0.971875        97191        35.56
      75.135     0.975000        97523        40.00
      75.647     0.978125        97820        45.71
      76.287     0.981250        98142        53.33
      77.119     0.984375        98450        64.00
      77.567     0.985938        98595        71.11
      78.079     0.987500        98754        80.00
      78.719     0.989062        98921        91.43
      79.359     0.990625        99063       106.67
      80.191     0.992188        99228       128.00
      80.703     0.992969        99302       142.22
      81.407     0.993750        99378       160.00
      82.111     0.994531        99456       182.86
      83.071     0.995313        99535       213.33
      84.031     0.996094        99610       256.00
      84.543     0.996484        99653       284.44
      85.119     0.996875        99691       320.00
      85.887     0.997266        99731       365.71
      86.463     0.997656        99766       426.67
      87.551     0.998047        99806       512.00
      87.935     0.998242        99826       568.89
      88.319     0.998437        99844       640.00
      88.575     0.998633        99864       731.43
      88.959     0.998828        99884       853.33
      89.727     0.999023        99904      1024.00
      89.983     0.999121        99916      1137.78
      90.367     0.999219        99922      1280.00
      91.199     0.999316        99932      1462.86
      91.839     0.999414        99943      1706.67
      94.719     0.999512        99952      2048.00
     125.375     0.999561        99957      2275.56
     129.343     0.999609        99961      2560.00
     131.583     0.999658        99966      2925.71
     133.503     0.999707        99971      3413.33
     137.855     0.999756        99976      4096.00
     139.007     0.999780        99979      4551.11
     139.263     0.999805        99981      5120.00
     140.031     0.999829        99983      5851.43
     142.463     0.999854        99986      6826.67
     146.303     0.999878        99988      8192.00
     147.711     0.999890        99990      9102.22
     149.375     0.999902        99991     10240.00
     150.911     0.999915        99992     11702.86
     151.551     0.999927        99993     13653.33
     151.807     0.999939        99994     16384.00
     152.703     0.999945        99995     18204.44
     152.831     0.999951        99996     20480.00
     152.831     0.999957        99996     23405.71
     152.959     0.999963        99997     27306.67
     152.959     0.999969        99997     32768.00
     154.239     0.999973        99998     36408.89
     154.239     0.999976        99998     40960.00
     154.239     0.999979        99998     46811.43
     155.007     0.999982        99999     54613.33
     155.007     0.999985        99999     65536.00
     155.007     0.999986        99999     72817.78
     155.007     0.999988        99999     81920.00
     155.007     0.999989        99999     93622.86
     156.799     0.999991       100000    109226.67
     156.799     1.000000       100000          inf
#[Mean    =       53.355, StdDeviation   =       14.274]
#[Max     =      156.672, Total count    =       100000]
#[Buckets =           27, SubBuckets     =         2048]
-----------------------------------------------------------------------
  119800 requests in 1.00m, 18.58MB read
Requests/sec:   1996.28  
Transfer/sec:    317.01KB
