setup: assigned thread_id=1
init: final thread_id=1, base_seed=nil
setup: assigned thread_id=2
init: final thread_id=2, base_seed=nil
setup: assigned thread_id=3
init: final thread_id=3, base_seed=nil
setup: assigned thread_id=4
init: final thread_id=4, base_seed=nil
setup: assigned thread_id=5
init: final thread_id=5, base_seed=nil
setup: assigned thread_id=6
init: final thread_id=6, base_seed=nil
setup: assigned thread_id=7
init: final thread_id=7, base_seed=nil
setup: assigned thread_id=8
init: final thread_id=8, base_seed=nil
setup: assigned thread_id=9
init: final thread_id=9, base_seed=nil
setup: assigned thread_id=10
init: final thread_id=10, base_seed=nil
setup: assigned thread_id=11
init: final thread_id=11, base_seed=nil
setup: assigned thread_id=12
init: final thread_id=12, base_seed=nil
setup: assigned thread_id=13
init: final thread_id=13, base_seed=nil
setup: assigned thread_id=14
init: final thread_id=14, base_seed=nil
setup: assigned thread_id=15
init: final thread_id=15, base_seed=nil
setup: assigned thread_id=16
init: final thread_id=16, base_seed=nil
setup: assigned thread_id=17
init: final thread_id=17, base_seed=nil
setup: assigned thread_id=18
init: final thread_id=18, base_seed=nil
setup: assigned thread_id=19
init: final thread_id=19, base_seed=nil
setup: assigned thread_id=20
init: final thread_id=20, base_seed=nil
setup: assigned thread_id=21
init: final thread_id=21, base_seed=nil
setup: assigned thread_id=22
init: final thread_id=22, base_seed=nil
setup: assigned thread_id=23
init: final thread_id=23, base_seed=nil
setup: assigned thread_id=24
init: final thread_id=24, base_seed=nil
setup: assigned thread_id=25
init: final thread_id=25, base_seed=nil
setup: assigned thread_id=26
init: final thread_id=26, base_seed=nil
setup: assigned thread_id=27
init: final thread_id=27, base_seed=nil
setup: assigned thread_id=28
init: final thread_id=28, base_seed=nil
setup: assigned thread_id=29
init: final thread_id=29, base_seed=nil
setup: assigned thread_id=30
init: final thread_id=30, base_seed=nil
setup: assigned thread_id=31
init: final thread_id=31, base_seed=nil
setup: assigned thread_id=32
init: final thread_id=32, base_seed=nil
script_want_response
Running 5m test @ http://10.10.1.1:18563
  32 threads and 313 connections

  Thread calibration: mean lat.: 32.457ms, rate sampling interval: 115ms
  Thread calibration: mean lat.: 33.250ms, rate sampling interval: 118ms
  Thread calibration: mean lat.: 36.988ms, rate sampling interval: 128ms
  Thread calibration: mean lat.: 39.239ms, rate sampling interval: 128ms
  Thread calibration: mean lat.: 44.291ms, rate sampling interval: 133ms
  Thread calibration: mean lat.: 44.121ms, rate sampling interval: 138ms
  Thread calibration: mean lat.: 47.970ms, rate sampling interval: 146ms
  Thread calibration: mean lat.: 49.443ms, rate sampling interval: 148ms
  Thread calibration: mean lat.: 51.176ms, rate sampling interval: 146ms
  Thread calibration: mean lat.: 53.527ms, rate sampling interval: 148ms
  Thread calibration: mean lat.: 54.758ms, rate sampling interval: 151ms
  Thread calibration: mean lat.: 54.071ms, rate sampling interval: 146ms
  Thread calibration: mean lat.: 55.440ms, rate sampling interval: 149ms
  Thread calibration: mean lat.: 55.113ms, rate sampling interval: 147ms
  Thread calibration: mean lat.: 55.780ms, rate sampling interval: 146ms
  Thread calibration: mean lat.: 57.244ms, rate sampling interval: 148ms
  Thread calibration: mean lat.: 55.018ms, rate sampling interval: 140ms
  Thread calibration: mean lat.: 55.688ms, rate sampling interval: 144ms
  Thread calibration: mean lat.: 54.926ms, rate sampling interval: 136ms
  Thread calibration: mean lat.: 54.846ms, rate sampling interval: 140ms
  Thread calibration: mean lat.: 54.994ms, rate sampling interval: 140ms
  Thread calibration: mean lat.: 55.651ms, rate sampling interval: 141ms
  Thread calibration: mean lat.: 49.412ms, rate sampling interval: 135ms
  Thread calibration: mean lat.: 46.891ms, rate sampling interval: 136ms
  Thread calibration: mean lat.: 46.036ms, rate sampling interval: 129ms
  Thread calibration: mean lat.: 42.666ms, rate sampling interval: 123ms
  Thread calibration: mean lat.: 42.320ms, rate sampling interval: 125ms
  Thread calibration: mean lat.: 34.873ms, rate sampling interval: 109ms
  Thread calibration: mean lat.: 35.726ms, rate sampling interval: 109ms
  Thread calibration: mean lat.: 33.202ms, rate sampling interval: 99ms
  Thread calibration: mean lat.: 29.390ms, rate sampling interval: 76ms
  Thread calibration: mean lat.: 27.884ms, rate sampling interval: 73ms

-----------------------------------------------------------------------
Test Results @ http://10.10.1.1:18563 
  Thread Stats   Avg      Stdev     99%   +/- Stdev
    Latency    71.01ms   38.60ms 199.29ms   75.01%
    Req/Sec    77.85     26.44   131.00     76.93%
  Latency Distribution (HdrHistogram - Recorded Latency)
 50.000%   64.51ms
 75.000%   87.36ms
 90.000%  119.81ms
 99.000%  199.29ms
 99.900%  322.30ms
 99.990%  399.36ms
 99.999%  456.70ms
100.000%  478.21ms

  Detailed Percentile spectrum:
       Value   Percentile   TotalCount 1/(1-Percentile)

      11.759     0.000000            1         1.00
      29.935     0.100000        72380         1.11
      40.831     0.200000       144890         1.25
      48.767     0.300000       217223         1.43
      56.383     0.400000       289625         1.67
      64.511     0.500000       361954         2.00
      68.543     0.550000       398166         2.22
      72.703     0.600000       434284         2.50
      77.183     0.650000       470578         2.86
      81.919     0.700000       506870         3.33
      87.359     0.750000       542875         4.00
      90.559     0.775000       560907         4.44
      94.271     0.800000       579084         5.00
      98.559     0.825000       597215         5.71
     103.871     0.850000       615203         6.67
     110.783     0.875000       633181         8.00
     115.263     0.887500       642299         8.89
     119.807     0.900000       651239        10.00
     124.863     0.912500       660365        11.43
     130.623     0.925000       669425        13.33
     137.215     0.937500       678509        16.00
     140.415     0.943750       682944        17.78
     143.743     0.950000       687570        20.00
     147.327     0.956250       692055        22.86
     151.807     0.962500       696562        26.67
     157.567     0.968750       701035        32.00
     160.895     0.971875       703276        35.56
     164.991     0.975000       705540        40.00
     170.367     0.978125       707805        45.71
     176.639     0.981250       710062        53.33
     183.039     0.984375       712295        64.00
     186.879     0.985938       713454        71.11
     191.231     0.987500       714565        80.00
     196.223     0.989062       715691        91.43
     201.599     0.990625       716829       106.67
     208.511     0.992188       717946       128.00
     213.375     0.992969       718521       142.22
     218.239     0.993750       719079       160.00
     224.767     0.994531       719646       182.86
     233.215     0.995313       720206       213.33
     243.711     0.996094       720770       256.00
     249.471     0.996484       721062       284.44
     256.383     0.996875       721335       320.00
     263.167     0.997266       721625       365.71
     270.847     0.997656       721904       426.67
     281.343     0.998047       722184       512.00
     288.255     0.998242       722326       568.89
     297.471     0.998437       722466       640.00
     306.687     0.998633       722610       731.43
     315.135     0.998828       722752       853.33
     323.327     0.999023       722890      1024.00
     328.191     0.999121       722965      1137.78
     332.543     0.999219       723032      1280.00
     338.687     0.999316       723102      1462.86
     345.855     0.999414       723177      1706.67
     350.207     0.999512       723246      2048.00
     352.767     0.999561       723280      2275.56
     356.351     0.999609       723315      2560.00
     359.679     0.999658       723349      2925.71
     363.263     0.999707       723385      3413.33
     369.407     0.999756       723422      4096.00
     372.735     0.999780       723438      4551.11
     376.831     0.999805       723455      5120.00
     380.415     0.999829       723473      5851.43
     384.767     0.999854       723492      6826.67
     389.119     0.999878       723509      8192.00
     393.471     0.999890       723518      9102.22
     399.359     0.999902       723527     10240.00
     402.687     0.999915       723535     11702.86
     410.879     0.999927       723544     13653.33
     417.279     0.999939       723552     16384.00
     423.423     0.999945       723557     18204.44
     428.287     0.999951       723561     20480.00
     434.175     0.999957       723566     23405.71
     437.759     0.999963       723570     27306.67
     439.807     0.999969       723574     32768.00
     441.855     0.999973       723577     36408.89
     443.647     0.999976       723579     40960.00
     445.439     0.999979       723581     46811.43
     449.023     0.999982       723583     54613.33
     450.303     0.999985       723585     65536.00
     454.399     0.999986       723587     72817.78
     455.167     0.999988       723588     81920.00
     456.703     0.999989       723589     93622.86
     459.775     0.999991       723590    109226.67
     461.823     0.999992       723591    131072.00
     465.407     0.999993       723592    145635.56
     465.407     0.999994       723592    163840.00
     467.199     0.999995       723593    187245.71
     467.199     0.999995       723593    218453.33
     470.015     0.999996       723594    262144.00
     470.015     0.999997       723594    291271.11
     470.015     0.999997       723594    327680.00
     476.671     0.999997       723595    374491.43
     476.671     0.999998       723595    436906.67
     476.671     0.999998       723595    524288.00
     476.671     0.999998       723595    582542.22
     476.671     0.999998       723595    655360.00
     478.207     0.999999       723596    748982.86
     478.207     1.000000       723596          inf
#[Mean    =       71.007, StdDeviation   =       38.596]
#[Max     =      477.952, Total count    =       723596]
#[Buckets =           27, SubBuckets     =         2048]
-----------------------------------------------------------------------
  748384 requests in 5.00m, 116.05MB read
Requests/sec:   2494.89  
Transfer/sec:    396.16KB
