setup: assigned thread_id=1
init: final thread_id=1, base_seed=nil
script_want_response
Running 1m test @ http://10.10.1.1:18563
  1 threads and 10 connections

  Thread calibration: mean lat.: 13.059ms, rate sampling interval: 28ms

-----------------------------------------------------------------------
Test Results @ http://10.10.1.1:18563 
  Thread Stats   Avg      Stdev     99%   +/- Stdev
    Latency    13.05ms    3.01ms  16.59ms   98.78%
    Req/Sec   101.72    150.41   370.00     75.35%
  Latency Distribution (HdrHistogram - Recorded Latency)
 50.000%   12.73ms
 75.000%   13.34ms
 90.000%   14.14ms
 99.000%   16.59ms
 99.900%   72.89ms
 99.990%   77.18ms
 99.999%   78.33ms
100.000%   78.33ms

  Detailed Percentile spectrum:
       Value   Percentile   TotalCount 1/(1-Percentile)

      10.911     0.000000            1         1.00
      11.895     0.100000          500         1.11
      12.151     0.200000         1001         1.25
      12.359     0.300000         1519         1.43
      12.551     0.400000         2021         1.67
      12.735     0.500000         2513         2.00
      12.847     0.550000         2753         2.22
      12.951     0.600000         3001         2.50
      13.063     0.650000         3261         2.86
      13.199     0.700000         3503         3.33
      13.335     0.750000         3756         4.00
      13.431     0.775000         3877         4.44
      13.527     0.800000         4006         5.00
      13.631     0.825000         4133         5.71
      13.759     0.850000         4250         6.67
      13.927     0.875000         4380         8.00
      14.007     0.887500         4438         8.89
      14.135     0.900000         4504        10.00
      14.263     0.912500         4563        11.43
      14.391     0.925000         4626        13.33
      14.535     0.937500         4688        16.00
      14.623     0.943750         4719        17.78
      14.703     0.950000         4750        20.00
      14.807     0.956250         4782        22.86
      14.967     0.962500         4813        26.67
      15.111     0.968750         4844        32.00
      15.191     0.971875         4862        35.56
      15.263     0.975000         4876        40.00
      15.383     0.978125         4892        45.71
      15.487     0.981250         4907        53.33
      15.631     0.984375         4922        64.00
      15.831     0.985938         4930        71.11
      15.919     0.987500         4938        80.00
      16.199     0.989062         4946        91.43
      16.847     0.990625         4954       106.67
      17.343     0.992188         4962       128.00
      17.519     0.992969         4965       142.22
      17.743     0.993750         4969       160.00
      18.095     0.994531         4973       182.86
      18.575     0.995313         4977       213.33
      19.535     0.996094         4981       256.00
      20.911     0.996484         4983       284.44
      21.471     0.996875         4985       320.00
      25.007     0.997266         4987       365.71
      53.631     0.997656         4989       426.67
      68.415     0.998047         4991       512.00
      70.335     0.998242         4992       568.89
      70.591     0.998437         4993       640.00
      70.783     0.998633         4994       731.43
      72.895     0.998828         4995       853.33
      74.303     0.999023         4996      1024.00
      74.303     0.999121         4996      1137.78
      74.623     0.999219         4997      1280.00
      74.623     0.999316         4997      1462.86
      75.455     0.999414         4998      1706.67
      75.455     0.999512         4998      2048.00
      75.455     0.999561         4998      2275.56
      77.183     0.999609         4999      2560.00
      77.183     0.999658         4999      2925.71
      77.183     0.999707         4999      3413.33
      77.183     0.999756         4999      4096.00
      77.183     0.999780         4999      4551.11
      78.335     0.999805         5000      5120.00
      78.335     1.000000         5000          inf
#[Mean    =       13.047, StdDeviation   =        3.008]
#[Max     =       78.272, Total count    =         5000]
#[Buckets =           27, SubBuckets     =         2048]
-----------------------------------------------------------------------
  5990 requests in 1.00m, 0.93MB read
Requests/sec:     99.81  
Transfer/sec:     15.83KB
