setup: assigned thread_id=1
init: final thread_id=1, base_seed=nil
setup: assigned thread_id=2
init: final thread_id=2, base_seed=nil
setup: assigned thread_id=3
init: final thread_id=3, base_seed=nil
setup: assigned thread_id=4
init: final thread_id=4, base_seed=nil
setup: assigned thread_id=5
init: final thread_id=5, base_seed=nil
setup: assigned thread_id=6
init: final thread_id=6, base_seed=nil
setup: assigned thread_id=7
init: final thread_id=7, base_seed=nil
setup: assigned thread_id=8
init: final thread_id=8, base_seed=nil
setup: assigned thread_id=9
init: final thread_id=9, base_seed=nil
setup: assigned thread_id=10
init: final thread_id=10, base_seed=nil
setup: assigned thread_id=11
init: final thread_id=11, base_seed=nil
setup: assigned thread_id=12
init: final thread_id=12, base_seed=nil
setup: assigned thread_id=13
init: final thread_id=13, base_seed=nil
setup: assigned thread_id=14
init: final thread_id=14, base_seed=nil
setup: assigned thread_id=15
init: final thread_id=15, base_seed=nil
setup: assigned thread_id=16
init: final thread_id=16, base_seed=nil
setup: assigned thread_id=17
init: final thread_id=17, base_seed=nil
setup: assigned thread_id=18
init: final thread_id=18, base_seed=nil
setup: assigned thread_id=19
init: final thread_id=19, base_seed=nil
setup: assigned thread_id=20
init: final thread_id=20, base_seed=nil
script_want_response
Running 1m test @ http://10.10.1.1:16832
  20 threads and 200 connections

  Thread calibration: mean lat.: 9.590ms, rate sampling interval: 29ms
  Thread calibration: mean lat.: 10.366ms, rate sampling interval: 33ms
  Thread calibration: mean lat.: 11.416ms, rate sampling interval: 37ms
  Thread calibration: mean lat.: 12.797ms, rate sampling interval: 44ms
  Thread calibration: mean lat.: 14.578ms, rate sampling interval: 58ms
  Thread calibration: mean lat.: 16.429ms, rate sampling interval: 63ms
  Thread calibration: mean lat.: 18.010ms, rate sampling interval: 65ms
  Thread calibration: mean lat.: 19.477ms, rate sampling interval: 65ms
  Thread calibration: mean lat.: 20.961ms, rate sampling interval: 67ms
  Thread calibration: mean lat.: 21.760ms, rate sampling interval: 67ms
  Thread calibration: mean lat.: 23.113ms, rate sampling interval: 68ms
  Thread calibration: mean lat.: 24.088ms, rate sampling interval: 69ms
  Thread calibration: mean lat.: 24.423ms, rate sampling interval: 67ms
  Thread calibration: mean lat.: 24.596ms, rate sampling interval: 66ms
  Thread calibration: mean lat.: 24.332ms, rate sampling interval: 64ms
  Thread calibration: mean lat.: 24.189ms, rate sampling interval: 63ms
  Thread calibration: mean lat.: 23.860ms, rate sampling interval: 62ms
  Thread calibration: mean lat.: 23.528ms, rate sampling interval: 61ms
  Thread calibration: mean lat.: 23.069ms, rate sampling interval: 60ms
  Thread calibration: mean lat.: 22.709ms, rate sampling interval: 59ms

-----------------------------------------------------------------------
Test Results @ http://10.10.1.1:16832 
  Thread Stats   Avg      Stdev     99%   +/- Stdev
    Latency    22.01ms   11.04ms  57.98ms   68.40%
    Req/Sec   100.67     84.16   344.00     62.55%
  Latency Distribution (HdrHistogram - Recorded Latency)
 50.000%   21.60ms
 75.000%   27.85ms
 90.000%   34.97ms
 99.000%   57.98ms
 99.900%   77.44ms
 99.990%   81.86ms
 99.999%   82.43ms
100.000%   82.88ms

  Detailed Percentile spectrum:
       Value   Percentile   TotalCount 1/(1-Percentile)

       5.699     0.000000            1         1.00
       8.247     0.100000        10015         1.11
      11.431     0.200000        20012         1.25
      15.239     0.300000        30014         1.43
      18.927     0.400000        39997         1.67
      21.599     0.500000        50038         2.00
      22.815     0.550000        54997         2.22
      23.999     0.600000        60051         2.50
      25.199     0.650000        65041         2.86
      26.447     0.700000        70021         3.33
      27.855     0.750000        75019         4.00
      28.655     0.775000        77512         4.44
      29.551     0.800000        80016         5.00
      30.591     0.825000        82505         5.71
      31.807     0.850000        85018         6.67
      33.247     0.875000        87535         8.00
      34.047     0.887500        88756         8.89
      34.975     0.900000        90000        10.00
      36.095     0.912500        91243        11.43
      37.343     0.925000        92502        13.33
      38.911     0.937500        93744        16.00
      39.839     0.943750        94374        17.78
      40.927     0.950000        94990        20.00
      42.207     0.956250        95618        22.86
      43.807     0.962500        96247        26.67
      45.823     0.968750        96867        32.00
      46.911     0.971875        97182        35.56
      48.383     0.975000        97497        40.00
      49.791     0.978125        97805        45.71
      51.519     0.981250        98121        53.33
      53.471     0.984375        98428        64.00
      54.495     0.985938        98589        71.11
      55.583     0.987500        98745        80.00
      57.055     0.989062        98895        91.43
      58.783     0.990625        99051       106.67
      61.791     0.992188        99207       128.00
      63.263     0.992969        99285       142.22
      64.479     0.993750        99364       160.00
      65.855     0.994531        99442       182.86
      67.263     0.995313        99521       213.33
      68.863     0.996094        99598       256.00
      69.951     0.996484        99638       284.44
      70.847     0.996875        99677       320.00
      71.935     0.997266        99715       365.71
      72.767     0.997656        99755       426.67
      73.919     0.998047        99793       512.00
      74.559     0.998242        99814       568.89
      75.327     0.998437        99832       640.00
      76.159     0.998633        99852       731.43
      76.799     0.998828        99871       853.33
      77.503     0.999023        99893      1024.00
      77.887     0.999121        99904      1137.78
      78.271     0.999219        99912      1280.00
      78.719     0.999316        99921      1462.86
      79.103     0.999414        99930      1706.67
      79.679     0.999512        99943      2048.00
      79.743     0.999561        99945      2275.56
      79.999     0.999609        99949      2560.00
      80.575     0.999658        99954      2925.71
      80.831     0.999707        99959      3413.33
      81.215     0.999756        99964      4096.00
      81.407     0.999780        99967      4551.11
      81.599     0.999805        99970      5120.00
      81.663     0.999829        99973      5851.43
      81.727     0.999854        99974      6826.67
      81.791     0.999878        99977      8192.00
      81.855     0.999890        99979      9102.22
      81.855     0.999902        99979     10240.00
      81.919     0.999915        99980     11702.86
      82.111     0.999927        99981     13653.33
      82.239     0.999939        99982     16384.00
      82.303     0.999945        99986     18204.44
      82.303     0.999951        99986     20480.00
      82.303     0.999957        99986     23405.71
      82.303     0.999963        99986     27306.67
      82.303     0.999969        99986     32768.00
      82.303     0.999973        99986     36408.89
      82.303     0.999976        99986     40960.00
      82.303     0.999979        99986     46811.43
      82.431     0.999982        99987     54613.33
      82.431     0.999985        99987     65536.00
      82.431     0.999986        99987     72817.78
      82.431     0.999988        99987     81920.00
      82.431     0.999989        99987     93622.86
      82.879     0.999991        99988    109226.67
      82.879     1.000000        99988          inf
#[Mean    =       22.010, StdDeviation   =       11.035]
#[Max     =       82.816, Total count    =        99988]
#[Buckets =           27, SubBuckets     =         2048]
-----------------------------------------------------------------------
  119809 requests in 1.00m, 18.58MB read
Requests/sec:   1996.45  
Transfer/sec:    317.03KB
