setup: assigned thread_id=1
init: final thread_id=1, base_seed=nil
setup: assigned thread_id=2
init: final thread_id=2, base_seed=nil
script_want_response
Running 5m test @ http://10.10.1.1:16832
  2 threads and 13 connections

  Thread calibration: mean lat.: 7.322ms, rate sampling interval: 16ms
  Thread calibration: mean lat.: 7.094ms, rate sampling interval: 15ms

-----------------------------------------------------------------------
Test Results @ http://10.10.1.1:16832 
  Thread Stats   Avg      Stdev     99%   +/- Stdev
    Latency     7.39ms    1.04ms   9.55ms   89.62%
    Req/Sec   258.16    156.51   428.00     67.03%
  Latency Distribution (HdrHistogram - Recorded Latency)
 50.000%    7.24ms
 75.000%    7.74ms
 90.000%    8.30ms
 99.000%    9.55ms
 99.900%   17.69ms
 99.990%   44.90ms
 99.999%   51.23ms
100.000%   52.42ms

  Detailed Percentile spectrum:
       Value   Percentile   TotalCount 1/(1-Percentile)

       5.603     0.000000            1         1.00
       6.607     0.100000        14693         1.11
       6.795     0.200000        29122         1.25
       6.951     0.300000        43833         1.43
       7.095     0.400000        58152         1.67
       7.243     0.500000        72539         2.00
       7.323     0.550000        79809         2.22
       7.411     0.600000        87036         2.50
       7.511     0.650000        94463         2.86
       7.615     0.700000       101534         3.33
       7.743     0.750000       108959         4.00
       7.811     0.775000       112463         4.44
       7.887     0.800000       116067         5.00
       7.971     0.825000       119713         5.71
       8.063     0.850000       123286         6.67
       8.167     0.875000       126916         8.00
       8.231     0.887500       128791         8.89
       8.295     0.900000       130508        10.00
       8.367     0.912500       132309        11.43
       8.447     0.925000       134143        13.33
       8.543     0.937500       135944        16.00
       8.599     0.943750       136847        17.78
       8.663     0.950000       137805        20.00
       8.727     0.956250       138654        22.86
       8.807     0.962500       139595        26.67
       8.903     0.968750       140529        32.00
       8.951     0.971875       140946        35.56
       9.007     0.975000       141372        40.00
       9.079     0.978125       141840        45.71
       9.159     0.981250       142291        53.33
       9.263     0.984375       142741        64.00
       9.319     0.985938       142974        71.11
       9.391     0.987500       143187        80.00
       9.479     0.989062       143412        91.43
       9.591     0.990625       143638       106.67
       9.719     0.992188       143870       128.00
       9.807     0.992969       143982       142.22
       9.903     0.993750       144093       160.00
      10.063     0.994531       144206       182.86
      10.319     0.995313       144324       213.33
      10.607     0.996094       144432       256.00
      10.839     0.996484       144489       284.44
      11.159     0.996875       144544       320.00
      11.695     0.997266       144601       365.71
      12.343     0.997656       144657       426.67
      13.559     0.998047       144713       512.00
      14.103     0.998242       144742       568.89
      14.639     0.998437       144770       640.00
      15.375     0.998633       144798       731.43
      16.359     0.998828       144827       853.33
      17.903     0.999023       144855      1024.00
      19.679     0.999121       144869      1137.78
      20.815     0.999219       144883      1280.00
      22.799     0.999316       144897      1462.86
      24.575     0.999414       144913      1706.67
      26.351     0.999512       144926      2048.00
      27.647     0.999561       144933      2275.56
      27.855     0.999609       144940      2560.00
      29.471     0.999658       144947      2925.71
      30.063     0.999707       144954      3413.33
      30.863     0.999756       144961      4096.00
      33.375     0.999780       144965      4551.11
      33.855     0.999805       144968      5120.00
      40.991     0.999829       144972      5851.43
      41.983     0.999854       144975      6826.67
      44.159     0.999878       144979      8192.00
      44.863     0.999890       144981      9102.22
      44.895     0.999902       144982     10240.00
      45.759     0.999915       144984     11702.86
      46.495     0.999927       144986     13653.33
      48.639     0.999939       144988     16384.00
      48.895     0.999945       144989     18204.44
      48.895     0.999951       144989     20480.00
      49.279     0.999957       144990     23405.71
      49.823     0.999963       144991     27306.67
      49.919     0.999969       144992     32768.00
      50.207     0.999973       144993     36408.89
      50.207     0.999976       144993     40960.00
      50.207     0.999979       144993     46811.43
      50.527     0.999982       144994     54613.33
      50.527     0.999985       144994     65536.00
      51.231     0.999986       144995     72817.78
      51.231     0.999988       144995     81920.00
      51.231     0.999989       144995     93622.86
      51.231     0.999991       144995    109226.67
      51.231     0.999992       144995    131072.00
      52.415     0.999993       144996    145635.56
      52.415     1.000000       144996          inf
#[Mean    =        7.392, StdDeviation   =        1.036]
#[Max     =       52.384, Total count    =       144996]
#[Buckets =           27, SubBuckets     =         2048]
-----------------------------------------------------------------------
  149990 requests in 5.00m, 23.26MB read
Requests/sec:    499.95  
Transfer/sec:     79.38KB
