setup: assigned thread_id=1
init: final thread_id=1, base_seed=nil
script_want_response
Running 1m test @ http://10.10.1.1:16832
  1 threads and 10 connections

  Thread calibration: mean lat.: 60.876ms, rate sampling interval: 112ms

-----------------------------------------------------------------------
Test Results @ http://10.10.1.1:16832 
  Thread Stats   Avg      Stdev     99%   +/- Stdev
    Latency     7.08ms  838.13us   9.33ms   74.70%
    Req/Sec   100.17     25.04   180.00     86.55%
  Latency Distribution (HdrHistogram - Recorded Latency)
 50.000%    7.03ms
 75.000%    7.52ms
 90.000%    8.12ms
 99.000%    9.33ms
 99.900%   10.16ms
 99.990%   11.24ms
 99.999%   11.24ms
100.000%   11.24ms

  Detailed Percentile spectrum:
       Value   Percentile   TotalCount 1/(1-Percentile)

       4.327     0.000000            1         1.00
       6.167     0.100000          503         1.11
       6.471     0.200000         1003         1.25
       6.687     0.300000         1505         1.43
       6.871     0.400000         2000         1.67
       7.027     0.500000         2503         2.00
       7.111     0.550000         2750         2.22
       7.199     0.600000         3001         2.50
       7.299     0.650000         3252         2.86
       7.403     0.700000         3508         3.33
       7.523     0.750000         3748         4.00
       7.595     0.775000         3874         4.44
       7.667     0.800000         4001         5.00
       7.751     0.825000         4124         5.71
       7.851     0.850000         4253         6.67
       7.967     0.875000         4374         8.00
       8.043     0.887500         4438         8.89
       8.119     0.900000         4499        10.00
       8.187     0.912500         4562        11.43
       8.311     0.925000         4626        13.33
       8.463     0.937500         4686        16.00
       8.527     0.943750         4719        17.78
       8.615     0.950000         4750        20.00
       8.687     0.956250         4782        22.86
       8.767     0.962500         4812        26.67
       8.895     0.968750         4843        32.00
       8.943     0.971875         4857        35.56
       9.007     0.975000         4873        40.00
       9.063     0.978125         4889        45.71
       9.095     0.981250         4904        53.33
       9.159     0.984375         4920        64.00
       9.199     0.985938         4928        71.11
       9.239     0.987500         4935        80.00
       9.303     0.989062         4943        91.43
       9.335     0.990625         4951       106.67
       9.431     0.992188         4958       128.00
       9.479     0.992969         4962       142.22
       9.535     0.993750         4966       160.00
       9.567     0.994531         4970       182.86
       9.623     0.995313         4974       213.33
       9.687     0.996094         4978       256.00
       9.703     0.996484         4980       284.44
       9.711     0.996875         4982       320.00
       9.775     0.997266         4984       365.71
       9.855     0.997656         4986       426.67
       9.911     0.998047         4988       512.00
       9.999     0.998242         4989       568.89
      10.015     0.998437         4990       640.00
      10.079     0.998633         4991       731.43
      10.159     0.998828         4992       853.33
      10.343     0.999023         4993      1024.00
      10.343     0.999121         4993      1137.78
      10.375     0.999219         4994      1280.00
      10.375     0.999316         4994      1462.86
      10.559     0.999414         4995      1706.67
      10.559     0.999512         4995      2048.00
      10.559     0.999561         4995      2275.56
      10.959     0.999609         4996      2560.00
      10.959     0.999658         4996      2925.71
      10.959     0.999707         4996      3413.33
      10.959     0.999756         4996      4096.00
      10.959     0.999780         4996      4551.11
      11.239     0.999805         4997      5120.00
      11.239     1.000000         4997          inf
#[Mean    =        7.077, StdDeviation   =        0.838]
#[Max     =       11.232, Total count    =         4997]
#[Buckets =           27, SubBuckets     =         2048]
-----------------------------------------------------------------------
  5991 requests in 1.00m, 0.93MB read
Requests/sec:     99.83  
Transfer/sec:     15.85KB
