setup: assigned thread_id=1
init: final thread_id=1, base_seed=nil
setup: assigned thread_id=2
init: final thread_id=2, base_seed=nil
setup: assigned thread_id=3
init: final thread_id=3, base_seed=nil
setup: assigned thread_id=4
init: final thread_id=4, base_seed=nil
setup: assigned thread_id=5
init: final thread_id=5, base_seed=nil
setup: assigned thread_id=6
init: final thread_id=6, base_seed=nil
setup: assigned thread_id=7
init: final thread_id=7, base_seed=nil
setup: assigned thread_id=8
init: final thread_id=8, base_seed=nil
setup: assigned thread_id=9
init: final thread_id=9, base_seed=nil
setup: assigned thread_id=10
init: final thread_id=10, base_seed=nil
setup: assigned thread_id=11
init: final thread_id=11, base_seed=nil
setup: assigned thread_id=12
init: final thread_id=12, base_seed=nil
setup: assigned thread_id=13
init: final thread_id=13, base_seed=nil
setup: assigned thread_id=14
init: final thread_id=14, base_seed=nil
setup: assigned thread_id=15
init: final thread_id=15, base_seed=nil
setup: assigned thread_id=16
init: final thread_id=16, base_seed=nil
setup: assigned thread_id=17
init: final thread_id=17, base_seed=nil
setup: assigned thread_id=18
init: final thread_id=18, base_seed=nil
setup: assigned thread_id=19
init: final thread_id=19, base_seed=nil
setup: assigned thread_id=20
init: final thread_id=20, base_seed=nil
script_want_response
Running 1m test @ http://10.10.1.1:17114
  20 threads and 200 connections

  Thread calibration: mean lat.: 10.492ms, rate sampling interval: 30ms
  Thread calibration: mean lat.: 11.747ms, rate sampling interval: 37ms
  Thread calibration: mean lat.: 13.029ms, rate sampling interval: 44ms
  Thread calibration: mean lat.: 14.262ms, rate sampling interval: 49ms
  Thread calibration: mean lat.: 15.234ms, rate sampling interval: 52ms
  Thread calibration: mean lat.: 17.202ms, rate sampling interval: 58ms
  Thread calibration: mean lat.: 18.365ms, rate sampling interval: 60ms
  Thread calibration: mean lat.: 20.422ms, rate sampling interval: 63ms
  Thread calibration: mean lat.: 21.691ms, rate sampling interval: 64ms
  Thread calibration: mean lat.: 21.833ms, rate sampling interval: 64ms
  Thread calibration: mean lat.: 21.477ms, rate sampling interval: 65ms
  Thread calibration: mean lat.: 21.105ms, rate sampling interval: 64ms
  Thread calibration: mean lat.: 24.719ms, rate sampling interval: 66ms
  Thread calibration: mean lat.: 24.858ms, rate sampling interval: 66ms
  Thread calibration: mean lat.: 24.891ms, rate sampling interval: 65ms
  Thread calibration: mean lat.: 24.834ms, rate sampling interval: 65ms
  Thread calibration: mean lat.: 24.492ms, rate sampling interval: 64ms
  Thread calibration: mean lat.: 24.070ms, rate sampling interval: 63ms
  Thread calibration: mean lat.: 23.504ms, rate sampling interval: 61ms
  Thread calibration: mean lat.: 22.806ms, rate sampling interval: 59ms

-----------------------------------------------------------------------
Test Results @ http://10.10.1.1:17114 
  Thread Stats   Avg      Stdev     99%   +/- Stdev
    Latency    23.61ms   11.58ms  65.86ms   71.27%
    Req/Sec   100.64     80.19   310.00     61.95%
  Latency Distribution (HdrHistogram - Recorded Latency)
 50.000%   22.85ms
 75.000%   29.07ms
 90.000%   36.35ms
 99.000%   65.86ms
 99.900%   81.34ms
 99.990%   94.65ms
 99.999%   95.17ms
100.000%   95.36ms

  Detailed Percentile spectrum:
       Value   Percentile   TotalCount 1/(1-Percentile)

       6.119     0.000000            1         1.00
       9.415     0.100000        10012         1.11
      13.247     0.200000        20006         1.25
      17.631     0.300000        30003         1.43
      20.463     0.400000        40012         1.67
      22.847     0.500000        50067         2.00
      23.983     0.550000        55014         2.22
      25.135     0.600000        60035         2.50
      26.335     0.650000        65030         2.86
      27.631     0.700000        70011         3.33
      29.071     0.750000        75001         4.00
      29.919     0.775000        77547         4.44
      30.815     0.800000        80014         5.00
      31.807     0.825000        82519         5.71
      32.991     0.850000        85036         6.67
      34.463     0.875000        87522         8.00
      35.359     0.887500        88780         8.89
      36.351     0.900000        90003        10.00
      37.535     0.912500        91252        11.43
      39.039     0.925000        92521        13.33
      40.895     0.937500        93762        16.00
      42.111     0.943750        94372        17.78
      43.711     0.950000        95001        20.00
      45.375     0.956250        95623        22.86
      47.359     0.962500        96246        26.67
      49.951     0.968750        96876        32.00
      51.679     0.971875        97182        35.56
      53.663     0.975000        97496        40.00
      55.839     0.978125        97810        45.71
      58.303     0.981250        98122        53.33
      60.863     0.984375        98433        64.00
      62.047     0.985938        98588        71.11
      63.583     0.987500        98748        80.00
      65.023     0.989062        98902        91.43
      66.495     0.990625        99063       106.67
      68.351     0.992188        99216       128.00
      69.375     0.992969        99293       142.22
      70.399     0.993750        99370       160.00
      71.551     0.994531        99448       182.86
      72.703     0.995313        99526       213.33
      73.855     0.996094        99607       256.00
      74.495     0.996484        99644       284.44
      75.135     0.996875        99686       320.00
      75.839     0.997266        99722       365.71
      76.607     0.997656        99760       426.67
      77.567     0.998047        99802       512.00
      78.271     0.998242        99821       568.89
      78.783     0.998437        99841       640.00
      79.487     0.998633        99858       731.43
      80.319     0.998828        99877       853.33
      81.599     0.999023        99898      1024.00
      82.687     0.999121        99908      1137.78
      83.327     0.999219        99916      1280.00
      85.183     0.999316        99926      1462.86
      86.527     0.999414        99936      1706.67
      87.807     0.999512        99946      2048.00
      88.895     0.999561        99952      2275.56
      89.343     0.999609        99955      2560.00
      90.751     0.999658        99960      2925.71
      92.159     0.999707        99965      3413.33
      93.119     0.999756        99970      4096.00
      93.503     0.999780        99973      4551.11
      93.695     0.999805        99975      5120.00
      93.823     0.999829        99977      5851.43
      94.271     0.999854        99981      6826.67
      94.527     0.999878        99982      8192.00
      94.655     0.999890        99985      9102.22
      94.655     0.999902        99985     10240.00
      94.847     0.999915        99989     11702.86
      94.847     0.999927        99989     13653.33
      94.847     0.999939        99989     16384.00
      94.847     0.999945        99989     18204.44
      94.911     0.999951        99990     20480.00
      94.911     0.999957        99990     23405.71
      94.975     0.999963        99991     27306.67
      94.975     0.999969        99991     32768.00
      95.103     0.999973        99992     36408.89
      95.103     0.999976        99992     40960.00
      95.103     0.999979        99992     46811.43
      95.167     0.999982        99993     54613.33
      95.167     0.999985        99993     65536.00
      95.167     0.999986        99993     72817.78
      95.167     0.999988        99993     81920.00
      95.167     0.999989        99993     93622.86
      95.359     0.999991        99994    109226.67
      95.359     1.000000        99994          inf
#[Mean    =       23.614, StdDeviation   =       11.577]
#[Max     =       95.296, Total count    =        99994]
#[Buckets =           27, SubBuckets     =         2048]
-----------------------------------------------------------------------
  119602 requests in 1.00m, 18.55MB read
Requests/sec:   1992.94  
Transfer/sec:    316.46KB
