setup: assigned thread_id=1
init: final thread_id=1, base_seed=nil
script_want_response
Running 2m test @ http://10.10.1.1:17114
  1 threads and 10 connections

  Thread calibration: mean lat.: 61.801ms, rate sampling interval: 109ms

-----------------------------------------------------------------------
Test Results @ http://10.10.1.1:17114 
  Thread Stats   Avg      Stdev     99%   +/- Stdev
    Latency     7.74ms  812.68us   9.82ms   71.73%
    Req/Sec    99.82     21.35   183.00     87.88%
  Latency Distribution (HdrHistogram - Recorded Latency)
 50.000%    7.72ms
 75.000%    8.24ms
 90.000%    8.77ms
 99.000%    9.82ms
 99.900%   10.53ms
 99.990%   13.69ms
 99.999%   19.85ms
100.000%   19.85ms

  Detailed Percentile spectrum:
       Value   Percentile   TotalCount 1/(1-Percentile)

       4.595     0.000000            1         1.00
       6.807     0.100000          902         1.11
       7.087     0.200000         1800         1.25
       7.315     0.300000         2709         1.43
       7.519     0.400000         3618         1.67
       7.715     0.500000         4503         2.00
       7.815     0.550000         4961         2.22
       7.915     0.600000         5408         2.50
       8.023     0.650000         5858         2.86
       8.127     0.700000         6314         3.33
       8.239     0.750000         6751         4.00
       8.319     0.775000         7010         4.44
       8.383     0.800000         7209         5.00
       8.463     0.825000         7433         5.71
       8.543     0.850000         7655         6.67
       8.639     0.875000         7878         8.00
       8.695     0.887500         7988         8.89
       8.767     0.900000         8109        10.00
       8.823     0.912500         8218        11.43
       8.895     0.925000         8332        13.33
       8.983     0.937500         8446        16.00
       9.023     0.943750         8495        17.78
       9.087     0.950000         8555        20.00
       9.159     0.956250         8610        22.86
       9.239     0.962500         8664        26.67
       9.327     0.968750         8722        32.00
       9.367     0.971875         8746        35.56
       9.423     0.975000         8776        40.00
       9.479     0.978125         8803        45.71
       9.575     0.981250         8832        53.33
       9.655     0.984375         8860        64.00
       9.711     0.985938         8874        71.11
       9.759     0.987500         8888        80.00
       9.791     0.989062         8902        91.43
       9.855     0.990625         8917       106.67
       9.895     0.992188         8930       128.00
       9.919     0.992969         8936       142.22
       9.967     0.993750         8943       160.00
      10.015     0.994531         8950       182.86
      10.063     0.995313         8958       213.33
      10.103     0.996094         8964       256.00
      10.151     0.996484         8968       284.44
      10.199     0.996875         8972       320.00
      10.271     0.997266         8975       365.71
      10.335     0.997656         8978       426.67
      10.407     0.998047         8982       512.00
      10.455     0.998242         8984       568.89
      10.471     0.998437         8986       640.00
      10.495     0.998633         8987       731.43
      10.535     0.998828         8990       853.33
      10.639     0.999023         8991      1024.00
      10.719     0.999121         8992      1137.78
      10.719     0.999219         8992      1280.00
      10.743     0.999316         8993      1462.86
      10.759     0.999414         8994      1706.67
      10.823     0.999512         8995      2048.00
      10.959     0.999561         8996      2275.56
      10.959     0.999609         8996      2560.00
      10.959     0.999658         8996      2925.71
      12.047     0.999707         8997      3413.33
      12.047     0.999756         8997      4096.00
      13.695     0.999780         8998      4551.11
      13.695     0.999805         8998      5120.00
      13.695     0.999829         8998      5851.43
      13.695     0.999854         8998      6826.67
      13.695     0.999878         8998      8192.00
      19.855     0.999890         8999      9102.22
      19.855     1.000000         8999          inf
#[Mean    =        7.745, StdDeviation   =        0.813]
#[Max     =       19.840, Total count    =         8999]
#[Buckets =           27, SubBuckets     =         2048]
-----------------------------------------------------------------------
  9990 requests in 1.67m, 1.55MB read
Requests/sec:     99.89  
Transfer/sec:     15.86KB
