setup: assigned thread_id=1
init: final thread_id=1, base_seed=nil
setup: assigned thread_id=2
init: final thread_id=2, base_seed=nil
setup: assigned thread_id=3
init: final thread_id=3, base_seed=nil
setup: assigned thread_id=4
init: final thread_id=4, base_seed=nil
setup: assigned thread_id=5
init: final thread_id=5, base_seed=nil
setup: assigned thread_id=6
init: final thread_id=6, base_seed=nil
setup: assigned thread_id=7
init: final thread_id=7, base_seed=nil
setup: assigned thread_id=8
init: final thread_id=8, base_seed=nil
setup: assigned thread_id=9
init: final thread_id=9, base_seed=nil
setup: assigned thread_id=10
init: final thread_id=10, base_seed=nil
setup: assigned thread_id=11
init: final thread_id=11, base_seed=nil
setup: assigned thread_id=12
init: final thread_id=12, base_seed=nil
setup: assigned thread_id=13
init: final thread_id=13, base_seed=nil
setup: assigned thread_id=14
init: final thread_id=14, base_seed=nil
setup: assigned thread_id=15
init: final thread_id=15, base_seed=nil
setup: assigned thread_id=16
init: final thread_id=16, base_seed=nil
setup: assigned thread_id=17
init: final thread_id=17, base_seed=nil
setup: assigned thread_id=18
init: final thread_id=18, base_seed=nil
setup: assigned thread_id=19
init: final thread_id=19, base_seed=nil
setup: assigned thread_id=20
init: final thread_id=20, base_seed=nil
script_want_response
Running 1m test @ http://10.10.1.1:13690
  20 threads and 200 connections

  Thread calibration: mean lat.: 9.800ms, rate sampling interval: 27ms
  Thread calibration: mean lat.: 10.676ms, rate sampling interval: 33ms
  Thread calibration: mean lat.: 11.826ms, rate sampling interval: 42ms
  Thread calibration: mean lat.: 13.124ms, rate sampling interval: 45ms
  Thread calibration: mean lat.: 14.271ms, rate sampling interval: 47ms
  Thread calibration: mean lat.: 15.581ms, rate sampling interval: 49ms
  Thread calibration: mean lat.: 17.519ms, rate sampling interval: 54ms
  Thread calibration: mean lat.: 18.852ms, rate sampling interval: 58ms
  Thread calibration: mean lat.: 20.841ms, rate sampling interval: 62ms
  Thread calibration: mean lat.: 22.051ms, rate sampling interval: 63ms
  Thread calibration: mean lat.: 22.972ms, rate sampling interval: 64ms
  Thread calibration: mean lat.: 23.583ms, rate sampling interval: 64ms
  Thread calibration: mean lat.: 21.532ms, rate sampling interval: 63ms
  Thread calibration: mean lat.: 24.698ms, rate sampling interval: 64ms
  Thread calibration: mean lat.: 24.909ms, rate sampling interval: 64ms
  Thread calibration: mean lat.: 24.986ms, rate sampling interval: 63ms
  Thread calibration: mean lat.: 24.959ms, rate sampling interval: 63ms
  Thread calibration: mean lat.: 24.890ms, rate sampling interval: 62ms
  Thread calibration: mean lat.: 24.246ms, rate sampling interval: 60ms
  Thread calibration: mean lat.: 23.442ms, rate sampling interval: 58ms

-----------------------------------------------------------------------
Test Results @ http://10.10.1.1:13690 
  Thread Stats   Avg      Stdev     99%   +/- Stdev
    Latency    24.20ms   11.95ms  63.42ms   69.82%
    Req/Sec   100.73     85.98   346.00     60.97%
  Latency Distribution (HdrHistogram - Recorded Latency)
 50.000%   23.68ms
 75.000%   30.43ms
 90.000%   37.89ms
 99.000%   63.42ms
 99.900%   88.06ms
 99.990%   97.15ms
 99.999%  129.92ms
100.000%  142.85ms

  Detailed Percentile spectrum:
       Value   Percentile   TotalCount 1/(1-Percentile)

       6.115     0.000000            1         1.00
       9.015     0.100000        10017         1.11
      13.183     0.200000        20010         1.25
      17.647     0.300000        30007         1.43
      20.959     0.400000        40002         1.67
      23.679     0.500000        50006         2.00
      24.943     0.550000        54996         2.22
      26.239     0.600000        60050         2.50
      27.567     0.650000        65028         2.86
      28.943     0.700000        69992         3.33
      30.431     0.750000        75028         4.00
      31.231     0.775000        77520         4.44
      32.175     0.800000        80023         5.00
      33.215     0.825000        82520         5.71
      34.463     0.850000        85033         6.67
      35.999     0.875000        87543         8.00
      36.863     0.887500        88752         8.89
      37.919     0.900000        90023        10.00
      39.039     0.912500        91256        11.43
      40.351     0.925000        92522        13.33
      42.015     0.937500        93746        16.00
      43.039     0.943750        94377        17.78
      44.159     0.950000        94999        20.00
      45.535     0.956250        95624        22.86
      47.103     0.962500        96249        26.67
      49.119     0.968750        96865        32.00
      50.623     0.971875        97180        35.56
      52.127     0.975000        97492        40.00
      53.951     0.978125        97802        45.71
      55.839     0.981250        98115        53.33
      58.175     0.984375        98427        64.00
      59.519     0.985938        98585        71.11
      60.799     0.987500        98741        80.00
      62.303     0.989062        98895        91.43
      64.479     0.990625        99053       106.67
      67.071     0.992188        99207       128.00
      68.927     0.992969        99285       142.22
      71.103     0.993750        99364       160.00
      73.855     0.994531        99444       182.86
      75.839     0.995313        99520       213.33
      79.231     0.996094        99598       256.00
      80.511     0.996484        99641       284.44
      81.599     0.996875        99678       320.00
      82.687     0.997266        99716       365.71
      83.775     0.997656        99756       426.67
      85.055     0.998047        99795       512.00
      85.567     0.998242        99813       568.89
      86.015     0.998437        99832       640.00
      86.655     0.998633        99857       731.43
      87.295     0.998828        99871       853.33
      88.383     0.999023        99892      1024.00
      88.831     0.999121        99902      1137.78
      89.343     0.999219        99910      1280.00
      90.367     0.999316        99920      1462.86
      91.263     0.999414        99930      1706.67
      92.159     0.999512        99940      2048.00
      92.927     0.999561        99945      2275.56
      93.375     0.999609        99950      2560.00
      93.631     0.999658        99954      2925.71
      94.975     0.999707        99960      3413.33
      95.295     0.999756        99964      4096.00
      95.935     0.999780        99967      4551.11
      96.127     0.999805        99970      5120.00
      96.191     0.999829        99971      5851.43
      96.383     0.999854        99974      6826.67
      96.703     0.999878        99976      8192.00
      97.151     0.999890        99978      9102.22
      97.279     0.999902        99979     10240.00
      97.599     0.999915        99980     11702.86
      97.663     0.999927        99981     13653.33
      98.047     0.999939        99982     16384.00
      98.239     0.999945        99984     18204.44
      98.239     0.999951        99984     20480.00
      98.239     0.999957        99984     23405.71
      98.431     0.999963        99985     27306.67
      98.431     0.999969        99985     32768.00
     128.127     0.999973        99986     36408.89
     128.127     0.999976        99986     40960.00
     128.127     0.999979        99986     46811.43
     129.919     0.999982        99987     54613.33
     129.919     0.999985        99987     65536.00
     129.919     0.999986        99987     72817.78
     129.919     0.999988        99987     81920.00
     129.919     0.999989        99987     93622.86
     142.847     0.999991        99988    109226.67
     142.847     1.000000        99988          inf
#[Mean    =       24.204, StdDeviation   =       11.948]
#[Max     =      142.720, Total count    =        99988]
#[Buckets =           27, SubBuckets     =         2048]
-----------------------------------------------------------------------
  119707 requests in 1.00m, 18.56MB read
Requests/sec:   1994.71  
Transfer/sec:    316.74KB
