setup: assigned thread_id=1
init: final thread_id=1, base_seed=nil
setup: assigned thread_id=2
init: final thread_id=2, base_seed=nil
setup: assigned thread_id=3
init: final thread_id=3, base_seed=nil
setup: assigned thread_id=4
init: final thread_id=4, base_seed=nil
setup: assigned thread_id=5
init: final thread_id=5, base_seed=nil
setup: assigned thread_id=6
init: final thread_id=6, base_seed=nil
setup: assigned thread_id=7
init: final thread_id=7, base_seed=nil
setup: assigned thread_id=8
init: final thread_id=8, base_seed=nil
setup: assigned thread_id=9
init: final thread_id=9, base_seed=nil
setup: assigned thread_id=10
init: final thread_id=10, base_seed=nil
setup: assigned thread_id=11
init: final thread_id=11, base_seed=nil
setup: assigned thread_id=12
init: final thread_id=12, base_seed=nil
setup: assigned thread_id=13
init: final thread_id=13, base_seed=nil
setup: assigned thread_id=14
init: final thread_id=14, base_seed=nil
setup: assigned thread_id=15
init: final thread_id=15, base_seed=nil
setup: assigned thread_id=16
init: final thread_id=16, base_seed=nil
setup: assigned thread_id=17
init: final thread_id=17, base_seed=nil
setup: assigned thread_id=18
init: final thread_id=18, base_seed=nil
setup: assigned thread_id=19
init: final thread_id=19, base_seed=nil
setup: assigned thread_id=20
init: final thread_id=20, base_seed=nil
script_want_response
Running 5m test @ http://10.10.1.1:13690
  20 threads and 200 connections

  Thread calibration: mean lat.: 12.831ms, rate sampling interval: 44ms
  Thread calibration: mean lat.: 14.316ms, rate sampling interval: 48ms
  Thread calibration: mean lat.: 16.131ms, rate sampling interval: 54ms
  Thread calibration: mean lat.: 17.916ms, rate sampling interval: 59ms
  Thread calibration: mean lat.: 19.467ms, rate sampling interval: 62ms
  Thread calibration: mean lat.: 21.453ms, rate sampling interval: 68ms
  Thread calibration: mean lat.: 23.376ms, rate sampling interval: 76ms
  Thread calibration: mean lat.: 25.441ms, rate sampling interval: 81ms
  Thread calibration: mean lat.: 27.621ms, rate sampling interval: 84ms
  Thread calibration: mean lat.: 29.263ms, rate sampling interval: 85ms
  Thread calibration: mean lat.: 29.960ms, rate sampling interval: 86ms
  Thread calibration: mean lat.: 30.803ms, rate sampling interval: 88ms
  Thread calibration: mean lat.: 31.772ms, rate sampling interval: 89ms
  Thread calibration: mean lat.: 32.555ms, rate sampling interval: 88ms
  Thread calibration: mean lat.: 33.438ms, rate sampling interval: 91ms
  Thread calibration: mean lat.: 33.169ms, rate sampling interval: 89ms
  Thread calibration: mean lat.: 32.980ms, rate sampling interval: 89ms
  Thread calibration: mean lat.: 32.494ms, rate sampling interval: 86ms
  Thread calibration: mean lat.: 31.988ms, rate sampling interval: 87ms
  Thread calibration: mean lat.: 31.048ms, rate sampling interval: 84ms

-----------------------------------------------------------------------
Test Results @ http://10.10.1.1:13690 
  Thread Stats   Avg      Stdev     99%   +/- Stdev
    Latency    33.19ms   17.30ms  62.59ms   76.52%
    Req/Sec   100.30     50.65   227.00     70.90%
  Latency Distribution (HdrHistogram - Recorded Latency)
 50.000%   33.02ms
 75.000%   43.01ms
 90.000%   50.59ms
 99.000%   62.59ms
 99.900%  100.93ms
 99.990%  579.07ms
 99.999%  783.36ms
100.000%  809.98ms

  Detailed Percentile spectrum:
       Value   Percentile   TotalCount 1/(1-Percentile)

       6.579     0.000000            1         1.00
      13.247     0.100000        58012         1.11
      20.655     0.200000       116063         1.25
      25.423     0.300000       174153         1.43
      29.295     0.400000       232153         1.67
      33.023     0.500000       290173         2.00
      34.943     0.550000       319437         2.22
      36.895     0.600000       348246         2.50
      38.879     0.650000       377181         2.86
      40.895     0.700000       406129         3.33
      43.007     0.750000       435330         4.00
      44.063     0.775000       449546         4.44
      45.215     0.800000       464291         5.00
      46.431     0.825000       478863         5.71
      47.679     0.850000       493175         6.67
      49.055     0.875000       507676         8.00
      49.791     0.887500       514791         8.89
      50.591     0.900000       522221        10.00
      51.455     0.912500       529301        11.43
      52.447     0.925000       536661        13.33
      53.535     0.937500       543794        16.00
      54.143     0.943750       547454        17.78
      54.783     0.950000       551007        20.00
      55.519     0.956250       554669        22.86
      56.351     0.962500       558341        26.67
      57.279     0.968750       561934        32.00
      57.791     0.971875       563753        35.56
      58.335     0.975000       565500        40.00
      58.975     0.978125       567352        45.71
      59.679     0.981250       569129        53.33
      60.511     0.984375       570983        64.00
      60.991     0.985938       571878        71.11
      61.535     0.987500       572754        80.00
      62.175     0.989062       573675        91.43
      62.943     0.990625       574586       106.67
      63.839     0.992188       575478       128.00
      64.511     0.992969       575926       142.22
      65.183     0.993750       576374       160.00
      66.111     0.994531       576831       182.86
      67.391     0.995313       577288       213.33
      69.183     0.996094       577739       256.00
      70.335     0.996484       577961       284.44
      71.807     0.996875       578195       320.00
      74.111     0.997266       578418       365.71
      76.991     0.997656       578639       426.67
      80.383     0.998047       578866       512.00
      82.239     0.998242       578978       568.89
      83.903     0.998437       579091       640.00
      87.295     0.998633       579205       731.43
      93.759     0.998828       579319       853.33
     102.143     0.999023       579431      1024.00
     108.095     0.999121       579488      1137.78
     115.775     0.999219       579544      1280.00
     128.447     0.999316       579601      1462.86
     190.591     0.999414       579658      1706.67
     270.847     0.999512       579714      2048.00
     296.191     0.999561       579743      2275.56
     334.847     0.999609       579771      2560.00
     380.927     0.999658       579799      2925.71
     453.631     0.999707       579828      3413.33
     475.647     0.999756       579856      4096.00
     487.167     0.999780       579871      4551.11
     511.743     0.999805       579884      5120.00
     551.423     0.999829       579898      5851.43
     565.759     0.999854       579914      6826.67
     570.367     0.999878       579927      8192.00
     575.999     0.999890       579934      9102.22
     580.607     0.999902       579941     10240.00
     605.183     0.999915       579948     11702.86
     620.543     0.999927       579956     13653.33
     652.799     0.999939       579962     16384.00
     661.503     0.999945       579966     18204.44
     666.623     0.999951       579969     20480.00
     687.615     0.999957       579973     23405.71
     700.927     0.999963       579976     27306.67
     709.119     0.999969       579980     32768.00
     712.703     0.999973       579982     36408.89
     713.215     0.999976       579983     40960.00
     714.751     0.999979       579985     46811.43
     718.335     0.999982       579987     54613.33
     760.319     0.999985       579989     65536.00
     782.335     0.999986       579990     72817.78
     782.335     0.999988       579990     81920.00
     783.359     0.999989       579991     93622.86
     784.895     0.999991       579992    109226.67
     786.431     0.999992       579993    131072.00
     794.111     0.999993       579994    145635.56
     794.111     0.999994       579994    163840.00
     794.111     0.999995       579994    187245.71
     797.183     0.999995       579996    218453.33
     797.183     0.999996       579996    262144.00
     797.183     0.999997       579996    291271.11
     797.183     0.999997       579996    327680.00
     797.183     0.999997       579996    374491.43
     797.183     0.999998       579996    436906.67
     797.183     0.999998       579996    524288.00
     809.983     0.999998       579997    582542.22
     809.983     1.000000       579997          inf
#[Mean    =       33.191, StdDeviation   =       17.303]
#[Max     =      809.472, Total count    =       579997]
#[Buckets =           27, SubBuckets     =         2048]
-----------------------------------------------------------------------
  599804 requests in 5.00m, 93.01MB read
Requests/sec:   1999.19  
Transfer/sec:    317.45KB
