setup: assigned thread_id=1
init: final thread_id=1, base_seed=nil
script_want_response
Running 2m test @ http://10.10.1.1:13690
  1 threads and 10 connections

  Thread calibration: mean lat.: 61.699ms, rate sampling interval: 111ms

-----------------------------------------------------------------------
Test Results @ http://10.10.1.1:13690 
  Thread Stats   Avg      Stdev     99%   +/- Stdev
    Latency     7.83ms    1.00ms   9.97ms   73.19%
    Req/Sec   100.05     24.43   181.00     86.79%
  Latency Distribution (HdrHistogram - Recorded Latency)
 50.000%    7.74ms
 75.000%    8.43ms
 90.000%    9.06ms
 99.000%    9.97ms
 99.900%   14.74ms
 99.990%   23.38ms
 99.999%   23.63ms
100.000%   23.63ms

  Detailed Percentile spectrum:
       Value   Percentile   TotalCount 1/(1-Percentile)

       4.483     0.000000            1         1.00
       6.719     0.100000          903         1.11
       7.063     0.200000         1805         1.25
       7.311     0.300000         2707         1.43
       7.527     0.400000         3606         1.67
       7.739     0.500000         4502         2.00
       7.859     0.550000         4955         2.22
       7.979     0.600000         5417         2.50
       8.111     0.650000         5855         2.86
       8.263     0.700000         6316         3.33
       8.431     0.750000         6753         4.00
       8.519     0.775000         6980         4.44
       8.607     0.800000         7208         5.00
       8.711     0.825000         7428         5.71
       8.807     0.850000         7652         6.67
       8.919     0.875000         7885         8.00
       8.975     0.887500         7994         8.89
       9.055     0.900000         8103        10.00
       9.127     0.912500         8227        11.43
       9.199     0.925000         8330        13.33
       9.279     0.937500         8448        16.00
       9.319     0.943750         8493        17.78
       9.359     0.950000         8548        20.00
       9.439     0.956250         8612        22.86
       9.487     0.962500         8661        26.67
       9.551     0.968750         8720        32.00
       9.599     0.971875         8747        35.56
       9.655     0.975000         8776        40.00
       9.703     0.978125         8802        45.71
       9.751     0.981250         8830        53.33
       9.807     0.984375         8857        64.00
       9.855     0.985938         8871        71.11
       9.895     0.987500         8888        80.00
       9.943     0.989062         8900        91.43
      10.015     0.990625         8913       106.67
      10.111     0.992188         8927       128.00
      10.175     0.992969         8934       142.22
      10.207     0.993750         8941       160.00
      10.319     0.994531         8949       182.86
      10.375     0.995313         8956       213.33
      10.431     0.996094         8962       256.00
      10.503     0.996484         8966       284.44
      10.551     0.996875         8969       320.00
      10.695     0.997266         8973       365.71
      10.767     0.997656         8976       426.67
      10.991     0.998047         8980       512.00
      11.135     0.998242         8982       568.89
      11.255     0.998437         8983       640.00
      11.431     0.998633         8985       731.43
      13.855     0.998828         8987       853.33
      17.727     0.999023         8989      1024.00
      18.383     0.999121         8990      1137.78
      18.383     0.999219         8990      1280.00
      18.767     0.999316         8991      1462.86
      19.679     0.999414         8992      1706.67
      20.207     0.999512         8993      2048.00
      21.711     0.999561         8994      2275.56
      21.711     0.999609         8994      2560.00
      21.711     0.999658         8994      2925.71
      22.975     0.999707         8995      3413.33
      22.975     0.999756         8995      4096.00
      23.375     0.999780         8996      4551.11
      23.375     0.999805         8996      5120.00
      23.375     0.999829         8996      5851.43
      23.375     0.999854         8996      6826.67
      23.375     0.999878         8996      8192.00
      23.631     0.999890         8997      9102.22
      23.631     1.000000         8997          inf
#[Mean    =        7.826, StdDeviation   =        1.001]
#[Max     =       23.616, Total count    =         8997]
#[Buckets =           27, SubBuckets     =         2048]
-----------------------------------------------------------------------
  9991 requests in 1.67m, 1.55MB read
Requests/sec:     99.90  
Transfer/sec:     15.87KB
