setup: assigned thread_id=1
init: final thread_id=1, base_seed=nil
setup: assigned thread_id=2
init: final thread_id=2, base_seed=nil
setup: assigned thread_id=3
init: final thread_id=3, base_seed=nil
setup: assigned thread_id=4
init: final thread_id=4, base_seed=nil
setup: assigned thread_id=5
init: final thread_id=5, base_seed=nil
setup: assigned thread_id=6
init: final thread_id=6, base_seed=nil
setup: assigned thread_id=7
init: final thread_id=7, base_seed=nil
setup: assigned thread_id=8
init: final thread_id=8, base_seed=nil
setup: assigned thread_id=9
init: final thread_id=9, base_seed=nil
setup: assigned thread_id=10
init: final thread_id=10, base_seed=nil
setup: assigned thread_id=11
init: final thread_id=11, base_seed=nil
setup: assigned thread_id=12
init: final thread_id=12, base_seed=nil
setup: assigned thread_id=13
init: final thread_id=13, base_seed=nil
setup: assigned thread_id=14
init: final thread_id=14, base_seed=nil
setup: assigned thread_id=15
init: final thread_id=15, base_seed=nil
setup: assigned thread_id=16
init: final thread_id=16, base_seed=nil
setup: assigned thread_id=17
init: final thread_id=17, base_seed=nil
setup: assigned thread_id=18
init: final thread_id=18, base_seed=nil
setup: assigned thread_id=19
init: final thread_id=19, base_seed=nil
setup: assigned thread_id=20
init: final thread_id=20, base_seed=nil
script_want_response
Running 1m test @ http://10.10.1.1:10918
  20 threads and 200 connections

  Thread calibration: mean lat.: 9.915ms, rate sampling interval: 31ms
  Thread calibration: mean lat.: 10.670ms, rate sampling interval: 34ms
  Thread calibration: mean lat.: 12.434ms, rate sampling interval: 44ms
  Thread calibration: mean lat.: 13.377ms, rate sampling interval: 47ms
  Thread calibration: mean lat.: 15.107ms, rate sampling interval: 53ms
  Thread calibration: mean lat.: 16.588ms, rate sampling interval: 60ms
  Thread calibration: mean lat.: 18.324ms, rate sampling interval: 63ms
  Thread calibration: mean lat.: 19.691ms, rate sampling interval: 65ms
  Thread calibration: mean lat.: 21.057ms, rate sampling interval: 66ms
  Thread calibration: mean lat.: 23.321ms, rate sampling interval: 69ms
  Thread calibration: mean lat.: 23.599ms, rate sampling interval: 68ms
  Thread calibration: mean lat.: 24.489ms, rate sampling interval: 68ms
  Thread calibration: mean lat.: 25.023ms, rate sampling interval: 68ms
  Thread calibration: mean lat.: 25.413ms, rate sampling interval: 67ms
  Thread calibration: mean lat.: 25.420ms, rate sampling interval: 66ms
  Thread calibration: mean lat.: 26.352ms, rate sampling interval: 69ms
  Thread calibration: mean lat.: 25.310ms, rate sampling interval: 65ms
  Thread calibration: mean lat.: 25.321ms, rate sampling interval: 65ms
  Thread calibration: mean lat.: 24.723ms, rate sampling interval: 63ms
  Thread calibration: mean lat.: 24.116ms, rate sampling interval: 61ms

-----------------------------------------------------------------------
Test Results @ http://10.10.1.1:10918 
  Thread Stats   Avg      Stdev     99%   +/- Stdev
    Latency    21.79ms   11.53ms  61.09ms   68.71%
    Req/Sec   100.61     80.69   322.00     61.83%
  Latency Distribution (HdrHistogram - Recorded Latency)
 50.000%   20.45ms
 75.000%   27.82ms
 90.000%   36.13ms
 99.000%   61.09ms
 99.900%   78.53ms
 99.990%   85.44ms
 99.999%   87.04ms
100.000%   88.77ms

  Detailed Percentile spectrum:
       Value   Percentile   TotalCount 1/(1-Percentile)

       5.651     0.000000            1         1.00
       8.231     0.100000        10031         1.11
      11.095     0.200000        20000         1.25
      14.711     0.300000        30007         1.43
      17.807     0.400000        40030         1.67
      20.447     0.500000        50034         2.00
      21.727     0.550000        55029         2.22
      23.039     0.600000        60009         2.50
      24.479     0.650000        64996         2.86
      26.079     0.700000        70004         3.33
      27.823     0.750000        74996         4.00
      28.815     0.775000        77522         4.44
      29.887     0.800000        80018         5.00
      31.055     0.825000        82512         5.71
      32.415     0.850000        84999         6.67
      34.079     0.875000        87509         8.00
      35.007     0.887500        88741         8.89
      36.127     0.900000        89991        10.00
      37.311     0.912500        91252        11.43
      38.655     0.925000        92504        13.33
      40.255     0.937500        93765        16.00
      41.183     0.943750        94374        17.78
      42.175     0.950000        94998        20.00
      43.487     0.956250        95621        22.86
      45.087     0.962500        96246        26.67
      47.199     0.968750        96870        32.00
      48.511     0.971875        97183        35.56
      49.983     0.975000        97491        40.00
      51.775     0.978125        97802        45.71
      53.695     0.981250        98115        53.33
      55.967     0.984375        98428        64.00
      57.311     0.985938        98587        71.11
      58.591     0.987500        98744        80.00
      60.127     0.989062        98896        91.43
      61.791     0.990625        99054       106.67
      63.775     0.992188        99210       128.00
      64.895     0.992969        99286       142.22
      65.983     0.993750        99367       160.00
      67.327     0.994531        99444       182.86
      68.351     0.995313        99521       213.33
      70.207     0.996094        99599       256.00
      71.423     0.996484        99638       284.44
      72.447     0.996875        99679       320.00
      73.279     0.997266        99719       365.71
      74.623     0.997656        99755       426.67
      75.519     0.998047        99795       512.00
      75.967     0.998242        99814       568.89
      76.735     0.998437        99834       640.00
      77.439     0.998633        99853       731.43
      78.015     0.998828        99873       853.33
      78.591     0.999023        99892      1024.00
      78.911     0.999121        99902      1137.78
      79.231     0.999219        99911      1280.00
      79.679     0.999316        99922      1462.86
      80.255     0.999414        99932      1706.67
      81.343     0.999512        99942      2048.00
      81.919     0.999561        99947      2275.56
      82.239     0.999609        99951      2560.00
      82.687     0.999658        99955      2925.71
      83.007     0.999707        99961      3413.33
      83.775     0.999756        99965      4096.00
      83.967     0.999780        99968      4551.11
      84.159     0.999805        99970      5120.00
      84.607     0.999829        99973      5851.43
      85.119     0.999854        99975      6826.67
      85.375     0.999878        99977      8192.00
      85.439     0.999890        99979      9102.22
      85.695     0.999902        99980     10240.00
      85.823     0.999915        99982     11702.86
      85.823     0.999927        99982     13653.33
      85.951     0.999939        99983     16384.00
      86.015     0.999945        99984     18204.44
      86.207     0.999951        99985     20480.00
      86.207     0.999957        99985     23405.71
      86.527     0.999963        99986     27306.67
      86.527     0.999969        99986     32768.00
      86.719     0.999973        99987     36408.89
      86.719     0.999976        99987     40960.00
      86.719     0.999979        99987     46811.43
      87.039     0.999982        99988     54613.33
      87.039     0.999985        99988     65536.00
      87.039     0.999986        99988     72817.78
      87.039     0.999988        99988     81920.00
      87.039     0.999989        99988     93622.86
      88.767     0.999991        99989    109226.67
      88.767     1.000000        99989          inf
#[Mean    =       21.789, StdDeviation   =       11.525]
#[Max     =       88.704, Total count    =        99989]
#[Buckets =           27, SubBuckets     =         2048]
-----------------------------------------------------------------------
  119708 requests in 1.00m, 18.56MB read
Requests/sec:   1994.72  
Transfer/sec:    316.67KB
