setup: assigned thread_id=1
init: final thread_id=1, base_seed=nil
setup: assigned thread_id=2
init: final thread_id=2, base_seed=nil
script_want_response
Running 5m test @ http://10.10.1.1:10918
  2 threads and 13 connections

  Thread calibration: mean lat.: 7.396ms, rate sampling interval: 16ms
  Thread calibration: mean lat.: 7.152ms, rate sampling interval: 15ms

-----------------------------------------------------------------------
Test Results @ http://10.10.1.1:10918 
  Thread Stats   Avg      Stdev     99%   +/- Stdev
    Latency     7.39ms    0.97ms   9.54ms   87.73%
    Req/Sec   258.05    155.79   428.00     66.67%
  Latency Distribution (HdrHistogram - Recorded Latency)
 50.000%    7.24ms
 75.000%    7.74ms
 90.000%    8.30ms
 99.000%    9.54ms
 99.900%   17.17ms
 99.990%   33.50ms
 99.999%   49.82ms
100.000%   65.02ms

  Detailed Percentile spectrum:
       Value   Percentile   TotalCount 1/(1-Percentile)

       5.607     0.000000            1         1.00
       6.611     0.100000        14541         1.11
       6.799     0.200000        29317         1.25
       6.947     0.300000        43669         1.43
       7.091     0.400000        58285         1.67
       7.243     0.500000        72797         2.00
       7.323     0.550000        79991         2.22
       7.411     0.600000        87258         2.50
       7.507     0.650000        94305         2.86
       7.615     0.700000       101670         3.33
       7.739     0.750000       108884         4.00
       7.811     0.775000       112493         4.44
       7.883     0.800000       115997         5.00
       7.971     0.825000       119702         5.71
       8.067     0.850000       123362         6.67
       8.175     0.875000       127011         8.00
       8.231     0.887500       128752         8.89
       8.295     0.900000       130682        10.00
       8.367     0.912500       132501        11.43
       8.439     0.925000       134174        13.33
       8.535     0.937500       136062        16.00
       8.583     0.943750       136906        17.78
       8.639     0.950000       137826        20.00
       8.703     0.956250       138666        22.86
       8.783     0.962500       139616        26.67
       8.863     0.968750       140468        32.00
       8.919     0.971875       140939        35.56
       8.975     0.975000       141379        40.00
       9.047     0.978125       141836        45.71
       9.127     0.981250       142281        53.33
       9.231     0.984375       142760        64.00
       9.295     0.985938       142961        71.11
       9.383     0.987500       143214        80.00
       9.479     0.989062       143428        91.43
       9.599     0.990625       143646       106.67
       9.775     0.992188       143866       128.00
       9.903     0.992969       143978       142.22
      10.071     0.993750       144093       160.00
      10.295     0.994531       144204       182.86
      10.615     0.995313       144318       213.33
      11.239     0.996094       144430       256.00
      11.695     0.996484       144487       284.44
      12.191     0.996875       144544       320.00
      12.783     0.997266       144600       365.71
      13.375     0.997656       144657       426.67
      13.991     0.998047       144713       512.00
      14.551     0.998242       144742       568.89
      15.023     0.998437       144770       640.00
      15.583     0.998633       144798       731.43
      16.447     0.998828       144827       853.33
      17.279     0.999023       144855      1024.00
      18.047     0.999121       144869      1137.78
      18.879     0.999219       144883      1280.00
      19.711     0.999316       144897      1462.86
      21.919     0.999414       144912      1706.67
      23.567     0.999512       144926      2048.00
      25.199     0.999561       144933      2275.56
      26.687     0.999609       144941      2560.00
      27.087     0.999658       144947      2925.71
      28.479     0.999707       144954      3413.33
      29.471     0.999756       144961      4096.00
      29.695     0.999780       144965      4551.11
      30.543     0.999805       144968      5120.00
      31.679     0.999829       144972      5851.43
      32.047     0.999854       144975      6826.67
      32.591     0.999878       144979      8192.00
      33.215     0.999890       144981      9102.22
      33.503     0.999902       144982     10240.00
      34.527     0.999915       144984     11702.86
      35.519     0.999927       144986     13653.33
      38.335     0.999939       144988     16384.00
      38.463     0.999945       144989     18204.44
      38.463     0.999951       144989     20480.00
      38.655     0.999957       144990     23405.71
      48.095     0.999963       144991     27306.67
      49.279     0.999969       144992     32768.00
      49.343     0.999973       144993     36408.89
      49.343     0.999976       144993     40960.00
      49.343     0.999979       144993     46811.43
      49.663     0.999982       144994     54613.33
      49.663     0.999985       144994     65536.00
      49.823     0.999986       144995     72817.78
      49.823     0.999988       144995     81920.00
      49.823     0.999989       144995     93622.86
      49.823     0.999991       144995    109226.67
      49.823     0.999992       144995    131072.00
      65.023     0.999993       144996    145635.56
      65.023     1.000000       144996          inf
#[Mean    =        7.390, StdDeviation   =        0.973]
#[Max     =       64.992, Total count    =       144996]
#[Buckets =           27, SubBuckets     =         2048]
-----------------------------------------------------------------------
  149990 requests in 5.00m, 23.26MB read
Requests/sec:    499.95  
Transfer/sec:     79.38KB
