setup: assigned thread_id=1
init: final thread_id=1, base_seed=nil
script_want_response
Running 1m test @ http://10.10.1.1:10918
  1 threads and 10 connections

  Thread calibration: mean lat.: 61.253ms, rate sampling interval: 108ms

-----------------------------------------------------------------------
Test Results @ http://10.10.1.1:10918 
  Thread Stats   Avg      Stdev     99%   +/- Stdev
    Latency     7.21ms  843.93us   9.30ms   72.08%
    Req/Sec   100.01     19.63   168.00     88.96%
  Latency Distribution (HdrHistogram - Recorded Latency)
 50.000%    7.20ms
 75.000%    7.73ms
 90.000%    8.26ms
 99.000%    9.30ms
 99.900%   10.33ms
 99.990%   11.12ms
 99.999%   11.12ms
100.000%   11.12ms

  Detailed Percentile spectrum:
       Value   Percentile   TotalCount 1/(1-Percentile)

       4.327     0.000000            1         1.00
       6.231     0.100000          504         1.11
       6.559     0.200000         1003         1.25
       6.791     0.300000         1502         1.43
       6.987     0.400000         2004         1.67
       7.199     0.500000         2507         2.00
       7.295     0.550000         2754         2.22
       7.391     0.600000         2999         2.50
       7.503     0.650000         3254         2.86
       7.611     0.700000         3506         3.33
       7.727     0.750000         3748         4.00
       7.791     0.775000         3873         4.44
       7.863     0.800000         4000         5.00
       7.939     0.825000         4126         5.71
       8.043     0.850000         4254         6.67
       8.147     0.875000         4375         8.00
       8.215     0.887500         4441         8.89
       8.271     0.900000         4502        10.00
       8.351     0.912500         4560        11.43
       8.423     0.925000         4624        13.33
       8.503     0.937500         4686        16.00
       8.551     0.943750         4719        17.78
       8.607     0.950000         4749        20.00
       8.679     0.956250         4782        22.86
       8.751     0.962500         4810        26.67
       8.839     0.968750         4842        32.00
       8.927     0.971875         4860        35.56
       8.991     0.975000         4876        40.00
       9.023     0.978125         4890        45.71
       9.079     0.981250         4904        53.33
       9.143     0.984375         4921        64.00
       9.167     0.985938         4927        71.11
       9.231     0.987500         4935        80.00
       9.279     0.989062         4944        91.43
       9.327     0.990625         4954       106.67
       9.399     0.992188         4959       128.00
       9.471     0.992969         4962       142.22
       9.591     0.993750         4967       160.00
       9.655     0.994531         4970       182.86
       9.703     0.995313         4974       213.33
       9.823     0.996094         4978       256.00
       9.839     0.996484         4980       284.44
       9.895     0.996875         4982       320.00
       9.919     0.997266         4984       365.71
       9.943     0.997656         4986       426.67
      10.223     0.998047         4988       512.00
      10.231     0.998242         4989       568.89
      10.239     0.998437         4990       640.00
      10.247     0.998633         4991       731.43
      10.327     0.998828         4993       853.33
      10.327     0.999023         4993      1024.00
      10.327     0.999121         4993      1137.78
      10.703     0.999219         4994      1280.00
      10.703     0.999316         4994      1462.86
      10.839     0.999414         4995      1706.67
      10.839     0.999512         4995      2048.00
      10.839     0.999561         4995      2275.56
      10.959     0.999609         4996      2560.00
      10.959     0.999658         4996      2925.71
      10.959     0.999707         4996      3413.33
      10.959     0.999756         4996      4096.00
      10.959     0.999780         4996      4551.11
      11.119     0.999805         4997      5120.00
      11.119     1.000000         4997          inf
#[Mean    =        7.211, StdDeviation   =        0.844]
#[Max     =       11.112, Total count    =         4997]
#[Buckets =           27, SubBuckets     =         2048]
-----------------------------------------------------------------------
  5991 requests in 1.00m, 0.93MB read
Requests/sec:     99.83  
Transfer/sec:     15.85KB
