Running 5m test @ http://10.10.1.1:9438/Spam?n=100
  9 threads and 18 connections

  Thread calibration: mean lat.: 1.022ms, rate sampling interval: 10ms
  Thread calibration: mean lat.: 0.980ms, rate sampling interval: 10ms
  Thread calibration: mean lat.: 6.446ms, rate sampling interval: 42ms
  Thread calibration: mean lat.: 1.009ms, rate sampling interval: 10ms
  Thread calibration: mean lat.: 0.997ms, rate sampling interval: 10ms
  Thread calibration: mean lat.: 0.956ms, rate sampling interval: 10ms
  Thread calibration: mean lat.: 1.007ms, rate sampling interval: 10ms
  Thread calibration: mean lat.: 0.998ms, rate sampling interval: 10ms
  Thread calibration: mean lat.: 5.812ms, rate sampling interval: 38ms

-----------------------------------------------------------------------
Test Results @ http://10.10.1.1:9438/Spam?n=100 
  Thread Stats   Avg      Stdev     99%   +/- Stdev
    Latency   985.39ms   11.22s   15.78s    98.98%
    Req/Sec   418.17    145.88   666.00     73.61%
  Latency Distribution (HdrHistogram - Recorded Latency)
 50.000%    0.98ms
 75.000%    1.29ms
 90.000%    2.45ms
 99.000%   15.78s 
 99.900%    2.57m 
 99.990%    2.58m 
 99.999%    2.59m 
100.000%    2.59m 

  Detailed Percentile spectrum:
       Value   Percentile   TotalCount 1/(1-Percentile)

       0.485     0.000000            1         1.00
       0.822     0.100000       106806         1.11
       0.854     0.200000       214780         1.25
       0.886     0.300000       321338         1.43
       0.926     0.400000       426660         1.67
       0.981     0.500000       532521         2.00
       1.017     0.550000       586921         2.22
       1.059     0.600000       639696         2.50
       1.113     0.650000       692504         2.86
       1.185     0.700000       745641         3.33
       1.288     0.750000       798983         4.00
       1.350     0.775000       825401         4.44
       1.411     0.800000       852043         5.00
       1.470     0.825000       878786         5.71
       1.550     0.850000       905359         6.67
       1.766     0.875000       931781         8.00
       1.996     0.887500       945062         8.89
       2.447     0.900000       958382        10.00
       4.135     0.912500       971699        11.43
       6.987     0.925000       984988        13.33
      11.087     0.937500       998298        16.00
      13.639     0.943750      1004961        17.78
      16.639     0.950000      1011623        20.00
      20.095     0.956250      1018266        22.86
      24.223     0.962500      1024918        26.67
      29.295     0.968750      1031572        32.00
      32.383     0.971875      1034908        35.56
      35.999     0.975000      1038239        40.00
      40.511     0.978125      1041566        45.71
      46.591     0.981250      1044892        53.33
      56.223     0.984375      1048218        64.00
      64.351     0.985938      1049876        71.11
      81.727     0.987500      1051539        80.00
     194.175     0.989062      1053201        91.43
   16031.743     0.990625      1054879       106.67
   30310.399     0.992188      1056564       128.00
   50364.415     0.992969      1057410       142.22
   50692.095     0.993750      1058248       160.00
  124583.935     0.994531      1059072       182.86
  129564.671     0.995313      1059947       213.33
  130088.959     0.996094      1060788       256.00
  152305.663     0.996484      1061112       284.44
  152698.879     0.996875      1061552       320.00
  153092.095     0.997266      1062062       365.71
  153354.239     0.997656      1062422       426.67
  153616.383     0.998047      1062792       512.00
  153878.527     0.998242      1063162       568.89
  154009.599     0.998437      1063382       640.00
  154140.671     0.998633      1063600       731.43
  154140.671     0.998828      1063600       853.33
  154271.743     0.999023      1063840      1024.00
  154402.815     0.999121      1064063      1137.78
  154402.815     0.999219      1064063      1280.00
  154533.887     0.999316      1064274      1462.86
  154533.887     0.999414      1064274      1706.67
  154664.959     0.999512      1064427      2048.00
  154664.959     0.999561      1064427      2275.56
  154796.031     0.999609      1064576      2560.00
  154796.031     0.999658      1064576      2925.71
  154796.031     0.999707      1064576      3413.33
  154927.103     0.999756      1064677      4096.00
  154927.103     0.999780      1064677      4551.11
  154927.103     0.999805      1064677      5120.00
  154927.103     0.999829      1064677      5851.43
  155058.175     0.999854      1064749      6826.67
  155058.175     0.999878      1064749      8192.00
  155058.175     0.999890      1064749      9102.22
  155058.175     0.999902      1064749     10240.00
  155189.247     0.999915      1064825     11702.86
  155189.247     0.999927      1064825     13653.33
  155189.247     0.999939      1064825     16384.00
  155189.247     0.999945      1064825     18204.44
  155189.247     0.999951      1064825     20480.00
  155189.247     0.999957      1064825     23405.71
  155189.247     0.999963      1064825     27306.67
  155189.247     0.999969      1064825     32768.00
  155189.247     0.999973      1064825     36408.89
  155189.247     0.999976      1064825     40960.00
  155189.247     0.999979      1064825     46811.43
  155320.319     0.999982      1064847     54613.33
  155320.319     1.000000      1064847          inf
#[Mean    =      985.390, StdDeviation   =    11221.669]
#[Max     =   155189.248, Total count    =      1064847]
#[Buckets =           27, SubBuckets     =         2048]
-----------------------------------------------------------------------
  1101175 requests in 5.00m, 136.52MB read
  Socket errors: connect 0, read 0, write 0, timeout 268
Requests/sec:   3670.57  
Transfer/sec:    465.99KB
