setup: assigned thread_id=1
init: final thread_id=1, base_seed=nil
setup: assigned thread_id=2
init: final thread_id=2, base_seed=nil
setup: assigned thread_id=3
init: final thread_id=3, base_seed=nil
setup: assigned thread_id=4
init: final thread_id=4, base_seed=nil
setup: assigned thread_id=5
init: final thread_id=5, base_seed=nil
setup: assigned thread_id=6
init: final thread_id=6, base_seed=nil
setup: assigned thread_id=7
init: final thread_id=7, base_seed=nil
setup: assigned thread_id=8
init: final thread_id=8, base_seed=nil
setup: assigned thread_id=9
init: final thread_id=9, base_seed=nil
setup: assigned thread_id=10
init: final thread_id=10, base_seed=nil
setup: assigned thread_id=11
init: final thread_id=11, base_seed=nil
setup: assigned thread_id=12
init: final thread_id=12, base_seed=nil
setup: assigned thread_id=13
init: final thread_id=13, base_seed=nil
setup: assigned thread_id=14
init: final thread_id=14, base_seed=nil
setup: assigned thread_id=15
init: final thread_id=15, base_seed=nil
setup: assigned thread_id=16
init: final thread_id=16, base_seed=nil
setup: assigned thread_id=17
init: final thread_id=17, base_seed=nil
setup: assigned thread_id=18
init: final thread_id=18, base_seed=nil
setup: assigned thread_id=19
init: final thread_id=19, base_seed=nil
setup: assigned thread_id=20
init: final thread_id=20, base_seed=nil
script_want_response
Running 5m test @ http://10.10.1.1:5834
  20 threads and 200 connections

  Thread calibration: mean lat.: 54.436ms, rate sampling interval: 185ms
  Thread calibration: mean lat.: 59.255ms, rate sampling interval: 194ms
  Thread calibration: mean lat.: 59.339ms, rate sampling interval: 200ms
  Thread calibration: mean lat.: 62.782ms, rate sampling interval: 196ms
  Thread calibration: mean lat.: 61.497ms, rate sampling interval: 196ms
  Thread calibration: mean lat.: 63.093ms, rate sampling interval: 187ms
  Thread calibration: mean lat.: 66.166ms, rate sampling interval: 199ms
  Thread calibration: mean lat.: 65.730ms, rate sampling interval: 185ms
  Thread calibration: mean lat.: 68.303ms, rate sampling interval: 205ms
  Thread calibration: mean lat.: 70.134ms, rate sampling interval: 200ms
  Thread calibration: mean lat.: 69.969ms, rate sampling interval: 203ms
  Thread calibration: mean lat.: 68.738ms, rate sampling interval: 200ms
  Thread calibration: mean lat.: 68.411ms, rate sampling interval: 193ms
  Thread calibration: mean lat.: 69.817ms, rate sampling interval: 199ms
  Thread calibration: mean lat.: 67.448ms, rate sampling interval: 187ms
  Thread calibration: mean lat.: 68.631ms, rate sampling interval: 194ms
  Thread calibration: mean lat.: 69.278ms, rate sampling interval: 199ms
  Thread calibration: mean lat.: 68.590ms, rate sampling interval: 198ms
  Thread calibration: mean lat.: 67.243ms, rate sampling interval: 188ms
  Thread calibration: mean lat.: 67.408ms, rate sampling interval: 194ms

-----------------------------------------------------------------------
Test Results @ http://10.10.1.1:5834 
  Thread Stats   Avg      Stdev     99%   +/- Stdev
    Latency   459.91ms    7.49s  848.38ms   99.78%
    Req/Sec    88.98     18.66   131.00     79.81%
  Latency Distribution (HdrHistogram - Recorded Latency)
 50.000%   68.10ms
 75.000%   90.82ms
 90.000%  248.83ms
 99.000%  848.38ms
 99.900%    2.59m 
 99.990%    3.60m 
 99.999%    4.67m 
100.000%    4.67m 

  Detailed Percentile spectrum:
       Value   Percentile   TotalCount 1/(1-Percentile)

      16.927     0.000000            1         1.00
      43.135     0.100000        51733         1.11
      52.927     0.200000       103561         1.25
      58.975     0.300000       155456         1.43
      63.583     0.400000       207094         1.67
      68.095     0.500000       258665         2.00
      70.655     0.550000       284894         2.22
      73.535     0.600000       310396         2.50
      77.311     0.650000       336453         2.86
      82.495     0.700000       362083         3.33
      90.815     0.750000       388018         4.00
      98.111     0.775000       400886         4.44
     110.975     0.800000       413775         5.00
     131.711     0.825000       426742         5.71
     158.463     0.850000       439657         6.67
     192.895     0.875000       452582         8.00
     214.783     0.887500       459057         8.89
     248.831     0.900000       465497        10.00
     290.559     0.912500       471967        11.43
     339.711     0.925000       478441        13.33
     407.807     0.937500       484911        16.00
     443.903     0.943750       488126        17.78
     484.607     0.950000       491364        20.00
     523.519     0.956250       494593        22.86
     572.415     0.962500       497837        26.67
     614.911     0.968750       501060        32.00
     635.391     0.971875       502687        35.56
     659.455     0.975000       504293        40.00
     686.079     0.978125       505909        45.71
     713.215     0.981250       507533        53.33
     748.543     0.984375       509149        64.00
     771.583     0.985938       509946        71.11
     797.695     0.987500       510761        80.00
     827.391     0.989062       511562        91.43
     861.695     0.990625       512371       106.67
     909.823     0.992188       513181       128.00
     934.399     0.992969       513582       142.22
     959.999     0.993750       513983       160.00
     995.839     0.994531       514385       182.86
    1037.823     0.995313       514790       213.33
    1107.967     0.996094       515195       256.00
    1162.239     0.996484       515396       284.44
    1226.751     0.996875       515601       320.00
    1317.887     0.997266       515799       365.71
    1550.335     0.997656       516001       426.67
  101580.799     0.998047       516209       512.00
  152961.023     0.998242       516305       568.89
  153223.167     0.998437       516520       640.00
  153223.167     0.998633       516520       731.43
  153354.239     0.998828       516656       853.33
  155582.463     0.999023       516726      1024.00
  155713.535     0.999121       516770      1137.78
  155975.679     0.999219       516809      1280.00
  158859.263     0.999316       516860      1462.86
  159121.407     0.999414       516929      1706.67
  167903.231     0.999512       516966      2048.00
  169738.239     0.999561       517002      2275.56
  169869.311     0.999609       517018      2560.00
  176553.983     0.999658       517048      2925.71
  176685.055     0.999707       517072      3413.33
  176816.127     0.999756       517093      4096.00
  176947.199     0.999780       517111      4551.11
  177078.271     0.999805       517114      5120.00
  213778.431     0.999829       517126      5851.43
  214171.647     0.999854       517138      6826.67
  214695.935     0.999878       517150      8192.00
  215613.439     0.999890       517158      9102.22
  215875.583     0.999902       517167     10240.00
  216006.655     0.999915       517169     11702.86
  269221.887     0.999927       517182     13653.33
  269221.887     0.999939       517182     16384.00
  269484.031     0.999945       517189     18204.44
  269484.031     0.999951       517189     20480.00
  269746.175     0.999957       517191     23405.71
  279445.503     0.999963       517196     27306.67
  279707.647     0.999969       517200     32768.00
  279707.647     0.999973       517200     36408.89
  279969.791     0.999976       517209     40960.00
  279969.791     0.999979       517209     46811.43
  279969.791     0.999982       517209     54613.33
  279969.791     0.999985       517209     65536.00
  279969.791     0.999986       517209     72817.78
  279969.791     0.999988       517209     81920.00
  279969.791     0.999989       517209     93622.86
  279969.791     0.999991       517209    109226.67
  280231.935     0.999992       517212    131072.00
  280231.935     0.999993       517212    145635.56
  280231.935     0.999994       517212    163840.00
  280231.935     0.999995       517212    187245.71
  280231.935     0.999995       517212    218453.33
  280231.935     0.999996       517212    262144.00
  280231.935     0.999997       517212    291271.11
  280231.935     0.999997       517212    327680.00
  280231.935     0.999997       517212    374491.43
  280231.935     0.999998       517212    436906.67
  280494.079     0.999998       517213    524288.00
  280494.079     1.000000       517213          inf
#[Mean    =      459.912, StdDeviation   =     7485.222]
#[Max     =   280231.936, Total count    =       517213]
#[Buckets =           27, SubBuckets     =         2048]
-----------------------------------------------------------------------
  534857 requests in 5.00m, 82.94MB read
  Socket errors: connect 0, read 0, write 0, timeout 3069
Requests/sec:   1782.94  
Transfer/sec:    283.12KB
