setup: assigned thread_id=1
init: final thread_id=1, base_seed=nil
script_want_response
Running 2m test @ http://10.10.1.1:5834
  1 threads and 10 connections

  Thread calibration: mean lat.: 23.470ms, rate sampling interval: 39ms

-----------------------------------------------------------------------
Test Results @ http://10.10.1.1:5834 
  Thread Stats   Avg      Stdev     99%   +/- Stdev
    Latency    35.18ms  144.05ms 721.41ms   98.08%
    Req/Sec   101.24    121.14   282.00     63.00%
  Latency Distribution (HdrHistogram - Recorded Latency)
 50.000%   17.90ms
 75.000%   18.74ms
 90.000%   19.53ms
 99.000%  721.41ms
 99.900%    2.07s 
 99.990%    2.40s 
 99.999%    2.48s 
100.000%    2.48s 

  Detailed Percentile spectrum:
       Value   Percentile   TotalCount 1/(1-Percentile)

      15.935     0.000000            1         1.00
      16.895     0.100000          937         1.11
      17.135     0.200000         1805         1.25
      17.391     0.300000         2754         1.43
      17.631     0.400000         3638         1.67
      17.903     0.500000         4549         2.00
      18.047     0.550000         4985         2.22
      18.191     0.600000         5411         2.50
      18.351     0.650000         5851         2.86
      18.527     0.700000         6304         3.33
      18.735     0.750000         6766         4.00
      18.847     0.775000         7003         4.44
      18.959     0.800000         7219         5.00
      19.071     0.825000         7432         5.71
      19.199     0.850000         7653         6.67
      19.359     0.875000         7877         8.00
      19.455     0.887500         7994         8.89
      19.535     0.900000         8106        10.00
      19.631     0.912500         8216        11.43
      19.791     0.925000         8331        13.33
      19.983     0.937500         8443        16.00
      20.127     0.943750         8496        17.78
      20.335     0.950000         8551        20.00
      21.151     0.956250         8607        22.86
      23.231     0.962500         8663        26.67
      26.447     0.968750         8719        32.00
      27.823     0.971875         8747        35.56
      30.623     0.975000         8775        40.00
      69.823     0.978125         8804        45.71
     200.191     0.981250         8832        53.33
     356.095     0.984375         8860        64.00
     437.759     0.985938         8874        71.11
     556.543     0.987500         8888        80.00
     651.263     0.989062         8902        91.43
     754.175     0.990625         8916       106.67
     886.783     0.992188         8930       128.00
     936.959     0.992969         8937       142.22
    1010.175     0.993750         8944       160.00
    1093.631     0.994531         8951       182.86
    1223.679     0.995313         8958       213.33
    1343.487     0.996094         8965       256.00
    1422.335     0.996484         8969       284.44
    1507.327     0.996875         8972       320.00
    1630.207     0.997266         8976       365.71
    1710.079     0.997656         8979       426.67
    1822.719     0.998047         8983       512.00
    1874.943     0.998242         8985       568.89
    1904.639     0.998437         8986       640.00
    1958.911     0.998633         8988       731.43
    2038.783     0.998828         8990       853.33
    2123.775     0.999023         8992      1024.00
    2152.447     0.999121         8993      1137.78
    2152.447     0.999219         8993      1280.00
    2203.647     0.999316         8994      1462.86
    2234.367     0.999414         8995      1706.67
    2291.711     0.999512         8996      2048.00
    2314.239     0.999561         8997      2275.56
    2314.239     0.999609         8997      2560.00
    2314.239     0.999658         8997      2925.71
    2367.487     0.999707         8998      3413.33
    2367.487     0.999756         8998      4096.00
    2398.207     0.999780         8999      4551.11
    2398.207     0.999805         8999      5120.00
    2398.207     0.999829         8999      5851.43
    2398.207     0.999854         8999      6826.67
    2398.207     0.999878         8999      8192.00
    2476.031     0.999890         9000      9102.22
    2476.031     1.000000         9000          inf
#[Mean    =       35.180, StdDeviation   =      144.045]
#[Max     =     2473.984, Total count    =         9000]
#[Buckets =           27, SubBuckets     =         2048]
-----------------------------------------------------------------------
  9890 requests in 1.67m, 1.53MB read
Requests/sec:     98.88  
Transfer/sec:     15.71KB
