setup: assigned thread_id=1
init: final thread_id=1, base_seed=nil
setup: assigned thread_id=2
init: final thread_id=2, base_seed=nil
setup: assigned thread_id=3
init: final thread_id=3, base_seed=nil
setup: assigned thread_id=4
init: final thread_id=4, base_seed=nil
setup: assigned thread_id=5
init: final thread_id=5, base_seed=nil
setup: assigned thread_id=6
init: final thread_id=6, base_seed=nil
setup: assigned thread_id=7
init: final thread_id=7, base_seed=nil
setup: assigned thread_id=8
init: final thread_id=8, base_seed=nil
setup: assigned thread_id=9
init: final thread_id=9, base_seed=nil
setup: assigned thread_id=10
init: final thread_id=10, base_seed=nil
setup: assigned thread_id=11
init: final thread_id=11, base_seed=nil
setup: assigned thread_id=12
init: final thread_id=12, base_seed=nil
setup: assigned thread_id=13
init: final thread_id=13, base_seed=nil
setup: assigned thread_id=14
init: final thread_id=14, base_seed=nil
setup: assigned thread_id=15
init: final thread_id=15, base_seed=nil
setup: assigned thread_id=16
init: final thread_id=16, base_seed=nil
setup: assigned thread_id=17
init: final thread_id=17, base_seed=nil
setup: assigned thread_id=18
init: final thread_id=18, base_seed=nil
setup: assigned thread_id=19
init: final thread_id=19, base_seed=nil
setup: assigned thread_id=20
init: final thread_id=20, base_seed=nil
script_want_response
Running 1m test @ http://10.10.1.1:21091
  20 threads and 200 connections

  Thread calibration: mean lat.: 10.665ms, rate sampling interval: 34ms
  Thread calibration: mean lat.: 11.739ms, rate sampling interval: 38ms
  Thread calibration: mean lat.: 13.119ms, rate sampling interval: 44ms
  Thread calibration: mean lat.: 14.950ms, rate sampling interval: 55ms
  Thread calibration: mean lat.: 16.259ms, rate sampling interval: 60ms
  Thread calibration: mean lat.: 18.095ms, rate sampling interval: 66ms
  Thread calibration: mean lat.: 19.649ms, rate sampling interval: 67ms
  Thread calibration: mean lat.: 20.999ms, rate sampling interval: 70ms
  Thread calibration: mean lat.: 22.776ms, rate sampling interval: 70ms
  Thread calibration: mean lat.: 23.914ms, rate sampling interval: 71ms
  Thread calibration: mean lat.: 24.925ms, rate sampling interval: 71ms
  Thread calibration: mean lat.: 25.865ms, rate sampling interval: 72ms
  Thread calibration: mean lat.: 26.156ms, rate sampling interval: 70ms
  Thread calibration: mean lat.: 26.826ms, rate sampling interval: 71ms
  Thread calibration: mean lat.: 26.895ms, rate sampling interval: 70ms
  Thread calibration: mean lat.: 26.751ms, rate sampling interval: 68ms
  Thread calibration: mean lat.: 26.410ms, rate sampling interval: 67ms
  Thread calibration: mean lat.: 25.970ms, rate sampling interval: 66ms
  Thread calibration: mean lat.: 25.566ms, rate sampling interval: 64ms
  Thread calibration: mean lat.: 24.893ms, rate sampling interval: 63ms

-----------------------------------------------------------------------
Test Results @ http://10.10.1.1:21091 
  Thread Stats   Avg      Stdev     99%   +/- Stdev
    Latency    23.89ms   12.42ms  64.10ms   69.04%
    Req/Sec   100.51     73.53   294.00     66.02%
  Latency Distribution (HdrHistogram - Recorded Latency)
 50.000%   22.91ms
 75.000%   30.48ms
 90.000%   38.40ms
 99.000%   64.10ms
 99.900%   88.51ms
 99.990%   98.43ms
 99.999%   99.84ms
100.000%   99.97ms

  Detailed Percentile spectrum:
       Value   Percentile   TotalCount 1/(1-Percentile)

       5.895     0.000000            1         1.00
       8.415     0.100000        10011         1.11
      12.415     0.200000        20006         1.25
      16.735     0.300000        30007         1.43
      20.111     0.400000        40003         1.67
      22.911     0.500000        50030         2.00
      24.303     0.550000        55039         2.22
      25.679     0.600000        60026         2.50
      27.167     0.650000        65022         2.86
      28.735     0.700000        69996         3.33
      30.479     0.750000        75009         4.00
      31.487     0.775000        77525         4.44
      32.559     0.800000        80012         5.00
      33.791     0.825000        82544         5.71
      35.103     0.850000        85023         6.67
      36.575     0.875000        87539         8.00
      37.439     0.887500        88781         8.89
      38.399     0.900000        90023        10.00
      39.551     0.912500        91246        11.43
      40.959     0.925000        92511        13.33
      42.751     0.937500        93744        16.00
      43.839     0.943750        94378        17.78
      45.343     0.950000        95009        20.00
      47.231     0.956250        95624        22.86
      49.247     0.962500        96255        26.67
      51.583     0.968750        96872        32.00
      52.959     0.971875        97183        35.56
      54.463     0.975000        97494        40.00
      56.159     0.978125        97810        45.71
      57.919     0.981250        98123        53.33
      59.871     0.984375        98437        64.00
      60.959     0.985938        98588        71.11
      62.143     0.987500        98746        80.00
      63.391     0.989062        98902        91.43
      64.799     0.990625        99057       106.67
      66.751     0.992188        99213       128.00
      67.647     0.992969        99290       142.22
      69.055     0.993750        99375       160.00
      70.655     0.994531        99447       182.86
      73.023     0.995313        99529       213.33
      76.735     0.996094        99604       256.00
      78.463     0.996484        99643       284.44
      79.871     0.996875        99682       320.00
      81.343     0.997266        99720       365.71
      82.623     0.997656        99759       426.67
      84.799     0.998047        99799       512.00
      85.439     0.998242        99818       568.89
      86.207     0.998437        99838       640.00
      87.039     0.998633        99859       731.43
      87.999     0.998828        99877       853.33
      88.703     0.999023        99898      1024.00
      89.407     0.999121        99906      1137.78
      89.983     0.999219        99916      1280.00
      90.879     0.999316        99925      1462.86
      92.799     0.999414        99935      1706.67
      94.463     0.999512        99946      2048.00
      94.847     0.999561        99950      2275.56
      95.359     0.999609        99954      2560.00
      96.063     0.999658        99959      2925.71
      96.511     0.999707        99965      3413.33
      97.087     0.999756        99971      4096.00
      97.279     0.999780        99972      4551.11
      97.919     0.999805        99975      5120.00
      97.983     0.999829        99976      5851.43
      98.111     0.999854        99981      6826.67
      98.111     0.999878        99981      8192.00
      98.431     0.999890        99983      9102.22
      98.687     0.999902        99984     10240.00
      99.135     0.999915        99985     11702.86
      99.455     0.999927        99987     13653.33
      99.455     0.999939        99987     16384.00
      99.519     0.999945        99988     18204.44
      99.583     0.999951        99989     20480.00
      99.583     0.999957        99989     23405.71
      99.647     0.999963        99990     27306.67
      99.647     0.999969        99990     32768.00
      99.775     0.999973        99991     36408.89
      99.775     0.999976        99991     40960.00
      99.775     0.999979        99991     46811.43
      99.839     0.999982        99992     54613.33
      99.839     0.999985        99992     65536.00
      99.839     0.999986        99992     72817.78
      99.839     0.999988        99992     81920.00
      99.839     0.999989        99992     93622.86
      99.967     0.999991        99993    109226.67
      99.967     1.000000        99993          inf
#[Mean    =       23.886, StdDeviation   =       12.422]
#[Max     =       99.904, Total count    =        99993]
#[Buckets =           27, SubBuckets     =         2048]
-----------------------------------------------------------------------
  119810 requests in 1.00m, 18.58MB read
Requests/sec:   1996.35  
Transfer/sec:    317.03KB
