setup: assigned thread_id=1
init: final thread_id=1, base_seed=nil
setup: assigned thread_id=2
init: final thread_id=2, base_seed=nil
setup: assigned thread_id=3
init: final thread_id=3, base_seed=nil
setup: assigned thread_id=4
init: final thread_id=4, base_seed=nil
setup: assigned thread_id=5
init: final thread_id=5, base_seed=nil
setup: assigned thread_id=6
init: final thread_id=6, base_seed=nil
setup: assigned thread_id=7
init: final thread_id=7, base_seed=nil
setup: assigned thread_id=8
init: final thread_id=8, base_seed=nil
setup: assigned thread_id=9
init: final thread_id=9, base_seed=nil
setup: assigned thread_id=10
init: final thread_id=10, base_seed=nil
setup: assigned thread_id=11
init: final thread_id=11, base_seed=nil
setup: assigned thread_id=12
init: final thread_id=12, base_seed=nil
setup: assigned thread_id=13
init: final thread_id=13, base_seed=nil
setup: assigned thread_id=14
init: final thread_id=14, base_seed=nil
setup: assigned thread_id=15
init: final thread_id=15, base_seed=nil
setup: assigned thread_id=16
init: final thread_id=16, base_seed=nil
setup: assigned thread_id=17
init: final thread_id=17, base_seed=nil
setup: assigned thread_id=18
init: final thread_id=18, base_seed=nil
setup: assigned thread_id=19
init: final thread_id=19, base_seed=nil
setup: assigned thread_id=20
init: final thread_id=20, base_seed=nil
script_want_response
Running 5m test @ http://10.10.1.1:21091
  20 threads and 200 connections

  Thread calibration: mean lat.: 14.058ms, rate sampling interval: 53ms
  Thread calibration: mean lat.: 15.888ms, rate sampling interval: 59ms
  Thread calibration: mean lat.: 18.230ms, rate sampling interval: 65ms
  Thread calibration: mean lat.: 20.600ms, rate sampling interval: 71ms
  Thread calibration: mean lat.: 21.601ms, rate sampling interval: 73ms
  Thread calibration: mean lat.: 25.083ms, rate sampling interval: 84ms
  Thread calibration: mean lat.: 27.069ms, rate sampling interval: 91ms
  Thread calibration: mean lat.: 28.923ms, rate sampling interval: 92ms
  Thread calibration: mean lat.: 29.774ms, rate sampling interval: 92ms
  Thread calibration: mean lat.: 31.486ms, rate sampling interval: 94ms
  Thread calibration: mean lat.: 33.450ms, rate sampling interval: 95ms
  Thread calibration: mean lat.: 33.723ms, rate sampling interval: 93ms
  Thread calibration: mean lat.: 34.392ms, rate sampling interval: 93ms
  Thread calibration: mean lat.: 34.607ms, rate sampling interval: 93ms
  Thread calibration: mean lat.: 35.251ms, rate sampling interval: 94ms
  Thread calibration: mean lat.: 33.911ms, rate sampling interval: 90ms
  Thread calibration: mean lat.: 34.395ms, rate sampling interval: 91ms
  Thread calibration: mean lat.: 33.424ms, rate sampling interval: 88ms
  Thread calibration: mean lat.: 32.841ms, rate sampling interval: 87ms
  Thread calibration: mean lat.: 31.882ms, rate sampling interval: 85ms

-----------------------------------------------------------------------
Test Results @ http://10.10.1.1:21091 
  Thread Stats   Avg      Stdev     99%   +/- Stdev
    Latency    34.08ms   20.36ms  64.10ms   82.52%
    Req/Sec   100.12     40.04   192.00     75.53%
  Latency Distribution (HdrHistogram - Recorded Latency)
 50.000%   34.24ms
 75.000%   44.00ms
 90.000%   51.58ms
 99.000%   64.10ms
 99.900%  103.81ms
 99.990%  774.14ms
 99.999%  969.22ms
100.000%    1.07s 

  Detailed Percentile spectrum:
       Value   Percentile   TotalCount 1/(1-Percentile)

       6.431     0.000000            1         1.00
      12.871     0.100000        58067         1.11
      20.799     0.200000       116010         1.25
      25.967     0.300000       174129         1.43
      30.207     0.400000       232151         1.67
      34.239     0.500000       290157         2.00
      36.191     0.550000       319483         2.22
      38.079     0.600000       348074         2.50
      39.999     0.650000       377230         2.86
      41.951     0.700000       406201         3.33
      43.999     0.750000       435108         4.00
      45.055     0.775000       449578         4.44
      46.175     0.800000       464029         5.00
      47.359     0.825000       478707         5.71
      48.639     0.850000       493291         6.67
      50.015     0.875000       507655         8.00
      50.783     0.887500       514940         8.89
      51.583     0.900000       522025        10.00
      52.511     0.912500       529356        11.43
      53.471     0.925000       536519        13.33
      54.623     0.937500       543927        16.00
      55.231     0.943750       547501        17.78
      55.935     0.950000       551161        20.00
      56.671     0.956250       554666        22.86
      57.503     0.962500       558254        26.67
      58.463     0.968750       561944        32.00
      59.007     0.971875       563764        35.56
      59.583     0.975000       565555        40.00
      60.255     0.978125       567369        45.71
      60.991     0.981250       569131        53.33
      61.887     0.984375       570968        64.00
      62.367     0.985938       571851        71.11
      62.943     0.987500       572767        80.00
      63.615     0.989062       573662        91.43
      64.415     0.990625       574593       106.67
      65.311     0.992188       575479       128.00
      65.855     0.992969       575946       142.22
      66.495     0.993750       576382       160.00
      67.199     0.994531       576829       182.86
      68.031     0.995313       577290       213.33
      69.055     0.996094       577744       256.00
      69.695     0.996484       577981       284.44
      70.399     0.996875       578188       320.00
      71.231     0.997266       578420       365.71
      72.383     0.997656       578640       426.67
      74.111     0.998047       578871       512.00
      75.263     0.998242       578981       568.89
      77.055     0.998437       579098       640.00
      79.807     0.998633       579207       731.43
      83.135     0.998828       579321       853.33
     115.327     0.999023       579432      1024.00
     165.119     0.999121       579489      1137.78
     238.847     0.999219       579545      1280.00
     291.583     0.999316       579602      1462.86
     370.687     0.999414       579659      1706.67
     438.271     0.999512       579715      2048.00
     473.855     0.999561       579744      2275.56
     508.415     0.999609       579772      2560.00
     543.231     0.999658       579800      2925.71
     589.311     0.999707       579829      3413.33
     607.743     0.999756       579857      4096.00
     614.911     0.999780       579871      4551.11
     626.175     0.999805       579885      5120.00
     637.439     0.999829       579899      5851.43
     683.519     0.999854       579914      6826.67
     716.287     0.999878       579928      8192.00
     768.511     0.999890       579935      9102.22
     776.703     0.999902       579942     10240.00
     788.479     0.999915       579949     11702.86
     845.823     0.999927       579956     13653.33
     860.159     0.999939       579963     16384.00
     864.767     0.999945       579967     18204.44
     869.887     0.999951       579970     20480.00
     879.615     0.999957       579974     23405.71
     889.855     0.999963       579977     27306.67
     912.383     0.999969       579981     32768.00
     918.015     0.999973       579983     36408.89
     919.551     0.999976       579984     40960.00
     951.295     0.999979       579986     46811.43
     957.439     0.999982       579988     54613.33
     965.119     0.999985       579990     65536.00
     966.655     0.999986       579991     72817.78
     966.655     0.999988       579991     81920.00
     969.215     0.999989       579992     93622.86
     971.775     0.999991       579993    109226.67
     982.015     0.999992       579994    131072.00
     984.063     0.999993       579995    145635.56
     984.063     0.999994       579995    163840.00
     984.063     0.999995       579995    187245.71
    1058.815     0.999995       579996    218453.33
    1058.815     0.999996       579996    262144.00
    1072.127     0.999997       579998    291271.11
    1072.127     1.000000       579998          inf
#[Mean    =       34.080, StdDeviation   =       20.360]
#[Max     =     1071.104, Total count    =       579998]
#[Buckets =           27, SubBuckets     =         2048]
-----------------------------------------------------------------------
  599804 requests in 5.00m, 93.01MB read
Requests/sec:   1999.20  
Transfer/sec:    317.46KB
