setup: assigned thread_id=1
init: final thread_id=1, base_seed=nil
script_want_response
Running 2m test @ http://10.10.1.1:21091
  1 threads and 10 connections

  Thread calibration: mean lat.: 7.573ms, rate sampling interval: 17ms

-----------------------------------------------------------------------
Test Results @ http://10.10.1.1:21091 
  Thread Stats   Avg      Stdev     99%   +/- Stdev
    Latency     7.50ms  790.81us   9.51ms   67.96%
    Req/Sec   102.73    203.52   625.00     83.06%
  Latency Distribution (HdrHistogram - Recorded Latency)
 50.000%    7.33ms
 75.000%    7.98ms
 90.000%    8.70ms
 99.000%    9.51ms
 99.900%   10.19ms
 99.990%   10.67ms
 99.999%   11.02ms
100.000%   11.02ms

  Detailed Percentile spectrum:
       Value   Percentile   TotalCount 1/(1-Percentile)

       5.751     0.000000            1         1.00
       6.599     0.100000          910         1.11
       6.819     0.200000         1809         1.25
       6.999     0.300000         2714         1.43
       7.163     0.400000         3611         1.67
       7.331     0.500000         4500         2.00
       7.431     0.550000         4955         2.22
       7.535     0.600000         5408         2.50
       7.655     0.650000         5861         2.86
       7.803     0.700000         6307         3.33
       7.979     0.750000         6763         4.00
       8.075     0.775000         6980         4.44
       8.191     0.800000         7205         5.00
       8.319     0.825000         7434         5.71
       8.439     0.850000         7655         6.67
       8.567     0.875000         7877         8.00
       8.631     0.887500         7999         8.89
       8.703     0.900000         8106        10.00
       8.767     0.912500         8222        11.43
       8.823     0.925000         8326        13.33
       8.903     0.937500         8443        16.00
       8.943     0.943750         8497        17.78
       8.999     0.950000         8550        20.00
       9.055     0.956250         8615        22.86
       9.111     0.962500         8665        26.67
       9.183     0.968750         8720        32.00
       9.231     0.971875         8755        35.56
       9.255     0.975000         8777        40.00
       9.311     0.978125         8807        45.71
       9.343     0.981250         8834        53.33
       9.391     0.984375         8865        64.00
       9.399     0.985938         8875        71.11
       9.447     0.987500         8890        80.00
       9.495     0.989062         8905        91.43
       9.551     0.990625         8917       106.67
       9.599     0.992188         8933       128.00
       9.623     0.992969         8938       142.22
       9.663     0.993750         8944       160.00
       9.695     0.994531         8951       182.86
       9.743     0.995313         8958       213.33
       9.791     0.996094         8966       256.00
       9.855     0.996484         8969       284.44
       9.911     0.996875         8972       320.00
       9.935     0.997266         8976       365.71
       9.959     0.997656         8979       426.67
      10.055     0.998047         8983       512.00
      10.087     0.998242         8985       568.89
      10.095     0.998437         8986       640.00
      10.103     0.998633         8988       731.43
      10.111     0.998828         8990       853.33
      10.263     0.999023         8992      1024.00
      10.351     0.999121         8993      1137.78
      10.351     0.999219         8993      1280.00
      10.391     0.999316         8994      1462.86
      10.431     0.999414         8995      1706.67
      10.503     0.999512         8996      2048.00
      10.623     0.999561         8997      2275.56
      10.623     0.999609         8997      2560.00
      10.623     0.999658         8997      2925.71
      10.663     0.999707         8998      3413.33
      10.663     0.999756         8998      4096.00
      10.671     0.999780         8999      4551.11
      10.671     0.999805         8999      5120.00
      10.671     0.999829         8999      5851.43
      10.671     0.999854         8999      6826.67
      10.671     0.999878         8999      8192.00
      11.015     0.999890         9000      9102.22
      11.015     1.000000         9000          inf
#[Mean    =        7.495, StdDeviation   =        0.791]
#[Max     =       11.008, Total count    =         9000]
#[Buckets =           27, SubBuckets     =         2048]
-----------------------------------------------------------------------
  9991 requests in 1.67m, 1.55MB read
Requests/sec:     99.90  
Transfer/sec:     15.86KB
