setup: assigned thread_id=1
init: final thread_id=1, base_seed=nil
setup: assigned thread_id=2
init: final thread_id=2, base_seed=nil
setup: assigned thread_id=3
init: final thread_id=3, base_seed=nil
setup: assigned thread_id=4
init: final thread_id=4, base_seed=nil
setup: assigned thread_id=5
init: final thread_id=5, base_seed=nil
setup: assigned thread_id=6
init: final thread_id=6, base_seed=nil
setup: assigned thread_id=7
init: final thread_id=7, base_seed=nil
setup: assigned thread_id=8
init: final thread_id=8, base_seed=nil
setup: assigned thread_id=9
init: final thread_id=9, base_seed=nil
setup: assigned thread_id=10
init: final thread_id=10, base_seed=nil
setup: assigned thread_id=11
init: final thread_id=11, base_seed=nil
setup: assigned thread_id=12
init: final thread_id=12, base_seed=nil
setup: assigned thread_id=13
init: final thread_id=13, base_seed=nil
setup: assigned thread_id=14
init: final thread_id=14, base_seed=nil
setup: assigned thread_id=15
init: final thread_id=15, base_seed=nil
setup: assigned thread_id=16
init: final thread_id=16, base_seed=nil
setup: assigned thread_id=17
init: final thread_id=17, base_seed=nil
setup: assigned thread_id=18
init: final thread_id=18, base_seed=nil
setup: assigned thread_id=19
init: final thread_id=19, base_seed=nil
setup: assigned thread_id=20
init: final thread_id=20, base_seed=nil
script_want_response
Running 1m test @ http://10.10.1.1:26850
  20 threads and 200 connections

  Thread calibration: mean lat.: 10.388ms, rate sampling interval: 36ms
  Thread calibration: mean lat.: 11.602ms, rate sampling interval: 42ms
  Thread calibration: mean lat.: 12.845ms, rate sampling interval: 45ms
  Thread calibration: mean lat.: 14.095ms, rate sampling interval: 49ms
  Thread calibration: mean lat.: 16.147ms, rate sampling interval: 59ms
  Thread calibration: mean lat.: 17.695ms, rate sampling interval: 62ms
  Thread calibration: mean lat.: 19.272ms, rate sampling interval: 68ms
  Thread calibration: mean lat.: 21.171ms, rate sampling interval: 69ms
  Thread calibration: mean lat.: 22.502ms, rate sampling interval: 70ms
  Thread calibration: mean lat.: 23.626ms, rate sampling interval: 71ms
  Thread calibration: mean lat.: 24.628ms, rate sampling interval: 71ms
  Thread calibration: mean lat.: 25.204ms, rate sampling interval: 71ms
  Thread calibration: mean lat.: 25.589ms, rate sampling interval: 71ms
  Thread calibration: mean lat.: 25.934ms, rate sampling interval: 70ms
  Thread calibration: mean lat.: 26.247ms, rate sampling interval: 69ms
  Thread calibration: mean lat.: 26.139ms, rate sampling interval: 69ms
  Thread calibration: mean lat.: 25.737ms, rate sampling interval: 67ms
  Thread calibration: mean lat.: 25.409ms, rate sampling interval: 66ms
  Thread calibration: mean lat.: 24.750ms, rate sampling interval: 65ms
  Thread calibration: mean lat.: 24.196ms, rate sampling interval: 63ms

-----------------------------------------------------------------------
Test Results @ http://10.10.1.1:26850 
  Thread Stats   Avg      Stdev     99%   +/- Stdev
    Latency    23.41ms   11.65ms  63.90ms   69.32%
    Req/Sec   100.52     72.06   277.00     66.15%
  Latency Distribution (HdrHistogram - Recorded Latency)
 50.000%   22.83ms
 75.000%   29.57ms
 90.000%   36.70ms
 99.000%   63.90ms
 99.900%   82.50ms
 99.990%   89.98ms
 99.999%   91.07ms
100.000%   91.26ms

  Detailed Percentile spectrum:
       Value   Percentile   TotalCount 1/(1-Percentile)

       5.891     0.000000            1         1.00
       8.519     0.100000        10005         1.11
      12.559     0.200000        20007         1.25
      17.215     0.300000        30036         1.43
      20.207     0.400000        40025         1.67
      22.831     0.500000        50033         2.00
      24.063     0.550000        55018         2.22
      25.295     0.600000        60016         2.50
      26.655     0.650000        65003         2.86
      28.015     0.700000        70038         3.33
      29.567     0.750000        75026         4.00
      30.431     0.775000        77531         4.44
      31.327     0.800000        80002         5.00
      32.351     0.825000        82508         5.71
      33.535     0.850000        85006         6.67
      34.879     0.875000        87531         8.00
      35.743     0.887500        88762         8.89
      36.703     0.900000        90031        10.00
      37.759     0.912500        91251        11.43
      39.007     0.925000        92494        13.33
      40.639     0.937500        93761        16.00
      41.631     0.943750        94371        17.78
      42.815     0.950000        94998        20.00
      44.095     0.956250        95631        22.86
      45.567     0.962500        96246        26.67
      47.743     0.968750        96869        32.00
      49.119     0.971875        97184        35.56
      50.559     0.975000        97497        40.00
      52.319     0.978125        97806        45.71
      54.399     0.981250        98120        53.33
      57.023     0.984375        98432        64.00
      58.687     0.985938        98589        71.11
      60.319     0.987500        98747        80.00
      62.431     0.989062        98902        91.43
      64.895     0.990625        99056       106.67
      67.903     0.992188        99212       128.00
      69.631     0.992969        99291       142.22
      71.359     0.993750        99369       160.00
      72.959     0.994531        99450       182.86
      74.303     0.995313        99525       213.33
      75.775     0.996094        99607       256.00
      76.543     0.996484        99645       284.44
      77.247     0.996875        99681       320.00
      78.079     0.997266        99723       365.71
      78.847     0.997656        99760       426.67
      79.935     0.998047        99798       512.00
      80.511     0.998242        99821       568.89
      81.023     0.998437        99837       640.00
      81.407     0.998633        99858       731.43
      81.855     0.998828        99876       853.33
      82.815     0.999023        99896      1024.00
      83.071     0.999121        99908      1137.78
      83.263     0.999219        99916      1280.00
      83.583     0.999316        99926      1462.86
      84.415     0.999414        99935      1706.67
      85.695     0.999512        99946      2048.00
      85.951     0.999561        99950      2275.56
      86.655     0.999609        99954      2560.00
      87.295     0.999658        99959      2925.71
      87.679     0.999707        99964      3413.33
      88.063     0.999756        99969      4096.00
      88.191     0.999780        99972      4551.11
      88.767     0.999805        99974      5120.00
      89.151     0.999829        99976      5851.43
      89.407     0.999854        99979      6826.67
      89.919     0.999878        99982      8192.00
      89.983     0.999890        99983      9102.22
      90.175     0.999902        99985     10240.00
      90.175     0.999915        99985     11702.86
      90.303     0.999927        99986     13653.33
      90.367     0.999939        99988     16384.00
      90.367     0.999945        99988     18204.44
      90.751     0.999951        99989     20480.00
      90.751     0.999957        99989     23405.71
      90.879     0.999963        99990     27306.67
      90.879     0.999969        99990     32768.00
      91.007     0.999973        99991     36408.89
      91.007     0.999976        99991     40960.00
      91.007     0.999979        99991     46811.43
      91.071     0.999982        99992     54613.33
      91.071     0.999985        99992     65536.00
      91.071     0.999986        99992     72817.78
      91.071     0.999988        99992     81920.00
      91.071     0.999989        99992     93622.86
      91.263     0.999991        99993    109226.67
      91.263     1.000000        99993          inf
#[Mean    =       23.413, StdDeviation   =       11.646]
#[Max     =       91.200, Total count    =        99993]
#[Buckets =           27, SubBuckets     =         2048]
-----------------------------------------------------------------------
  119806 requests in 1.00m, 18.58MB read
Requests/sec:   1996.33  
Transfer/sec:    316.97KB
