setup: assigned thread_id=1
init: final thread_id=1, base_seed=nil
setup: assigned thread_id=2
init: final thread_id=2, base_seed=nil
script_want_response
Running 5m test @ http://10.10.1.1:26850
  2 threads and 13 connections

  Thread calibration: mean lat.: 7.534ms, rate sampling interval: 16ms
  Thread calibration: mean lat.: 7.225ms, rate sampling interval: 16ms

-----------------------------------------------------------------------
Test Results @ http://10.10.1.1:26850 
  Thread Stats   Avg      Stdev     99%   +/- Stdev
    Latency     7.55ms    0.95ms   9.91ms   85.33%
    Req/Sec   257.79    150.19   400.00     77.76%
  Latency Distribution (HdrHistogram - Recorded Latency)
 50.000%    7.40ms
 75.000%    7.90ms
 90.000%    8.46ms
 99.000%    9.91ms
 99.900%   17.47ms
 99.990%   29.31ms
 99.999%   43.20ms
100.000%   59.29ms

  Detailed Percentile spectrum:
       Value   Percentile   TotalCount 1/(1-Percentile)

       5.739     0.000000            1         1.00
       6.739     0.100000        14526         1.11
       6.939     0.200000        29345         1.25
       7.095     0.300000        43540         1.43
       7.243     0.400000        58035         1.67
       7.399     0.500000        72706         2.00
       7.479     0.550000        79752         2.22
       7.571     0.600000        87217         2.50
       7.671     0.650000        94413         2.86
       7.779     0.700000       101566         3.33
       7.903     0.750000       108899         4.00
       7.971     0.775000       112384         4.44
       8.051     0.800000       116180         5.00
       8.131     0.825000       119624         5.71
       8.231     0.850000       123480         6.67
       8.335     0.875000       126937         8.00
       8.399     0.887500       128736         8.89
       8.463     0.900000       130526        10.00
       8.535     0.912500       132331        11.43
       8.623     0.925000       134191        13.33
       8.719     0.937500       135943        16.00
       8.775     0.943750       136900        17.78
       8.839     0.950000       137777        20.00
       8.911     0.956250       138737        22.86
       8.991     0.962500       139591        26.67
       9.087     0.968750       140483        32.00
       9.151     0.971875       140953        35.56
       9.215     0.975000       141381        40.00
       9.295     0.978125       141836        45.71
       9.391     0.981250       142287        53.33
       9.511     0.984375       142736        64.00
       9.591     0.985938       142971        71.11
       9.695     0.987500       143189        80.00
       9.823     0.989062       143412        91.43
       9.991     0.990625       143644       106.67
      10.207     0.992188       143865       128.00
      10.383     0.992969       143977       142.22
      10.567     0.993750       144090       160.00
      10.903     0.994531       144206       182.86
      11.503     0.995313       144319       213.33
      12.263     0.996094       144430       256.00
      12.687     0.996484       144487       284.44
      13.191     0.996875       144543       320.00
      13.775     0.997266       144600       365.71
      14.351     0.997656       144658       426.67
      14.959     0.998047       144713       512.00
      15.319     0.998242       144742       568.89
      15.911     0.998437       144770       640.00
      16.279     0.998633       144798       731.43
      17.167     0.998828       144828       853.33
      17.631     0.999023       144855      1024.00
      18.015     0.999121       144870      1137.78
      18.511     0.999219       144883      1280.00
      19.039     0.999316       144897      1462.86
      19.855     0.999414       144913      1706.67
      20.591     0.999512       144926      2048.00
      21.311     0.999561       144933      2275.56
      22.127     0.999609       144940      2560.00
      22.767     0.999658       144947      2925.71
      23.903     0.999707       144954      3413.33
      24.415     0.999756       144961      4096.00
      24.719     0.999780       144965      4551.11
      24.911     0.999805       144968      5120.00
      25.903     0.999829       144972      5851.43
      26.959     0.999854       144975      6826.67
      28.703     0.999878       144979      8192.00
      29.167     0.999890       144981      9102.22
      29.311     0.999902       144982     10240.00
      31.487     0.999915       144984     11702.86
      32.927     0.999927       144986     13653.33
      35.967     0.999939       144988     16384.00
      36.575     0.999945       144989     18204.44
      36.575     0.999951       144989     20480.00
      36.767     0.999957       144990     23405.71
      37.151     0.999963       144991     27306.67
      37.407     0.999969       144992     32768.00
      37.599     0.999973       144993     36408.89
      37.599     0.999976       144993     40960.00
      37.599     0.999979       144993     46811.43
      39.263     0.999982       144994     54613.33
      39.263     0.999985       144994     65536.00
      43.199     0.999986       144995     72817.78
      43.199     0.999988       144995     81920.00
      43.199     0.999989       144995     93622.86
      43.199     0.999991       144995    109226.67
      43.199     0.999992       144995    131072.00
      59.295     0.999993       144996    145635.56
      59.295     1.000000       144996          inf
#[Mean    =        7.548, StdDeviation   =        0.947]
#[Max     =       59.264, Total count    =       144996]
#[Buckets =           27, SubBuckets     =         2048]
-----------------------------------------------------------------------
  149990 requests in 5.00m, 23.26MB read
Requests/sec:    499.95  
Transfer/sec:     79.39KB
