setup: assigned thread_id=1
init: final thread_id=1, base_seed=nil
script_want_response
Running 1m test @ http://10.10.1.1:26850
  1 threads and 10 connections

  Thread calibration: mean lat.: 61.659ms, rate sampling interval: 113ms

-----------------------------------------------------------------------
Test Results @ http://10.10.1.1:26850 
  Thread Stats   Avg      Stdev     99%   +/- Stdev
    Latency     7.54ms    0.98ms   9.73ms   69.09%
    Req/Sec   100.07     25.91   178.00     85.52%
  Latency Distribution (HdrHistogram - Recorded Latency)
 50.000%    7.43ms
 75.000%    8.22ms
 90.000%    8.89ms
 99.000%    9.73ms
 99.900%   10.82ms
 99.990%   11.77ms
 99.999%   11.77ms
100.000%   11.77ms

  Detailed Percentile spectrum:
       Value   Percentile   TotalCount 1/(1-Percentile)

       4.375     0.000000            1         1.00
       6.419     0.100000          504         1.11
       6.735     0.200000         1001         1.25
       6.967     0.300000         1500         1.43
       7.199     0.400000         2007         1.67
       7.435     0.500000         2506         2.00
       7.567     0.550000         2754         2.22
       7.707     0.600000         3003         2.50
       7.851     0.650000         3256         2.86
       8.027     0.700000         3503         3.33
       8.215     0.750000         3752         4.00
       8.311     0.775000         3883         4.44
       8.407     0.800000         4003         5.00
       8.511     0.825000         4126         5.71
       8.631     0.850000         4255         6.67
       8.759     0.875000         4386         8.00
       8.815     0.887500         4439         8.89
       8.887     0.900000         4501        10.00
       8.975     0.912500         4566        11.43
       9.047     0.925000         4627        13.33
       9.143     0.937500         4692        16.00
       9.191     0.943750         4719        17.78
       9.247     0.950000         4759        20.00
       9.319     0.956250         4784        22.86
       9.367     0.962500         4814        26.67
       9.431     0.968750         4849        32.00
       9.455     0.971875         4862        35.56
       9.487     0.975000         4875        40.00
       9.519     0.978125         4892        45.71
       9.551     0.981250         4907        53.33
       9.599     0.984375         4921        64.00
       9.631     0.985938         4929        71.11
       9.671     0.987500         4937        80.00
       9.719     0.989062         4947        91.43
       9.767     0.990625         4956       106.67
       9.799     0.992188         4960       128.00
       9.847     0.992969         4964       142.22
       9.919     0.993750         4968       160.00
       9.943     0.994531         4972       182.86
      10.007     0.995313         4976       213.33
      10.087     0.996094         4980       256.00
      10.095     0.996484         4982       284.44
      10.191     0.996875         4985       320.00
      10.199     0.997266         4987       365.71
      10.239     0.997656         4988       426.67
      10.431     0.998047         4991       512.00
      10.431     0.998242         4991       568.89
      10.751     0.998437         4992       640.00
      10.815     0.998633         4993       731.43
      10.823     0.998828         4994       853.33
      10.879     0.999023         4995      1024.00
      10.879     0.999121         4995      1137.78
      11.103     0.999219         4996      1280.00
      11.103     0.999316         4996      1462.86
      11.311     0.999414         4997      1706.67
      11.311     0.999512         4997      2048.00
      11.311     0.999561         4997      2275.56
      11.471     0.999609         4998      2560.00
      11.471     0.999658         4998      2925.71
      11.471     0.999707         4998      3413.33
      11.471     0.999756         4998      4096.00
      11.471     0.999780         4998      4551.11
      11.775     0.999805         4999      5120.00
      11.775     1.000000         4999          inf
#[Mean    =        7.536, StdDeviation   =        0.979]
#[Max     =       11.768, Total count    =         4999]
#[Buckets =           27, SubBuckets     =         2048]
-----------------------------------------------------------------------
  5990 requests in 1.00m, 0.93MB read
Requests/sec:     99.82  
Transfer/sec:     15.85KB
