setup: assigned thread_id=1
init: final thread_id=1, base_seed=nil
setup: assigned thread_id=2
init: final thread_id=2, base_seed=nil
script_want_response
Running 5m test @ http://10.10.1.1:8918
  2 threads and 13 connections

  Thread calibration: mean lat.: 9.492ms, rate sampling interval: 20ms
  Thread calibration: mean lat.: 9.213ms, rate sampling interval: 19ms

-----------------------------------------------------------------------
Test Results @ http://10.10.1.1:8918 
  Thread Stats   Avg      Stdev     99%   +/- Stdev
    Latency     9.46ms    2.40ms  13.14ms   98.47%
    Req/Sec   256.20     92.49   333.00     79.68%
  Latency Distribution (HdrHistogram - Recorded Latency)
 50.000%    9.19ms
 75.000%    9.74ms
 90.000%   10.37ms
 99.000%   13.14ms
 99.900%   48.22ms
 99.990%   93.06ms
 99.999%  114.69ms
100.000%  121.15ms

  Detailed Percentile spectrum:
       Value   Percentile   TotalCount 1/(1-Percentile)

       7.431     0.000000            1         1.00
       8.511     0.100000        14867         1.11
       8.711     0.200000        29554         1.25
       8.871     0.300000        43857         1.43
       9.031     0.400000        58704         1.67
       9.191     0.500000        72606         2.00
       9.287     0.550000        80329         2.22
       9.383     0.600000        87465         2.50
       9.487     0.650000        94461         2.86
       9.607     0.700000       101787         3.33
       9.743     0.750000       108977         4.00
       9.823     0.775000       112669         4.44
       9.903     0.800000       116117         5.00
       9.999     0.825000       119852         5.71
      10.103     0.850000       123315         6.67
      10.223     0.875000       126978         8.00
      10.295     0.887500       128876         8.89
      10.367     0.900000       130545        10.00
      10.455     0.912500       132408        11.43
      10.559     0.925000       134257        13.33
      10.679     0.937500       136031        16.00
      10.743     0.943750       136878        17.78
      10.823     0.950000       137810        20.00
      10.911     0.956250       138716        22.86
      11.015     0.962500       139589        26.67
      11.143     0.968750       140482        32.00
      11.231     0.971875       140931        35.56
      11.343     0.975000       141386        40.00
      11.471     0.978125       141855        45.71
      11.615     0.981250       142279        53.33
      11.847     0.984375       142738        64.00
      12.007     0.985938       142957        71.11
      12.279     0.987500       143184        80.00
      12.735     0.989062       143414        91.43
      13.463     0.990625       143638       106.67
      14.575     0.992188       143864       128.00
      15.295     0.992969       143977       142.22
      16.015     0.993750       144090       160.00
      17.119     0.994531       144204       182.86
      18.191     0.995313       144319       213.33
      19.471     0.996094       144430       256.00
      20.303     0.996484       144489       284.44
      20.975     0.996875       144543       320.00
      22.031     0.997266       144602       365.71
      24.543     0.997656       144658       426.67
      27.727     0.998047       144713       512.00
      30.287     0.998242       144742       568.89
      32.959     0.998437       144770       640.00
      37.343     0.998633       144798       731.43
      43.583     0.998828       144827       853.33
      48.607     0.999023       144855      1024.00
      52.095     0.999121       144870      1137.78
      54.495     0.999219       144883      1280.00
      58.591     0.999316       144897      1462.86
      64.031     0.999414       144912      1706.67
      67.839     0.999512       144926      2048.00
      69.311     0.999561       144933      2275.56
      72.895     0.999609       144940      2560.00
      74.431     0.999658       144947      2925.71
      76.543     0.999707       144954      3413.33
      78.975     0.999756       144961      4096.00
      81.151     0.999780       144965      4551.11
      83.583     0.999805       144968      5120.00
      87.295     0.999829       144972      5851.43
      89.983     0.999854       144975      6826.67
      90.879     0.999878       144979      8192.00
      91.519     0.999890       144981      9102.22
      93.055     0.999902       144982     10240.00
      93.375     0.999915       144984     11702.86
      95.743     0.999927       144986     13653.33
      96.703     0.999939       144988     16384.00
      97.151     0.999945       144989     18204.44
      97.151     0.999951       144989     20480.00
      99.967     0.999957       144990     23405.71
     105.087     0.999963       144991     27306.67
     105.151     0.999969       144992     32768.00
     110.207     0.999973       144993     36408.89
     110.207     0.999976       144993     40960.00
     110.207     0.999979       144993     46811.43
     111.871     0.999982       144994     54613.33
     111.871     0.999985       144994     65536.00
     114.687     0.999986       144995     72817.78
     114.687     0.999988       144995     81920.00
     114.687     0.999989       144995     93622.86
     114.687     0.999991       144995    109226.67
     114.687     0.999992       144995    131072.00
     121.151     0.999993       144996    145635.56
     121.151     1.000000       144996          inf
#[Mean    =        9.465, StdDeviation   =        2.399]
#[Max     =      121.088, Total count    =       144996]
#[Buckets =           27, SubBuckets     =         2048]
-----------------------------------------------------------------------
  149990 requests in 5.00m, 23.26MB read
Requests/sec:    499.95  
Transfer/sec:     79.39KB
