setup: assigned thread_id=1
init: final thread_id=1, base_seed=nil
script_want_response
Running 1m test @ http://10.10.1.1:8918
  1 threads and 10 connections

  Thread calibration: mean lat.: 10.142ms, rate sampling interval: 22ms

-----------------------------------------------------------------------
Test Results @ http://10.10.1.1:8918 
  Thread Stats   Avg      Stdev     99%   +/- Stdev
    Latency     9.99ms    1.04ms  12.82ms   78.48%
    Req/Sec   102.55    188.26   476.00     78.34%
  Latency Distribution (HdrHistogram - Recorded Latency)
 50.000%    9.81ms
 75.000%   10.47ms
 90.000%   11.22ms
 99.000%   12.82ms
 99.900%   19.17ms
 99.990%   22.67ms
 99.999%   27.66ms
100.000%   27.66ms

  Detailed Percentile spectrum:
       Value   Percentile   TotalCount 1/(1-Percentile)

       7.847     0.000000            1         1.00
       8.991     0.100000          504         1.11
       9.223     0.200000         1014         1.25
       9.407     0.300000         1519         1.43
       9.591     0.400000         2014         1.67
       9.807     0.500000         2507         2.00
       9.911     0.550000         2760         2.22
      10.031     0.600000         3013         2.50
      10.159     0.650000         3262         2.86
      10.303     0.700000         3506         3.33
      10.471     0.750000         3754         4.00
      10.567     0.775000         3882         4.44
      10.671     0.800000         4002         5.00
      10.775     0.825000         4129         5.71
      10.903     0.850000         4253         6.67
      11.055     0.875000         4378         8.00
      11.127     0.887500         4441         8.89
      11.215     0.900000         4504        10.00
      11.295     0.912500         4566        11.43
      11.391     0.925000         4628        13.33
      11.519     0.937500         4688        16.00
      11.591     0.943750         4720        17.78
      11.655     0.950000         4752        20.00
      11.727     0.956250         4782        22.86
      11.823     0.962500         4815        26.67
      11.903     0.968750         4844        32.00
      11.959     0.971875         4862        35.56
      12.039     0.975000         4875        40.00
      12.159     0.978125         4892        45.71
      12.271     0.981250         4907        53.33
      12.327     0.984375         4922        64.00
      12.455     0.985938         4930        71.11
      12.551     0.987500         4938        80.00
      12.703     0.989062         4946        91.43
      12.927     0.990625         4954       106.67
      13.255     0.992188         4961       128.00
      13.439     0.992969         4965       142.22
      13.647     0.993750         4969       160.00
      14.247     0.994531         4973       182.86
      14.615     0.995313         4977       213.33
      14.991     0.996094         4981       256.00
      15.295     0.996484         4983       284.44
      15.735     0.996875         4985       320.00
      16.135     0.997266         4987       365.71
      16.863     0.997656         4989       426.67
      17.151     0.998047         4991       512.00
      18.495     0.998242         4992       568.89
      18.719     0.998437         4993       640.00
      18.975     0.998633         4994       731.43
      19.167     0.998828         4995       853.33
      19.487     0.999023         4996      1024.00
      19.487     0.999121         4996      1137.78
      19.967     0.999219         4997      1280.00
      19.967     0.999316         4997      1462.86
      22.447     0.999414         4998      1706.67
      22.447     0.999512         4998      2048.00
      22.447     0.999561         4998      2275.56
      22.671     0.999609         4999      2560.00
      22.671     0.999658         4999      2925.71
      22.671     0.999707         4999      3413.33
      22.671     0.999756         4999      4096.00
      22.671     0.999780         4999      4551.11
      27.663     0.999805         5000      5120.00
      27.663     1.000000         5000          inf
#[Mean    =        9.989, StdDeviation   =        1.042]
#[Max     =       27.648, Total count    =         5000]
#[Buckets =           27, SubBuckets     =         2048]
-----------------------------------------------------------------------
  5890 requests in 1.00m, 0.91MB read
Requests/sec:     98.15  
Transfer/sec:     15.60KB
