setup: assigned thread_id=1
init: final thread_id=1, base_seed=nil
setup: assigned thread_id=2
init: final thread_id=2, base_seed=nil
setup: assigned thread_id=3
init: final thread_id=3, base_seed=nil
setup: assigned thread_id=4
init: final thread_id=4, base_seed=nil
setup: assigned thread_id=5
init: final thread_id=5, base_seed=nil
setup: assigned thread_id=6
init: final thread_id=6, base_seed=nil
setup: assigned thread_id=7
init: final thread_id=7, base_seed=nil
setup: assigned thread_id=8
init: final thread_id=8, base_seed=nil
setup: assigned thread_id=9
init: final thread_id=9, base_seed=nil
setup: assigned thread_id=10
init: final thread_id=10, base_seed=nil
setup: assigned thread_id=11
init: final thread_id=11, base_seed=nil
setup: assigned thread_id=12
init: final thread_id=12, base_seed=nil
setup: assigned thread_id=13
init: final thread_id=13, base_seed=nil
setup: assigned thread_id=14
init: final thread_id=14, base_seed=nil
setup: assigned thread_id=15
init: final thread_id=15, base_seed=nil
setup: assigned thread_id=16
init: final thread_id=16, base_seed=nil
setup: assigned thread_id=17
init: final thread_id=17, base_seed=nil
setup: assigned thread_id=18
init: final thread_id=18, base_seed=nil
setup: assigned thread_id=19
init: final thread_id=19, base_seed=nil
setup: assigned thread_id=20
init: final thread_id=20, base_seed=nil
setup: assigned thread_id=21
init: final thread_id=21, base_seed=nil
setup: assigned thread_id=22
init: final thread_id=22, base_seed=nil
setup: assigned thread_id=23
init: final thread_id=23, base_seed=nil
setup: assigned thread_id=24
init: final thread_id=24, base_seed=nil
setup: assigned thread_id=25
init: final thread_id=25, base_seed=nil
setup: assigned thread_id=26
init: final thread_id=26, base_seed=nil
setup: assigned thread_id=27
init: final thread_id=27, base_seed=nil
setup: assigned thread_id=28
init: final thread_id=28, base_seed=nil
setup: assigned thread_id=29
init: final thread_id=29, base_seed=nil
setup: assigned thread_id=30
init: final thread_id=30, base_seed=nil
setup: assigned thread_id=31
init: final thread_id=31, base_seed=nil
setup: assigned thread_id=32
init: final thread_id=32, base_seed=nil
setup: assigned thread_id=33
init: final thread_id=33, base_seed=nil
setup: assigned thread_id=34
init: final thread_id=34, base_seed=nil
setup: assigned thread_id=35
init: final thread_id=35, base_seed=nil
setup: assigned thread_id=36
init: final thread_id=36, base_seed=nil
setup: assigned thread_id=37
init: final thread_id=37, base_seed=nil
setup: assigned thread_id=38
init: final thread_id=38, base_seed=nil
setup: assigned thread_id=39
init: final thread_id=39, base_seed=nil
setup: assigned thread_id=40
init: final thread_id=40, base_seed=nil
setup: assigned thread_id=41
init: final thread_id=41, base_seed=nil
setup: assigned thread_id=42
init: final thread_id=42, base_seed=nil
setup: assigned thread_id=43
init: final thread_id=43, base_seed=nil
setup: assigned thread_id=44
init: final thread_id=44, base_seed=nil
setup: assigned thread_id=45
init: final thread_id=45, base_seed=nil
script_want_response
Running 5m test @ http://10.10.1.1:23238
  45 threads and 450 connections

  Thread calibration: mean lat.: 847.806ms, rate sampling interval: 3327ms
  Thread calibration: mean lat.: 825.544ms, rate sampling interval: 2818ms
  Thread calibration: mean lat.: 812.115ms, rate sampling interval: 3176ms
  Thread calibration: mean lat.: 852.850ms, rate sampling interval: 3186ms
  Thread calibration: mean lat.: 755.246ms, rate sampling interval: 2736ms
  Thread calibration: mean lat.: 844.454ms, rate sampling interval: 3162ms
  Thread calibration: mean lat.: 698.994ms, rate sampling interval: 2564ms
  Thread calibration: mean lat.: 804.717ms, rate sampling interval: 2865ms
  Thread calibration: mean lat.: 710.774ms, rate sampling interval: 2674ms
  Thread calibration: mean lat.: 892.847ms, rate sampling interval: 3248ms
  Thread calibration: mean lat.: 765.684ms, rate sampling interval: 2963ms
  Thread calibration: mean lat.: 788.516ms, rate sampling interval: 2746ms
  Thread calibration: mean lat.: 734.747ms, rate sampling interval: 3018ms
  Thread calibration: mean lat.: 818.720ms, rate sampling interval: 3059ms
  Thread calibration: mean lat.: 723.446ms, rate sampling interval: 2676ms
  Thread calibration: mean lat.: 769.411ms, rate sampling interval: 2877ms
  Thread calibration: mean lat.: 840.647ms, rate sampling interval: 3004ms
  Thread calibration: mean lat.: 861.689ms, rate sampling interval: 3235ms
  Thread calibration: mean lat.: 853.994ms, rate sampling interval: 3158ms
  Thread calibration: mean lat.: 816.533ms, rate sampling interval: 3053ms
  Thread calibration: mean lat.: 824.055ms, rate sampling interval: 2977ms
  Thread calibration: mean lat.: 940.337ms, rate sampling interval: 3405ms
  Thread calibration: mean lat.: 713.331ms, rate sampling interval: 2729ms
  Thread calibration: mean lat.: 851.914ms, rate sampling interval: 2842ms
  Thread calibration: mean lat.: 904.656ms, rate sampling interval: 3297ms
  Thread calibration: mean lat.: 785.427ms, rate sampling interval: 2791ms
  Thread calibration: mean lat.: 842.655ms, rate sampling interval: 3014ms
  Thread calibration: mean lat.: 811.315ms, rate sampling interval: 2856ms
  Thread calibration: mean lat.: 803.821ms, rate sampling interval: 2844ms
  Thread calibration: mean lat.: 785.325ms, rate sampling interval: 2846ms
  Thread calibration: mean lat.: 960.894ms, rate sampling interval: 3327ms
  Thread calibration: mean lat.: 617.180ms, rate sampling interval: 2390ms
  Thread calibration: mean lat.: 730.980ms, rate sampling interval: 2717ms
  Thread calibration: mean lat.: 786.777ms, rate sampling interval: 2945ms
  Thread calibration: mean lat.: 800.371ms, rate sampling interval: 3059ms
  Thread calibration: mean lat.: 859.029ms, rate sampling interval: 3037ms
  Thread calibration: mean lat.: 887.096ms, rate sampling interval: 3147ms
  Thread calibration: mean lat.: 819.263ms, rate sampling interval: 3069ms
  Thread calibration: mean lat.: 776.602ms, rate sampling interval: 3028ms
  Thread calibration: mean lat.: 834.494ms, rate sampling interval: 2953ms
  Thread calibration: mean lat.: 824.110ms, rate sampling interval: 2902ms
  Thread calibration: mean lat.: 856.131ms, rate sampling interval: 3020ms
  Thread calibration: mean lat.: 871.929ms, rate sampling interval: 3141ms
  Thread calibration: mean lat.: 840.102ms, rate sampling interval: 2881ms
  Thread calibration: mean lat.: 781.095ms, rate sampling interval: 2861ms

-----------------------------------------------------------------------
Test Results @ http://10.10.1.1:23238 
  Thread Stats   Avg      Stdev     99%   +/- Stdev
    Latency    31.14s    17.29s    1.01m    56.03%
    Req/Sec    49.89      3.89    56.00     88.08%
  Latency Distribution (HdrHistogram - Recorded Latency)
 50.000%   31.70s 
 75.000%   46.83s 
 90.000%    0.89m 
 99.000%    1.01m 
 99.900%    1.08m 
 99.990%    1.11m 
 99.999%    1.14m 
100.000%    1.15m 

  Detailed Percentile spectrum:
       Value   Percentile   TotalCount 1/(1-Percentile)

     622.079     0.000000            1         1.00
    7061.503     0.100000        65739         1.11
   12550.143     0.200000       131491         1.25
   18694.143     0.300000       197235         1.43
   25411.583     0.400000       262984         1.67
   31703.039     0.500000       328606         2.00
   35160.063     0.550000       361574         2.22
   38567.935     0.600000       394344         2.50
   42008.575     0.650000       427161         2.86
   44564.479     0.700000       460013         3.33
   46825.471     0.750000       492955         4.00
   47972.351     0.775000       509640         4.44
   49119.231     0.800000       525905         5.00
   50298.879     0.825000       542569         5.71
   51380.223     0.850000       558584         6.67
   52461.567     0.875000       575183         8.00
   52985.855     0.887500       583446         8.89
   53510.143     0.900000       591610        10.00
   54067.199     0.912500       600043        11.43
   54624.255     0.925000       607969        13.33
   55246.847     0.937500       616379        16.00
   55574.527     0.943750       620337        17.78
   55934.975     0.950000       624378        20.00
   56360.959     0.956250       628695        22.86
   56786.943     0.962500       632505        26.67
   57343.999     0.968750       636830        32.00
   57638.911     0.971875       638761        35.56
   57966.591     0.975000       640735        40.00
   58359.807     0.978125       642861        45.71
   58818.559     0.981250       644978        53.33
   59310.079     0.984375       646983        64.00
   59604.991     0.985938       648006        71.11
   59899.903     0.987500       648953        80.00
   60227.583     0.989062       649962        91.43
   60620.799     0.990625       651076       106.67
   61014.015     0.992188       652025       128.00
   61276.159     0.992969       652595       142.22
   61505.535     0.993750       653047       160.00
   61800.447     0.994531       653591       182.86
   62095.359     0.995313       654071       213.33
   62455.807     0.996094       654606       256.00
   62652.415     0.996484       654867       284.44
   62849.023     0.996875       655108       320.00
   63078.399     0.997266       655366       365.71
   63340.543     0.997656       655635       426.67
   63602.687     0.998047       655880       512.00
   63766.527     0.998242       656008       568.89
   63930.367     0.998437       656132       640.00
   64126.975     0.998633       656256       731.43
   64356.351     0.998828       656389       853.33
   64585.727     0.999023       656518      1024.00
   64684.031     0.999121       656572      1137.78
   64815.103     0.999219       656636      1280.00
   64978.943     0.999316       656710      1462.86
   65110.015     0.999414       656764      1706.67
   65339.391     0.999512       656838      2048.00
   65437.695     0.999561       656867      2275.56
   65535.999     0.999609       656895      2560.00
   65667.071     0.999658       656923      2925.71
   65830.911     0.999707       656955      3413.33
   65994.751     0.999756       656987      4096.00
   66125.823     0.999780       657005      4551.11
   66224.127     0.999805       657022      5120.00
   66387.967     0.999829       657037      5851.43
   66486.271     0.999854       657052      6826.67
   66650.111     0.999878       657069      8192.00
   66715.647     0.999890       657075      9102.22
   66846.719     0.999902       657084     10240.00
   66945.023     0.999915       657094     11702.86
   67010.559     0.999927       657099     13653.33
   67174.399     0.999939       657110     16384.00
   67239.935     0.999945       657111     18204.44
   67305.471     0.999951       657115     20480.00
   67371.007     0.999957       657120     23405.71
   67502.079     0.999963       657124     27306.67
   67567.615     0.999969       657127     32768.00
   67633.151     0.999973       657129     36408.89
   67764.223     0.999976       657133     40960.00
   67764.223     0.999979       657133     46811.43
   67895.295     0.999982       657135     54613.33
   67960.831     0.999985       657138     65536.00
   67960.831     0.999986       657138     72817.78
   68026.367     0.999988       657139     81920.00
   68157.439     0.999989       657140     93622.86
   68222.975     0.999991       657142    109226.67
   68222.975     0.999992       657142    131072.00
   68288.511     0.999993       657143    145635.56
   68288.511     0.999994       657143    163840.00
   68419.583     0.999995       657144    187245.71
   68419.583     0.999995       657144    218453.33
   68485.119     0.999996       657145    262144.00
   68485.119     0.999997       657145    291271.11
   68485.119     0.999997       657145    327680.00
   68812.799     0.999997       657146    374491.43
   68812.799     0.999998       657146    436906.67
   68812.799     0.999998       657146    524288.00
   68812.799     0.999998       657146    582542.22
   68812.799     0.999998       657146    655360.00
   69009.407     0.999999       657147    748982.86
   69009.407     1.000000       657147          inf
#[Mean    =    31144.524, StdDeviation   =    17289.301]
#[Max     =    68943.872, Total count    =       657147]
#[Buckets =           27, SubBuckets     =         2048]
-----------------------------------------------------------------------
  681860 requests in 5.00m, 105.73MB read
  Socket errors: connect 0, read 0, write 0, timeout 16482
Requests/sec:   2272.78  
Transfer/sec:    360.87KB
