setup: assigned thread_id=1
init: final thread_id=1, base_seed=nil
script_want_response
Running 1m test @ http://10.10.1.1:23238
  1 threads and 10 connections

  Thread calibration: mean lat.: 16.054ms, rate sampling interval: 35ms

-----------------------------------------------------------------------
Test Results @ http://10.10.1.1:23238 
  Thread Stats   Avg      Stdev     99%   +/- Stdev
    Latency    15.80ms    1.28ms  19.68ms   79.76%
    Req/Sec   101.34    129.48   294.00     69.64%
  Latency Distribution (HdrHistogram - Recorded Latency)
 50.000%   15.52ms
 75.000%   16.32ms
 90.000%   17.31ms
 99.000%   19.68ms
 99.900%   25.71ms
 99.990%   32.96ms
 99.999%   34.08ms
100.000%   34.08ms

  Detailed Percentile spectrum:
       Value   Percentile   TotalCount 1/(1-Percentile)

      13.647     0.000000            1         1.00
      14.631     0.100000          502         1.11
      14.895     0.200000         1009         1.25
      15.103     0.300000         1508         1.43
      15.303     0.400000         2014         1.67
      15.519     0.500000         2516         2.00
      15.631     0.550000         2769         2.22
      15.735     0.600000         3005         2.50
      15.879     0.650000         3254         2.86
      16.071     0.700000         3504         3.33
      16.319     0.750000         3754         4.00
      16.479     0.775000         3877         4.44
      16.639     0.800000         4010         5.00
      16.799     0.825000         4127         5.71
      16.975     0.850000         4255         6.67
      17.151     0.875000         4386         8.00
      17.247     0.887500         4451         8.89
      17.311     0.900000         4512        10.00
      17.391     0.912500         4565        11.43
      17.535     0.925000         4634        13.33
      17.647     0.937500         4692        16.00
      17.711     0.943750         4721        17.78
      17.791     0.950000         4750        20.00
      17.903     0.956250         4787        22.86
      17.999     0.962500         4818        26.67
      18.111     0.968750         4844        32.00
      18.239     0.971875         4861        35.56
      18.303     0.975000         4876        40.00
      18.415     0.978125         4892        45.71
      18.575     0.981250         4907        53.33
      18.799     0.984375         4922        64.00
      18.927     0.985938         4930        71.11
      19.087     0.987500         4938        80.00
      19.583     0.989062         4947        91.43
      20.111     0.990625         4954       106.67
      20.831     0.992188         4961       128.00
      21.183     0.992969         4965       142.22
      21.711     0.993750         4969       160.00
      22.255     0.994531         4974       182.86
      22.767     0.995313         4977       213.33
      23.103     0.996094         4981       256.00
      23.247     0.996484         4983       284.44
      23.471     0.996875         4985       320.00
      23.791     0.997266         4988       365.71
      24.239     0.997656         4990       426.67
      24.543     0.998047         4991       512.00
      24.639     0.998242         4992       568.89
      24.703     0.998437         4993       640.00
      24.847     0.998633         4994       731.43
      25.711     0.998828         4995       853.33
      28.895     0.999023         4996      1024.00
      28.895     0.999121         4996      1137.78
      28.975     0.999219         4997      1280.00
      28.975     0.999316         4997      1462.86
      32.047     0.999414         4998      1706.67
      32.047     0.999512         4998      2048.00
      32.047     0.999561         4998      2275.56
      32.959     0.999609         4999      2560.00
      32.959     0.999658         4999      2925.71
      32.959     0.999707         4999      3413.33
      32.959     0.999756         4999      4096.00
      32.959     0.999780         4999      4551.11
      34.079     0.999805         5000      5120.00
      34.079     1.000000         5000          inf
#[Mean    =       15.797, StdDeviation   =        1.285]
#[Max     =       34.048, Total count    =         5000]
#[Buckets =           27, SubBuckets     =         2048]
-----------------------------------------------------------------------
  5990 requests in 1.00m, 0.93MB read
Requests/sec:     99.82  
Transfer/sec:     15.84KB
