setup: assigned thread_id=1
init: final thread_id=1, base_seed=nil
setup: assigned thread_id=2
init: final thread_id=2, base_seed=nil
setup: assigned thread_id=3
init: final thread_id=3, base_seed=nil
setup: assigned thread_id=4
init: final thread_id=4, base_seed=nil
setup: assigned thread_id=5
init: final thread_id=5, base_seed=nil
setup: assigned thread_id=6
init: final thread_id=6, base_seed=nil
setup: assigned thread_id=7
init: final thread_id=7, base_seed=nil
setup: assigned thread_id=8
init: final thread_id=8, base_seed=nil
setup: assigned thread_id=9
init: final thread_id=9, base_seed=nil
setup: assigned thread_id=10
init: final thread_id=10, base_seed=nil
setup: assigned thread_id=11
init: final thread_id=11, base_seed=nil
setup: assigned thread_id=12
init: final thread_id=12, base_seed=nil
setup: assigned thread_id=13
init: final thread_id=13, base_seed=nil
setup: assigned thread_id=14
init: final thread_id=14, base_seed=nil
setup: assigned thread_id=15
init: final thread_id=15, base_seed=nil
setup: assigned thread_id=16
init: final thread_id=16, base_seed=nil
setup: assigned thread_id=17
init: final thread_id=17, base_seed=nil
setup: assigned thread_id=18
init: final thread_id=18, base_seed=nil
setup: assigned thread_id=19
init: final thread_id=19, base_seed=nil
setup: assigned thread_id=20
init: final thread_id=20, base_seed=nil
script_want_response
Running 1m test @ http://10.10.1.1:15570
  20 threads and 200 connections

  Thread calibration: mean lat.: 11.836ms, rate sampling interval: 40ms
  Thread calibration: mean lat.: 13.096ms, rate sampling interval: 46ms
  Thread calibration: mean lat.: 14.259ms, rate sampling interval: 49ms
  Thread calibration: mean lat.: 15.901ms, rate sampling interval: 57ms
  Thread calibration: mean lat.: 10.906ms, rate sampling interval: 39ms
  Thread calibration: mean lat.: 18.035ms, rate sampling interval: 65ms
  Thread calibration: mean lat.: 19.928ms, rate sampling interval: 68ms
  Thread calibration: mean lat.: 21.303ms, rate sampling interval: 70ms
  Thread calibration: mean lat.: 22.401ms, rate sampling interval: 71ms
  Thread calibration: mean lat.: 23.090ms, rate sampling interval: 73ms
  Thread calibration: mean lat.: 24.087ms, rate sampling interval: 74ms
  Thread calibration: mean lat.: 24.563ms, rate sampling interval: 73ms
  Thread calibration: mean lat.: 25.077ms, rate sampling interval: 71ms
  Thread calibration: mean lat.: 25.498ms, rate sampling interval: 71ms
  Thread calibration: mean lat.: 25.518ms, rate sampling interval: 70ms
  Thread calibration: mean lat.: 25.292ms, rate sampling interval: 69ms
  Thread calibration: mean lat.: 24.871ms, rate sampling interval: 68ms
  Thread calibration: mean lat.: 24.400ms, rate sampling interval: 66ms
  Thread calibration: mean lat.: 23.984ms, rate sampling interval: 65ms
  Thread calibration: mean lat.: 23.306ms, rate sampling interval: 64ms

-----------------------------------------------------------------------
Test Results @ http://10.10.1.1:15570 
  Thread Stats   Avg      Stdev     99%   +/- Stdev
    Latency    23.77ms   11.95ms  65.47ms   71.70%
    Req/Sec   100.50     72.19   256.00     63.56%
  Latency Distribution (HdrHistogram - Recorded Latency)
 50.000%   23.01ms
 75.000%   29.20ms
 90.000%   37.25ms
 99.000%   65.47ms
 99.900%   85.12ms
 99.990%  171.39ms
 99.999%  182.91ms
100.000%  183.29ms

  Detailed Percentile spectrum:
       Value   Percentile   TotalCount 1/(1-Percentile)

       6.063     0.000000            1         1.00
       9.303     0.100000        10008         1.11
      13.287     0.200000        20008         1.25
      17.215     0.300000        30025         1.43
      20.511     0.400000        40005         1.67
      23.007     0.500000        49997         2.00
      24.191     0.550000        55022         2.22
      25.343     0.600000        60008         2.50
      26.511     0.650000        65019         2.86
      27.743     0.700000        70027         3.33
      29.199     0.750000        74995         4.00
      30.079     0.775000        77520         4.44
      31.055     0.800000        80036         5.00
      32.191     0.825000        82523         5.71
      33.471     0.850000        85011         6.67
      35.103     0.875000        87507         8.00
      36.063     0.887500        88754         8.89
      37.247     0.900000        90008        10.00
      38.655     0.912500        91249        11.43
      40.287     0.925000        92500        13.33
      42.111     0.937500        93745        16.00
      43.199     0.943750        94387        17.78
      44.447     0.950000        95008        20.00
      45.951     0.956250        95619        22.86
      47.807     0.962500        96249        26.67
      50.399     0.968750        96868        32.00
      51.967     0.971875        97186        35.56
      53.855     0.975000        97493        40.00
      56.127     0.978125        97805        45.71
      58.751     0.981250        98119        53.33
      61.055     0.984375        98434        64.00
      62.175     0.985938        98591        71.11
      63.295     0.987500        98746        80.00
      64.575     0.989062        98901        91.43
      66.175     0.990625        99060       106.67
      67.775     0.992188        99216       128.00
      68.927     0.992969        99294       142.22
      70.015     0.993750        99369       160.00
      71.039     0.994531        99447       182.86
      72.127     0.995313        99525       213.33
      74.047     0.996094        99607       256.00
      75.007     0.996484        99641       284.44
      75.967     0.996875        99680       320.00
      77.119     0.997266        99721       365.71
      78.591     0.997656        99758       426.67
      80.063     0.998047        99797       512.00
      80.895     0.998242        99818       568.89
      81.791     0.998437        99836       640.00
      82.879     0.998633        99856       731.43
      84.159     0.998828        99875       853.33
      85.439     0.999023        99895      1024.00
      85.823     0.999121        99905      1137.78
      86.399     0.999219        99914      1280.00
      86.911     0.999316        99925      1462.86
      87.743     0.999414        99935      1706.67
      89.023     0.999512        99944      2048.00
      90.239     0.999561        99951      2275.56
      90.623     0.999609        99953      2560.00
      91.007     0.999658        99958      2925.71
      91.775     0.999707        99963      3413.33
      92.287     0.999756        99968      4096.00
     152.319     0.999780        99971      4551.11
     156.927     0.999805        99973      5120.00
     162.815     0.999829        99975      5851.43
     165.759     0.999854        99978      6826.67
     168.959     0.999878        99980      8192.00
     171.391     0.999890        99982      9102.22
     172.927     0.999902        99983     10240.00
     173.823     0.999915        99984     11702.86
     174.975     0.999927        99985     13653.33
     175.743     0.999939        99986     16384.00
     176.895     0.999945        99987     18204.44
     178.559     0.999951        99988     20480.00
     178.559     0.999957        99988     23405.71
     179.199     0.999963        99989     27306.67
     179.199     0.999969        99989     32768.00
     182.527     0.999973        99990     36408.89
     182.527     0.999976        99990     40960.00
     182.527     0.999979        99990     46811.43
     182.911     0.999982        99991     54613.33
     182.911     0.999985        99991     65536.00
     182.911     0.999986        99991     72817.78
     182.911     0.999988        99991     81920.00
     182.911     0.999989        99991     93622.86
     183.295     0.999991        99992    109226.67
     183.295     1.000000        99992          inf
#[Mean    =       23.771, StdDeviation   =       11.952]
#[Max     =      183.168, Total count    =        99992]
#[Buckets =           27, SubBuckets     =         2048]
-----------------------------------------------------------------------
  119709 requests in 1.00m, 18.56MB read
Requests/sec:   1994.71  
Transfer/sec:    316.77KB
