Running 5m test @ http://10.10.1.1:20333/Spam?n=100
  9 threads and 18 connections

  Thread calibration: mean lat.: 0.963ms, rate sampling interval: 10ms
  Thread calibration: mean lat.: 2.134ms, rate sampling interval: 10ms
  Thread calibration: mean lat.: 1.012ms, rate sampling interval: 10ms
  Thread calibration: mean lat.: 0.982ms, rate sampling interval: 10ms
  Thread calibration: mean lat.: 1.939ms, rate sampling interval: 10ms
  Thread calibration: mean lat.: 1.003ms, rate sampling interval: 10ms
  Thread calibration: mean lat.: 1.171ms, rate sampling interval: 10ms
  Thread calibration: mean lat.: 1.056ms, rate sampling interval: 10ms
  Thread calibration: mean lat.: 0.982ms, rate sampling interval: 10ms

-----------------------------------------------------------------------
Test Results @ http://10.10.1.1:20333/Spam?n=100 
  Thread Stats   Avg      Stdev     99%   +/- Stdev
    Latency     1.61ms    9.95ms   5.26ms   99.52%
    Req/Sec   478.79     80.97   666.00     89.36%
  Latency Distribution (HdrHistogram - Recorded Latency)
 50.000%    0.94ms
 75.000%    1.23ms
 90.000%    1.85ms
 99.000%    5.26ms
 99.900%  164.22ms
 99.990%  392.19ms
 99.999%  505.60ms
100.000%  523.78ms

  Detailed Percentile spectrum:
       Value   Percentile   TotalCount 1/(1-Percentile)

       0.101     0.000000            1         1.00
       0.765     0.100000       120418         1.11
       0.798     0.200000       239596         1.25
       0.833     0.300000       357604         1.43
       0.879     0.400000       474133         1.67
       0.941     0.500000       592996         2.00
       0.978     0.550000       653088         2.22
       1.020     0.600000       711715         2.50
       1.071     0.650000       770702         2.86
       1.140     0.700000       830018         3.33
       1.226     0.750000       888861         4.00
       1.282     0.775000       918586         4.44
       1.343     0.800000       948253         5.00
       1.402     0.825000       977835         5.71
       1.469     0.850000      1007404         6.67
       1.620     0.875000      1036974         8.00
       1.788     0.887500      1051770         8.89
       1.852     0.900000      1066765        10.00
       1.893     0.912500      1081677        11.43
       1.936     0.925000      1096419        13.33
       1.991     0.937500      1111003        16.00
       2.031     0.943750      1118494        17.78
       2.085     0.950000      1125767        20.00
       2.155     0.956250      1133226        22.86
       2.247     0.962500      1140642        26.67
       2.407     0.968750      1147991        32.00
       2.527     0.971875      1151708        35.56
       2.707     0.975000      1155375        40.00
       2.977     0.978125      1159088        45.71
       3.349     0.981250      1162792        53.33
       3.757     0.984375      1166492        64.00
       4.031     0.985938      1168347        71.11
       4.375     0.987500      1170187        80.00
       4.851     0.989062      1172041        91.43
       5.587     0.990625      1173889       106.67
       6.711     0.992188      1175742       128.00
       7.483     0.992969      1176666       142.22
       8.495     0.993750      1177592       160.00
       9.879     0.994531      1178518       182.86
      11.927     0.995313      1179444       213.33
      16.063     0.996094      1180369       256.00
      20.575     0.996484      1180833       284.44
      27.759     0.996875      1181296       320.00
      38.239     0.997266      1181757       365.71
      54.847     0.997656      1182220       426.67
      77.823     0.998047      1182683       512.00
      91.135     0.998242      1182914       568.89
     106.943     0.998437      1183147       640.00
     124.223     0.998633      1183379       731.43
     144.895     0.998828      1183610       853.33
     168.063     0.999023      1183841      1024.00
     184.191     0.999121      1183956      1137.78
     205.823     0.999219      1184072      1280.00
     226.047     0.999316      1184187      1462.86
     244.863     0.999414      1184303      1706.67
     267.263     0.999512      1184421      2048.00
     276.991     0.999561      1184477      2275.56
     289.023     0.999609      1184536      2560.00
     298.751     0.999658      1184592      2925.71
     311.551     0.999707      1184650      3413.33
     328.191     0.999756      1184708      4096.00
     334.335     0.999780      1184738      4551.11
     340.223     0.999805      1184766      5120.00
     347.647     0.999829      1184795      5851.43
     357.375     0.999854      1184825      6826.67
     373.759     0.999878      1184853      8192.00
     383.743     0.999890      1184868      9102.22
     393.471     0.999902      1184883     10240.00
     401.919     0.999915      1184898     11702.86
     411.647     0.999927      1184911     13653.33
     425.215     0.999939      1184925     16384.00
     431.103     0.999945      1184932     18204.44
     441.087     0.999951      1184940     20480.00
     449.023     0.999957      1184947     23405.71
     456.447     0.999963      1184954     27306.67
     467.967     0.999969      1184961     32768.00
     474.367     0.999973      1184965     36408.89
     479.231     0.999976      1184969     40960.00
     482.047     0.999979      1184972     46811.43
     489.727     0.999982      1184976     54613.33
     494.591     0.999985      1184979     65536.00
     498.175     0.999986      1184981     72817.78
     501.759     0.999988      1184983     81920.00
     505.599     0.999989      1184985     93622.86
     509.183     0.999991      1184987    109226.67
     509.439     0.999992      1184988    131072.00
     509.695     0.999993      1184989    145635.56
     512.255     0.999994      1184990    163840.00
     512.511     0.999995      1184991    187245.71
     513.279     0.999995      1184992    218453.33
     514.559     0.999996      1184993    262144.00
     514.559     0.999997      1184993    291271.11
     516.607     0.999997      1184994    327680.00
     516.607     0.999997      1184994    374491.43
     518.655     0.999998      1184995    436906.67
     518.655     0.999998      1184995    524288.00
     518.655     0.999998      1184995    582542.22
     519.679     0.999998      1184996    655360.00
     519.679     0.999999      1184996    748982.86
     519.679     0.999999      1184996    873813.33
     519.679     0.999999      1184996   1048576.00
     519.679     0.999999      1184996   1165084.44
     523.775     0.999999      1184997   1310720.00
     523.775     1.000000      1184997          inf
#[Mean    =        1.611, StdDeviation   =        9.953]
#[Max     =      523.520, Total count    =      1184997]
#[Buckets =           27, SubBuckets     =         2048]
-----------------------------------------------------------------------
  1225862 requests in 5.00m, 151.98MB read
Requests/sec:   4086.20  
Transfer/sec:    518.76KB
