setup: assigned thread_id=1
init: final thread_id=1, base_seed=nil
script_want_response
Running 2m test @ http://10.10.1.1:15570
  1 threads and 10 connections

  Thread calibration: mean lat.: 62.039ms, rate sampling interval: 112ms

-----------------------------------------------------------------------
Test Results @ http://10.10.1.1:15570 
  Thread Stats   Avg      Stdev     99%   +/- Stdev
    Latency     7.29ms  833.43us   9.40ms   72.95%
    Req/Sec   100.21     25.47   180.00     87.17%
  Latency Distribution (HdrHistogram - Recorded Latency)
 50.000%    7.20ms
 75.000%    7.74ms
 90.000%    8.45ms
 99.000%    9.40ms
 99.900%   10.30ms
 99.990%   11.06ms
 99.999%   18.13ms
100.000%   18.13ms

  Detailed Percentile spectrum:
       Value   Percentile   TotalCount 1/(1-Percentile)

       4.195     0.000000            1         1.00
       6.391     0.100000          913         1.11
       6.659     0.200000         1804         1.25
       6.851     0.300000         2700         1.43
       7.027     0.400000         3621         1.67
       7.199     0.500000         4513         2.00
       7.283     0.550000         4955         2.22
       7.375     0.600000         5409         2.50
       7.487     0.650000         5866         2.86
       7.603     0.700000         6312         3.33
       7.739     0.750000         6755         4.00
       7.815     0.775000         6981         4.44
       7.907     0.800000         7209         5.00
       8.027     0.825000         7429         5.71
       8.135     0.850000         7650         6.67
       8.287     0.875000         7876         8.00
       8.359     0.887500         7997         8.89
       8.447     0.900000         8104        10.00
       8.535     0.912500         8217        11.43
       8.623     0.925000         8330        13.33
       8.711     0.937500         8442        16.00
       8.767     0.943750         8493        17.78
       8.823     0.950000         8551        20.00
       8.879     0.956250         8605        22.86
       8.943     0.962500         8661        26.67
       9.007     0.968750         8718        32.00
       9.055     0.971875         8745        35.56
       9.119     0.975000         8775        40.00
       9.183     0.978125         8806        45.71
       9.223     0.981250         8830        53.33
       9.271     0.984375         8859        64.00
       9.311     0.985938         8876        71.11
       9.343     0.987500         8889        80.00
       9.375     0.989062         8902        91.43
       9.431     0.990625         8915       106.67
       9.479     0.992188         8932       128.00
       9.495     0.992969         8936       142.22
       9.543     0.993750         8944       160.00
       9.599     0.994531         8949       182.86
       9.679     0.995313         8957       213.33
       9.743     0.996094         8963       256.00
       9.807     0.996484         8967       284.44
       9.831     0.996875         8970       320.00
       9.895     0.997266         8975       365.71
       9.935     0.997656         8977       426.67
      10.087     0.998047         8981       512.00
      10.151     0.998242         8983       568.89
      10.175     0.998437         8984       640.00
      10.215     0.998633         8986       731.43
      10.295     0.998828         8988       853.33
      10.327     0.999023         8990      1024.00
      10.359     0.999121         8991      1137.78
      10.359     0.999219         8991      1280.00
      10.495     0.999316         8992      1462.86
      10.567     0.999414         8993      1706.67
      10.735     0.999512         8994      2048.00
      10.911     0.999561         8995      2275.56
      10.911     0.999609         8995      2560.00
      10.911     0.999658         8995      2925.71
      11.039     0.999707         8996      3413.33
      11.039     0.999756         8996      4096.00
      11.055     0.999780         8997      4551.11
      11.055     0.999805         8997      5120.00
      11.055     0.999829         8997      5851.43
      11.055     0.999854         8997      6826.67
      11.055     0.999878         8997      8192.00
      18.127     0.999890         8998      9102.22
      18.127     1.000000         8998          inf
#[Mean    =        7.288, StdDeviation   =        0.833]
#[Max     =       18.112, Total count    =         8998]
#[Buckets =           27, SubBuckets     =         2048]
-----------------------------------------------------------------------
  9991 requests in 1.67m, 1.55MB read
Requests/sec:     99.90  
Transfer/sec:     15.87KB
