setup: assigned thread_id=1
init: final thread_id=1, base_seed=nil
setup: assigned thread_id=2
init: final thread_id=2, base_seed=nil
setup: assigned thread_id=3
init: final thread_id=3, base_seed=nil
setup: assigned thread_id=4
init: final thread_id=4, base_seed=nil
setup: assigned thread_id=5
init: final thread_id=5, base_seed=nil
setup: assigned thread_id=6
init: final thread_id=6, base_seed=nil
setup: assigned thread_id=7
init: final thread_id=7, base_seed=nil
setup: assigned thread_id=8
init: final thread_id=8, base_seed=nil
setup: assigned thread_id=9
init: final thread_id=9, base_seed=nil
setup: assigned thread_id=10
init: final thread_id=10, base_seed=nil
setup: assigned thread_id=11
init: final thread_id=11, base_seed=nil
setup: assigned thread_id=12
init: final thread_id=12, base_seed=nil
setup: assigned thread_id=13
init: final thread_id=13, base_seed=nil
setup: assigned thread_id=14
init: final thread_id=14, base_seed=nil
setup: assigned thread_id=15
init: final thread_id=15, base_seed=nil
setup: assigned thread_id=16
init: final thread_id=16, base_seed=nil
setup: assigned thread_id=17
init: final thread_id=17, base_seed=nil
setup: assigned thread_id=18
init: final thread_id=18, base_seed=nil
setup: assigned thread_id=19
init: final thread_id=19, base_seed=nil
setup: assigned thread_id=20
init: final thread_id=20, base_seed=nil
script_want_response
Running 1m test @ http://10.10.1.1:5253
  20 threads and 200 connections

  Thread calibration: mean lat.: 10.672ms, rate sampling interval: 31ms
  Thread calibration: mean lat.: 11.722ms, rate sampling interval: 36ms
  Thread calibration: mean lat.: 13.352ms, rate sampling interval: 42ms
  Thread calibration: mean lat.: 14.298ms, rate sampling interval: 46ms
  Thread calibration: mean lat.: 15.727ms, rate sampling interval: 52ms
  Thread calibration: mean lat.: 17.333ms, rate sampling interval: 58ms
  Thread calibration: mean lat.: 18.930ms, rate sampling interval: 61ms
  Thread calibration: mean lat.: 19.877ms, rate sampling interval: 62ms
  Thread calibration: mean lat.: 20.901ms, rate sampling interval: 62ms
  Thread calibration: mean lat.: 22.174ms, rate sampling interval: 64ms
  Thread calibration: mean lat.: 22.849ms, rate sampling interval: 63ms
  Thread calibration: mean lat.: 22.088ms, rate sampling interval: 64ms
  Thread calibration: mean lat.: 23.811ms, rate sampling interval: 64ms
  Thread calibration: mean lat.: 24.011ms, rate sampling interval: 64ms
  Thread calibration: mean lat.: 23.977ms, rate sampling interval: 64ms
  Thread calibration: mean lat.: 23.845ms, rate sampling interval: 63ms
  Thread calibration: mean lat.: 23.466ms, rate sampling interval: 61ms
  Thread calibration: mean lat.: 23.262ms, rate sampling interval: 60ms
  Thread calibration: mean lat.: 22.998ms, rate sampling interval: 59ms
  Thread calibration: mean lat.: 22.273ms, rate sampling interval: 59ms

-----------------------------------------------------------------------
Test Results @ http://10.10.1.1:5253 
  Thread Stats   Avg      Stdev     99%   +/- Stdev
    Latency    23.44ms   11.59ms  61.53ms   72.03%
    Req/Sec   100.66     81.71   322.00     60.85%
  Latency Distribution (HdrHistogram - Recorded Latency)
 50.000%   22.06ms
 75.000%   28.82ms
 90.000%   37.25ms
 99.000%   61.53ms
 99.900%   93.57ms
 99.990%  118.91ms
 99.999%  144.13ms
100.000%  147.46ms

  Detailed Percentile spectrum:
       Value   Percentile   TotalCount 1/(1-Percentile)

       6.051     0.000000            1         1.00
       9.967     0.100000        10013         1.11
      13.695     0.200000        20016         1.25
      17.183     0.300000        30027         1.43
      19.759     0.400000        40056         1.67
      22.063     0.500000        50019         2.00
      23.231     0.550000        55018         2.22
      24.399     0.600000        60028         2.50
      25.711     0.650000        65043         2.86
      27.151     0.700000        70039         3.33
      28.815     0.750000        75009         4.00
      29.727     0.775000        77502         4.44
      30.799     0.800000        80032         5.00
      31.967     0.825000        82520         5.71
      33.343     0.850000        85025         6.67
      35.071     0.875000        87511         8.00
      36.095     0.887500        88767         8.89
      37.247     0.900000        90008        10.00
      38.591     0.912500        91264        11.43
      40.063     0.925000        92511        13.33
      41.823     0.937500        93760        16.00
      42.847     0.943750        94381        17.78
      44.095     0.950000        95002        20.00
      45.631     0.956250        95625        22.86
      47.455     0.962500        96261        26.67
      49.375     0.968750        96881        32.00
      50.495     0.971875        97192        35.56
      51.711     0.975000        97505        40.00
      52.959     0.978125        97811        45.71
      54.431     0.981250        98124        53.33
      56.447     0.984375        98436        64.00
      57.567     0.985938        98593        71.11
      59.007     0.987500        98749        80.00
      60.351     0.989062        98907        91.43
      62.431     0.990625        99063       106.67
      64.767     0.992188        99217       128.00
      66.559     0.992969        99298       142.22
      68.287     0.993750        99374       160.00
      71.231     0.994531        99454       182.86
      74.047     0.995313        99530       213.33
      77.823     0.996094        99609       256.00
      79.295     0.996484        99647       284.44
      80.447     0.996875        99687       320.00
      82.815     0.997266        99725       365.71
      85.631     0.997656        99765       426.67
      87.935     0.998047        99804       512.00
      89.087     0.998242        99823       568.89
      90.559     0.998437        99842       640.00
      91.391     0.998633        99862       731.43
      92.671     0.998828        99881       853.33
      93.759     0.999023        99901      1024.00
      94.271     0.999121        99912      1137.78
      94.847     0.999219        99922      1280.00
      95.295     0.999316        99930      1462.86
      96.767     0.999414        99941      1706.67
      97.919     0.999512        99950      2048.00
      98.367     0.999561        99955      2275.56
      98.751     0.999609        99959      2560.00
      99.327     0.999658        99965      2925.71
      99.839     0.999707        99970      3413.33
     100.607     0.999756        99974      4096.00
     102.207     0.999780        99977      4551.11
     111.167     0.999805        99979      5120.00
     113.023     0.999829        99981      5851.43
     116.223     0.999854        99984      6826.67
     117.503     0.999878        99986      8192.00
     118.911     0.999890        99988      9102.22
     119.935     0.999902        99989     10240.00
     119.999     0.999915        99990     11702.86
     121.279     0.999927        99991     13653.33
     122.239     0.999939        99992     16384.00
     123.775     0.999945        99993     18204.44
     124.927     0.999951        99994     20480.00
     124.927     0.999957        99994     23405.71
     141.823     0.999963        99995     27306.67
     141.823     0.999969        99995     32768.00
     142.975     0.999973        99996     36408.89
     142.975     0.999976        99996     40960.00
     142.975     0.999979        99996     46811.43
     144.127     0.999982        99997     54613.33
     144.127     0.999985        99997     65536.00
     144.127     0.999986        99997     72817.78
     144.127     0.999988        99997     81920.00
     144.127     0.999989        99997     93622.86
     147.455     0.999991        99998    109226.67
     147.455     1.000000        99998          inf
#[Mean    =       23.441, StdDeviation   =       11.592]
#[Max     =      147.328, Total count    =        99998]
#[Buckets =           27, SubBuckets     =         2048]
-----------------------------------------------------------------------
  119701 requests in 1.00m, 18.56MB read
Requests/sec:   1994.57  
Transfer/sec:    316.73KB
