setup: assigned thread_id=1
init: final thread_id=1, base_seed=nil
script_want_response
Running 2m test @ http://10.10.1.1:5253
  1 threads and 10 connections

  Thread calibration: mean lat.: 61.691ms, rate sampling interval: 105ms

-----------------------------------------------------------------------
Test Results @ http://10.10.1.1:5253 
  Thread Stats   Avg      Stdev     99%   +/- Stdev
    Latency     7.78ms    0.91ms   9.91ms   73.61%
    Req/Sec   100.32     14.35   153.00     90.42%
  Latency Distribution (HdrHistogram - Recorded Latency)
 50.000%    7.76ms
 75.000%    8.31ms
 90.000%    8.81ms
 99.000%    9.91ms
 99.900%   12.69ms
 99.990%   20.59ms
 99.999%   21.60ms
100.000%   21.60ms

  Detailed Percentile spectrum:
       Value   Percentile   TotalCount 1/(1-Percentile)

       4.343     0.000000            1         1.00
       6.727     0.100000          906         1.11
       7.091     0.200000         1812         1.25
       7.339     0.300000         2701         1.43
       7.559     0.400000         3613         1.67
       7.763     0.500000         4516         2.00
       7.867     0.550000         4960         2.22
       7.959     0.600000         5401         2.50
       8.067     0.650000         5866         2.86
       8.187     0.700000         6312         3.33
       8.311     0.750000         6766         4.00
       8.383     0.775000         7000         4.44
       8.447     0.800000         7213         5.00
       8.519     0.825000         7426         5.71
       8.607     0.850000         7652         6.67
       8.711     0.875000         7902         8.00
       8.751     0.887500         7989         8.89
       8.815     0.900000         8101        10.00
       8.879     0.912500         8232        11.43
       8.959     0.925000         8338        13.33
       9.047     0.937500         8445        16.00
       9.095     0.943750         8500        17.78
       9.159     0.950000         8559        20.00
       9.223     0.956250         8607        22.86
       9.311     0.962500         8666        26.67
       9.399     0.968750         8719        32.00
       9.447     0.971875         8749        35.56
       9.503     0.975000         8777        40.00
       9.559     0.978125         8807        45.71
       9.639     0.981250         8834        53.33
       9.719     0.984375         8862        64.00
       9.767     0.985938         8874        71.11
       9.815     0.987500         8888        80.00
       9.871     0.989062         8902        91.43
       9.935     0.990625         8916       106.67
      10.031     0.992188         8931       128.00
      10.055     0.992969         8937       142.22
      10.135     0.993750         8944       160.00
      10.191     0.994531         8951       182.86
      10.271     0.995313         8958       213.33
      10.399     0.996094         8965       256.00
      10.487     0.996484         8969       284.44
      10.551     0.996875         8972       320.00
      10.591     0.997266         8976       365.71
      10.759     0.997656         8979       426.67
      10.871     0.998047         8983       512.00
      11.239     0.998242         8985       568.89
      11.343     0.998437         8986       640.00
      11.967     0.998633         8988       731.43
      12.543     0.998828         8990       853.33
      14.311     0.999023         8992      1024.00
      15.583     0.999121         8993      1137.78
      15.583     0.999219         8993      1280.00
      15.767     0.999316         8994      1462.86
      16.359     0.999414         8995      1706.67
      17.375     0.999512         8996      2048.00
      19.423     0.999561         8997      2275.56
      19.423     0.999609         8997      2560.00
      19.423     0.999658         8997      2925.71
      19.567     0.999707         8998      3413.33
      19.567     0.999756         8998      4096.00
      20.591     0.999780         8999      4551.11
      20.591     0.999805         8999      5120.00
      20.591     0.999829         8999      5851.43
      20.591     0.999854         8999      6826.67
      20.591     0.999878         8999      8192.00
      21.599     0.999890         9000      9102.22
      21.599     1.000000         9000          inf
#[Mean    =        7.777, StdDeviation   =        0.907]
#[Max     =       21.584, Total count    =         9000]
#[Buckets =           27, SubBuckets     =         2048]
-----------------------------------------------------------------------
  9991 requests in 1.67m, 1.55MB read
Requests/sec:     99.90  
Transfer/sec:     15.85KB
