setup: assigned thread_id=1
init: final thread_id=1, base_seed=nil
setup: assigned thread_id=2
init: final thread_id=2, base_seed=nil
setup: assigned thread_id=3
init: final thread_id=3, base_seed=nil
setup: assigned thread_id=4
init: final thread_id=4, base_seed=nil
setup: assigned thread_id=5
init: final thread_id=5, base_seed=nil
setup: assigned thread_id=6
init: final thread_id=6, base_seed=nil
setup: assigned thread_id=7
init: final thread_id=7, base_seed=nil
setup: assigned thread_id=8
init: final thread_id=8, base_seed=nil
setup: assigned thread_id=9
init: final thread_id=9, base_seed=nil
setup: assigned thread_id=10
init: final thread_id=10, base_seed=nil
setup: assigned thread_id=11
init: final thread_id=11, base_seed=nil
setup: assigned thread_id=12
init: final thread_id=12, base_seed=nil
setup: assigned thread_id=13
init: final thread_id=13, base_seed=nil
setup: assigned thread_id=14
init: final thread_id=14, base_seed=nil
setup: assigned thread_id=15
init: final thread_id=15, base_seed=nil
setup: assigned thread_id=16
init: final thread_id=16, base_seed=nil
setup: assigned thread_id=17
init: final thread_id=17, base_seed=nil
setup: assigned thread_id=18
init: final thread_id=18, base_seed=nil
setup: assigned thread_id=19
init: final thread_id=19, base_seed=nil
setup: assigned thread_id=20
init: final thread_id=20, base_seed=nil
script_want_response
Running 1m test @ http://10.10.1.1:19050
  20 threads and 200 connections

  Thread calibration: mean lat.: 10.252ms, rate sampling interval: 29ms
  Thread calibration: mean lat.: 10.661ms, rate sampling interval: 30ms
  Thread calibration: mean lat.: 11.200ms, rate sampling interval: 32ms
  Thread calibration: mean lat.: 11.839ms, rate sampling interval: 34ms
  Thread calibration: mean lat.: 12.562ms, rate sampling interval: 35ms
  Thread calibration: mean lat.: 13.374ms, rate sampling interval: 39ms
  Thread calibration: mean lat.: 14.734ms, rate sampling interval: 44ms
  Thread calibration: mean lat.: 15.267ms, rate sampling interval: 46ms
  Thread calibration: mean lat.: 16.387ms, rate sampling interval: 49ms
  Thread calibration: mean lat.: 17.224ms, rate sampling interval: 51ms
  Thread calibration: mean lat.: 17.417ms, rate sampling interval: 50ms
  Thread calibration: mean lat.: 18.074ms, rate sampling interval: 51ms
  Thread calibration: mean lat.: 18.702ms, rate sampling interval: 52ms
  Thread calibration: mean lat.: 18.734ms, rate sampling interval: 51ms
  Thread calibration: mean lat.: 18.865ms, rate sampling interval: 51ms
  Thread calibration: mean lat.: 18.712ms, rate sampling interval: 50ms
  Thread calibration: mean lat.: 17.868ms, rate sampling interval: 49ms
  Thread calibration: mean lat.: 17.672ms, rate sampling interval: 47ms
  Thread calibration: mean lat.: 19.586ms, rate sampling interval: 52ms
  Thread calibration: mean lat.: 16.996ms, rate sampling interval: 45ms

-----------------------------------------------------------------------
Test Results @ http://10.10.1.1:19050 
  Thread Stats   Avg      Stdev     99%   +/- Stdev
    Latency    17.46ms    8.63ms  48.35ms   82.08%
    Req/Sec   101.04    105.28   344.00     82.64%
  Latency Distribution (HdrHistogram - Recorded Latency)
 50.000%   15.93ms
 75.000%   20.75ms
 90.000%   26.25ms
 99.000%   48.35ms
 99.900%   60.38ms
 99.990%  224.26ms
 99.999%  231.42ms
100.000%  235.26ms

  Detailed Percentile spectrum:
       Value   Percentile   TotalCount 1/(1-Percentile)

       5.759     0.000000            1         1.00
       9.295     0.100000        10029         1.11
      11.167     0.200000        20003         1.25
      12.743     0.300000        30012         1.43
      14.303     0.400000        40019         1.67
      15.927     0.500000        50035         2.00
      16.783     0.550000        55017         2.22
      17.695     0.600000        60034         2.50
      18.655     0.650000        65050         2.86
      19.679     0.700000        70044         3.33
      20.751     0.750000        75037         4.00
      21.359     0.775000        77540         4.44
      22.031     0.800000        80024         5.00
      22.783     0.825000        82508         5.71
      23.743     0.850000        85025         6.67
      24.847     0.875000        87507         8.00
      25.503     0.887500        88759         8.89
      26.255     0.900000        90029        10.00
      27.183     0.912500        91253        11.43
      28.383     0.925000        92500        13.33
      29.935     0.937500        93753        16.00
      30.943     0.943750        94376        17.78
      31.999     0.950000        95000        20.00
      33.439     0.956250        95639        22.86
      35.103     0.962500        96247        26.67
      37.151     0.968750        96872        32.00
      38.335     0.971875        97191        35.56
      39.583     0.975000        97502        40.00
      41.023     0.978125        97815        45.71
      42.623     0.981250        98126        53.33
      44.287     0.984375        98434        64.00
      45.247     0.985938        98592        71.11
      46.431     0.987500        98749        80.00
      47.583     0.989062        98904        91.43
      48.895     0.990625        99059       106.67
      50.495     0.992188        99215       128.00
      51.295     0.992969        99294       142.22
      52.063     0.993750        99374       160.00
      52.959     0.994531        99451       182.86
      53.695     0.995313        99530       213.33
      54.655     0.996094        99606       256.00
      55.167     0.996484        99647       284.44
      55.743     0.996875        99684       320.00
      56.575     0.997266        99725       365.71
      57.055     0.997656        99763       426.67
      57.375     0.998047        99802       512.00
      57.791     0.998242        99822       568.89
      58.303     0.998437        99840       640.00
      58.815     0.998633        99860       731.43
      59.391     0.998828        99880       853.33
      60.511     0.999023        99899      1024.00
      61.183     0.999121        99909      1137.78
      62.271     0.999219        99918      1280.00
      64.095     0.999316        99928      1462.86
      69.055     0.999414        99939      1706.67
      76.543     0.999512        99948      2048.00
      86.463     0.999561        99953      2275.56
     129.919     0.999609        99957      2560.00
     132.479     0.999658        99962      2925.71
     134.911     0.999707        99967      3413.33
     139.519     0.999756        99972      4096.00
     146.303     0.999780        99975      4551.11
     217.343     0.999805        99977      5120.00
     220.927     0.999829        99979      5851.43
     222.463     0.999854        99983      6826.67
     222.847     0.999878        99984      8192.00
     224.255     0.999890        99986      9102.22
     224.383     0.999902        99987     10240.00
     224.639     0.999915        99988     11702.86
     225.023     0.999927        99989     13653.33
     225.279     0.999939        99990     16384.00
     225.535     0.999945        99991     18204.44
     226.559     0.999951        99992     20480.00
     226.559     0.999957        99992     23405.71
     226.943     0.999963        99993     27306.67
     226.943     0.999969        99993     32768.00
     227.455     0.999973        99994     36408.89
     227.455     0.999976        99994     40960.00
     227.455     0.999979        99994     46811.43
     231.423     0.999982        99995     54613.33
     231.423     0.999985        99995     65536.00
     231.423     0.999986        99995     72817.78
     231.423     0.999988        99995     81920.00
     231.423     0.999989        99995     93622.86
     235.263     0.999991        99996    109226.67
     235.263     1.000000        99996          inf
#[Mean    =       17.460, StdDeviation   =        8.633]
#[Max     =      235.136, Total count    =        99996]
#[Buckets =           27, SubBuckets     =         2048]
-----------------------------------------------------------------------
  119710 requests in 1.00m, 18.56MB read
Requests/sec:   1994.79  
Transfer/sec:    316.76KB
