Running 5m test @ http://10.10.1.1:24714/Spam?n=75
  9 threads and 18 connections

  Thread calibration: mean lat.: 0.816ms, rate sampling interval: 10ms
  Thread calibration: mean lat.: 0.642ms, rate sampling interval: 10ms
  Thread calibration: mean lat.: 1.089ms, rate sampling interval: 10ms
  Thread calibration: mean lat.: 0.634ms, rate sampling interval: 10ms
  Thread calibration: mean lat.: 0.635ms, rate sampling interval: 10ms
  Thread calibration: mean lat.: 0.799ms, rate sampling interval: 10ms
  Thread calibration: mean lat.: 0.644ms, rate sampling interval: 10ms
  Thread calibration: mean lat.: 0.626ms, rate sampling interval: 10ms
  Thread calibration: mean lat.: 1.360ms, rate sampling interval: 10ms

-----------------------------------------------------------------------
Test Results @ http://10.10.1.1:24714/Spam?n=75 
  Thread Stats   Avg      Stdev     99%   +/- Stdev
    Latency     0.86ms    3.00ms   3.40ms   99.12%
    Req/Sec   478.71     81.40   666.00     88.62%
  Latency Distribution (HdrHistogram - Recorded Latency)
 50.000%  597.00us
 75.000%    0.89ms
 90.000%    1.02ms
 99.000%    3.40ms
 99.900%   47.39ms
 99.990%  127.36ms
 99.999%  178.30ms
100.000%  203.65ms

  Detailed Percentile spectrum:
       Value   Percentile   TotalCount 1/(1-Percentile)

       0.011     0.000000            1         1.00
       0.428     0.100000       119556         1.11
       0.458     0.200000       238631         1.25
       0.490     0.300000       357886         1.43
       0.533     0.400000       476123         1.67
       0.597     0.500000       593759         2.00
       0.643     0.550000       652134         2.22
       0.697     0.600000       711357         2.50
       0.756     0.650000       770978         2.86
       0.824     0.700000       829517         3.33
       0.891     0.750000       889453         4.00
       0.912     0.775000       918993         4.44
       0.932     0.800000       949518         5.00
       0.949     0.825000       977976         5.71
       0.967     0.850000      1007742         6.67
       0.988     0.875000      1037279         8.00
       1.001     0.887500      1052018         8.89
       1.017     0.900000      1067318        10.00
       1.036     0.912500      1081971        11.43
       1.061     0.925000      1096192        13.33
       1.100     0.937500      1111155        16.00
       1.130     0.943750      1118490        17.78
       1.171     0.950000      1125773        20.00
       1.231     0.956250      1133167        22.86
       1.337     0.962500      1140605        26.67
       1.509     0.968750      1147979        32.00
       1.624     0.971875      1151677        35.56
       1.767     0.975000      1155388        40.00
       1.938     0.978125      1159094        45.71
       2.141     0.981250      1162783        53.33
       2.409     0.984375      1166497        64.00
       2.583     0.985938      1168335        71.11
       2.813     0.987500      1170196        80.00
       3.135     0.989062      1172045        91.43
       3.619     0.990625      1173888       106.67
       4.327     0.992188      1175743       128.00
       4.799     0.992969      1176668       142.22
       5.427     0.993750      1177591       160.00
       6.223     0.994531      1178519       182.86
       7.423     0.995313      1179446       213.33
       9.399     0.996094      1180370       256.00
      10.775     0.996484      1180834       284.44
      13.039     0.996875      1181296       320.00
      16.031     0.997266      1181758       365.71
      20.063     0.997656      1182220       426.67
      25.183     0.998047      1182683       512.00
      28.511     0.998242      1182914       568.89
      32.703     0.998437      1183146       640.00
      37.023     0.998633      1183377       731.43
      42.111     0.998828      1183609       853.33
      48.319     0.999023      1183840      1024.00
      51.583     0.999121      1183957      1137.78
      55.391     0.999219      1184072      1280.00
      59.743     0.999316      1184189      1462.86
      64.287     0.999414      1184303      1706.67
      70.015     0.999512      1184419      2048.00
      73.151     0.999561      1184477      2275.56
      76.927     0.999609      1184537      2560.00
      81.023     0.999658      1184592      2925.71
      86.783     0.999707      1184650      3413.33
      93.055     0.999756      1184708      4096.00
      96.575     0.999780      1184737      4551.11
     101.311     0.999805      1184766      5120.00
     106.815     0.999829      1184795      5851.43
     111.935     0.999854      1184824      6826.67
     119.871     0.999878      1184853      8192.00
     123.967     0.999890      1184867      9102.22
     127.935     0.999902      1184882     10240.00
     132.095     0.999915      1184896     11702.86
     136.575     0.999927      1184911     13653.33
     141.439     0.999939      1184925     16384.00
     143.615     0.999945      1184932     18204.44
     146.943     0.999951      1184940     20480.00
     150.399     0.999957      1184947     23405.71
     153.983     0.999963      1184954     27306.67
     159.231     0.999969      1184961     32768.00
     163.455     0.999973      1184965     36408.89
     166.655     0.999976      1184969     40960.00
     169.471     0.999979      1184972     46811.43
     171.519     0.999982      1184976     54613.33
     174.079     0.999985      1184979     65536.00
     174.719     0.999986      1184981     72817.78
     177.791     0.999988      1184984     81920.00
     178.303     0.999989      1184985     93622.86
     180.735     0.999991      1184987    109226.67
     181.247     0.999992      1184988    131072.00
     183.167     0.999993      1184989    145635.56
     184.831     0.999994      1184990    163840.00
     187.391     0.999995      1184991    187245.71
     188.031     0.999995      1184992    218453.33
     191.487     0.999996      1184993    262144.00
     191.487     0.999997      1184993    291271.11
     192.511     0.999997      1184994    327680.00
     192.511     0.999997      1184994    374491.43
     196.095     0.999998      1184995    436906.67
     196.095     0.999998      1184995    524288.00
     196.095     0.999998      1184995    582542.22
     200.447     0.999998      1184996    655360.00
     200.447     0.999999      1184996    748982.86
     200.447     0.999999      1184996    873813.33
     200.447     0.999999      1184996   1048576.00
     200.447     0.999999      1184996   1165084.44
     203.647     0.999999      1184997   1310720.00
     203.647     1.000000      1184997          inf
#[Mean    =        0.864, StdDeviation   =        3.003]
#[Max     =      203.520, Total count    =      1184997]
#[Buckets =           27, SubBuckets     =         2048]
-----------------------------------------------------------------------
  1225862 requests in 5.00m, 150.81MB read
Requests/sec:   4086.19  
Transfer/sec:    514.76KB
