setup: assigned thread_id=1
init: final thread_id=1, base_seed=nil
setup: assigned thread_id=2
init: final thread_id=2, base_seed=nil
setup: assigned thread_id=3
init: final thread_id=3, base_seed=nil
setup: assigned thread_id=4
init: final thread_id=4, base_seed=nil
setup: assigned thread_id=5
init: final thread_id=5, base_seed=nil
setup: assigned thread_id=6
init: final thread_id=6, base_seed=nil
setup: assigned thread_id=7
init: final thread_id=7, base_seed=nil
setup: assigned thread_id=8
init: final thread_id=8, base_seed=nil
setup: assigned thread_id=9
init: final thread_id=9, base_seed=nil
setup: assigned thread_id=10
init: final thread_id=10, base_seed=nil
setup: assigned thread_id=11
init: final thread_id=11, base_seed=nil
setup: assigned thread_id=12
init: final thread_id=12, base_seed=nil
setup: assigned thread_id=13
init: final thread_id=13, base_seed=nil
setup: assigned thread_id=14
init: final thread_id=14, base_seed=nil
setup: assigned thread_id=15
init: final thread_id=15, base_seed=nil
setup: assigned thread_id=16
init: final thread_id=16, base_seed=nil
setup: assigned thread_id=17
init: final thread_id=17, base_seed=nil
setup: assigned thread_id=18
init: final thread_id=18, base_seed=nil
setup: assigned thread_id=19
init: final thread_id=19, base_seed=nil
setup: assigned thread_id=20
init: final thread_id=20, base_seed=nil
script_want_response
Running 5m test @ http://10.10.1.1:19050
  20 threads and 200 connections

  Thread calibration: mean lat.: 11.612ms, rate sampling interval: 34ms
  Thread calibration: mean lat.: 12.388ms, rate sampling interval: 38ms
  Thread calibration: mean lat.: 13.503ms, rate sampling interval: 42ms
  Thread calibration: mean lat.: 14.841ms, rate sampling interval: 47ms
  Thread calibration: mean lat.: 16.391ms, rate sampling interval: 52ms
  Thread calibration: mean lat.: 17.398ms, rate sampling interval: 55ms
  Thread calibration: mean lat.: 18.785ms, rate sampling interval: 60ms
  Thread calibration: mean lat.: 20.694ms, rate sampling interval: 66ms
  Thread calibration: mean lat.: 21.533ms, rate sampling interval: 67ms
  Thread calibration: mean lat.: 22.598ms, rate sampling interval: 71ms
  Thread calibration: mean lat.: 23.351ms, rate sampling interval: 74ms
  Thread calibration: mean lat.: 24.026ms, rate sampling interval: 74ms
  Thread calibration: mean lat.: 24.556ms, rate sampling interval: 74ms
  Thread calibration: mean lat.: 24.271ms, rate sampling interval: 70ms
  Thread calibration: mean lat.: 24.041ms, rate sampling interval: 69ms
  Thread calibration: mean lat.: 23.515ms, rate sampling interval: 67ms
  Thread calibration: mean lat.: 23.174ms, rate sampling interval: 67ms
  Thread calibration: mean lat.: 22.695ms, rate sampling interval: 67ms
  Thread calibration: mean lat.: 21.799ms, rate sampling interval: 63ms
  Thread calibration: mean lat.: 21.125ms, rate sampling interval: 61ms

-----------------------------------------------------------------------
Test Results @ http://10.10.1.1:19050 
  Thread Stats   Avg      Stdev     99%   +/- Stdev
    Latency    23.49ms   10.11ms  51.36ms   70.93%
    Req/Sec   100.54     76.08   294.00     61.70%
  Latency Distribution (HdrHistogram - Recorded Latency)
 50.000%   22.90ms
 75.000%   29.09ms
 90.000%   35.42ms
 99.000%   51.36ms
 99.900%   83.26ms
 99.990%  190.72ms
 99.999%  244.48ms
100.000%  296.96ms

  Detailed Percentile spectrum:
       Value   Percentile   TotalCount 1/(1-Percentile)

       6.275     0.000000            1         1.00
      10.991     0.100000        58087         1.11
      14.903     0.200000       116014         1.25
      17.951     0.300000       174313         1.43
      20.543     0.400000       232245         1.67
      22.895     0.500000       290040         2.00
      24.031     0.550000       319003         2.22
      25.199     0.600000       348137         2.50
      26.399     0.650000       376999         2.86
      27.679     0.700000       406308         3.33
      29.087     0.750000       435107         4.00
      29.871     0.775000       449749         4.44
      30.703     0.800000       464110         5.00
      31.647     0.825000       478579         5.71
      32.703     0.850000       493133         6.67
      33.951     0.875000       507759         8.00
      34.655     0.887500       515043         8.89
      35.423     0.900000       522052        10.00
      36.319     0.912500       529386        11.43
      37.311     0.925000       536522        13.33
      38.527     0.937500       543856        16.00
      39.199     0.943750       547451        17.78
      39.935     0.950000       551054        20.00
      40.831     0.956250       554720        22.86
      41.823     0.962500       558317        26.67
      43.071     0.968750       561925        32.00
      43.775     0.971875       563712        35.56
      44.607     0.975000       565500        40.00
      45.535     0.978125       567325        45.71
      46.623     0.981250       569157        53.33
      47.967     0.984375       570950        64.00
      48.735     0.985938       571843        71.11
      49.663     0.987500       572751        80.00
      50.687     0.989062       573676        91.43
      51.839     0.990625       574581       106.67
      53.087     0.992188       575465       128.00
      53.887     0.992969       575931       142.22
      54.751     0.993750       576384       160.00
      55.743     0.994531       576832       182.86
      56.959     0.995313       577287       213.33
      58.559     0.996094       577735       256.00
      59.455     0.996484       577956       284.44
      60.735     0.996875       578189       320.00
      61.951     0.997266       578412       365.71
      63.327     0.997656       578638       426.67
      65.215     0.998047       578864       512.00
      67.263     0.998242       578977       568.89
      70.207     0.998437       579090       640.00
      73.599     0.998633       579203       731.43
      77.759     0.998828       579316       853.33
      84.351     0.999023       579429      1024.00
      88.831     0.999121       579486      1137.78
      96.703     0.999219       579542      1280.00
     104.703     0.999316       579600      1462.86
     113.727     0.999414       579656      1706.67
     123.839     0.999512       579712      2048.00
     127.487     0.999561       579741      2275.56
     130.431     0.999609       579769      2560.00
     135.295     0.999658       579799      2925.71
     139.135     0.999707       579828      3413.33
     143.359     0.999756       579854      4096.00
     145.919     0.999780       579868      4551.11
     149.631     0.999805       579882      5120.00
     154.751     0.999829       579896      5851.43
     166.015     0.999854       579911      6826.67
     176.767     0.999878       579925      8192.00
     186.879     0.999890       579932      9102.22
     190.975     0.999902       579939     10240.00
     194.431     0.999915       579946     11702.86
     198.399     0.999927       579953     13653.33
     202.495     0.999939       579960     16384.00
     206.847     0.999945       579964     18204.44
     212.351     0.999951       579967     20480.00
     231.807     0.999957       579971     23405.71
     234.111     0.999963       579974     27306.67
     236.415     0.999969       579978     32768.00
     237.567     0.999973       579980     36408.89
     237.951     0.999976       579981     40960.00
     239.615     0.999979       579983     46811.43
     241.023     0.999982       579985     54613.33
     243.199     0.999985       579987     65536.00
     244.351     0.999986       579988     72817.78
     244.351     0.999988       579988     81920.00
     244.479     0.999989       579989     93622.86
     246.655     0.999991       579990    109226.67
     259.071     0.999992       579991    131072.00
     283.647     0.999993       579992    145635.56
     283.647     0.999994       579992    163840.00
     283.647     0.999995       579992    187245.71
     284.159     0.999995       579993    218453.33
     284.159     0.999996       579993    262144.00
     285.951     0.999997       579994    291271.11
     285.951     0.999997       579994    327680.00
     285.951     0.999997       579994    374491.43
     285.951     0.999998       579994    436906.67
     285.951     0.999998       579994    524288.00
     296.959     0.999998       579995    582542.22
     296.959     1.000000       579995          inf
#[Mean    =       23.494, StdDeviation   =       10.112]
#[Max     =      296.704, Total count    =       579995]
#[Buckets =           27, SubBuckets     =         2048]
-----------------------------------------------------------------------
  599805 requests in 5.00m, 93.01MB read
Requests/sec:   1999.21  
Transfer/sec:    317.46KB
