setup: assigned thread_id=1
init: final thread_id=1, base_seed=nil
script_want_response
Running 2m test @ http://10.10.1.1:19050
  1 threads and 10 connections

  Thread calibration: mean lat.: 62.658ms, rate sampling interval: 130ms

-----------------------------------------------------------------------
Test Results @ http://10.10.1.1:19050 
  Thread Stats   Avg      Stdev     99%   +/- Stdev
    Latency     8.22ms    1.11ms  10.60ms   65.73%
    Req/Sec    99.74     33.22   155.00     74.10%
  Latency Distribution (HdrHistogram - Recorded Latency)
 50.000%    8.38ms
 75.000%    9.02ms
 90.000%    9.57ms
 99.000%   10.60ms
 99.900%   11.44ms
 99.990%   14.90ms
 99.999%   15.33ms
100.000%   15.33ms

  Detailed Percentile spectrum:
       Value   Percentile   TotalCount 1/(1-Percentile)

       4.543     0.000000            1         1.00
       6.739     0.100000          903         1.11
       7.127     0.200000         1803         1.25
       7.507     0.300000         2703         1.43
       8.027     0.400000         3601         1.67
       8.383     0.500000         4523         2.00
       8.511     0.550000         4982         2.22
       8.631     0.600000         5414         2.50
       8.751     0.650000         5857         2.86
       8.871     0.700000         6308         3.33
       9.023     0.750000         6777         4.00
       9.087     0.775000         6983         4.44
       9.167     0.800000         7222         5.00
       9.239     0.825000         7434         5.71
       9.335     0.850000         7662         6.67
       9.447     0.875000         7878         8.00
       9.511     0.887500         7993         8.89
       9.575     0.900000         8107        10.00
       9.639     0.912500         8216        11.43
       9.743     0.925000         8327        13.33
       9.831     0.937500         8437        16.00
       9.903     0.943750         8494        17.78
       9.959     0.950000         8558        20.00
      10.007     0.956250         8605        22.86
      10.087     0.962500         8664        26.67
      10.159     0.968750         8720        32.00
      10.199     0.971875         8747        35.56
      10.255     0.975000         8778        40.00
      10.303     0.978125         8802        45.71
      10.391     0.981250         8833        53.33
      10.463     0.984375         8860        64.00
      10.495     0.985938         8872        71.11
      10.527     0.987500         8886        80.00
      10.567     0.989062         8900        91.43
      10.615     0.990625         8914       106.67
      10.711     0.992188         8929       128.00
      10.751     0.992969         8935       142.22
      10.839     0.993750         8942       160.00
      10.911     0.994531         8949       182.86
      10.959     0.995313         8959       213.33
      10.991     0.996094         8963       256.00
      11.087     0.996484         8967       284.44
      11.095     0.996875         8970       320.00
      11.143     0.997266         8974       365.71
      11.183     0.997656         8977       426.67
      11.311     0.998047         8981       512.00
      11.335     0.998242         8983       568.89
      11.351     0.998437         8984       640.00
      11.383     0.998633         8986       731.43
      11.431     0.998828         8988       853.33
      11.455     0.999023         8990      1024.00
      11.519     0.999121         8991      1137.78
      11.519     0.999219         8991      1280.00
      11.935     0.999316         8992      1462.86
      12.015     0.999414         8993      1706.67
      12.599     0.999512         8994      2048.00
      13.735     0.999561         8995      2275.56
      13.735     0.999609         8995      2560.00
      13.735     0.999658         8995      2925.71
      14.583     0.999707         8996      3413.33
      14.583     0.999756         8996      4096.00
      14.895     0.999780         8997      4551.11
      14.895     0.999805         8997      5120.00
      14.895     0.999829         8997      5851.43
      14.895     0.999854         8997      6826.67
      14.895     0.999878         8997      8192.00
      15.327     0.999890         8998      9102.22
      15.327     1.000000         8998          inf
#[Mean    =        8.225, StdDeviation   =        1.112]
#[Max     =       15.320, Total count    =         8998]
#[Buckets =           27, SubBuckets     =         2048]
-----------------------------------------------------------------------
  9991 requests in 1.67m, 1.55MB read
Requests/sec:     99.90  
Transfer/sec:     15.87KB
