setup: assigned thread_id=1
init: final thread_id=1, base_seed=nil
setup: assigned thread_id=2
init: final thread_id=2, base_seed=nil
setup: assigned thread_id=3
init: final thread_id=3, base_seed=nil
setup: assigned thread_id=4
init: final thread_id=4, base_seed=nil
setup: assigned thread_id=5
init: final thread_id=5, base_seed=nil
setup: assigned thread_id=6
init: final thread_id=6, base_seed=nil
setup: assigned thread_id=7
init: final thread_id=7, base_seed=nil
setup: assigned thread_id=8
init: final thread_id=8, base_seed=nil
setup: assigned thread_id=9
init: final thread_id=9, base_seed=nil
setup: assigned thread_id=10
init: final thread_id=10, base_seed=nil
setup: assigned thread_id=11
init: final thread_id=11, base_seed=nil
setup: assigned thread_id=12
init: final thread_id=12, base_seed=nil
setup: assigned thread_id=13
init: final thread_id=13, base_seed=nil
setup: assigned thread_id=14
init: final thread_id=14, base_seed=nil
setup: assigned thread_id=15
init: final thread_id=15, base_seed=nil
setup: assigned thread_id=16
init: final thread_id=16, base_seed=nil
setup: assigned thread_id=17
init: final thread_id=17, base_seed=nil
setup: assigned thread_id=18
init: final thread_id=18, base_seed=nil
setup: assigned thread_id=19
init: final thread_id=19, base_seed=nil
setup: assigned thread_id=20
init: final thread_id=20, base_seed=nil
script_want_response
Running 1m test @ http://10.10.1.1:18563
  20 threads and 200 connections

  Thread calibration: mean lat.: 24.882ms, rate sampling interval: 82ms
  Thread calibration: mean lat.: 27.789ms, rate sampling interval: 87ms
  Thread calibration: mean lat.: 30.843ms, rate sampling interval: 105ms
  Thread calibration: mean lat.: 33.318ms, rate sampling interval: 112ms
  Thread calibration: mean lat.: 36.552ms, rate sampling interval: 121ms
  Thread calibration: mean lat.: 38.987ms, rate sampling interval: 126ms
  Thread calibration: mean lat.: 42.268ms, rate sampling interval: 131ms
  Thread calibration: mean lat.: 44.513ms, rate sampling interval: 132ms
  Thread calibration: mean lat.: 47.817ms, rate sampling interval: 134ms
  Thread calibration: mean lat.: 49.123ms, rate sampling interval: 132ms
  Thread calibration: mean lat.: 50.548ms, rate sampling interval: 133ms
  Thread calibration: mean lat.: 52.590ms, rate sampling interval: 132ms
  Thread calibration: mean lat.: 52.001ms, rate sampling interval: 129ms
  Thread calibration: mean lat.: 51.863ms, rate sampling interval: 128ms
  Thread calibration: mean lat.: 52.001ms, rate sampling interval: 126ms
  Thread calibration: mean lat.: 52.356ms, rate sampling interval: 125ms
  Thread calibration: mean lat.: 51.160ms, rate sampling interval: 123ms
  Thread calibration: mean lat.: 51.185ms, rate sampling interval: 123ms
  Thread calibration: mean lat.: 50.032ms, rate sampling interval: 120ms
  Thread calibration: mean lat.: 48.956ms, rate sampling interval: 118ms

-----------------------------------------------------------------------
Test Results @ http://10.10.1.1:18563 
  Thread Stats   Avg      Stdev     99%   +/- Stdev
    Latency    42.22ms   15.92ms  75.46ms   67.39%
    Req/Sec    99.98     28.10   168.00     80.33%
  Latency Distribution (HdrHistogram - Recorded Latency)
 50.000%   40.80ms
 75.000%   54.08ms
 90.000%   62.72ms
 99.000%   75.46ms
 99.900%  143.74ms
 99.990%  182.14ms
 99.999%  186.62ms
100.000%  187.13ms

  Detailed Percentile spectrum:
       Value   Percentile   TotalCount 1/(1-Percentile)

       9.087     0.000000            1         1.00
      21.119     0.100000        10000         1.11
      29.471     0.200000        20010         1.25
      33.887     0.300000        30073         1.43
      37.279     0.400000        40064         1.67
      40.799     0.500000        50086         2.00
      43.007     0.550000        55017         2.22
      45.695     0.600000        60042         2.50
      48.543     0.650000        65042         2.86
      51.327     0.700000        70026         3.33
      54.079     0.750000        75058         4.00
      55.359     0.775000        77502         4.44
      56.703     0.800000        80019         5.00
      58.047     0.825000        82501         5.71
      59.423     0.850000        85001         6.67
      61.023     0.875000        87554         8.00
      61.855     0.887500        88779         8.89
      62.719     0.900000        90039        10.00
      63.647     0.912500        91280        11.43
      64.703     0.925000        92541        13.33
      65.855     0.937500        93761        16.00
      66.495     0.943750        94407        17.78
      67.199     0.950000        95050        20.00
      67.903     0.956250        95647        22.86
      68.735     0.962500        96279        26.67
      69.759     0.968750        96913        32.00
      70.335     0.971875        97222        35.56
      70.975     0.975000        97534        40.00
      71.615     0.978125        97819        45.71
      72.447     0.981250        98145        53.33
      73.279     0.984375        98442        64.00
      73.791     0.985938        98595        71.11
      74.367     0.987500        98752        80.00
      75.071     0.989062        98922        91.43
      75.839     0.990625        99081       106.67
      76.543     0.992188        99221       128.00
      77.119     0.992969        99302       142.22
      77.759     0.993750        99377       160.00
      78.399     0.994531        99458       182.86
      79.295     0.995313        99533       213.33
      80.703     0.996094        99612       256.00
      81.919     0.996484        99650       284.44
      83.263     0.996875        99689       320.00
      84.799     0.997266        99727       365.71
      86.463     0.997656        99767       426.67
      88.063     0.998047        99805       512.00
      89.599     0.998242        99826       568.89
      94.463     0.998437        99844       640.00
     103.551     0.998633        99864       731.43
     140.415     0.998828        99883       853.33
     143.999     0.999023        99904      1024.00
     145.023     0.999121        99913      1137.78
     146.559     0.999219        99922      1280.00
     149.247     0.999316        99932      1462.86
     151.167     0.999414        99942      1706.67
     154.495     0.999512        99952      2048.00
     161.663     0.999561        99957      2275.56
     167.807     0.999609        99961      2560.00
     171.391     0.999658        99966      2925.71
     174.335     0.999707        99971      3413.33
     176.895     0.999756        99976      4096.00
     177.791     0.999780        99979      4551.11
     179.839     0.999805        99981      5120.00
     180.479     0.999829        99983      5851.43
     180.991     0.999854        99987      6826.67
     181.375     0.999878        99988      8192.00
     182.143     0.999890        99990      9102.22
     183.807     0.999902        99991     10240.00
     184.063     0.999915        99992     11702.86
     184.447     0.999927        99994     13653.33
     184.447     0.999939        99994     16384.00
     184.575     0.999945        99995     18204.44
     185.343     0.999951        99996     20480.00
     185.343     0.999957        99996     23405.71
     185.855     0.999963        99997     27306.67
     185.855     0.999969        99997     32768.00
     185.983     0.999973        99998     36408.89
     185.983     0.999976        99998     40960.00
     185.983     0.999979        99998     46811.43
     186.623     0.999982        99999     54613.33
     186.623     0.999985        99999     65536.00
     186.623     0.999986        99999     72817.78
     186.623     0.999988        99999     81920.00
     186.623     0.999989        99999     93622.86
     187.135     0.999991       100000    109226.67
     187.135     1.000000       100000          inf
#[Mean    =       42.216, StdDeviation   =       15.923]
#[Max     =      187.008, Total count    =       100000]
#[Buckets =           27, SubBuckets     =         2048]
-----------------------------------------------------------------------
  119800 requests in 1.00m, 18.58MB read
Requests/sec:   1996.21  
Transfer/sec:    316.96KB
