setup: assigned thread_id=1
init: final thread_id=1, base_seed=nil
setup: assigned thread_id=2
init: final thread_id=2, base_seed=nil
setup: assigned thread_id=3
init: final thread_id=3, base_seed=nil
setup: assigned thread_id=4
init: final thread_id=4, base_seed=nil
setup: assigned thread_id=5
init: final thread_id=5, base_seed=nil
setup: assigned thread_id=6
init: final thread_id=6, base_seed=nil
setup: assigned thread_id=7
init: final thread_id=7, base_seed=nil
setup: assigned thread_id=8
init: final thread_id=8, base_seed=nil
setup: assigned thread_id=9
init: final thread_id=9, base_seed=nil
setup: assigned thread_id=10
init: final thread_id=10, base_seed=nil
setup: assigned thread_id=11
init: final thread_id=11, base_seed=nil
setup: assigned thread_id=12
init: final thread_id=12, base_seed=nil
setup: assigned thread_id=13
init: final thread_id=13, base_seed=nil
setup: assigned thread_id=14
init: final thread_id=14, base_seed=nil
setup: assigned thread_id=15
init: final thread_id=15, base_seed=nil
setup: assigned thread_id=16
init: final thread_id=16, base_seed=nil
setup: assigned thread_id=17
init: final thread_id=17, base_seed=nil
setup: assigned thread_id=18
init: final thread_id=18, base_seed=nil
setup: assigned thread_id=19
init: final thread_id=19, base_seed=nil
setup: assigned thread_id=20
init: final thread_id=20, base_seed=nil
script_want_response
Running 5m test @ http://10.10.1.1:18563
  20 threads and 200 connections

  Thread calibration: mean lat.: 31.645ms, rate sampling interval: 97ms
  Thread calibration: mean lat.: 33.973ms, rate sampling interval: 101ms
  Thread calibration: mean lat.: 36.102ms, rate sampling interval: 108ms
  Thread calibration: mean lat.: 38.625ms, rate sampling interval: 118ms
  Thread calibration: mean lat.: 41.231ms, rate sampling interval: 125ms
  Thread calibration: mean lat.: 43.818ms, rate sampling interval: 128ms
  Thread calibration: mean lat.: 45.874ms, rate sampling interval: 130ms
  Thread calibration: mean lat.: 48.151ms, rate sampling interval: 131ms
  Thread calibration: mean lat.: 49.755ms, rate sampling interval: 132ms
  Thread calibration: mean lat.: 51.529ms, rate sampling interval: 133ms
  Thread calibration: mean lat.: 52.037ms, rate sampling interval: 134ms
  Thread calibration: mean lat.: 52.288ms, rate sampling interval: 133ms
  Thread calibration: mean lat.: 52.875ms, rate sampling interval: 131ms
  Thread calibration: mean lat.: 53.123ms, rate sampling interval: 130ms
  Thread calibration: mean lat.: 52.810ms, rate sampling interval: 128ms
  Thread calibration: mean lat.: 52.545ms, rate sampling interval: 127ms
  Thread calibration: mean lat.: 52.088ms, rate sampling interval: 125ms
  Thread calibration: mean lat.: 51.489ms, rate sampling interval: 124ms
  Thread calibration: mean lat.: 49.948ms, rate sampling interval: 119ms
  Thread calibration: mean lat.: 49.344ms, rate sampling interval: 118ms

-----------------------------------------------------------------------
Test Results @ http://10.10.1.1:18563 
  Thread Stats   Avg      Stdev     99%   +/- Stdev
    Latency    47.78ms   14.94ms  78.59ms   68.51%
    Req/Sec    99.97     27.65   169.00     79.65%
  Latency Distribution (HdrHistogram - Recorded Latency)
 50.000%   46.65ms
 75.000%   58.97ms
 90.000%   66.56ms
 99.000%   78.59ms
 99.900%  131.20ms
 99.990%  152.70ms
 99.999%  204.67ms
100.000%  228.74ms

  Detailed Percentile spectrum:
       Value   Percentile   TotalCount 1/(1-Percentile)

      10.399     0.000000            1         1.00
      29.199     0.100000        58042         1.11
      35.807     0.200000       116043         1.25
      39.743     0.300000       174008         1.43
      43.071     0.400000       232362         1.67
      46.655     0.500000       290140         2.00
      48.863     0.550000       319016         2.22
      51.423     0.600000       348286         2.50
      54.047     0.650000       377048         2.86
      56.607     0.700000       406289         3.33
      58.975     0.750000       435168         4.00
      60.127     0.775000       449844         4.44
      61.279     0.800000       464185         5.00
      62.463     0.825000       478843         5.71
      63.679     0.850000       493065         6.67
      65.055     0.875000       507740         8.00
      65.791     0.887500       515022         8.89
      66.559     0.900000       522190        10.00
      67.391     0.912500       529305        11.43
      68.351     0.925000       536712        13.33
      69.439     0.937500       544128        16.00
      70.015     0.943750       547729        17.78
      70.591     0.950000       551053        20.00
      71.295     0.956250       554736        22.86
      72.127     0.962500       558503        26.67
      73.023     0.968750       562033        32.00
      73.535     0.971875       563846        35.56
      74.111     0.975000       565686        40.00
      74.751     0.978125       567447        45.71
      75.455     0.981250       569202        53.33
      76.287     0.984375       570964        64.00
      76.799     0.985938       571850        71.11
      77.375     0.987500       572769        80.00
      78.079     0.989062       573714        91.43
      78.911     0.990625       574566       106.67
      79.871     0.992188       575494       128.00
      80.511     0.992969       575924       142.22
      81.343     0.993750       576380       160.00
      82.367     0.994531       576832       182.86
      83.967     0.995313       577284       213.33
      86.143     0.996094       577739       256.00
      87.807     0.996484       577962       284.44
      91.263     0.996875       578191       320.00
      98.047     0.997266       578415       365.71
     106.431     0.997656       578641       426.67
     114.879     0.998047       578869       512.00
     119.423     0.998242       578983       568.89
     122.751     0.998437       579094       640.00
     125.631     0.998633       579208       731.43
     128.703     0.998828       579321       853.33
     131.455     0.999023       579434      1024.00
     132.991     0.999121       579492      1137.78
     134.399     0.999219       579547      1280.00
     136.319     0.999316       579605      1462.86
     138.623     0.999414       579663      1706.67
     140.799     0.999512       579719      2048.00
     141.823     0.999561       579746      2275.56
     143.103     0.999609       579774      2560.00
     144.255     0.999658       579803      2925.71
     145.919     0.999707       579833      3413.33
     147.583     0.999756       579861      4096.00
     148.607     0.999780       579873      4551.11
     149.247     0.999805       579888      5120.00
     150.143     0.999829       579906      5851.43
     150.655     0.999854       579917      6826.67
     151.807     0.999878       579932      8192.00
     152.063     0.999890       579937      9102.22
     152.831     0.999902       579945     10240.00
     153.727     0.999915       579951     11702.86
     155.007     0.999927       579958     13653.33
     157.439     0.999939       579965     16384.00
     159.615     0.999945       579969     18204.44
     160.511     0.999951       579972     20480.00
     164.991     0.999957       579976     23405.71
     165.759     0.999963       579980     27306.67
     167.167     0.999969       579983     32768.00
     168.703     0.999973       579985     36408.89
     171.519     0.999976       579986     40960.00
     174.975     0.999979       579988     46811.43
     175.999     0.999982       579990     54613.33
     202.751     0.999985       579992     65536.00
     202.879     0.999986       579993     72817.78
     202.879     0.999988       579993     81920.00
     204.671     0.999989       579994     93622.86
     207.871     0.999991       579995    109226.67
     208.383     0.999992       579996    131072.00
     211.583     0.999993       579997    145635.56
     211.583     0.999994       579997    163840.00
     211.583     0.999995       579997    187245.71
     218.111     0.999995       579998    218453.33
     218.111     0.999996       579998    262144.00
     218.367     0.999997       579999    291271.11
     218.367     0.999997       579999    327680.00
     218.367     0.999997       579999    374491.43
     218.367     0.999998       579999    436906.67
     218.367     0.999998       579999    524288.00
     228.735     0.999998       580000    582542.22
     228.735     1.000000       580000          inf
#[Mean    =       47.776, StdDeviation   =       14.936]
#[Max     =      228.608, Total count    =       580000]
#[Buckets =           27, SubBuckets     =         2048]
-----------------------------------------------------------------------
  599802 requests in 5.00m, 93.01MB read
Requests/sec:   1999.19  
Transfer/sec:    317.46KB
