setup: assigned thread_id=1
init: final thread_id=1, base_seed=nil
script_want_response
Running 1m test @ http://10.10.1.1:18563
  1 threads and 10 connections

  Thread calibration: mean lat.: 10.938ms, rate sampling interval: 23ms

-----------------------------------------------------------------------
Test Results @ http://10.10.1.1:18563 
  Thread Stats   Avg      Stdev     99%   +/- Stdev
    Latency    11.03ms    2.19ms  13.37ms   98.88%
    Req/Sec   101.87    168.64   454.00     79.46%
  Latency Distribution (HdrHistogram - Recorded Latency)
 50.000%   10.83ms
 75.000%   11.38ms
 90.000%   12.10ms
 99.000%   13.37ms
 99.900%   27.69ms
 99.990%  100.10ms
 99.999%  107.58ms
100.000%  107.58ms

  Detailed Percentile spectrum:
       Value   Percentile   TotalCount 1/(1-Percentile)

       9.199     0.000000            1         1.00
      10.079     0.100000          506         1.11
      10.311     0.200000         1014         1.25
      10.495     0.300000         1504         1.43
      10.671     0.400000         2016         1.67
      10.831     0.500000         2512         2.00
      10.919     0.550000         2752         2.22
      11.015     0.600000         3021         2.50
      11.111     0.650000         3262         2.86
      11.239     0.700000         3507         3.33
      11.383     0.750000         3755         4.00
      11.471     0.775000         3888         4.44
      11.567     0.800000         4010         5.00
      11.679     0.825000         4126         5.71
      11.815     0.850000         4252         6.67
      11.951     0.875000         4377         8.00
      12.023     0.887500         4441         8.89
      12.103     0.900000         4500        10.00
      12.183     0.912500         4566        11.43
      12.271     0.925000         4627        13.33
      12.351     0.937500         4692        16.00
      12.399     0.943750         4720        17.78
      12.463     0.950000         4752        20.00
      12.559     0.956250         4784        22.86
      12.631     0.962500         4816        26.67
      12.695     0.968750         4846        32.00
      12.727     0.971875         4860        35.56
      12.791     0.975000         4875        40.00
      12.847     0.978125         4891        45.71
      12.911     0.981250         4907        53.33
      13.007     0.984375         4922        64.00
      13.063     0.985938         4931        71.11
      13.127     0.987500         4938        80.00
      13.271     0.989062         4946        91.43
      13.439     0.990625         4954       106.67
      13.647     0.992188         4961       128.00
      13.711     0.992969         4966       142.22
      13.919     0.993750         4969       160.00
      14.207     0.994531         4973       182.86
      14.575     0.995313         4977       213.33
      14.863     0.996094         4981       256.00
      14.895     0.996484         4983       284.44
      14.999     0.996875         4985       320.00
      15.143     0.997266         4987       365.71
      15.743     0.997656         4989       426.67
      16.735     0.998047         4991       512.00
      17.007     0.998242         4992       568.89
      17.855     0.998437         4993       640.00
      18.911     0.998633         4994       731.43
      27.695     0.998828         4995       853.33
      30.319     0.999023         4996      1024.00
      30.319     0.999121         4996      1137.78
      41.823     0.999219         4997      1280.00
      41.823     0.999316         4997      1462.86
      52.767     0.999414         4998      1706.67
      52.767     0.999512         4998      2048.00
      52.767     0.999561         4998      2275.56
     100.095     0.999609         4999      2560.00
     100.095     0.999658         4999      2925.71
     100.095     0.999707         4999      3413.33
     100.095     0.999756         4999      4096.00
     100.095     0.999780         4999      4551.11
     107.583     0.999805         5000      5120.00
     107.583     1.000000         5000          inf
#[Mean    =       11.027, StdDeviation   =        2.188]
#[Max     =      107.520, Total count    =         5000]
#[Buckets =           27, SubBuckets     =         2048]
-----------------------------------------------------------------------
  5990 requests in 1.00m, 0.93MB read
Requests/sec:     99.82  
Transfer/sec:     15.85KB
